Sat Aug  5 10:08:37 EDT 2023


                 *********************************************
                 *                                           *
                 *               s  T  D  A                  *
                 *                                           *
                 *                S. Grimme                  *
                 * Mulliken Center for Theoretical Chemistry *
                 *             Universitaet Bonn             *
                 *              Version 1.6.2                *
                 *       Tue Sep 10 14:44:30 CET 2020        *
                 *********************************************
 
 Please cite as:
 S. Grimme, J. Chem. Phys. 138 (2013) 244104
 
 With contributions from:
 C. Bannwarth, P. Shushkov, M. de Wergifosse
 
======================================================================
 
 reading a molden input...
 
 reading: 
 molden.input                                                                   
======================================================================
                    M O / A O    I N P U T 
======================================================================
atom #          x             y             z            charge
  c  1     -9.24314180    6.23174984    0.00054802         6.00
  h  2     -9.98177905    5.77299993   -1.91166584         1.00
  o  3     -6.60094563    6.20640861   -0.00619830         8.00
  h  4     -9.98177905    4.88256098    1.43120298         1.00
  h  5     -9.90212710    8.15492412    0.51283388         1.00
  h  6     -6.10304059    4.45939461   -0.47154336         1.00
  
 interpreted GTO in TURBOMOLE style

 # atoms          =    6
 # mos            =   48
 # primitive  aos =   78
 # contracted aos =   50

 spherical AO basis
======================================================================
                    A O   I N T E G R A L S
======================================================================
 memory needed for AO int data:  99 Kb
 done.
  
 Skipping input check...
 Assuming TURBOMOLE style (-sty 1)
  
Restricted MOs found... RKS-sTDA will be performed
  
======================================================================
                    s T D A
======================================================================
 spectral range up to (eV)     :    10.0000000000000     
 occ MO cut-off (eV)           :   -22.3261013164790     
 virtMO cut-off (eV)           :    16.4941674887669     
 perturbation thr              :   1.000000000000000E-004
 triplet                       :  F
 MOs in TDA :           15
 oMOs in TDA:            6
 vMOs in TDA:            9
 sorting MOs ...
 reading and transforming R..V..L AO ints ...
 ints done.
 S^1/2 ...
 S^1/2 orthogonalized MO coefficients done.

 SCF atom population (using active MOs):
  3.857  0.885  4.901  0.889  0.867  0.601
 
 # electrons in TDA:  12.000
 
 
 ax(DF)   :   0.250000000000000     
 s^K      :    2.00000000000000     
 beta  (J):   0.657500000000000     
 alpha (K):    1.54000000000000     
 
 hardness table read.
 setting up gammas ...
 memory needed for q data (Mb)                      0
 computing q(ij,n) ...
 
           5 CSF included by energy.
 
          49 considered in PT2.
 ordered frontier orbitals
         eV     # centers
   1   -18.555     3.3
   2   -13.963     3.3
   3   -12.298     3.2
   4   -11.830     3.0
   5    -9.176     3.1
   6    -7.506     1.8
 
   7     1.674     3.3
   8     2.939     5.2
   9     4.010     3.0
  10     4.035     3.4
  11     5.671     2.7
  12    12.804     3.3
  13    13.280     2.9
  14    13.575     1.9
  15    16.155     2.9
 
             lowest CSF states
       eV     nm      excitation i->a               eV
    1  7.12   174.1        6 ->   7     gap,J,K:   9.180   2.102   0.023   Kshft:   0.000  locality: 0.826
    2  8.57   144.7        6 ->   8     gap,J,K:  10.444   1.942   0.033   Kshft:   0.000  locality: 0.801
    3  8.93   138.8        5 ->   7     gap,J,K:  10.850   2.025   0.053   Kshft:   0.000  locality: 0.884
    4  9.79   126.7        6 ->  10     gap,J,K:  11.541   1.834   0.041   Kshft:   0.000  locality: 0.718
    5  9.98   124.2        6 ->   9     gap,J,K:  11.515   1.857   0.161   Kshft:   0.000  locality: 0.717
 
 selecting CSF ...
 average/max PT2 energy lowering (eV):     0.007     0.011
          17 CSF included by PT.
          22 CSF in total.
 calculating TDA matrix ...
 diagonalizing ...
 estimated time (min)     0.00
    5 roots found, lowest/highest eigenvalue :    7.061   9.887   0
  perform velo correction for X...
  writing trafoed spectral data to tda.dat ...
 
 excitation energies, transition moments and TDA amplitudes
 state    eV      nm       fL        Rv(corr)
    1    7.061   175.6     0.0023     0.0038    -0.98(   6->   7)  0.16(   6->   8) -0.05(   3->   7)
    2    8.593   144.3     0.0531     0.0233     0.99(   6->   8)  0.16(   6->   7) -0.03(   6->  11)
    3    8.891   139.5     0.0094    -0.0723     0.99(   5->   7) -0.08(   5->   8)  0.07(   4->   7)
    4    9.775   126.8     0.0399    -0.5913     0.99(   6->  10) -0.08(   6->  11) -0.04(   5->   9)
    5    9.887   125.4     0.0808     0.6262     0.96(   6->   9) -0.25(   5->   8) -0.08(   5->  10)

  alpha tensor

           1         2         3
 
    1   1.81407
    2   0.32135   0.43914
    3   0.08964  -0.57877   2.47180
 trace alpha_L[0] / au:   1.57500237861867     
 sum rule f_L          0.185414205612081     
 
 SOS specific optical rotation 
 including Lorentz factor for common solvent (n=1.4)
 lambda [eV] alpha[grad*cm^3*g^-1*dm^-1]
 632.8  1.96       -0.47
 589.3  2.10       -0.55        0.00 ##
 579.0  2.14       -0.57
 546.0  2.27       -0.65
 436.0  2.84       -1.07
 365.0  3.40       -1.63
 
 eigenvectors printed to ciss_a
 sTDA done.
Sat Aug  5 10:08:37 EDT 2023
