Sat Nov 19 22:31:37 EST 2022


                 *********************************************
                 *                                           *
                 *               s  T  D  A                  *
                 *                                           *
                 *                S. Grimme                  *
                 * Mulliken Center for Theoretical Chemistry *
                 *             Universitaet Bonn             *
                 *              Version 1.6.2                *
                 *       Tue Sep 10 14:44:30 CET 2020        *
                 *********************************************
 
 Please cite as:
 S. Grimme, J. Chem. Phys. 138 (2013) 244104
 
 With contributions from:
 C. Bannwarth, P. Shushkov, M. de Wergifosse
 
======================================================================
 
 reading a molden input...
 
 reading: 
 molden.input                                                                   
======================================================================
                    M O / A O    I N P U T 
======================================================================
atom  #          x             y             z            charge
  n   1     -8.14454329   -0.72182247   -1.35086089         7.00
  n   2     -6.29185901   -0.49212134   -0.24016983         7.00
  n   3     -4.32583954    0.06634639    0.89390263         7.00
  c   4     -2.87164823   -1.83180167    2.05977275         6.00
  c   5     -0.65013835   -1.08800641    3.32579420         6.00
  c   6      0.86057882   -2.86435577    4.50884099         6.00
  n   7      0.26111404   -5.41722365    4.49896623         7.00
  o   8      1.66545929   -7.02491230    5.59184360         8.00
  c   9     -1.92398100   -6.15511956    3.25492135         6.00
  c  10     -3.47954874   -4.42822584    2.05139257         6.00
  h  11     -0.11122418    0.90528464    3.37693454         1.00
  h  12      2.60313496   -2.43549131    5.52384747         1.00
  h  13     -2.26592373   -8.18718269    3.33061017         1.00
  h  14     -5.17964444   -5.12442495    1.10059199         1.00
  
 interpreted GTO in TURBOMOLE style

 # atoms          =   14
 # mos            =  334
 # primitive  aos =  542
 # contracted aos =  384

 spherical AO basis
======================================================================
                    A O   I N T E G R A L S
======================================================================
 memory needed for AO int data:   5 Mb
 done.
  
 Skipping input check...
 Assuming TURBOMOLE style (-sty 1)
  
Restricted MOs found... RKS-sTD-DFT will be performed
  
======================================================================
                    s T D A
======================================================================
 spectral range up to (eV)     :    9.00000000000000     
 occ MO cut-off (eV)           :   -23.4867672336389     
 virtMO cut-off (eV)           :    15.3605622828439     
 perturbation thr              :   1.000000000000000E-004
 triplet                       :  F
 MOs in TDA :           68
 oMOs in TDA:           21
 vMOs in TDA:           47
 sorting MOs ...
 reading and transforming R..V..L AO ints ...
 ints done.
 S^1/2 ...
 S^1/2 orthogonalized MO coefficients done.

 SCF atom population (using active MOs):
  4.064  3.076  3.961  3.714  4.248  4.153  3.441  5.122  4.166  4.246
  0.441  0.461  0.432  0.474
 
 # electrons in TDA:  42.000
 
 
 ax(DF)   :   0.250000000000000     
 s^K      :    2.00000000000000     
 beta  (J):   0.657500000000000     
 alpha (K):    1.54000000000000     
 
 hardness table read.
 setting up gammas ...
 memory needed for q data (Mb)                      0
 computing q(ij,n) ...
 
          43 CSF included by energy.
 
         944 considered in PT2.
 ordered frontier orbitals
         eV     # centers
  11   -13.586     3.5
  12   -13.447     3.5
  13   -13.018     6.2
  14   -12.262     6.1
  15   -11.482     8.7
  16   -11.053     5.8
  17    -9.572     3.0
  18    -8.614     5.3
  19    -8.525     4.8
  20    -7.544     1.5
  21    -6.239     4.7
 
  22    -1.887     8.2
  23    -1.572     2.9
  24    -1.308     4.7
  25     0.120     6.2
  26     1.327     7.3
  27     1.826     9.0
  28     2.076     9.1
  29     2.674     8.5
  30     2.870     7.0
  31     3.084     5.8
  32     3.333    10.0
 
             lowest CSF states
       eV     nm      excitation i->a               eV
    1  3.35   370.2       21 ->  23     gap,J,K:   4.667   1.318   0.000   Kshft:   0.000  locality: 0.630
    2  4.00   310.1       20 ->  22     gap,J,K:   5.657   1.659   0.000   Kshft:   0.000  locality: 0.725
    3  4.36   284.0       21 ->  24     gap,J,K:   4.931   1.516   0.475   Kshft:   0.000  locality: 0.832
    4  4.74   261.7       20 ->  24     gap,J,K:   6.236   1.498   0.000   Kshft:   0.000  locality: 0.624
    5  4.95   250.2       20 ->  23     gap,J,K:   5.972   1.018   0.000   Kshft:   0.000  locality: 0.369
    6  5.15   240.9       21 ->  22     gap,J,K:   4.353   1.609   1.201   Kshft:   0.000  locality: 0.926
    7  5.48   226.2       18 ->  23     gap,J,K:   7.042   1.562   0.000   Kshft:   0.000  locality: 0.786
    8  5.61   220.9       19 ->  23     gap,J,K:   6.953   1.342   0.000   Kshft:   0.000  locality: 0.672
    9  6.16   201.4       17 ->  22     gap,J,K:   7.685   1.530   0.000   Kshft:   0.000  locality: 0.817
   10  6.16   201.4       21 ->  26     gap,J,K:   7.566   1.411   0.000   Kshft:   0.000  locality: 0.810
   11  6.17   201.0       21 ->  25     gap,J,K:   6.359   1.456   0.633   Kshft:   0.000  locality: 0.804
   12  6.22   199.2       19 ->  22     gap,J,K:   6.639   1.508   0.546   Kshft:   0.000  locality: 0.909
   13  6.35   195.2       20 ->  25     gap,J,K:   7.664   1.312   0.000   Kshft:   0.000  locality: 0.550
   14  6.38   194.5       18 ->  22     gap,J,K:   6.727   1.538   0.593   Kshft:   0.000  locality: 0.932
   15  6.66   186.0       21 ->  27     gap,J,K:   8.065   1.401   0.000   Kshft:   0.000  locality: 0.818
   16  6.69   185.4       18 ->  24     gap,J,K:   7.306   1.552   0.467   Kshft:   0.000  locality: 0.897
   17  6.88   180.3       21 ->  28     gap,J,K:   8.315   1.439   0.000   Kshft:   0.000  locality: 0.836
   18  6.92   179.1       17 ->  24     gap,J,K:   8.263   1.341   0.000   Kshft:   0.000  locality: 0.683
   19  7.01   177.0       19 ->  24     gap,J,K:   7.217   1.652   0.720   Kshft:   0.000  locality: 0.950
   20  7.43   166.9       21 ->  29     gap,J,K:   8.914   1.485   0.000   Kshft:   0.000  locality: 0.855
   21  7.50   165.2       20 ->  26     gap,J,K:   8.871   1.381   0.007   Kshft:   0.000  locality: 0.602
   22  7.86   157.7       17 ->  25     gap,J,K:   9.692   1.828   0.000   Kshft:   0.000  locality: 0.936
   23  7.89   157.1       21 ->  31     gap,J,K:   9.323   1.432   0.000   Kshft:   0.000  locality: 0.804
   24  7.91   156.8       16 ->  23     gap,J,K:   9.481   1.572   0.000   Kshft:   0.000  locality: 0.789
   25  8.06   153.9       20 ->  27     gap,J,K:   9.370   1.328   0.007   Kshft:   0.000  locality: 0.589
 
 selecting CSF ...
 average/max PT2 energy lowering (eV):     0.011     0.043
         333 CSF included by PT.
         376 CSF in total.
 sTD-DFT procedure...
 setting up A+B and A-B matrices
  calculating (A-B)^0.5 ...
 estimated time (min)     0.00
  calculating (A+B)*(A-B)^0.5 ...
 calculate eigenvalues of (A-B)^0.5*(A+B)*(A-B)^0.5 ...
  rpa vectors ok
   43 roots found, lowest/highest eigenvalue :    3.273   8.997   0
 writing spectral data to tda.dat ...
 
 excitation energies, transition moments and TDA amplitudes
 state    eV      nm       fL         Rv
    1    3.273   378.8     0.0007     0.2528     0.97(  21->  23)  0.02(  18->  23)  0.01(  19->  23)
    2    3.768   329.0     0.0470    -0.7575     0.77(  21->  24)  0.16(  21->  22)  0.03(  19->  22)
    3    3.914   316.8     0.0000     2.9373     0.96(  20->  22)  0.03(  20->  25)  0.01(  20->  24)
    4    4.185   296.3     0.4130    -1.8750     0.76(  21->  22)  0.15(  21->  24)  0.03(  21->  25)
    5    4.744   261.3     0.0002     0.0710     0.99(  20->  24)  0.01(  20->  22)  0.00(  20->  30)
    6    4.952   250.4     0.0000     0.0003     1.00(  20->  23)  0.00(  19->  22)  0.00(  20->  26)
    7    5.308   233.6     0.0330    -6.6773     0.64(  21->  25)  0.09(  19->  22)  0.09(  18->  23)
    8    5.310   233.5     0.0062     6.7204     0.51(  18->  23)  0.30(  19->  23)  0.11(  21->  25)
    9    5.613   220.9     0.0011    -0.0008     0.34(  18->  22)  0.27(  17->  23)  0.23(  19->  22)
   10    5.780   214.5     0.0004    -0.3485     0.63(  19->  23)  0.37(  18->  23)  0.00(  19->  22)
   11    5.795   214.0     0.1520    -0.2497     0.49(  19->  22)  0.38(  18->  22)  0.05(  21->  24)
   12    6.089   203.6     0.0003     0.6998     0.97(  17->  22)  0.03(  17->  25)  0.00(  15->  25)
   13    6.096   203.4     0.0162     0.3208     0.58(  18->  24)  0.34(  19->  24)  0.04(  19->  22)
   14    6.144   201.8     0.0001    -0.1055     0.99(  21->  26)  0.00(  18->  23)  0.00(  21->  28)
   15    6.401   193.7     0.0000     0.0366     0.97(  20->  25)  0.03(  20->  22)  0.01(  20->  30)
   16    6.647   186.5     0.0018     0.2711     0.98(  21->  27)  0.01(  21->  28)  0.00(  21->  31)
   17    6.809   182.1     0.2663     1.0498     0.46(  19->  24)  0.27(  18->  24)  0.07(  19->  25)
   18    6.860   180.7     0.0030    -1.5325     0.98(  21->  28)  0.01(  21->  27)  0.00(  21->  29)
   19    6.911   179.4     0.0004    -0.2209     0.99(  17->  24)  0.00(  15->  24)  0.00(  17->  25)
   20    6.995   177.3     0.3841    -1.3092     0.28(  17->  23)  0.22(  18->  25)  0.10(  19->  24)
   21    7.409   167.4     0.0004     0.1062     0.98(  21->  29)  0.00(  18->  26)  0.00(  21->  32)
   22    7.459   166.2     0.0075    -0.1430     0.87(  20->  26)  0.06(  19->  25)  0.03(  18->  25)
   23    7.568   163.8     0.0647     0.0983     0.54(  19->  25)  0.32(  18->  25)  0.10(  20->  26)
   24    7.783   159.3     0.0083     0.1746     0.61(  21->  30)  0.35(  16->  22)  0.01(  19->  25)
   25    7.816   158.6     0.0069    -1.0685     0.80(  17->  25)  0.16(  15->  22)  0.03(  17->  22)
   26    7.865   157.6     0.0004     0.2362     0.93(  21->  31)  0.03(  16->  23)  0.01(  19->  26)
   27    7.932   156.3     0.0000     0.0010     0.93(  16->  23)  0.03(  21->  31)  0.01(  18->  23)
   28    8.016   154.7     0.0289     1.6318     0.29(  16->  22)  0.20(  21->  30)  0.19(  20->  27)
   29    8.027   154.5     0.0936     0.8670     0.73(  20->  27)  0.07(  21->  30)  0.06(  16->  22)
   30    8.051   154.0     0.0097    -2.2478     0.93(  21->  32)  0.02(  18->  26)  0.01(  18->  28)
   31    8.113   152.8     0.0035     0.2659     0.83(  15->  22)  0.15(  17->  25)  0.01(  15->  25)
   32    8.291   149.5     0.0030     0.0490     0.91(  20->  28)  0.05(  20->  27)  0.01(  20->  32)
   33    8.312   149.2     0.0003    -0.0289     0.64(  19->  26)  0.31(  18->  26)  0.02(  19->  27)
   34    8.454   146.7     0.0046     0.1208     0.45(  21->  33)  0.33(  18->  26)  0.15(  19->  26)
   35    8.509   145.7     0.0013     3.7325     0.48(  21->  33)  0.24(  18->  26)  0.12(  19->  26)
   36    8.514   145.6     0.0101    -4.6534     0.71(  15->  23)  0.05(  16->  22)  0.04(  21->  33)
   37    8.528   145.4     0.0138     0.6371     0.97(  15->  24)  0.02(  15->  23)  0.00(  17->  24)
   38    8.635   143.6     0.0388     0.5419     0.61(  16->  24)  0.32(  20->  29)  0.01(  19->  30)
   39    8.753   141.6     0.0006    -9.4788     0.97(  14->  22)  0.01(  14->  25)  0.01(  17->  25)
   40    8.765   141.5     0.1557    10.4039     0.63(  20->  29)  0.28(  16->  24)  0.01(  20->  32)
   41    8.834   140.3     0.0029    -0.4652     0.89(  19->  27)  0.05(  19->  26)  0.01(  18->  26)
   42    8.980   138.1     0.0000     0.0793     0.98(  20->  30)  0.01(  14->  24)  0.01(  20->  25)
   43    8.997   137.8     0.0056     1.6426     0.73(  18->  27)  0.20(  18->  28)  0.02(  18->  26)

  alpha tensor

           1         2         3
 
    1  53.72991
    2 -24.10215  39.10280
    3  35.46379 -20.19232  26.77072
 trace alpha_L[0] / au:   39.8678085235539     
 sum rule f_L           1.78654290797156     
 
 SOS specific optical rotation 
 including Lorentz factor for common solvent (n=1.4)
 lambda [eV] alpha[grad*cm^3*g^-1*dm^-1]
 632.8  1.96       30.81
 589.3  2.10       38.16        0.00 ##
 579.0  2.14       40.34
 546.0  2.27       49.01
 436.0  2.84      134.77
 365.0  3.40     -121.09
 
 eigenvectors printed to sing_a
 sTD-DFT done.
Sat Nov 19 22:31:40 EST 2022
