
 escf (compt307) : TURBOMOLE rev. V7-6-2381-g96b3af1 compiled 16 Jan 2023 at 13:48:01
 Copyright (C) 2023 TURBOMOLE GmbH, Karlsruhe


    2023-07-09 02:21:54.892 




                                e s c f

                             TURBOMOLE GmbH

          integral direct evaluation of 

                    * excitation energies and transition moments 
                    * polarizabilities
                    * dynamic response properties 
                    * stabilities
                    * quasiparticle states with GW
                    * NMR coupling-constants



          references (see also programs dscf and ridft) 
          implementation and benchmarks (review) 
          F. Furche and D. Rappoport,  
          "Density functional methods for excited states: 
          equilibrium structure and electronic spectra",
          ch. III of "Computational Photochemistry", ed. by 
          M. Olivucci, vol. 16 of "Theoretical and Computational 
          Chemistry", Elsevier, Amsterdam, 2005.



              +--------------------------------------------------+
              | Atomic coordinate, charge and isotop information |
              +--------------------------------------------------+

                    atomic coordinates            atom    charge  isotop
         -9.24314180    6.23174984    0.00054802    c      6.000     0
         -9.98177905    5.77299993   -1.91166584    h      1.000     0
         -6.60094563    6.20640861   -0.00619830    o      8.000     0
         -9.98177905    4.88256098    1.43120298    h      1.000     0
         -9.90212710    8.15492412    0.51283388    h      1.000     0
         -6.10304059    4.45939461   -0.47154336    h      1.000     0
 
       center of nuclear mass  :   -7.89226438    6.16696788   -0.01670470
       center of nuclear charge:   -8.01306343    6.12842487   -0.02697059

              +--------------------------------------------------+
              |               basis set information              |
              +--------------------------------------------------+

              we will work with the 1s 3p 5d 7f 9g ... basis set
              ...i.e. with spherical basis functions...

   type   atoms  prim   cont   basis
   ---------------------------------------------------------------------------
    c        1     24     14   def2-SVP   [3s2p1d|7s4p1d]
    h        4      7      5   def2-SVP   [2s1p|4s1p]
    o        1     24     14   def2-SVP   [3s2p1d|7s4p1d]
   ---------------------------------------------------------------------------
   total:    6     76     48
   ---------------------------------------------------------------------------

   total number of primitive shells          :   29
   total number of contracted shells         :   24
   total number of cartesian basis functions :   50
   total number of SCF-basis functions       :   48


 residuum convergence criterium   :  0.10E-04


 integral neglect threshold       :  0.33E-10
 integral storage threshold THIZE :  0.10E-04
 integral storage threshold THIME :         5

 
             FOUND RI-J FLAG !
 
  
 AUXILIARY BASIS SET information:

              we will work with the 1s 3p 5d 7f 9g ... basis set
              ...i.e. with spherical basis functions...

   type   atoms  prim   cont   basis
   ---------------------------------------------------------------------------
    c        1     70     49   def2-SVP   [6s4p3d1f1g|12s5p4d2f1g]
    h        4     16     11   def2-SVP   [3s1p1d|5s2p1d]
    o        1     70     49   def2-SVP   [6s4p3d1f1g|12s5p4d2f1g]
   ---------------------------------------------------------------------------
   total:    6    204    142
   ---------------------------------------------------------------------------

   total number of primitive shells          :   56
   total number of contracted shells         :   50
   total number of cartesian basis functions :  170
   total number of SCF-basis functions       :  142

 RPA UHF-EXCITATION-CALCULATION (spin-conserved)
 
             FOUND DFT-FLAG !
 

 maximum number of Davidson iterations set to   35


 symmetry group of the molecule :   c1 

 the group has the following generators :
   c1(z)

    1 symmetry operations found

 there are 1 real representations :   a   

 maximum number of shells which are related by symmetry :  1

 IRREPs of excited states :   a   
  
           ------------------
           density functional
           ------------------
 Libxc version: 6.0.0
 S. Lehtola, C. Steigemann, M.J.T. Oliveira, and M.A.L. Marques, Software X 7, 1 (2018)
 M.A.L. Marques, M.J.T. Oliveira, and T. Burnus, Comput. Phys. Commun. 183, 2272 (2012)
 TURBOMOLE integration by Christof Holzer

 Name of XC-Functional: wB97X range-separated functional
 alpha=    0.15771
 beta =    0.84229
 omega=    0.30000
 [1] J.-D. Chai and M. Head-Gordon.,  J. Chem. Phys. 128, 084106 (2008)
 spherical integration : Lebedev's spherical grid
 spherical gridsize    :                     4
    i.e. gridpoints    :                   434
  maximum batchsize    :                   100
 value for diffuse not defined
 radial integration    : Chebyshev 2nd kind (scaling 3)
 radial gridsize       :                     6
 integration cells     :                     6
 partition function    : becke
 partition sharpness   :                     3
  

 ----------------------------------------------------------------------
          some useful papers before it begins
 ----------------------------------------------------------------------

     nonorthonormal Krylov space methods 
     F. Furche, B. T. Krull, B. D. Nguyen, and J. Kwon, 
     J. Chem. Phys. 144, 174105 (2016).

     RI-J method 
     R. Bauernschmitt, M. Haeser, O. Treutler, and R. Ahlrichs,
     Chem. Phys. Lett. 264, 573 (1997).

     density functional implementation               
     R. Bauernschmitt and R. Ahlrichs,
     Chem. Phys. Lett. 256, 454 (1996).
     R. Bauernschmitt and R. Ahlrichs,
     J. Chem. Phys. 104, 9047 (1996).

     UHF extension (RPA and CIS)
     C. Ochsenfeld, J. Gauss, and R. Ahlrichs, 
     J. Chem. Phys. 103, 7401 (1995).

     integral direct algorithm                 
     H. Weiss, R. Ahlrichs, and M. Haeser, 
     J. Chem. Phys. 99, 1262 (1993).

 ----------------------------------------------------------------------

  MOs are in ASCII format !


    mo occupation :
   irrep   mo's   occupied
    a       48        9
 
 number of basis functions   :    48
 number of occupied orbitals :     9
 
 ALPHA-Occupation:9
 BETA-Occupation :8

 reading orbital data $uhfmo_alpha  from file alpha
 orbital characterization : scfconv=7

 reading orbital data $uhfmo_beta  from file beta
 orbital characterization : scfconv=7
  
           ----------------------
               RI - INFORMATION
           ----------------------

 biggest AO integral is expected to be     4.776656448

 Threshold for integral neglect (rithr2):   0.33E-10
 Threshold for integral neglect (rithr1):   0.33E-10

 Contributions to RI integral batches: 
  neglected integral batches:                     0
  direct contribution:                            0
  memory contribution:                   300
 Core memory available (ricore)            500 MiB
 Core memory needed for (P|Q) and Cholesky 1 MiB
 Core memory used for integrals            2 MiB
  
 ****************************************
 Memory allocated for RIDFT 2 MiB
 ****************************************
                                            
 preparing DFT   numerical integration ....
          Overall gridpoints after grid construction =         55768

 Calculating ground state density on molecular grid

 Integral of ground state total density: Na =   17.00000099996084    

 Integral of ground state spin density:  Nb =  0.9999999247235896    


 all orbitals will be included in the transformation

 number of non-frozen orbitals          :    48
 number of non-frozen occupied orbitals :     9
 all orbitals will be included in the transformation

 number of non-frozen orbitals          :    48
 number of non-frozen occupied orbitals :     8

 dimension of super-tensorspace: 2

          IRREP   tensor space dimension   number of roots

           a                 671                     10

 machine precision: 2.22D-16


 logfile unrs_a    will be constructed




                       Nonorthonormal Krylov Space Iteration


 total number of roots to be determined: 10


 maximum core memory set to          500 MB,
 corresponding to     6319 vectors in CAO basis


 maximum number of simultaneously treated vectors (including degeneracy):       18


 Iteration IRREP Converged      Max. Euclidean
                 roots          residual norm

    1       a        0        2.694962099195009D-01
 
    2       a        0        6.162010330650920D-02
 
    3       a        0        2.186704077913581D-02
 
    4       a        0        1.610663767624443D-02
 
    5       a        0        8.646065920901237D-03
 
    6       a        2        3.155162060417027D-03
 
    7       a        3        2.596870158711498D-03
 
    8       a        6        1.353355313057806D-02
 
    9       a        7        3.465534707872181D-03
 
   10       a        9        8.579359351606299D-04
 
   11       a        9        1.871816422029702D-04
 
   12       a        9        5.070193697936604D-05
 
   13       a        9        1.702467522020675D-05
 
   14       a       10        9.017477380024024D-06
 

 converged!

 Eigenpairs written on logfile unrs_a   



 IRREP   Vector     Eigenvalue           Euclidean residual norm

  a         1    6.095092346173674D-02    3.552317337908017D-06
            2    1.533642951095898D-01    3.875209620648752D-06
            3    1.815204174884367D-01    2.964188626315582D-06
            4    2.421978898530600D-01    1.060644006315682D-06
            5    3.911826077874967D-01    1.930591480621330D-06
            6    4.018686009563419D-01    3.725798187376726D-06
            7    4.130701515666802D-01    2.746859699722493D-06
            8    4.182117582735826D-01    9.017477380024024D-06
            9    4.627948397996435D-01    7.378235538175957D-06
           10    4.734120303076543D-01    4.692430347196000D-06






                    Selection rules for point group c1  


 Subduction with respect to c1  :

    Polar vector representation: a                           

    Axial vector representation: a                           

    Symmetric second rank tensor representation: a                           




                            Ground state


 Total energy:                           -115.2037100036000    

 Charge:

               elec          nuc         total

           -17.000000    18.000000     1.000000


 Electric dipole moment:

               elec          nuc         total   

    x      135.933891  -144.235142    -8.301251    Norm:              9.897240
    y     -104.927047   110.311648     5.384600
    z        0.260376    -0.485471    -0.225095    Norm / debye:     25.156464


 Electric quadrupole moment:

               elec          nuc         total   

   xx    -1132.116355  1195.764940    63.648585
   yy     -662.678124   684.720217    22.042093    1/3*trace:        26.206110
   zz      -13.260817     6.188469    -7.072348
   xy      841.115383  -887.679428   -46.564044
   xz       -1.520723     2.892501     1.371778    Anisotropy:      101.510760
   yz        1.093034    -2.256050    -1.163017



 ==============================================================================

                              I R R E P   a   

 ==============================================================================


 Excitation is electric dipole allowed

 Excitation is magnetic dipole allowed

 Excitation is electric quadrupole allowed




                             1 a excitation


 Total energy:                           -115.1427590801383    

 Excitation energy:                      0.6095092346173674E-01

 Excitation energy / eV:                  1.658559725244666    

 Excitation energy / nm:                  747.5416297605956    

 Excitation energy / cm^(-1):             13377.18141758864    


 Oscillator strength:

    velocity representation:             0.4306881903586348E-03

    length representation:               0.1853013557636026E-03

    mixed representation:                0.2825013922052601E-03


 Rotatory strength:

    velocity representation:             0.9914852217827735E-07

    velocity rep. / 10^(-40)erg*cm^3:    0.6405472072278614E-02

    length representation:               0.1266321683275947E-06

    length rep. / 10^(-40)erg*cm^3:      0.8181047985929606E-02


 Dominant contributions:

      occ. orbital   energy / eV   virt. orbital     energy / eV   |coeff.|^2*100
        8 a   beta           -20.58      9 a   beta           -11.30       92.3
 

 Change of electron number:

             0.000000


 Electric transition dipole moment (velocity rep.):

    x       -0.000035        Norm:                  0.102953
    y        0.026503
    z       -0.099483        Norm / debye:          0.261681


 Electric transition dipole moment (length rep.):

    x       -0.000039        Norm:                  0.067530
    y       -0.017373
    z        0.065257        Norm / debye:          0.171645


 Magnetic transition dipole moment / i:

    x       -0.002886        Norm:                  0.003131
    y        0.001174
    z        0.000313        Norm / Bohr mag.:      0.858183


 Electric quadrupole transition moment:

   xx        0.000638
   yy        0.009054        1/3*trace:            -0.071932
   zz       -0.225489
   xy        0.300162
   xz       -1.128047        Anisotropy:            2.035044
   yz        0.013310




                             2 a excitation


 Total energy:                           -115.0503457084904    

 Excitation energy:                      0.1533642951095898    

 Excitation energy / eV:                  4.173256592559841    

 Excitation energy / nm:                  297.0923097024748    

 Excitation energy / cm^(-1):             33659.57203174304    


 Oscillator strength:

    velocity representation:             0.2371369160155186E-02

    length representation:               0.6015845581577895E-03

    mixed representation:                0.1194394382421859E-02


 Rotatory strength:

    velocity representation:            -0.5903465717035072E-08

    velocity rep. / 10^(-40)erg*cm^3:   -0.3813923188096419E-03

    length representation:              -0.3306509281692216E-07

    length rep. / 10^(-40)erg*cm^3:     -0.2136164250892872E-02


 Dominant contributions:

      occ. orbital   energy / eV   virt. orbital     energy / eV   |coeff.|^2*100
        6 a   beta           -23.69      9 a   beta           -11.30       92.6
 

 Change of electron number:

            -0.000000


 Electric transition dipole moment (velocity rep.):

    x        0.000107        Norm:                  0.152294
    y        0.039196
    z       -0.147164        Norm / debye:          0.387096


 Electric transition dipole moment (length rep.):

    x        0.000122        Norm:                  0.076706
    y        0.019740
    z       -0.074123        Norm / debye:          0.194970


 Magnetic transition dipole moment / i:

    x       -0.000386        Norm:                  0.002351
    y        0.002241
    z        0.000597        Norm / Bohr mag.:      0.644256


 Electric quadrupole transition moment:

   xx       -0.001977
   yy        0.224124        1/3*trace:             0.081290
   zz        0.021723
   xy       -0.045579
   xz        0.174012        Anisotropy:            0.825906
   yz       -0.423762




                             3 a excitation


 Total energy:                           -115.0221895861116    

 Excitation energy:                      0.1815204174884367    

 Excitation energy / eV:                  4.939423993221647    

 Excitation energy / nm:                  251.0095188763132    

 Excitation energy / cm^(-1):             39839.12659278446    


 Oscillator strength:

    velocity representation:             0.7369060130056830E-01

    length representation:               0.9295611224393263E-01

    mixed representation:                0.8276171387773819E-01


 Rotatory strength:

    velocity representation:            -0.9508798243110279E-07

    velocity rep. / 10^(-40)erg*cm^3:   -0.6143141647402121E-02

    length representation:               0.6074561732358739E-05

    length rep. / 10^(-40)erg*cm^3:      0.3924459454674682    


 Dominant contributions:

      occ. orbital   energy / eV   virt. orbital     energy / eV   |coeff.|^2*100
        7 a   beta           -22.80      9 a   beta           -11.30       98.1
 

 Change of electron number:

             0.000000


 Electric transition dipole moment (velocity rep.):

    x       -0.777324        Norm:                  0.780349
    y       -0.066326
    z       -0.017682        Norm / debye:          1.983465


 Electric transition dipole moment (length rep.):

    x       -0.873663        Norm:                  0.876439
    y       -0.067354
    z       -0.017948        Norm / debye:          2.227703


 Magnetic transition dipole moment / i:

    x       -0.000073        Norm:                  0.003581
    y       -0.000099
    z        0.003579        Norm / Bohr mag.:      0.981475


 Electric quadrupole transition moment:

   xx       14.221171
   yy       -0.667183        1/3*trace:             4.698092
   zz        0.540288
   xy       -4.519418
   xz        0.245927        Anisotropy:           16.332252
   yz       -0.217406




                             4 a excitation


 Total energy:                           -114.9615121137469    

 Excitation energy:                      0.2421978898530600    

 Excitation energy / eV:                  6.590542732329639    

 Excitation energy / nm:                  188.1244823711842    

 Excitation energy / cm^(-1):             53156.29243181962    


 Oscillator strength:

    velocity representation:             0.9915518145726982E-02

    length representation:               0.7579797264085177E-02

    mixed representation:                0.8669349300736718E-02


 Rotatory strength:

    velocity representation:            -0.5778176641707474E-08

    velocity rep. / 10^(-40)erg*cm^3:   -0.3732980411003935E-03

    length representation:              -0.1133579844805768E-07

    length rep. / 10^(-40)erg*cm^3:     -0.7323471775550201E-03


 Dominant contributions:

      occ. orbital   energy / eV   virt. orbital     energy / eV   |coeff.|^2*100
        5 a   beta           -26.06      9 a   beta           -11.30       94.5
 

 Change of electron number:

            -0.000000


 Electric transition dipole moment (velocity rep.):

    x        0.000008        Norm:                  0.247810
    y        0.063787
    z       -0.239459        Norm / debye:          0.629874


 Electric transition dipole moment (length rep.):

    x        0.000010        Norm:                  0.216665
    y        0.055770
    z       -0.209365        Norm / debye:          0.550712


 Magnetic transition dipole moment / i:

    x       -0.002887        Norm:                  0.004540
    y       -0.003386
    z       -0.000902        Norm / Bohr mag.:      1.244320


 Electric quadrupole transition moment:

   xx       -0.000183
   yy        0.690650        1/3*trace:             0.231557
   zz        0.004206
   xy       -0.567629
   xz        2.131122        Anisotropy:            4.484648
   yz       -1.296943




                             5 a excitation


 Total energy:                           -114.8125273958125    

 Excitation energy:                      0.3911826077874967    

 Excitation energy / eV:                  10.64462491531930    

 Excitation energy / nm:                  116.4759162420419    

 Excitation energy / cm^(-1):             85854.65838042380    


 Oscillator strength:

    velocity representation:             0.2389080790483415E-03

    length representation:               0.6223887203735209E-04

    mixed representation:                0.1219219835649458E-03


 Rotatory strength:

    velocity representation:            -0.5537507323039621E-10

    velocity rep. / 10^(-40)erg*cm^3:   -0.3577496439532396E-05

    length representation:              -0.1850488031461825E-07

    length rep. / 10^(-40)erg*cm^3:     -0.1195504395345541E-02


 Dominant contributions:

      occ. orbital   energy / eV   virt. orbital     energy / eV   |coeff.|^2*100
        8 a   beta           -20.58     10 a   beta            -3.22       54.9
        9 a   alpha          -20.88     10 a   alpha           -3.41       33.4
        8 a   beta           -20.58     12 a   beta            -0.20        2.6
 

 Change of electron number:

             0.000000


 Electric transition dipole moment (velocity rep.):

    x       -0.017929        Norm:                  0.030267
    y       -0.023560
    z       -0.006291        Norm / debye:          0.076932


 Electric transition dipole moment (length rep.):

    x       -0.008936        Norm:                  0.015449
    y       -0.012176
    z       -0.003250        Norm / debye:          0.039267


 Magnetic transition dipole moment / i:

    x       -0.000056        Norm:                  0.000091
    y        0.000055
    z       -0.000046        Norm / Bohr mag.:      0.024898


 Electric quadrupole transition moment:

   xx        0.168404
   yy       -0.082258        1/3*trace:             0.018473
   zz       -0.030727
   xy       -0.076790
   xz       -0.005603        Anisotropy:            0.265648
   yz        0.008464




                             6 a excitation


 Total energy:                           -114.8018414026436    

 Excitation energy:                      0.4018686009563419    

 Excitation energy / eV:                  10.93540570890666    

 Excitation energy / nm:                  113.3787326294495    

 Excitation energy / cm^(-1):             88199.96278481880    


 Oscillator strength:

    velocity representation:             0.3767836545189175E-02

    length representation:               0.1206051774715510E-02

    mixed representation:                0.2131714301413106E-02


 Rotatory strength:

    velocity representation:            -0.7433241317132788E-07

    velocity rep. / 10^(-40)erg*cm^3:   -0.4802231905967157E-02

    length representation:              -0.4607319665316537E-07

    length rep. / 10^(-40)erg*cm^3:     -0.2976550411026801E-02


 Dominant contributions:

      occ. orbital   energy / eV   virt. orbital     energy / eV   |coeff.|^2*100
        8 a   alpha          -21.15     10 a   alpha           -3.41       72.2
        4 a   beta           -30.15      9 a   beta           -11.30       20.5
 

 Change of electron number:

            -0.000000


 Electric transition dipole moment (velocity rep.):

    x       -0.000014        Norm:                  0.118590
    y        0.030529
    z       -0.114593        Norm / debye:          0.301429


 Electric transition dipole moment (length rep.):

    x       -0.000016        Norm:                  0.067094
    y        0.017268
    z       -0.064834        Norm / debye:          0.170538


 Magnetic transition dipole moment / i:

    x       -0.000284        Norm:                  0.001431
    y        0.001355
    z        0.000362        Norm / Bohr mag.:      0.392244


 Electric quadrupole transition moment:

   xx        0.000254
   yy        0.239752        1/3*trace:             0.071801
   zz       -0.024603
   xy       -0.106771
   xz        0.400848        Anisotropy:            1.086032
   yz       -0.446952




                             7 a excitation


 Total energy:                           -114.7906398520333    

 Excitation energy:                      0.4130701515666802    

 Excitation energy / eV:                  11.24021554028288    

 Excitation energy / nm:                  110.3041516972085    

 Excitation energy / cm^(-1):             90658.41896829016    


 Oscillator strength:

    velocity representation:             0.6968801314308319E-03

    length representation:               0.2532324612090020E-02

    mixed representation:                0.1230497839259415E-02


 Rotatory strength:

    velocity representation:             0.3902850955613221E-06

    velocity rep. / 10^(-40)erg*cm^3:    0.2521429694483495E-01

    length representation:              -0.4099198187943877E-05

    length rep. / 10^(-40)erg*cm^3:     -0.2648279463449468    


 Dominant contributions:

      occ. orbital   energy / eV   virt. orbital     energy / eV   |coeff.|^2*100
        9 a   alpha          -20.88     10 a   alpha           -3.41       56.0
        8 a   beta           -20.58     10 a   beta            -3.22       36.7
 

 Change of electron number:

            -0.000000


 Electric transition dipole moment (velocity rep.):

    x       -0.047907        Norm:                  0.050305
    y       -0.014851
    z       -0.003874        Norm / debye:          0.127864


 Electric transition dipole moment (length rep.):

    x       -0.073565        Norm:                  0.095894
    y       -0.059459
    z       -0.015766        Norm / debye:          0.243741


 Magnetic transition dipole moment / i:

    x       -0.000037        Norm:                  0.005409
    y       -0.001279
    z        0.005255        Norm / Bohr mag.:      1.482378


 Electric quadrupole transition moment:

   xx        1.148538
   yy       -1.191318        1/3*trace:             0.087174
   zz        0.304301
   xy        0.759275
   xz        0.323723        Anisotropy:            2.559927
   yz       -0.314680




                             8 a excitation


 Total energy:                           -114.7854982453264    

 Excitation energy:                      0.4182117582735826    

 Excitation energy / eV:                  11.38012583733473    

 Excitation energy / nm:                  108.9480430872862    

 Excitation energy / cm^(-1):             91786.87120149222    


 Oscillator strength:

    velocity representation:             0.3497798691570823E-01

    length representation:               0.3244932493597012E-01

    mixed representation:                0.3368994008215017E-01


 Rotatory strength:

    velocity representation:            -0.1846192985257722E-06

    velocity rep. / 10^(-40)erg*cm^3:   -0.1192729588630817E-01

    length representation:              -0.1539413680382073E-06

    length rep. / 10^(-40)erg*cm^3:     -0.9945353819435346E-02


 Dominant contributions:

      occ. orbital   energy / eV   virt. orbital     energy / eV   |coeff.|^2*100
        4 a   beta           -30.15      9 a   beta           -11.30       72.8
        8 a   alpha          -21.15     10 a   alpha           -3.41       20.9
 

 Change of electron number:

             0.000000


 Electric transition dipole moment (velocity rep.):

    x        0.000007        Norm:                  0.354197
    y       -0.091176
    z        0.342261        Norm / debye:          0.900286


 Electric transition dipole moment (length rep.):

    x        0.000007        Norm:                  0.341154
    y       -0.087813
    z        0.329659        Norm / debye:          0.867133


 Magnetic transition dipole moment / i:

    x        0.002826        Norm:                  0.005049
    y        0.004044
    z        0.001077        Norm / Bohr mag.:      1.383799


 Electric quadrupole transition moment:

   xx       -0.000110
   yy       -0.954193        1/3*trace:            -0.364731
   zz       -0.139888
   xy        0.794677
   xz       -2.983418        Anisotropy:            6.262530
   yz        1.809783




                             9 a excitation


 Total energy:                           -114.7409151638004    

 Excitation energy:                      0.4627948397996435    

 Excitation energy / eV:                  12.59329373121978    

 Excitation energy / nm:                  98.45259441467761    

 Excitation energy / cm^(-1):             101571.7265548924    


 Oscillator strength:

    velocity representation:             0.1474516085500687E-02

    length representation:               0.1430536362244543E-02

    mixed representation:                0.1452359611188610E-02


 Rotatory strength:

    velocity representation:             0.2098892201374943E-07

    velocity rep. / 10^(-40)erg*cm^3:    0.1355985453263381E-02

    length representation:               0.1750459775403730E-08

    length rep. / 10^(-40)erg*cm^3:      0.1130881324164836E-03


 Dominant contributions:

      occ. orbital   energy / eV   virt. orbital     energy / eV   |coeff.|^2*100
        8 a   beta           -20.58     12 a   beta            -0.20       33.1
        9 a   alpha          -20.88     12 a   alpha           -0.36       24.9
        9 a   alpha          -20.88     11 a   alpha           -1.07       10.2
        8 a   beta           -20.58     11 a   beta            -0.94        7.4
        6 a   beta           -23.69     10 a   beta            -3.22        6.7
        7 a   alpha          -24.19     10 a   alpha           -3.41        5.0
        8 a   beta           -20.58     14 a   beta             0.27        2.8
 

 Change of electron number:

            -0.000000


 Electric transition dipole moment (velocity rep.):

    x        0.017783        Norm:                  0.069132
    y        0.064576
    z        0.017114        Norm / debye:          0.175716


 Electric transition dipole moment (length rep.):

    x        0.017487        Norm:                  0.068093
    y        0.063611
    z        0.016867        Norm / debye:          0.173076


 Magnetic transition dipole moment / i:

    x        0.000180        Norm:                  0.001598
    y        0.000360
    z       -0.001546        Norm / Bohr mag.:      0.437895


 Electric quadrupole transition moment:

   xx       -0.297173
   yy        0.829799        1/3*trace:             0.142044
   zz       -0.106495
   xy       -0.528068
   xz       -0.168989        Anisotropy:            1.441543
   yz        0.146369




                            10 a excitation


 Total energy:                           -114.7302979732923    

 Excitation energy:                      0.4734120303076543    

 Excitation energy / eV:                  12.88220230834563    

 Excitation energy / nm:                  96.24460246688267    

 Excitation energy / cm^(-1):             103901.9305207096    


 Oscillator strength:

    velocity representation:             0.1774926973429912E-02

    length representation:               0.1445140153596504E-02

    mixed representation:                0.1599735100278131E-02


 Rotatory strength:

    velocity representation:            -0.3213223721954462E-07

    velocity rep. / 10^(-40)erg*cm^3:   -0.2075897286290753E-02

    length representation:              -0.7062907864815232E-06

    length rep. / 10^(-40)erg*cm^3:     -0.4562978659006473E-01


 Dominant contributions:

      occ. orbital   energy / eV   virt. orbital     energy / eV   |coeff.|^2*100
        8 a   beta           -20.58     11 a   beta            -0.94       35.2
        9 a   alpha          -20.88     11 a   alpha           -1.07       22.5
        9 a   alpha          -20.88     14 a   alpha            0.14        8.3
        8 a   beta           -20.58     12 a   beta            -0.20        7.6
        6 a   beta           -23.69     10 a   beta            -3.22        6.0
        8 a   beta           -20.58     14 a   beta             0.27        5.6
        9 a   alpha          -20.88     12 a   alpha           -0.36        4.8
        7 a   alpha          -24.19     10 a   alpha           -3.41        3.2
 

 Change of electron number:

             0.000000


 Electric transition dipole moment (velocity rep.):

    x       -0.001677        Norm:                  0.074992
    y        0.072488
    z        0.019144        Norm / debye:          0.190613


 Electric transition dipole moment (length rep.):

    x       -0.004747        Norm:                  0.067668
    y        0.065261
    z        0.017245        Norm / debye:          0.171995


 Magnetic transition dipole moment / i:

    x        0.000206        Norm:                  0.001233
    y        0.000315
    z       -0.001175        Norm / Bohr mag.:      0.338006


 Electric quadrupole transition moment:

   xx        0.086036
   yy        0.867882        1/3*trace:             0.316067
   zz       -0.005715
   xy       -0.617693
   xz       -0.155724        Anisotropy:            1.398433
   yz        0.124891

 SUMMARY OF EXCITATION ENERGIES AND DIPOLE OSCILLATOR STRENGTHS (velocity/length):

 -----------------------------------------------------------------------------------------------
 |    Exc.   | energy (Eh) | energy (eV) | energy (cm-1) | energy (nm) | Osc.(vel) | Osc.(len) |
 -----------------------------------------------------------------------------------------------
 |     1 a   |    0.060951 |     1.65856 |     13377.181 |     747.542 |   0.00043 |   0.00019 |
 |     2 a   |    0.153364 |     4.17326 |     33659.572 |     297.092 |   0.00237 |   0.00060 |
 |     3 a   |    0.181520 |     4.93942 |     39839.127 |     251.010 |   0.07369 |   0.09296 |
 |     4 a   |    0.242198 |     6.59054 |     53156.292 |     188.124 |   0.00992 |   0.00758 |
 |     5 a   |    0.391183 |    10.64462 |     85854.658 |     116.476 |   0.00024 |   0.00006 |
 |     6 a   |    0.401869 |    10.93540 |     88199.963 |     113.379 |   0.00377 |   0.00121 |
 |     7 a   |    0.413070 |    11.24021 |     90658.419 |     110.304 |   0.00070 |   0.00253 |
 |     8 a   |    0.418212 |    11.38012 |     91786.871 |     108.948 |   0.03498 |   0.03245 |
 |     9 a   |    0.462795 |    12.59329 |    101571.727 |      98.453 |   0.00147 |   0.00143 |
 |    10 a   |    0.473412 |    12.88220 |    103901.931 |      96.245 |   0.00177 |   0.00145 |
 -----------------------------------------------------------------------------------------------




    ------------------------------------------------------------------------
         total  cpu-time :   8.36 seconds
         total wall-time :   9.04 seconds
    ------------------------------------------------------------------------

   ****  escf : all done  ****


    2023-07-09 02:22:03.909 

