
 escf (compt309) : TURBOMOLE rev. V7-6-2381-g96b3af1 compiled 16 Jan 2023 at 13:48:01
 Copyright (C) 2023 TURBOMOLE GmbH, Karlsruhe


    2023-07-09 02:21:57.565 


 escf run will be profiled !




                                e s c f

                             TURBOMOLE GmbH

          integral direct evaluation of 

                    * excitation energies and transition moments 
                    * polarizabilities
                    * dynamic response properties 
                    * stabilities
                    * quasiparticle states with GW
                    * NMR coupling-constants



          references (see also programs dscf and ridft) 
          implementation and benchmarks (review) 
          F. Furche and D. Rappoport,  
          "Density functional methods for excited states: 
          equilibrium structure and electronic spectra",
          ch. III of "Computational Photochemistry", ed. by 
          M. Olivucci, vol. 16 of "Theoretical and Computational 
          Chemistry", Elsevier, Amsterdam, 2005.



              +--------------------------------------------------+
              | Atomic coordinate, charge and isotop information |
              +--------------------------------------------------+

                    atomic coordinates            atom    charge  isotop
         -9.24314180    6.23174984    0.00054802    c      6.000     0
         -9.98177905    5.77299993   -1.91166584    h      1.000     0
         -6.60094563    6.20640861   -0.00619830    o      8.000     0
         -9.98177905    4.88256098    1.43120298    h      1.000     0
         -9.90212710    8.15492412    0.51283388    h      1.000     0
         -6.10304059    4.45939461   -0.47154336    h      1.000     0
 
       center of nuclear mass  :   -7.89226438    6.16696788   -0.01670470
       center of nuclear charge:   -8.01306343    6.12842487   -0.02697059

              +--------------------------------------------------+
              |               basis set information              |
              +--------------------------------------------------+

              we will work with the 1s 3p 5d 7f 9g ... basis set
              ...i.e. with spherical basis functions...

   type   atoms  prim   cont   basis
   ---------------------------------------------------------------------------
    c        1     24     14   def2-SVP   [3s2p1d|7s4p1d]
    h        4      7      5   def2-SVP   [2s1p|4s1p]
    o        1     24     14   def2-SVP   [3s2p1d|7s4p1d]
   ---------------------------------------------------------------------------
   total:    6     76     48
   ---------------------------------------------------------------------------

   total number of primitive shells          :   29
   total number of contracted shells         :   24
   total number of cartesian basis functions :   50
   total number of SCF-basis functions       :   48


 residuum convergence criterium   :  0.10E-04


 integral neglect threshold       :  0.33E-10
 integral storage threshold THIZE :  0.10E-04
 integral storage threshold THIME :         5

 
             FOUND RI-J FLAG !
 
  
 AUXILIARY BASIS SET information:

              assign orbital basis set names as defaults
              read basis sets from /home/smp201/dev/turbomole/cbasen/

              we will work with the 1s 3p 5d 7f 9g ... basis set
              ...i.e. with spherical basis functions...

   type   atoms  prim   cont   basis
   ---------------------------------------------------------------------------
    c        1      1      1   def2-SVP   [1s|1s]
    h        4      1      1   def2-SVP   [1s|1s]
    o        1      1      1   def2-SVP   [1s|1s]
   ---------------------------------------------------------------------------
   total:    6      6      6
   ---------------------------------------------------------------------------

   total number of primitive shells          :    3
   total number of contracted shells         :    6
   total number of cartesian basis functions :    6
   total number of SCF-basis functions       :    6

 
             FOUND RI-K FLAG !
 
  
 AUXILIARY BASIS SET information:

              we will work with the 1s 3p 5d 7f 9g ... basis set
              ...i.e. with spherical basis functions...

   type   atoms  prim   cont   basis
   ---------------------------------------------------------------------------
    c        1      1      1   def2-SVP   [1s|1s]
    h        4      1      1   def2-SVP   [1s|1s]
    o        1      1      1   def2-SVP   [1s|1s]
   ---------------------------------------------------------------------------
   total:    6      6      6
   ---------------------------------------------------------------------------

   total number of primitive shells          :    3
   total number of contracted shells         :    6
   total number of cartesian basis functions :    6
   total number of SCF-basis functions       :    6

 RPA SINGLET-EXCITATION-CALCULATION 
 
             FOUND DFT-FLAG !
 

 maximum number of Davidson iterations set to   35


 symmetry group of the molecule :   c1 

 the group has the following generators :
   c1(z)

    1 symmetry operations found

 there are 1 real representations :   a   

 maximum number of shells which are related by symmetry :  1

 IRREPs of excited states :   a   
  
           ------------------
           density functional
           ------------------
 PBE0 hybrid functional
 exchange:    3/4 (LDA+PBE) + 1/4 HF
 correlation: LDA (PW) + PBE
 spherical integration : Lebedev's spherical grid
 spherical gridsize    :                     1
    i.e. gridpoints    :                   110
  maximum batchsize    :                   100
 value for diffuse not defined
 radial integration    : Chebyshev 2nd kind (scaling 0)
 radial gridsize       :                     1
 integration cells     :                     6
 partition function    : becke
 partition sharpness   :                     3
  

 ----------------------------------------------------------------------
          some useful papers before it begins
 ----------------------------------------------------------------------

     nonorthonormal Krylov space methods 
     F. Furche, B. T. Krull, B. D. Nguyen, and J. Kwon, 
     J. Chem. Phys. 144, 174105 (2016).

     RI-J method 
     R. Bauernschmitt, M. Haeser, O. Treutler, and R. Ahlrichs,
     Chem. Phys. Lett. 264, 573 (1997).

     density functional implementation               
     R. Bauernschmitt and R. Ahlrichs,
     Chem. Phys. Lett. 256, 454 (1996).
     R. Bauernschmitt and R. Ahlrichs,
     J. Chem. Phys. 104, 9047 (1996).

     UHF extension (RPA and CIS)
     C. Ochsenfeld, J. Gauss, and R. Ahlrichs, 
     J. Chem. Phys. 103, 7401 (1995).

     integral direct algorithm                 
     H. Weiss, R. Ahlrichs, and M. Haeser, 
     J. Chem. Phys. 99, 1262 (1993).

 ----------------------------------------------------------------------

  MOs are in ASCII format !


    mo occupation :
   irrep   mo's   occupied
    a       48        9
 
 number of basis functions   :    48
 number of occupied orbitals :     9
 

 reading orbital data $scfmo  from file mos
 orbital characterization : scfconv=8
  
           ----------------------
               RI - INFORMATION
           ----------------------

 biggest AO integral is expected to be     4.776656448

 Threshold for integral neglect (rithr2):   0.33E-10
 Threshold for integral neglect (rithr1):   0.33E-10

 Contributions to RI integral batches: 
  neglected integral batches:                     0
  direct contribution:                            0
  memory contribution:                   300
 Core memory available (ricore)            500 MiB
 Core memory needed for (P|Q) and Cholesky 1 MiB
 Core memory used for integrals            1 MiB
  
 ****************************************
 Memory allocated for RIDFT 1 MiB
 ****************************************
                                            

 MAXIMUM CORE MEMORY WHICH CAN BE ALLOCATED DYNAMICALLY in escf_cc_setup= 500 MiB
              ( or 65536000 double words )

 Summary of integral storage options:
 B_ji^Q integral storage mode: on-disk   
 B_ai^Q integral storage mode: on-disk   
 B_ba^Q integral storage mode: on-disk   

   *-----------------------------------------------------------------------*
   |                     program will use  1 thread(s)                     |
   *-----------------------------------------------------------------------*
  MOs are in ASCII format !


 reading orbital data $scfmo  from file mos
 orbital characterization : scfconv=8
 time elapsed for calculating density matrices :   0.001 sec
 all orbitals will be active in the correlation treatment


   Molecular Orbital Statistic:
   ============================

   -----------------------------
   orbitals in total:
   -----------------------------
    frozen occupied :      0
    active occupied :      9
    active virtual  :     39
    frozen virtual  :      0
    all together    :     48
   -----------------------------


     time in riccmos       cpu:  0.01 sec    wall:  0.05 sec    ratio:  0.2

     total memory allocated for calculation of (Q|P)**(-1/2) : 1 MiB


     calculation of (P|Q) ...
     time in lp2sym        cpu:  0.00 sec    wall:  0.00 sec    ratio:  1.0


     calculation of the Cholesky decomposition of (P|Q)**(-1) ...
     time in invmetri      cpu:  0.00 sec    wall:  0.02 sec    ratio:  0.1
 preparing DFT   numerical integration ....
          Overall gridpoints after grid construction =          7004

 Calculating ground state density on molecular grid

 Integral of ground state density: N =   18.00018770584974    


 all orbitals will be included in the transformation

 number of non-frozen orbitals          :    48
 number of non-frozen occupied orbitals :     9



 dimension of super-tensorspace: 2

          IRREP   tensor space dimension   number of roots

           a                 351                     10
                    10
 Switching off XC: hybrid=  0.250000000000000     

 machine precision: 2.22D-16


 logfile sing_a    exists already

 found     10 converged vectors on sing_a   
 read      10 vectors from logfile sing_a   



                       Nonorthonormal Krylov Space Iteration


 total number of roots to be determined: 10


 maximum core memory set to          500 MB,
 corresponding to    12835 vectors in CAO basis


 maximum number of simultaneously treated vectors (including degeneracy):       10


 Iteration IRREP Converged      Max. Euclidean
                 roots          residual norm

    1       a        0        5.883866609146984D-02
 
    2       a        0        1.415952565054635D-02
 
    3       a        0        5.472554843380021D-03
 
    4       a        0        1.659047551466359D-03
 
    5       a        6        2.516401209676630D-04
 
    6       a        8        2.800014572605900D-05
 
    7       a       10        9.967249326707993D-06
 

 converged!

 Eigenpairs written on logfile sing_a   



 IRREP   Vector     Eigenvalue           Euclidean residual norm

  a         1    2.606951454912591D-01    1.163486095074298D-06
            2    3.228700856649362D-01    3.590164296505904D-06
            3    3.335524222316015D-01    9.967249326707993D-06
            4    3.615107874654200D-01    2.987023495238347D-06
            5    3.690158745799644D-01    5.798144005210047D-06
            6    3.849028803452841D-01    4.212174717396725D-06
            7    3.955947730381379D-01    4.356829803602165D-06
            8    4.248838440727839D-01    2.174980161564513D-06
            9    4.277840623020523D-01    1.484278722686690D-06
           10    4.337385180600020D-01    6.261521343643635D-06






                    Selection rules for point group c1  


 Subduction with respect to c1  :

    Polar vector representation: a                           

    Axial vector representation: a                           

    Symmetric second rank tensor representation: a                           




                            Ground state


 Total energy:                           -115.4970069423000    

 Charge:

               elec          nuc         total

           -18.000000    18.000000    -0.000000


 Electric dipole moment:

               elec          nuc         total   

    x      143.886882  -144.235142    -0.348260    Norm:              0.664581
    y     -110.858600   110.311648    -0.546952
    z        0.339778    -0.485471    -0.145692    Norm / debye:      1.689209


 Electric quadrupole moment:

               elec          nuc         total   

   xx    -1200.106574  1195.764940    -4.341634
   yy     -700.042245   684.720217   -15.322028    1/3*trace:        -9.852467
   zz      -16.082209     6.188469    -9.893740
   xy      888.411123  -887.679428     0.731695
   xz       -2.119679     2.892501     0.772822    Anisotropy:        9.726725
   yz        1.745933    -2.256050    -0.510117



 ==============================================================================

                              I R R E P   a   

 ==============================================================================


 Excitation is electric dipole allowed

 Excitation is magnetic dipole allowed

 Excitation is electric quadrupole allowed




                         1 singlet a excitation


 Total energy:                           -115.2363117968087    

 Excitation energy:                      0.2606951454912591    

 Excitation energy / eV:                  7.093878883558439    

 Excitation energy / nm:                  174.7763755789910    

 Excitation energy / cm^(-1):             57215.97078197685    


 Oscillator strength:

    velocity representation:             0.4237914339347630E-02

    length representation:               0.1284913141924523E-02

    mixed representation:                0.2333527758659188E-02


 Rotatory strength:

    velocity representation:            -0.1266062600942361E-07

    velocity rep. / 10^(-40)erg*cm^3:   -0.8179374189270060E-03

    length representation:               0.1758730264812062E-08

    length rep. / 10^(-40)erg*cm^3:      0.1136224458662987E-03


 Dominant contributions:

      occ. orbital   energy / eV   virt. orbital     energy / eV   |coeff.|^2*100
        9 a              -7.51          10 a               1.67       95.7
 

 Change of electron number:

             0.000000


 Electric transition dipole moment (velocity rep.):

    x        0.000002        Norm:                  0.156155
    y       -0.040191
    z        0.150894        Norm / debye:          0.396909


 Electric transition dipole moment (length rep.):

    x        0.000003        Norm:                  0.085984
    y        0.022134
    z       -0.083086        Norm / debye:          0.218550


 Magnetic transition dipole moment / i:

    x        0.000025        Norm:                  0.001275
    y       -0.001232
    z       -0.000328        Norm / Bohr mag.:      0.349390


 Electric quadrupole transition moment:

   xx       -0.000052
   yy        0.117383        1/3*trace:             0.091902
   zz        0.158375
   xy       -0.366385
   xz        1.375435        Anisotropy:            2.504647
   yz       -0.241379




                         2 singlet a excitation


 Total energy:                           -115.1741368566351    

 Excitation energy:                      0.3228700856649362    

 Excitation energy / eV:                  8.785745812470418    

 Excitation energy / nm:                  141.1197713351621    

 Excitation energy / cm^(-1):             70861.79281538924    


 Oscillator strength:

    velocity representation:             0.7965450877451465E-01

    length representation:               0.4676229523581191E-01

    mixed representation:                0.6103136616622216E-01


 Rotatory strength:

    velocity representation:             0.1894829707380578E-07

    velocity rep. / 10^(-40)erg*cm^3:    0.1224151253664307E-02

    length representation:              -0.1388941996724553E-10

    length rep. / 10^(-40)erg*cm^3:     -0.8973234269732005E-06


 Dominant contributions:

      occ. orbital   energy / eV   virt. orbital     energy / eV   |coeff.|^2*100
        9 a              -7.51          11 a               2.94       95.2
 

 Change of electron number:

             0.000000


 Electric transition dipole moment (velocity rep.):

    x        0.000010        Norm:                  0.608327
    y        0.156585
    z       -0.587829        Norm / debye:          1.546224


 Electric transition dipole moment (length rep.):

    x        0.000009        Norm:                  0.466101
    y        0.119977
    z       -0.450395        Norm / debye:          1.184718


 Magnetic transition dipole moment / i:

    x       -0.003962        Norm:                  0.007923
    y       -0.006630
    z       -0.001766        Norm / Bohr mag.:      2.171493


 Electric quadrupole transition moment:

   xx       -0.000158
   yy        1.172602        1/3*trace:             0.498215
   zz        0.322201
   xy       -1.286806
   xz        4.830847        Anisotropy:            9.549073
   yz       -2.243859




                         3 singlet a excitation


 Total energy:                           -115.1634545200684    

 Excitation energy:                      0.3335524222316015    

 Excitation energy / eV:                  9.076427104807223    

 Excitation energy / nm:                  136.6002751686305    

 Excitation energy / cm^(-1):             73206.29468837121    


 Oscillator strength:

    velocity representation:             0.7538318783855951E-02

    length representation:               0.5265672687834969E-02

    mixed representation:                0.4733866496283648E-02


 Rotatory strength:

    velocity representation:             0.1253899617255789E-07

    velocity rep. / 10^(-40)erg*cm^3:    0.8100795456467742E-03

    length representation:              -0.3648063678097175E-04

    length rep. / 10^(-40)erg*cm^3:      -2.356824841617771    


 Dominant contributions:

      occ. orbital   energy / eV   virt. orbital     energy / eV   |coeff.|^2*100
        8 a              -9.18          10 a               1.67       98.3
 

 Change of electron number:

            -0.000000


 Electric transition dipole moment (velocity rep.):

    x        0.092249        Norm:                  0.184120
    y       -0.153974
    z       -0.041018        Norm / debye:          0.467990


 Electric transition dipole moment (length rep.):

    x        0.145810        Norm:                  0.153883
    y       -0.047529
    z       -0.012664        Norm / debye:          0.391134


 Magnetic transition dipole moment / i:

    x       -0.000311        Norm:                  0.002922
    y        0.000572
    z       -0.002849        Norm / Bohr mag.:      0.800870


 Electric quadrupole transition moment:

   xx       -2.348863
   yy       -0.089497        1/3*trace:            -1.038529
   zz       -0.677228
   xy        0.093063
   xz       -0.217143        Anisotropy:            2.119334
   yz        0.259407




                         4 singlet a excitation


 Total energy:                           -115.1354961548346    

 Excitation energy:                      0.3615107874654200    

 Excitation energy / eV:                  9.837213257450214    

 Excitation energy / nm:                  126.0359420515448    

 Excitation energy / cm^(-1):             79342.44657303925    


 Oscillator strength:

    velocity representation:             0.2713914924974302E-01

    length representation:               0.2064178039696860E-01

    mixed representation:                0.2366855210888850E-01


 Rotatory strength:

    velocity representation:             0.8397042682331929E-07

    velocity rep. / 10^(-40)erg*cm^3:    0.5424894008474994E-02

    length representation:               0.6672198652614727E-07

    length rep. / 10^(-40)erg*cm^3:      0.4310561689782030E-02


 Dominant contributions:

      occ. orbital   energy / eV   virt. orbital     energy / eV   |coeff.|^2*100
        9 a              -7.51          13 a               4.04       96.1
 

 Change of electron number:

             0.000000


 Electric transition dipole moment (velocity rep.):

    x        0.000044        Norm:                  0.335570
    y        0.086387
    z       -0.324260        Norm / debye:          0.852940


 Electric transition dipole moment (length rep.):

    x        0.000037        Norm:                  0.292657
    y        0.075342
    z       -0.282792        Norm / debye:          0.743865


 Magnetic transition dipole moment / i:

    x       -0.001383        Norm:                  0.004329
    y       -0.003963
    z       -0.001056        Norm / Bohr mag.:      1.186330


 Electric quadrupole transition moment:

   xx       -0.000640
   yy        0.763252        1/3*trace:             0.312639
   zz        0.175305
   xy       -0.846501
   xz        3.178050        Anisotropy:            6.267987
   yz       -1.455779




                         5 singlet a excitation


 Total energy:                           -115.1279910677200    

 Excitation energy:                      0.3690158745799644    

 Excitation energy / eV:                  10.04143715621444    

 Excitation energy / nm:                  123.4726086292707    

 Excitation energy / cm^(-1):             80989.62279587521    


 Oscillator strength:

    velocity representation:             0.7673229104075593E-01

    length representation:               0.5521671425755355E-01

    mixed representation:                0.6492030485900716E-01


 Rotatory strength:

    velocity representation:            -0.6233525359251227E-07

    velocity rep. / 10^(-40)erg*cm^3:   -0.4027157613981290E-02

    length representation:              -0.4144446716279152E-04

    length rep. / 10^(-40)erg*cm^3:      -2.677512192107003    


 Dominant contributions:

      occ. orbital   energy / eV   virt. orbital     energy / eV   |coeff.|^2*100
        9 a              -7.51          12 a               4.01       94.4
 

 Change of electron number:

            -0.000000


 Electric transition dipole moment (velocity rep.):

    x       -0.534548        Norm:                  0.558486
    y       -0.156300
    z       -0.041656        Norm / debye:          1.419540


 Electric transition dipole moment (length rep.):

    x       -0.442315        Norm:                  0.473760
    y       -0.164000
    z       -0.043703        Norm / debye:          1.204187


 Magnetic transition dipole moment / i:

    x       -0.000349        Norm:                  0.007472
    y       -0.000783
    z        0.007423        Norm / Bohr mag.:      2.047903


 Electric quadrupole transition moment:

   xx        7.590326
   yy       -1.505624        1/3*trace:             2.464200
   zz        1.307898
   xy       -0.567452
   xz        0.583043        Anisotropy:            8.232599
   yz       -0.493056




                         6 singlet a excitation


 Total energy:                           -115.1121040619547    

 Excitation energy:                      0.3849028803452841    

 Excitation energy / eV:                  10.47374476404963    

 Excitation energy / nm:                  118.3762319968262    

 Excitation energy / cm^(-1):             84476.41751914752    


 Oscillator strength:

    velocity representation:             0.1880217319668221    

    length representation:               0.1364359974839206    

    mixed representation:                0.1600217306136569    


 Rotatory strength:

    velocity representation:             0.5597038406242000E-08

    velocity rep. / 10^(-40)erg*cm^3:    0.3615956386539945E-03

    length representation:              -0.5949070878824607E-04

    length rep. / 10^(-40)erg*cm^3:      -3.843386319142321    


 Dominant contributions:

      occ. orbital   energy / eV   virt. orbital     energy / eV   |coeff.|^2*100
        8 a              -9.18          11 a               2.94       93.9
 

 Change of electron number:

             0.000000


 Electric transition dipole moment (velocity rep.):

    x       -0.223979        Norm:                  0.856001
    y       -0.798343
    z       -0.212647        Norm / debye:          2.175753


 Electric transition dipole moment (length rep.):

    x       -0.160829        Norm:                  0.729180
    y       -0.687260
    z       -0.183058        Norm / debye:          1.853404


 Magnetic transition dipole moment / i:

    x       -0.001860        Norm:                  0.012047
    y       -0.002573
    z        0.011621        Norm / Bohr mag.:      3.301624


 Electric quadrupole transition moment:

   xx        2.883662
   yy       -8.885623        1/3*trace:            -1.656235
   zz        1.033255
   xy        5.735583
   xz        1.794588        Anisotropy:           15.346982
   yz       -1.529202




                         7 singlet a excitation


 Total energy:                           -115.1014121692619    

 Excitation energy:                      0.3955947730381379    

 Excitation energy / eV:                  10.76468609192201    

 Excitation energy / nm:                  115.1768318627592    

 Excitation energy / cm^(-1):             86823.01671939564    


 Oscillator strength:

    velocity representation:             0.3069767049071947E-02

    length representation:               0.5318592467348639E-02

    mixed representation:                0.4040648447696042E-02


 Rotatory strength:

    velocity representation:            -0.1164581994264571E-07

    velocity rep. / 10^(-40)erg*cm^3:   -0.7523760592948713E-03

    length representation:              -0.1571671492458394E-07

    length rep. / 10^(-40)erg*cm^3:     -0.1015375482212115E-02


 Dominant contributions:

      occ. orbital   energy / eV   virt. orbital     energy / eV   |coeff.|^2*100
        9 a              -7.51          14 a               5.67       94.2
 

 Change of electron number:

            -0.000000


 Electric transition dipole moment (velocity rep.):

    x       -0.000012        Norm:                  0.107888
    y        0.027768
    z       -0.104253        Norm / debye:          0.274226


 Electric transition dipole moment (length rep.):

    x       -0.000010        Norm:                  0.142010
    y        0.036551
    z       -0.137225        Norm / debye:          0.360956


 Magnetic transition dipole moment / i:

    x        0.000166        Norm:                  0.003540
    y       -0.003417
    z       -0.000910        Norm / Bohr mag.:      0.970241


 Electric quadrupole transition moment:

   xx        0.000175
   yy        0.316689        1/3*trace:             0.151872
   zz        0.138752
   xy       -0.295883
   xz        1.110681        Anisotropy:            2.272905
   yz       -0.612943




                         8 singlet a excitation


 Total energy:                           -115.0721230982272    

 Excitation energy:                      0.4248838440727839    

 Excitation energy / eV:                  11.56168260729703    

 Excitation energy / nm:                  107.2371974025797    

 Excitation energy / cm^(-1):             93251.22476827064    


 Oscillator strength:

    velocity representation:             0.7639380296453643E-01

    length representation:               0.6620838087073931E-01

    mixed representation:                0.7111898482512875E-01


 Rotatory strength:

    velocity representation:            -0.1616747949048873E-06

    velocity rep. / 10^(-40)erg*cm^3:   -0.1044497044234837E-01

    length representation:              -0.1242812725373773E-06

    length rep. / 10^(-40)erg*cm^3:     -0.8029168795012379E-02


 Dominant contributions:

      occ. orbital   energy / eV   virt. orbital     energy / eV   |coeff.|^2*100
        8 a              -9.18          12 a               4.01       96.1
 

 Change of electron number:

             0.000000


 Electric transition dipole moment (velocity rep.):

    x        0.000044        Norm:                  0.519325
    y        0.133654
    z       -0.501832        Norm / debye:          1.320004


 Electric transition dipole moment (length rep.):

    x        0.000041        Norm:                  0.483467
    y        0.124422
    z       -0.467183        Norm / debye:          1.228860


 Magnetic transition dipole moment / i:

    x       -0.006451        Norm:                  0.009810
    y       -0.007142
    z       -0.001902        Norm / Bohr mag.:      2.688718


 Electric quadrupole transition moment:

   xx       -0.000683
   yy        1.239792        1/3*trace:             0.516454
   zz        0.310254
   xy       -1.321766
   xz        4.963945        Anisotropy:            9.861680
   yz       -2.369215




                         9 singlet a excitation


 Total energy:                           -115.0692228799980    

 Excitation energy:                      0.4277840623020523    

 Excitation energy / eV:                  11.64060159451311    

 Excitation energy / nm:                  106.5101687398264    

 Excitation energy / cm^(-1):             93887.74909308873    


 Oscillator strength:

    velocity representation:             0.2624040361593462E-01

    length representation:               0.2196145035442987E-01

    mixed representation:                0.2395724770480681E-01


 Rotatory strength:

    velocity representation:             0.2298732197507767E-07

    velocity rep. / 10^(-40)erg*cm^3:    0.1485091715871249E-02

    length representation:               0.1340745621790545E-04

    length rep. / 10^(-40)erg*cm^3:      0.8661862474326166    


 Dominant contributions:

      occ. orbital   energy / eV   virt. orbital     energy / eV   |coeff.|^2*100
        7 a             -11.83          10 a               1.67       92.9
 

 Change of electron number:

             0.000000


 Electric transition dipole moment (velocity rep.):

    x       -0.229990        Norm:                  0.303332
    y       -0.191116
    z       -0.050888        Norm / debye:          0.770999


 Electric transition dipole moment (length rep.):

    x       -0.221478        Norm:                  0.277501
    y       -0.161566
    z       -0.043019        Norm / debye:          0.705341


 Magnetic transition dipole moment / i:

    x       -0.000495        Norm:                  0.006905
    y       -0.001210
    z        0.006780        Norm / Bohr mag.:      1.892465


 Electric quadrupole transition moment:

   xx        3.257647
   yy       -2.574211        1/3*trace:             0.197314
   zz       -0.091494
   xy        0.257625
   xz        0.435982        Anisotropy:            5.191475
   yz       -0.402687




                        10 singlet a excitation


 Total energy:                           -115.0632684242400    

 Excitation energy:                      0.4337385180600020    

 Excitation energy / eV:                  11.80263064911941    

 Excitation energy / nm:                  105.0479742121886    

 Excitation energy / cm^(-1):             95194.60107158421    


 Oscillator strength:

    velocity representation:             0.1523920210628735    

    length representation:               0.1363599282322373    

    mixed representation:                0.1436617117362071    


 Rotatory strength:

    velocity representation:             0.1380850106826663E-06

    velocity rep. / 10^(-40)erg*cm^3:    0.8920956763608724E-02

    length representation:               0.1044847155201872E-03

    length rep. / 10^(-40)erg*cm^3:       6.750215863440952    


 Dominant contributions:

      occ. orbital   energy / eV   virt. orbital     energy / eV   |coeff.|^2*100
        8 a              -9.18          13 a               4.04       94.8
 

 Change of electron number:

             0.000000


 Electric transition dipole moment (velocity rep.):

    x       -0.699860        Norm:                  0.725960
    y        0.186416
    z        0.049624        Norm / debye:          1.845220


 Electric transition dipole moment (length rep.):

    x       -0.644710        Norm:                  0.686713
    y        0.228522
    z        0.060841        Norm / debye:          1.745463


 Magnetic transition dipole moment / i:

    x        0.000489        Norm:                  0.002481
    y        0.001288
    z        0.002064        Norm / Bohr mag.:      0.680013


 Electric quadrupole transition moment:

   xx       10.789243
   yy        4.185982        1/3*trace:             5.320330
   zz        0.985766
   xy       -6.273933
   xz       -0.601039        Anisotropy:           13.958464
   yz        0.480276

 SUMMARY OF EXCITATION ENERGIES AND DIPOLE OSCILLATOR STRENGTHS (velocity/length):

 -----------------------------------------------------------------------------------------------
 |    Exc.   | energy (Eh) | energy (eV) | energy (cm-1) | energy (nm) | Osc.(vel) | Osc.(len) |
 -----------------------------------------------------------------------------------------------
 |     1 a   |    0.260695 |     7.09388 |     57215.971 |     174.776 |   0.00424 |   0.00128 |
 |     2 a   |    0.322870 |     8.78574 |     70861.793 |     141.120 |   0.07965 |   0.04676 |
 |     3 a   |    0.333552 |     9.07642 |     73206.295 |     136.600 |   0.00754 |   0.00527 |
 |     4 a   |    0.361511 |     9.83721 |     79342.447 |     126.036 |   0.02714 |   0.02064 |
 |     5 a   |    0.369016 |    10.04143 |     80989.623 |     123.473 |   0.07673 |   0.05522 |
 |     6 a   |    0.384903 |    10.47374 |     84476.418 |     118.376 |   0.18802 |   0.13644 |
 |     7 a   |    0.395595 |    10.76468 |     86823.017 |     115.177 |   0.00307 |   0.00532 |
 |     8 a   |    0.424884 |    11.56168 |     93251.225 |     107.237 |   0.07639 |   0.06621 |
 |     9 a   |    0.427784 |    11.64060 |     93887.749 |     106.510 |   0.02624 |   0.02196 |
 |    10 a   |    0.433739 |    11.80263 |     95194.601 |     105.048 |   0.15239 |   0.13636 |
 -----------------------------------------------------------------------------------------------



    escf profiling
  --------------------------------------------------------------------
             module   cpu total (s)       %  wall total (s)       %

         input total             0.0    4.70             0.1    4.80
       init symmetry             0.0    0.72             0.0    0.48
               moinp             0.0    0.45             0.0    0.18
            RI total             0.0    0.60             0.0    0.24
          RI prelims             0.0    0.15             0.0    0.06
       escf_cc_setup             0.0    7.02             0.2   11.26
           grid init             0.0    1.89             0.0    0.77
            becke...             0.0    1.11             0.0    0.45
         dft prelims             0.0    2.36             0.0    0.96
           dft total             0.0    2.36             0.0    0.96
             funct_2             0.0    1.34             0.0    0.55
              onde_2             0.0    0.54             0.0    0.22
                 gga             0.0    0.32             0.0    0.13
              tracao             0.0    0.07             0.0    0.11
           diag_prep             0.0    0.01             0.0    0.00
              respon             0.4   74.33             1.0   71.44
            startvec             0.0    0.04             0.0    0.02
           mvproduct             0.0    4.90             0.1    6.78
            tramocao             0.0    0.32             0.0    0.13
     tramocao_mvprod             0.0    0.25             0.0    0.10
              colrsp             0.0    0.43             0.0    0.18
              gammaP             0.0    0.18             0.0    0.07
              cotlet             0.0    0.03             0.0    0.01
              gammaQ             0.0    0.16             0.0    0.06
            tracaomo             0.0    0.41             0.0    1.02
              mv_rik             0.0    3.70             0.1    5.44
                ritz             0.0    3.08             0.0    1.25
            expandl3             0.0    0.30             0.0    0.93
           startover             0.0    0.45             0.0    0.18
                rest             0.0    0.26             0.0    1.43
             writeep             0.0    2.58             0.0    2.23
              proper             0.0    1.11             0.0    1.02
 


    ------------------------------------------------------------------------
         total  cpu-time :   0.58 seconds
         total wall-time :   1.44 seconds
    ------------------------------------------------------------------------

   ****  escf : all done  ****


    2023-07-09 02:21:58.986 

