
 escf (compt309) : TURBOMOLE rev. V7-6-2381-g96b3af1 compiled 16 Jan 2023 at 13:48:01
 Copyright (C) 2023 TURBOMOLE GmbH, Karlsruhe


    2023-07-09 02:21:53.214 




                                e s c f

                             TURBOMOLE GmbH

          integral direct evaluation of 

                    * excitation energies and transition moments 
                    * polarizabilities
                    * dynamic response properties 
                    * stabilities
                    * quasiparticle states with GW
                    * NMR coupling-constants



          references (see also programs dscf and ridft) 
          implementation and benchmarks (review) 
          F. Furche and D. Rappoport,  
          "Density functional methods for excited states: 
          equilibrium structure and electronic spectra",
          ch. III of "Computational Photochemistry", ed. by 
          M. Olivucci, vol. 16 of "Theoretical and Computational 
          Chemistry", Elsevier, Amsterdam, 2005.



              +--------------------------------------------------+
              | Atomic coordinate, charge and isotop information |
              +--------------------------------------------------+

                    atomic coordinates            atom    charge  isotop
         -9.24314180    6.23174984    0.00054802    c      6.000     0
         -9.98177905    5.77299993   -1.91166584    h      1.000     0
         -6.60094563    6.20640861   -0.00619830    o      8.000     0
         -9.98177905    4.88256098    1.43120298    h      1.000     0
         -9.90212710    8.15492412    0.51283388    h      1.000     0
         -6.10304059    4.45939461   -0.47154336    h      1.000     0
 
       center of nuclear mass  :   -7.89226438    6.16696788   -0.01670470
       center of nuclear charge:   -8.01306343    6.12842487   -0.02697059

              +--------------------------------------------------+
              |               basis set information              |
              +--------------------------------------------------+

              we will work with the 1s 3p 5d 7f 9g ... basis set
              ...i.e. with spherical basis functions...

   type   atoms  prim   cont   basis
   ---------------------------------------------------------------------------
    c        1     24     14   def2-SVP   [3s2p1d|7s4p1d]
    h        4      7      5   def2-SVP   [2s1p|4s1p]
    o        1     24     14   def2-SVP   [3s2p1d|7s4p1d]
   ---------------------------------------------------------------------------
   total:    6     76     48
   ---------------------------------------------------------------------------

   total number of primitive shells          :   29
   total number of contracted shells         :   24
   total number of cartesian basis functions :   50
   total number of SCF-basis functions       :   48


 residuum convergence criterium   :  0.10E-04


 integral neglect threshold       :  0.33E-10
 integral storage threshold THIZE :  0.10E-04
 integral storage threshold THIME :         5

 
             FOUND RI-J FLAG !
 
  
 AUXILIARY BASIS SET information:

              we will work with the 1s 3p 5d 7f 9g ... basis set
              ...i.e. with spherical basis functions...

   type   atoms  prim   cont   basis
   ---------------------------------------------------------------------------
    c        1     70     49   def2-SVP   [6s4p3d1f1g|12s5p4d2f1g]
    h        4     16     11   def2-SVP   [3s1p1d|5s2p1d]
    o        1     70     49   def2-SVP   [6s4p3d1f1g|12s5p4d2f1g]
   ---------------------------------------------------------------------------
   total:    6    204    142
   ---------------------------------------------------------------------------

   total number of primitive shells          :   56
   total number of contracted shells         :   50
   total number of cartesian basis functions :  170
   total number of SCF-basis functions       :  142

 RPA SINGLET-EXCITATION-CALCULATION 
 
             FOUND DFT-FLAG !
 

 maximum number of Davidson iterations set to   35


 symmetry group of the molecule :   c1 

 the group has the following generators :
   c1(z)

    1 symmetry operations found

 there are 1 real representations :   a   

 maximum number of shells which are related by symmetry :  1

 IRREPs of excited states :   a   
  
           ------------------
           density functional
           ------------------
 PBE0 hybrid functional
 exchange:    3/4 (LDA+PBE) + 1/4 HF
 correlation: LDA (PW) + PBE
 spherical integration : Lebedev's spherical grid
 spherical gridsize    :                     4
    i.e. gridpoints    :                   434
  maximum batchsize    :                   100
 value for diffuse not defined
 radial integration    : Chebyshev 2nd kind (scaling 3)
 radial gridsize       :                     6
 integration cells     :                     6
 partition function    : becke
 partition sharpness   :                     3
  

 ----------------------------------------------------------------------
          some useful papers before it begins
 ----------------------------------------------------------------------

     nonorthonormal Krylov space methods 
     F. Furche, B. T. Krull, B. D. Nguyen, and J. Kwon, 
     J. Chem. Phys. 144, 174105 (2016).

     RI-J method 
     R. Bauernschmitt, M. Haeser, O. Treutler, and R. Ahlrichs,
     Chem. Phys. Lett. 264, 573 (1997).

     density functional implementation               
     R. Bauernschmitt and R. Ahlrichs,
     Chem. Phys. Lett. 256, 454 (1996).
     R. Bauernschmitt and R. Ahlrichs,
     J. Chem. Phys. 104, 9047 (1996).

     UHF extension (RPA and CIS)
     C. Ochsenfeld, J. Gauss, and R. Ahlrichs, 
     J. Chem. Phys. 103, 7401 (1995).

     integral direct algorithm                 
     H. Weiss, R. Ahlrichs, and M. Haeser, 
     J. Chem. Phys. 99, 1262 (1993).

 ----------------------------------------------------------------------

  MOs are in ASCII format !


    mo occupation :
   irrep   mo's   occupied
    a       48        9
 
 number of basis functions   :    48
 number of occupied orbitals :     9
 

 reading orbital data $scfmo  from file mos
 orbital characterization : scfconv=8
  
           ----------------------
               RI - INFORMATION
           ----------------------

 biggest AO integral is expected to be     4.776656448

 Threshold for integral neglect (rithr2):   0.33E-10
 Threshold for integral neglect (rithr1):   0.33E-10

 Contributions to RI integral batches: 
  neglected integral batches:                     0
  direct contribution:                            0
  memory contribution:                   300
 Core memory available (ricore)            500 MiB
 Core memory needed for (P|Q) and Cholesky 1 MiB
 Core memory used for integrals            2 MiB
  
 ****************************************
 Memory allocated for RIDFT 2 MiB
 ****************************************
                                            
 preparing DFT   numerical integration ....
          Overall gridpoints after grid construction =         55768

 Calculating ground state density on molecular grid

 Integral of ground state density: N =   18.00000095818340    


 all orbitals will be included in the transformation

 number of non-frozen orbitals          :    48
 number of non-frozen occupied orbitals :     9



 dimension of super-tensorspace: 2

          IRREP   tensor space dimension   number of roots

           a                 351                     10

 machine precision: 2.22D-16


 logfile sing_a    will be constructed




                       Nonorthonormal Krylov Space Iteration


 total number of roots to be determined: 10


 maximum core memory set to          500 MB,
 corresponding to    12435 vectors in CAO basis


 maximum number of simultaneously treated vectors (including degeneracy):       18


 Iteration IRREP Converged      Max. Euclidean
                 roots          residual norm

    1       a        0        1.184024615874342D-01
 
    2       a        0        1.709671157088369D-02
 
    3       a        0        2.848144062954652D-03
 
    4       a        0        4.168787145559036D-04
 
    5       a        5        3.066697577126908D-05
 
    6       a       10        8.061942017203803D-06
 

 converged!

 Eigenpairs written on logfile sing_a   



 IRREP   Vector     Eigenvalue           Euclidean residual norm

  a         1    2.669569410342518D-01    6.687549061435099D-07
            2    3.277545244056681D-01    6.623173428629095D-07
            3    3.360941914015468D-01    1.652645616229297D-06
            4    3.640176729097357D-01    2.415372565032680D-06
            5    3.722616841196222D-01    1.210307645975833D-06
            6    3.916290964067775D-01    2.077091176560518D-06
            7    4.004528885224248D-01    7.068264349050568D-06
            8    4.261104479446098D-01    8.061942017203803D-06
            9    4.337067884120241D-01    1.379555630984321D-06
           10    4.371798306599785D-01    1.960337289121957D-06






                    Selection rules for point group c1  


 Subduction with respect to c1  :

    Polar vector representation: a                           

    Axial vector representation: a                           

    Symmetric second rank tensor representation: a                           




                            Ground state


 Total energy:                           -115.4970069423000    

 Charge:

               elec          nuc         total

           -18.000000    18.000000    -0.000000


 Electric dipole moment:

               elec          nuc         total   

    x      143.886882  -144.235142    -0.348260    Norm:              0.664581
    y     -110.858600   110.311648    -0.546952
    z        0.339778    -0.485471    -0.145692    Norm / debye:      1.689209


 Electric quadrupole moment:

               elec          nuc         total   

   xx    -1200.106574  1195.764940    -4.341634
   yy     -700.042245   684.720217   -15.322028    1/3*trace:        -9.852467
   zz      -16.082209     6.188469    -9.893740
   xy      888.411123  -887.679428     0.731695
   xz       -2.119679     2.892501     0.772822    Anisotropy:        9.726725
   yz        1.745933    -2.256050    -0.510117



 ==============================================================================

                              I R R E P   a   

 ==============================================================================


 Excitation is electric dipole allowed

 Excitation is magnetic dipole allowed

 Excitation is electric quadrupole allowed




                         1 singlet a excitation


 Total energy:                           -115.2300500012658    

 Excitation energy:                      0.2669569410342518    

 Excitation energy / eV:                  7.264271082814354    

 Excitation energy / nm:                  170.6767858647062    

 Excitation energy / cm^(-1):             58590.27604629409    


 Oscillator strength:

    velocity representation:             0.3223824183109074E-02

    length representation:               0.2047320959085297E-02

    mixed representation:                0.2569085979998732E-02


 Rotatory strength:

    velocity representation:            -0.1531137971084215E-07

    velocity rep. / 10^(-40)erg*cm^3:   -0.9891888751453384E-03

    length representation:               0.1965888546515254E-08

    length rep. / 10^(-40)erg*cm^3:      0.1270058686227676E-03


 Dominant contributions:

      occ. orbital   energy / eV   virt. orbital     energy / eV   |coeff.|^2*100
        9 a              -7.51          10 a               1.67       97.3
 

 Change of electron number:

            -0.000000


 Electric transition dipole moment (velocity rep.):

    x       -0.000003        Norm:                  0.134589
    y        0.034639
    z       -0.130055        Norm / debye:          0.342095


 Electric transition dipole moment (length rep.):

    x       -0.000004        Norm:                  0.107255
    y       -0.027610
    z        0.103640        Norm / debye:          0.272617


 Magnetic transition dipole moment / i:

    x        0.000082        Norm:                  0.001568
    y        0.001513
    z        0.000403        Norm / Bohr mag.:      0.429823


 Electric quadrupole transition moment:

   xx        0.000064
   yy       -0.187746        1/3*trace:            -0.114641
   zz       -0.156239
   xy        0.440634
   xz       -1.654162        Anisotropy:            3.039623
   yz        0.373151




                         2 singlet a excitation


 Total energy:                           -115.1692524178943    

 Excitation energy:                      0.3277545244056681    

 Excitation energy / eV:                  8.918658210112568    

 Excitation energy / nm:                  139.0167008148005    

 Excitation energy / cm^(-1):             71933.80320418815    


 Oscillator strength:

    velocity representation:             0.8723987392875905E-01

    length representation:               0.5378538281154228E-01

    mixed representation:                0.6849985412845237E-01


 Rotatory strength:

    velocity representation:             0.2246053654054594E-07

    velocity rep. / 10^(-40)erg*cm^3:    0.1451058839587840E-02

    length representation:               0.2076666962782019E-08

    length rep. / 10^(-40)erg*cm^3:      0.1341626878674572E-03


 Dominant contributions:

      occ. orbital   energy / eV   virt. orbital     energy / eV   |coeff.|^2*100
        9 a              -7.51          11 a               2.94       97.5
 

 Change of electron number:

            -0.000000


 Electric transition dipole moment (velocity rep.):

    x        0.000010        Norm:                  0.631872
    y        0.162645
    z       -0.610580        Norm / debye:          1.606069


 Electric transition dipole moment (length rep.):

    x        0.000009        Norm:                  0.496139
    y        0.127709
    z       -0.479421        Norm / debye:          1.261069


 Magnetic transition dipole moment / i:

    x       -0.004189        Norm:                  0.008232
    y       -0.006848
    z       -0.001824        Norm / Bohr mag.:      2.256222


 Electric quadrupole transition moment:

   xx       -0.000159
   yy        1.303813        1/3*trace:             0.530327
   zz        0.287328
   xy       -1.317206
   xz        4.944975        Anisotropy:            9.924955
   yz       -2.485505




                         3 singlet a excitation


 Total energy:                           -115.1609127508985    

 Excitation energy:                      0.3360941914015468    

 Excitation energy / eV:                  9.145592192663297    

 Excitation energy / nm:                  135.5672124828942    

 Excitation energy / cm^(-1):             73764.14853826960    


 Oscillator strength:

    velocity representation:             0.8378048903837542E-02

    length representation:               0.4618698184171406E-02

    mixed representation:                0.4461310538055990E-02


 Rotatory strength:

    velocity representation:             0.1323793139443056E-07

    velocity rep. / 10^(-40)erg*cm^3:    0.8552341273357194E-03

    length representation:              -0.3803818826646524E-04

    length rep. / 10^(-40)erg*cm^3:      -2.457450169381360    


 Dominant contributions:

      occ. orbital   energy / eV   virt. orbital     energy / eV   |coeff.|^2*100
        8 a              -9.18          10 a               1.67       98.7
 

 Change of electron number:

            -0.000000


 Electric transition dipole moment (velocity rep.):

    x        0.077857        Norm:                  0.193369
    y       -0.171038
    z       -0.045563        Norm / debye:          0.491498


 Electric transition dipole moment (length rep.):

    x        0.133044        Norm:                  0.143574
    y       -0.052149
    z       -0.013894        Norm / debye:          0.364931


 Magnetic transition dipole moment / i:

    x       -0.000348        Norm:                  0.002780
    y        0.000561
    z       -0.002700        Norm / Bohr mag.:      0.761829


 Electric quadrupole transition moment:

   xx       -2.168895
   yy        0.021056        1/3*trace:            -0.897826
   zz       -0.545638
   xy       -0.055590
   xz       -0.235555        Anisotropy:            2.063490
   yz        0.262214




                         4 singlet a excitation


 Total energy:                           -115.1329892693903    

 Excitation energy:                      0.3640176729097357    

 Excitation energy / eV:                  9.905429110428294    

 Excitation energy / nm:                  125.1679686202988    

 Excitation energy / cm^(-1):             79892.64433013764    


 Oscillator strength:

    velocity representation:             0.4120995466526626E-01

    length representation:               0.3297371636049753E-01

    mixed representation:                0.3686251966783177E-01


 Rotatory strength:

    velocity representation:             0.9742341454256785E-07

    velocity rep. / 10^(-40)erg*cm^3:    0.6294021810192582E-02

    length representation:               0.7888888838866803E-07

    length rep. / 10^(-40)erg*cm^3:      0.5096602150843046E-02


 Dominant contributions:

      occ. orbital   energy / eV   virt. orbital     energy / eV   |coeff.|^2*100
        9 a              -7.51          13 a               4.04       98.6
 

 Change of electron number:

            -0.000000


 Electric transition dipole moment (velocity rep.):

    x       -0.000046        Norm:                  0.412084
    y       -0.106085
    z        0.398195        Norm / debye:          1.047420


 Electric transition dipole moment (length rep.):

    x       -0.000039        Norm:                  0.368611
    y       -0.094896
    z        0.356187        Norm / debye:          0.936923


 Magnetic transition dipole moment / i:

    x        0.001909        Norm:                  0.005459
    y        0.004942
    z        0.001317        Norm / Bohr mag.:      1.496120


 Electric quadrupole transition moment:

   xx        0.000677
   yy       -0.970140        1/3*trace:            -0.393844
   zz       -0.212070
   xy        1.010768
   xz       -3.794653        Anisotropy:            7.569648
   yz        1.848895




                         5 singlet a excitation


 Total energy:                           -115.1247452581804    

 Excitation energy:                      0.3722616841196222    

 Excitation energy / eV:                  10.12976016549044    

 Excitation energy / nm:                  122.3960310816160    

 Excitation energy / cm^(-1):             81701.99564591415    


 Oscillator strength:

    velocity representation:             0.8991983820034148E-01

    length representation:               0.6788729400476046E-01

    mixed representation:                0.7788577142480775E-01


 Rotatory strength:

    velocity representation:            -0.8023642097764558E-07

    velocity rep. / 10^(-40)erg*cm^3:   -0.5183659246355379E-02

    length representation:              -0.5431084461005554E-04

    length rep. / 10^(-40)erg*cm^3:      -3.508742144901011    


 Dominant contributions:

      occ. orbital   energy / eV   virt. orbital     energy / eV   |coeff.|^2*100
        9 a              -7.51          12 a               4.01       95.4
 

 Change of electron number:

             0.000000


 Electric transition dipole moment (velocity rep.):

    x        0.563745        Norm:                  0.601934
    y        0.203873
    z        0.054334        Norm / debye:          1.529976


 Electric transition dipole moment (length rep.):

    x        0.473792        Norm:                  0.523017
    y        0.214042
    z        0.057038        Norm / debye:          1.329386


 Magnetic transition dipole moment / i:

    x        0.000460        Norm:                  0.008492
    y        0.000973
    z       -0.008424        Norm / Bohr mag.:      2.327429


 Electric quadrupole transition moment:

   xx       -8.156976
   yy        2.365136        1/3*trace:            -2.344911
   zz       -1.242894
   xy        0.281161
   xz       -0.711578        Anisotropy:            9.417923
   yz        0.625156




                         6 singlet a excitation


 Total energy:                           -115.1053778458932    

 Excitation energy:                      0.3916290964067775    

 Excitation energy / eV:                  10.65677449402395    

 Excitation energy / nm:                  116.3431243440458    

 Excitation energy / cm^(-1):             85952.65130525218    


 Oscillator strength:

    velocity representation:             0.2076824135255933    

    length representation:               0.1582727759596625    

    mixed representation:                0.1811680794309735    


 Rotatory strength:

    velocity representation:             0.1751008940126815E-08

    velocity rep. / 10^(-40)erg*cm^3:    0.1131236111025953E-03

    length representation:              -0.6116448718751909E-04

    length rep. / 10^(-40)erg*cm^3:      -3.951520465332101    


 Dominant contributions:

      occ. orbital   energy / eV   virt. orbital     energy / eV   |coeff.|^2*100
        8 a              -9.18          11 a               2.94       96.1
 

 Change of electron number:

            -0.000000


 Electric transition dipole moment (velocity rep.):

    x        0.208168        Norm:                  0.891883
    y        0.838031
    z        0.223216        Norm / debye:          2.266958


 Electric transition dipole moment (length rep.):

    x        0.152481        Norm:                  0.778594
    y        0.737794
    z        0.196517        Norm / debye:          1.979004


 Magnetic transition dipole moment / i:

    x        0.001987        Norm:                  0.012740
    y        0.002776
    z       -0.012274        Norm / Bohr mag.:      3.491727


 Electric quadrupole transition moment:

   xx       -2.741077
   yy        9.527503        1/3*trace:             1.976470
   zz       -0.857016
   xy       -6.122924
   xz       -1.883892        Anisotropy:           16.168739
   yz        1.566033




                         7 singlet a excitation


 Total energy:                           -115.0965540537776    

 Excitation energy:                      0.4004528885224248    

 Excitation energy / eV:                  10.89688219700455    

 Excitation energy / nm:                  113.7795580102265    

 Excitation energy / cm^(-1):             87889.24982120746    


 Oscillator strength:

    velocity representation:             0.9832981580307847E-03

    length representation:               0.2744436542276980E-02

    mixed representation:                0.1642741419497725E-02


 Rotatory strength:

    velocity representation:            -0.5479537623554132E-08

    velocity rep. / 10^(-40)erg*cm^3:   -0.3540045221608542E-03

    length representation:              -0.1140292487097725E-07

    length rep. / 10^(-40)erg*cm^3:     -0.7366838677837470E-03


 Dominant contributions:

      occ. orbital   energy / eV   virt. orbital     energy / eV   |coeff.|^2*100
        9 a              -7.51          14 a               5.67       96.8
 

 Change of electron number:

            -0.000000


 Electric transition dipole moment (velocity rep.):

    x       -0.000012        Norm:                  0.060689
    y        0.015618
    z       -0.058645        Norm / debye:          0.154258


 Electric transition dipole moment (length rep.):

    x       -0.000010        Norm:                  0.101390
    y        0.026095
    z       -0.097975        Norm / debye:          0.257710


 Magnetic transition dipole moment / i:

    x        0.000399        Norm:                  0.003049
    y       -0.002921
    z       -0.000778        Norm / Bohr mag.:      0.835766


 Electric quadrupole transition moment:

   xx        0.000175
   yy        0.197922        1/3*trace:             0.108441
   zz        0.127226
   xy       -0.208974
   xz        0.784456        Anisotropy:            1.568469
   yz       -0.388521




                         8 singlet a excitation


 Total energy:                           -115.0708964943554    

 Excitation energy:                      0.4261104479446098    

 Excitation energy / eV:                  11.59506021119694    

 Excitation energy / nm:                  106.9285038181528    

 Excitation energy / cm^(-1):             93520.43320005482    


 Oscillator strength:

    velocity representation:             0.8760900743480844E-01

    length representation:               0.7814059053232628E-01

    mixed representation:                0.8273946807056344E-01


 Rotatory strength:

    velocity representation:            -0.1462220093277181E-06

    velocity rep. / 10^(-40)erg*cm^3:   -0.9446646067170199E-02

    length representation:              -0.1081279765348460E-06

    length rep. / 10^(-40)erg*cm^3:     -0.6985588072413033E-02


 Dominant contributions:

      occ. orbital   energy / eV   virt. orbital     energy / eV   |coeff.|^2*100
        8 a              -9.18          12 a               4.01       97.4
 

 Change of electron number:

             0.000000


 Electric transition dipole moment (velocity rep.):

    x        0.000043        Norm:                  0.555340
    y        0.142928
    z       -0.536632        Norm / debye:          1.411544


 Electric transition dipole moment (length rep.):

    x        0.000040        Norm:                  0.524473
    y        0.134980
    z       -0.506806        Norm / debye:          1.333087


 Magnetic transition dipole moment / i:

    x       -0.006832        Norm:                  0.010473
    y       -0.007670
    z       -0.002043        Norm / Bohr mag.:      2.870288


 Electric quadrupole transition moment:

   xx       -0.000683
   yy        1.352146        1/3*trace:             0.560313
   zz        0.329477
   xy       -1.413384
   xz        5.307739        Anisotropy:           10.583499
   yz       -2.582551




                         9 singlet a excitation


 Total energy:                           -115.0633001538880    

 Excitation energy:                      0.4337067884120241    

 Excitation energy / eV:                  11.80176724109795    

 Excitation energy / nm:                  105.0556594394703    

 Excitation energy / cm^(-1):             95187.63721881203    


 Oscillator strength:

    velocity representation:             0.9060188137628407E-01

    length representation:               0.7836758652956602E-01

    mixed representation:                0.8391322615819276E-01


 Rotatory strength:

    velocity representation:             0.2117113389232992E-07

    velocity rep. / 10^(-40)erg*cm^3:    0.1367757218226111E-02

    length representation:               0.6732124803730592E-04

    length rep. / 10^(-40)erg*cm^3:       4.349276869689767    


 Dominant contributions:

      occ. orbital   energy / eV   virt. orbital     energy / eV   |coeff.|^2*100
        7 a             -11.83          10 a               1.67       82.8
        8 a              -9.18          13 a               4.04       14.5
 

 Change of electron number:

            -0.000000


 Electric transition dipole moment (velocity rep.):

    x        0.554563        Norm:                  0.559778
    y        0.073668
    z        0.019621        Norm / debye:          1.422825


 Electric transition dipole moment (length rep.):

    x        0.520076        Norm:                  0.520614
    y        0.022866
    z        0.006091        Norm / debye:          1.323279


 Magnetic transition dipole moment / i:

    x        0.000193        Norm:                  0.007084
    y        0.000427
    z       -0.007069        Norm / Bohr mag.:      1.941599


 Electric quadrupole transition moment:

   xx       -8.247297
   yy        0.039326        1/3*trace:            -2.862796
   zz       -0.380417
   xy        2.911951
   xz       -0.087380        Anisotropy:            9.531261
   yz        0.076597




                        10 singlet a excitation


 Total energy:                           -115.0598271116400    

 Excitation energy:                      0.4371798306599785    

 Excitation energy / eV:                  11.89627356962219    

 Excitation energy / nm:                  104.2210766933514    

 Excitation energy / cm^(-1):             95949.88188358731    


 Oscillator strength:

    velocity representation:             0.9878904461934419E-01

    length representation:               0.8854037340711211E-01

    mixed representation:                0.9325479176583958E-01


 Rotatory strength:

    velocity representation:             0.1305821256733075E-06

    velocity rep. / 10^(-40)erg*cm^3:    0.8436234255061896E-02

    length representation:               0.6237519395639748E-04

    length rep. / 10^(-40)erg*cm^3:       4.029737953857293    


 Dominant contributions:

      occ. orbital   energy / eV   virt. orbital     energy / eV   |coeff.|^2*100
        8 a              -9.18          13 a               4.04       79.9
        7 a             -11.83          10 a               1.67       13.0
 

 Change of electron number:

            -0.000000


 Electric transition dipole moment (velocity rep.):

    x        0.533355        Norm:                  0.582197
    y       -0.225566
    z       -0.060048        Norm / debye:          1.479808


 Electric transition dipole moment (length rep.):

    x        0.486708        Norm:                  0.551171
    y       -0.249953
    z       -0.066547        Norm / debye:          1.400947


 Magnetic transition dipole moment / i:

    x       -0.000597        Norm:                  0.001775
    y       -0.001567
    z        0.000584        Norm / Bohr mag.:      0.486524


 Electric quadrupole transition moment:

   xx       -8.523438
   yy       -4.336475        1/3*trace:            -4.544824
   zz       -0.774558
   xy        5.484616
   xz        0.652959        Anisotropy:           11.727662
   yz       -0.542964

 SUMMARY OF EXCITATION ENERGIES AND DIPOLE OSCILLATOR STRENGTHS (velocity/length):

 -----------------------------------------------------------------------------------------------
 |    Exc.   | energy (Eh) | energy (eV) | energy (cm-1) | energy (nm) | Osc.(vel) | Osc.(len) |
 -----------------------------------------------------------------------------------------------
 |     1 a   |    0.266957 |     7.26427 |     58590.276 |     170.677 |   0.00322 |   0.00205 |
 |     2 a   |    0.327755 |     8.91865 |     71933.803 |     139.017 |   0.08724 |   0.05379 |
 |     3 a   |    0.336094 |     9.14559 |     73764.149 |     135.567 |   0.00838 |   0.00462 |
 |     4 a   |    0.364018 |     9.90543 |     79892.644 |     125.168 |   0.04121 |   0.03297 |
 |     5 a   |    0.372262 |    10.12976 |     81701.996 |     122.396 |   0.08992 |   0.06789 |
 |     6 a   |    0.391629 |    10.65677 |     85952.651 |     116.343 |   0.20768 |   0.15827 |
 |     7 a   |    0.400453 |    10.89688 |     87889.250 |     113.780 |   0.00098 |   0.00274 |
 |     8 a   |    0.426110 |    11.59506 |     93520.433 |     106.929 |   0.08761 |   0.07814 |
 |     9 a   |    0.433707 |    11.80176 |     95187.637 |     105.056 |   0.09060 |   0.07837 |
 |    10 a   |    0.437180 |    11.89627 |     95949.882 |     104.221 |   0.09879 |   0.08854 |
 -----------------------------------------------------------------------------------------------




    ------------------------------------------------------------------------
         total  cpu-time :   3.29 seconds
         total wall-time :   3.67 seconds
    ------------------------------------------------------------------------

   ****  escf : all done  ****


    2023-07-09 02:21:56.867 

