
 escf (compt309) : TURBOMOLE rev. V7-6-2381-g96b3af1 compiled 16 Jan 2023 at 13:48:01
 Copyright (C) 2023 TURBOMOLE GmbH, Karlsruhe


    2023-07-09 02:22:02.167 


 escf run will be profiled !




                                e s c f

                             TURBOMOLE GmbH

          integral direct evaluation of 

                    * excitation energies and transition moments 
                    * polarizabilities
                    * dynamic response properties 
                    * stabilities
                    * quasiparticle states with GW
                    * NMR coupling-constants



          references (see also programs dscf and ridft) 
          implementation and benchmarks (review) 
          F. Furche and D. Rappoport,  
          "Density functional methods for excited states: 
          equilibrium structure and electronic spectra",
          ch. III of "Computational Photochemistry", ed. by 
          M. Olivucci, vol. 16 of "Theoretical and Computational 
          Chemistry", Elsevier, Amsterdam, 2005.



              +--------------------------------------------------+
              | Atomic coordinate, charge and isotop information |
              +--------------------------------------------------+

                    atomic coordinates            atom    charge  isotop
         -9.24314180    6.23174984    0.00054802    c      6.000     0
         -9.98177905    5.77299993   -1.91166584    h      1.000     0
         -6.60094563    6.20640861   -0.00619830    o      8.000     0
         -9.98177905    4.88256098    1.43120298    h      1.000     0
         -9.90212710    8.15492412    0.51283388    h      1.000     0
         -6.10304059    4.45939461   -0.47154336    h      1.000     0
 
       center of nuclear mass  :   -7.89226438    6.16696788   -0.01670470
       center of nuclear charge:   -8.01306343    6.12842487   -0.02697059

              +--------------------------------------------------+
              |               basis set information              |
              +--------------------------------------------------+

              we will work with the 1s 3p 5d 7f 9g ... basis set
              ...i.e. with spherical basis functions...

   type   atoms  prim   cont   basis
   ---------------------------------------------------------------------------
    c        1     24     14   def2-SVP   [3s2p1d|7s4p1d]
    h        4      7      5   def2-SVP   [2s1p|4s1p]
    o        1     24     14   def2-SVP   [3s2p1d|7s4p1d]
   ---------------------------------------------------------------------------
   total:    6     76     48
   ---------------------------------------------------------------------------

   total number of primitive shells          :   29
   total number of contracted shells         :   24
   total number of cartesian basis functions :   50
   total number of SCF-basis functions       :   48


 residuum convergence criterium   :  0.10E-04


 integral neglect threshold       :  0.33E-10
 integral storage threshold THIZE :  0.10E-04
 integral storage threshold THIME :         5

 
             FOUND RI-J FLAG !
 
  
 AUXILIARY BASIS SET information:

              assign orbital basis set names as defaults
              read basis sets from /home/smp201/dev/turbomole/cbasen/

              we will work with the 1s 3p 5d 7f 9g ... basis set
              ...i.e. with spherical basis functions...

   type   atoms  prim   cont   basis
   ---------------------------------------------------------------------------
    c        1      1      1   def2-SVP   [1s|1s]
    h        4      1      1   def2-SVP   [1s|1s]
    o        1      1      1   def2-SVP   [1s|1s]
   ---------------------------------------------------------------------------
   total:    6      6      6
   ---------------------------------------------------------------------------

   total number of primitive shells          :    3
   total number of contracted shells         :    6
   total number of cartesian basis functions :    6
   total number of SCF-basis functions       :    6

 
             FOUND RI-K FLAG !
 
  
 AUXILIARY BASIS SET information:

              we will work with the 1s 3p 5d 7f 9g ... basis set
              ...i.e. with spherical basis functions...

   type   atoms  prim   cont   basis
   ---------------------------------------------------------------------------
    c        1      1      1   def2-SVP   [1s|1s]
    h        4      1      1   def2-SVP   [1s|1s]
    o        1      1      1   def2-SVP   [1s|1s]
   ---------------------------------------------------------------------------
   total:    6      6      6
   ---------------------------------------------------------------------------

   total number of primitive shells          :    3
   total number of contracted shells         :    6
   total number of cartesian basis functions :    6
   total number of SCF-basis functions       :    6

 CI SINGLES SINGLET-CALCULATION (TAMM-DANCOFF-APPROXIMATION)
 
             FOUND DFT-FLAG !
 

 maximum number of Davidson iterations set to   35


 symmetry group of the molecule :   c1 

 the group has the following generators :
   c1(z)

    1 symmetry operations found

 there are 1 real representations :   a   

 maximum number of shells which are related by symmetry :  1

 IRREPs of excited states :   a   
  
           ------------------
           density functional
           ------------------
 Libxc version: 6.0.0
 S. Lehtola, C. Steigemann, M.J.T. Oliveira, and M.A.L. Marques, Software X 7, 1 (2018)
 M.A.L. Marques, M.J.T. Oliveira, and T. Burnus, Comput. Phys. Commun. 183, 2272 (2012)
 TURBOMOLE integration by Christof Holzer

 Name of XC-Functional: wB97X range-separated functional
 alpha=    0.15771
 beta =    0.84229
 omega=    0.30000
 [1] J.-D. Chai and M. Head-Gordon.,  J. Chem. Phys. 128, 084106 (2008)
 spherical integration : Lebedev's spherical grid
 spherical gridsize    :                     1
    i.e. gridpoints    :                   110
  maximum batchsize    :                   100
 value for diffuse not defined
 radial integration    : Chebyshev 2nd kind (scaling 0)
 radial gridsize       :                     1
 integration cells     :                     6
 partition function    : becke
 partition sharpness   :                     3
  

 ----------------------------------------------------------------------
          some useful papers before it begins
 ----------------------------------------------------------------------

     nonorthonormal Krylov space methods 
     F. Furche, B. T. Krull, B. D. Nguyen, and J. Kwon, 
     J. Chem. Phys. 144, 174105 (2016).

     RI-J method 
     R. Bauernschmitt, M. Haeser, O. Treutler, and R. Ahlrichs,
     Chem. Phys. Lett. 264, 573 (1997).

     density functional implementation               
     R. Bauernschmitt and R. Ahlrichs,
     Chem. Phys. Lett. 256, 454 (1996).
     R. Bauernschmitt and R. Ahlrichs,
     J. Chem. Phys. 104, 9047 (1996).

     UHF extension (RPA and CIS)
     C. Ochsenfeld, J. Gauss, and R. Ahlrichs, 
     J. Chem. Phys. 103, 7401 (1995).

     integral direct algorithm                 
     H. Weiss, R. Ahlrichs, and M. Haeser, 
     J. Chem. Phys. 99, 1262 (1993).

 ----------------------------------------------------------------------

  MOs are in ASCII format !


    mo occupation :
   irrep   mo's   occupied
    a       48        9
 
 number of basis functions   :    48
 number of occupied orbitals :     9
 

 reading orbital data $scfmo  from file mos
 orbital characterization : scfconv=8
  
           ----------------------
               RI - INFORMATION
           ----------------------

 biggest AO integral is expected to be     4.776656448

 Threshold for integral neglect (rithr2):   0.33E-10
 Threshold for integral neglect (rithr1):   0.33E-10

 Contributions to RI integral batches: 
  neglected integral batches:                     0
  direct contribution:                            0
  memory contribution:                   300
 Core memory available (ricore)            500 MiB
 Core memory needed for (P|Q) and Cholesky 1 MiB
 Core memory used for integrals            1 MiB
  
 ****************************************
 Memory allocated for RIDFT 1 MiB
 ****************************************
                                            

 MAXIMUM CORE MEMORY WHICH CAN BE ALLOCATED DYNAMICALLY in escf_cc_setup= 500 MiB
              ( or 65536000 double words )

 Summary of integral storage options:
 B_ji^Q integral storage mode: on-disk   
 B_ai^Q integral storage mode: on-disk   
 B_ba^Q integral storage mode: on-disk   

   *-----------------------------------------------------------------------*
   |                     program will use  1 thread(s)                     |
   *-----------------------------------------------------------------------*
  MOs are in ASCII format !


 reading orbital data $scfmo  from file mos
 orbital characterization : scfconv=8
 time elapsed for calculating density matrices :   0.001 sec
 all orbitals will be active in the correlation treatment


   Molecular Orbital Statistic:
   ============================

   -----------------------------
   orbitals in total:
   -----------------------------
    frozen occupied :      0
    active occupied :      9
    active virtual  :     39
    frozen virtual  :      0
    all together    :     48
   -----------------------------


     time in riccmos       cpu:  0.01 sec    wall:  0.05 sec    ratio:  0.2

     total memory allocated for calculation of (Q|P)**(-1/2) : 1 MiB


     calculation of (P|Q) ...
     time in lp2sym        cpu:  0.00 sec    wall:  0.00 sec    ratio:  1.0


     calculation of the Cholesky decomposition of (P|Q)**(-1) ...
     time in invmetri      cpu:  0.00 sec    wall:  0.02 sec    ratio:  0.1

     total memory allocated for calculation of (Q|erf(r12)/r12|P)**(-1/2) : 2 MiB


     calculation of (P|erf(r12)/r12|Q) ...
     time in lp2sym        cpu:  0.00 sec    wall:  0.00 sec    ratio:  1.0
     transforming (P|R)**(-1/2) (R|erf(r12)/r12|S) (S|Q)**(-1/2)
     time in invmetri      cpu:  0.00 sec    wall:  0.01 sec    ratio:  0.1
 preparing DFT   numerical integration ....
          Overall gridpoints after grid construction =          7004

 Calculating ground state density on molecular grid

 Integral of ground state density: N =   18.00018957047412    


 all orbitals will be included in the transformation

 number of non-frozen orbitals          :    48
 number of non-frozen occupied orbitals :     9



 dimension of super-tensorspace: 1

          IRREP   tensor space dimension   number of roots

           a                 351                     10
                    41
 Switching off XC: hybrid=   1.00000000000000     

 machine precision: 2.22D-16


 logfile ciss_a    exists already

 found     10 converged vectors on ciss_a   
 read      10 vectors from logfile ciss_a   



                       Nonorthonormal Krylov Space Iteration


 total number of roots to be determined: 10


 maximum core memory set to          500 MB,
 corresponding to    25640 vectors in CAO basis


 maximum number of simultaneously treated vectors (including degeneracy):       10


 Iteration IRREP Converged      Max. Euclidean
                 roots          residual norm

    1       a        0        5.255222873238945D-02
 
    2       a        0        1.185120730927755D-02
 
    3       a        0        5.873455647519473D-03
 
    4       a        0        2.796078900891169D-03
 
    5       a        0        1.301135852343105D-03
 
    6       a        4        3.706312291074492D-04
 
    7       a        6        5.407698994199989D-05
 
    8       a        9        1.095478902194040D-05
 
    9       a       10        9.614139426502361D-06
 

 converged!

 Eigenpairs written on logfile ciss_a   



 IRREP   Vector     Eigenvalue           Euclidean residual norm

  a         1    2.716341878322165D-01    4.754797326689992D-06
            2    3.491398151472061D-01    6.598600758596819D-06
            3    3.497401990619787D-01    1.568845366946321D-06
            4    3.845912092641769D-01    8.620223505030536D-06
            5    3.952508425858750D-01    5.310346055485221D-06
            6    4.055143064913424D-01    2.899806197638225D-06
            7    4.102023753471457D-01    9.614139426502361D-06
            8    4.477467055544385D-01    2.406434853969154D-06
            9    4.488560988836592D-01    3.994154713618364D-06
           10    4.574029504212198D-01    5.589411661880343D-06






                    Selection rules for point group c1  


 Subduction with respect to c1  :

    Polar vector representation: a                           

    Axial vector representation: a                           

    Symmetric second rank tensor representation: a                           




                            Ground state


 Total energy:                           -115.5970029063000    

 Charge:

               elec          nuc         total

           -18.000000    18.000000    -0.000000


 Electric dipole moment:

               elec          nuc         total   

    x      143.871485  -144.235142    -0.363656    Norm:              0.676480
    y     -110.862849   110.311648    -0.551201
    z        0.338649    -0.485471    -0.146822    Norm / debye:      1.719454


 Electric quadrupole moment:

               elec          nuc         total   

   xx    -1199.868565  1195.764940    -4.103625
   yy     -700.103797   684.720217   -15.383580    1/3*trace:        -9.794875
   zz      -16.085889     6.188469    -9.897420
   xy      888.348433  -887.679428     0.669005
   xz       -2.110826     2.892501     0.781675    Anisotropy:        9.971674
   yz        1.737451    -2.256050    -0.518599



 ==============================================================================

                              I R R E P   a   

 ==============================================================================


 Excitation is electric dipole allowed

 Excitation is magnetic dipole allowed

 Excitation is electric quadrupole allowed




                         1 singlet a excitation


 Total energy:                           -115.3253687184678    

 Excitation energy:                      0.2716341878322165    

 Excitation energy / eV:                  7.391545498418638    

 Excitation energy / nm:                  167.7379162896227    

 Excitation energy / cm^(-1):             59616.81305997016    


 Oscillator strength:

    velocity representation:             0.1209752613427283E-01

    length representation:               0.9839021119732992E-03

    mixed representation:                0.3450040782013859E-02


 Rotatory strength:

    velocity representation:            -0.1665534094298106E-07

    velocity rep. / 10^(-40)erg*cm^3:   -0.1076015243804790E-02

    length representation:               0.6670135372279219E-08

    length rep. / 10^(-40)erg*cm^3:      0.4309228711309329E-03


 Dominant contributions:

      occ. orbital   energy / eV   virt. orbital     energy / eV   |coeff.|^2*100
        9 a             -10.04          10 a               3.98       89.2
        9 a             -10.04          11 a               5.22        8.6
 

 Change of electron number:

             0.000000


 Electric transition dipole moment (velocity rep.):

    x       -0.000004        Norm:                  0.258465
    y        0.066525
    z       -0.249757        Norm / debye:          0.656957


 Electric transition dipole moment (length rep.):

    x       -0.000005        Norm:                  0.073711
    y       -0.018976
    z        0.071226        Norm / debye:          0.187355


 Magnetic transition dipole moment / i:

    x       -0.000643        Norm:                  0.000775
    y        0.000419
    z        0.000112        Norm / Bohr mag.:      0.212376


 Electric quadrupole transition moment:

   xx        0.000077
   yy       -0.092203        1/3*trace:            -0.078780
   zz       -0.144214
   xy        0.327140
   xz       -1.228103        Anisotropy:            2.229935
   yz        0.192192




                         2 singlet a excitation


 Total energy:                           -115.2478630911528    

 Excitation energy:                      0.3491398151472061    

 Excitation energy / eV:                  9.500581828691192    

 Excitation energy / nm:                  130.5017379378211    

 Excitation energy / cm^(-1):             76627.33199209932    


 Oscillator strength:

    velocity representation:             0.8003529603899363E-01

    length representation:               0.7431092009860606E-01

    mixed representation:                0.7712001342212765E-01


 Rotatory strength:

    velocity representation:             0.1187303762327073E-05

    velocity rep. / 10^(-40)erg*cm^3:    0.7670554158359043E-01

    length representation:               0.8749571752416701E-06

    length rep. / 10^(-40)erg*cm^3:      0.5652644766981921E-01


 Dominant contributions:

      occ. orbital   energy / eV   virt. orbital     energy / eV   |coeff.|^2*100
        9 a             -10.04          11 a               5.22       87.1
        9 a             -10.04          10 a               3.98        9.3
 

 Change of electron number:

             0.000000


 Electric transition dipole moment (velocity rep.):

    x        0.000049        Norm:                  0.586390
    y        0.150898
    z       -0.566642        Norm / debye:          1.490467


 Electric transition dipole moment (length rep.):

    x        0.000064        Norm:                  0.565031
    y        0.145428
    z       -0.545995        Norm / debye:          1.436176


 Magnetic transition dipole moment / i:

    x       -0.004136        Norm:                  0.008480
    y       -0.007153
    z       -0.001907        Norm / Bohr mag.:      2.324169


 Electric quadrupole transition moment:

   xx       -0.001051
   yy        1.422465        1/3*trace:             0.603589
   zz        0.389354
   xy       -1.553562
   xz        5.831436        Anisotropy:           11.536907
   yz       -2.721493




                         3 singlet a excitation


 Total energy:                           -115.2472627072380    

 Excitation energy:                      0.3497401990619787    

 Excitation energy / eV:                  9.516919113250166    

 Excitation energy / nm:                  130.2777112330903    

 Excitation energy / cm^(-1):             76759.10103007227    


 Oscillator strength:

    velocity representation:             0.4455183120924001E-02

    length representation:               0.4078515908606555E-02

    mixed representation:                0.3827236837444474E-02


 Rotatory strength:

    velocity representation:            -0.1152577859058411E-05

    velocity rep. / 10^(-40)erg*cm^3:   -0.7446208097837737E-01

    length representation:              -0.1733711090689519E-04

    length rep. / 10^(-40)erg*cm^3:      -1.120060867154758    


 Dominant contributions:

      occ. orbital   energy / eV   virt. orbital     energy / eV   |coeff.|^2*100
        8 a             -11.70          10 a               3.98       93.3
 

 Change of electron number:

            -0.000000


 Electric transition dipole moment (velocity rep.):

    x        0.085521        Norm:                  0.138231
    y       -0.105012
    z       -0.027683        Norm / debye:          0.351351


 Electric transition dipole moment (length rep.):

    x        0.119219        Norm:                  0.132259
    y       -0.055403
    z       -0.014481        Norm / debye:          0.336170


 Magnetic transition dipole moment / i:

    x       -0.000220        Norm:                  0.003377
    y        0.000701
    z       -0.003296        Norm / Bohr mag.:      0.925602


 Electric quadrupole transition moment:

   xx       -1.943156
   yy       -0.144656        1/3*trace:            -0.935645
   zz       -0.719122
   xy       -0.073039
   xz       -0.220254        Anisotropy:            1.707306
   yz        0.271978




                         4 singlet a excitation


 Total energy:                           -115.2124116970358    

 Excitation energy:                      0.3845912092641769    

 Excitation energy / eV:                  10.46526375878689    

 Excitation energy / nm:                  118.4721635920242    

 Excitation energy / cm^(-1):             84408.01362372166    


 Oscillator strength:

    velocity representation:             0.1552095407037388E-01

    length representation:               0.2031253793806867E-01

    mixed representation:                0.1775584321755985E-01


 Rotatory strength:

    velocity representation:             0.1267046968505783E-08

    velocity rep. / 10^(-40)erg*cm^3:    0.8185733677841173E-04

    length representation:               0.8450372753437463E-08

    length rep. / 10^(-40)erg*cm^3:      0.5459347803002046E-03


 Dominant contributions:

      occ. orbital   energy / eV   virt. orbital     energy / eV   |coeff.|^2*100
        9 a             -10.04          13 a               6.32       83.8
        9 a             -10.04          14 a               8.11       13.0
 

 Change of electron number:

             0.000000


 Electric transition dipole moment (velocity rep.):

    x        0.000002        Norm:                  0.246040
    y        0.063320
    z       -0.237752        Norm / debye:          0.625375


 Electric transition dipole moment (length rep.):

    x        0.000002        Norm:                  0.281467
    y        0.072436
    z       -0.271987        Norm / debye:          0.715424


 Magnetic transition dipole moment / i:

    x       -0.000992        Norm:                  0.002936
    y       -0.002671
    z       -0.000711        Norm / Bohr mag.:      0.804707


 Electric quadrupole transition moment:

   xx       -0.000030
   yy        0.755507        1/3*trace:             0.300813
   zz        0.146963
   xy       -0.832354
   xz        3.125307        Anisotropy:            6.169845
   yz       -1.438114




                         5 singlet a excitation


 Total energy:                           -115.2017520637141    

 Excitation energy:                      0.3952508425858750    

 Excitation energy / eV:                  10.75532726413055    

 Excitation energy / nm:                  115.2770538372745    

 Excitation energy / cm^(-1):             86747.53271039874    


 Oscillator strength:

    velocity representation:             0.5616023493053755E-01

    length representation:               0.7377491215739619E-01

    mixed representation:                0.6365452179030591E-01


 Rotatory strength:

    velocity representation:             0.1470170362218584E-07

    velocity rep. / 10^(-40)erg*cm^3:    0.9498008633704168E-03

    length representation:              -0.8379886521067059E-04

    length rep. / 10^(-40)erg*cm^3:      -5.413810301987464    


 Dominant contributions:

      occ. orbital   energy / eV   virt. orbital     energy / eV   |coeff.|^2*100
        9 a             -10.04          12 a               6.28       93.8
 

 Change of electron number:

             0.000000


 Electric transition dipole moment (velocity rep.):

    x        0.440115        Norm:                  0.461662
    y        0.134694
    z        0.035881        Norm / debye:          1.173435


 Electric transition dipole moment (length rep.):

    x        0.475128        Norm:                  0.529131
    y        0.225036
    z        0.059937        Norm / debye:          1.344928


 Magnetic transition dipole moment / i:

    x        0.000322        Norm:                  0.006599
    y        0.000693
    z       -0.006555        Norm / Bohr mag.:      1.808661


 Electric quadrupole transition moment:

   xx       -8.247975
   yy        2.208106        1/3*trace:            -2.489864
   zz       -1.429722
   xy        0.178963
   xz       -0.740701        Anisotropy:            9.348450
   yz        0.612514




                         6 singlet a excitation


 Total energy:                           -115.1914885998087    

 Excitation energy:                      0.4055143064913424    

 Excitation energy / eV:                  11.03461044653872    

 Excitation energy / nm:                  112.3594209393763    

 Excitation energy / cm^(-1):             89000.10266075400    


 Oscillator strength:

    velocity representation:             0.1683496594043517    

    length representation:               0.1892559650585412    

    mixed representation:                0.1784840406882103    


 Rotatory strength:

    velocity representation:             0.3703625848870755E-07

    velocity rep. / 10^(-40)erg*cm^3:    0.2392720680037370E-02

    length representation:              -0.1882554270576694E-04

    length rep. / 10^(-40)erg*cm^3:      -1.216220730254092    


 Dominant contributions:

      occ. orbital   energy / eV   virt. orbital     energy / eV   |coeff.|^2*100
        8 a             -11.70          11 a               5.22       85.9
        7 a             -14.42          10 a               3.98        5.4
 

 Change of electron number:

            -0.000000


 Electric transition dipole moment (velocity rep.):

    x        0.170838        Norm:                  0.789130
    y        0.744461
    z        0.198289        Norm / debye:          2.005784


 Electric transition dipole moment (length rep.):

    x        0.171281        Norm:                  0.836695
    y        0.791385
    z        0.210787        Norm / debye:          2.126683


 Magnetic transition dipole moment / i:

    x        0.001828        Norm:                  0.011842
    y        0.002618
    z       -0.011403        Norm / Bohr mag.:      3.245454


 Electric quadrupole transition moment:

   xx       -3.015715
   yy       10.356363        1/3*trace:             2.078766
   zz       -1.104348
   xy       -6.736853
   xz       -2.078566        Anisotropy:           17.760749
   yz        1.772049




                         7 singlet a excitation


 Total energy:                           -115.1868005309529    

 Excitation energy:                      0.4102023753471457    

 Excitation energy / eV:                  11.16217934544622    

 Excitation energy / nm:                  111.0753018469010    

 Excitation energy / cm^(-1):             90029.01484157758    


 Oscillator strength:

    velocity representation:             0.3482933475678439E-02

    length representation:               0.1496353420784772E-01

    mixed representation:                0.7219210069822229E-02


 Rotatory strength:

    velocity representation:            -0.3293434007151820E-07

    velocity rep. / 10^(-40)erg*cm^3:   -0.2127716993781436E-02

    length representation:              -0.2053113370917562E-07

    length rep. / 10^(-40)erg*cm^3:     -0.1326410123893461E-02


 Dominant contributions:

      occ. orbital   energy / eV   virt. orbital     energy / eV   |coeff.|^2*100
        9 a             -10.04          14 a               8.11       82.3
        9 a             -10.04          13 a               6.32       13.0
 

 Change of electron number:

             0.000000


 Electric transition dipole moment (velocity rep.):

    x        0.000006        Norm:                  0.112855
    y       -0.029059
    z        0.109049        Norm / debye:          0.286850


 Electric transition dipole moment (length rep.):

    x        0.000006        Norm:                  0.233918
    y       -0.060220
    z        0.226034        Norm / debye:          0.594565


 Magnetic transition dipole moment / i:

    x       -0.000382        Norm:                  0.003737
    y        0.003592
    z        0.000957        Norm / Bohr mag.:      1.024080


 Electric quadrupole transition moment:

   xx       -0.000105
   yy       -0.574451        1/3*trace:            -0.250149
   zz       -0.175889
   xy        0.532799
   xz       -1.999813        Anisotropy:            4.092494
   yz        1.101411




                         8 singlet a excitation


 Total energy:                           -115.1492562007456    

 Excitation energy:                      0.4477467055544385    

 Excitation energy / eV:                  12.18381298865416    

 Excitation energy / nm:                  101.7614470296985    

 Excitation energy / cm^(-1):             98269.04284870203    


 Oscillator strength:

    velocity representation:             0.8316394988406309E-02

    length representation:               0.1161116176696758E-01

    mixed representation:                0.9672656470114619E-02


 Rotatory strength:

    velocity representation:             0.1751105322371811E-06

    velocity rep. / 10^(-40)erg*cm^3:    0.1131298378598380E-01

    length representation:              -0.1503274965754631E-04

    length rep. / 10^(-40)erg*cm^3:     -0.9711880317068966    


 Dominant contributions:

      occ. orbital   energy / eV   virt. orbital     energy / eV   |coeff.|^2*100
        7 a             -14.42          10 a               3.98       72.0
        8 a             -11.70          14 a               8.11       16.7
        8 a             -11.70          11 a               5.22        3.1
 

 Change of electron number:

             0.000000


 Electric transition dipole moment (velocity rep.):

    x       -0.146764        Norm:                  0.166916
    y       -0.076847
    z       -0.020388        Norm / debye:          0.424260


 Electric transition dipole moment (length rep.):

    x       -0.154133        Norm:                  0.197227
    y       -0.118929
    z       -0.031586        Norm / debye:          0.501306


 Magnetic transition dipole moment / i:

    x       -0.000207        Norm:                  0.005205
    y       -0.000962
    z        0.005111        Norm / Bohr mag.:      1.426630


 Electric quadrupole transition moment:

   xx        2.211469
   yy       -2.126336        1/3*trace:            -0.038406
   zz       -0.200351
   xy        0.143295
   xz        0.293046        Anisotropy:            3.847866
   yz       -0.324253




                         9 singlet a excitation


 Total energy:                           -115.1481468074164    

 Excitation energy:                      0.4488560988836592    

 Excitation energy / eV:                  12.21400113004395    

 Excitation energy / nm:                  101.5099333022759    

 Excitation energy / cm^(-1):             98512.52653993379    


 Oscillator strength:

    velocity representation:             0.6862879663335365E-01

    length representation:               0.1103176552631317    

    mixed representation:                0.8701130919662815E-01


 Rotatory strength:

    velocity representation:            -0.1279306487299579E-06

    velocity rep. / 10^(-40)erg*cm^3:   -0.8264936073931388E-02

    length representation:              -0.1622708522569510E-06

    length rep. / 10^(-40)erg*cm^3:     -0.1048347861814604E-01


 Dominant contributions:

      occ. orbital   energy / eV   virt. orbital     energy / eV   |coeff.|^2*100
        8 a             -11.70          12 a               6.28       95.5
 

 Change of electron number:

             0.000000


 Electric transition dipole moment (velocity rep.):

    x       -0.000004        Norm:                  0.478900
    y        0.123250
    z       -0.462769        Norm / debye:          1.217253


 Electric transition dipole moment (length rep.):

    x       -0.000005        Norm:                  0.607176
    y        0.156262
    z       -0.586724        Norm / debye:          1.543299


 Magnetic transition dipole moment / i:

    x       -0.006422        Norm:                  0.009675
    y       -0.006993
    z       -0.001862        Norm / Bohr mag.:      2.651705


 Electric quadrupole transition moment:

   xx        0.000034
   yy        1.576299        1/3*trace:             0.648941
   zz        0.370490
   xy       -1.631832
   xz        6.127018        Anisotropy:           12.239628
   yz       -3.008927




                        10 singlet a excitation


 Total energy:                           -115.1395999558788    

 Excitation energy:                      0.4574029504212198    

 Excitation energy / eV:                  12.44657289323868    

 Excitation energy / nm:                  99.61315863406864    

 Excitation energy / cm^(-1):             100388.3436247876    


 Oscillator strength:

    velocity representation:             0.1577317536848069    

    length representation:               0.2127849426060184    

    mixed representation:                0.1819600652928084    


 Rotatory strength:

    velocity representation:            -0.4474184240849128E-08

    velocity rep. / 10^(-40)erg*cm^3:   -0.2890538514477950E-03

    length representation:               0.1868897662909714E-03

    length rep. / 10^(-40)erg*cm^3:       12.07397903943518    


 Dominant contributions:

      occ. orbital   energy / eV   virt. orbital     energy / eV   |coeff.|^2*100
        8 a             -11.70          13 a               6.32       88.9
        7 a             -14.42          10 a               3.98        4.6
 

 Change of electron number:

             0.000000


 Electric transition dipole moment (velocity rep.):

    x       -0.692811        Norm:                  0.719210
    y        0.186562
    z        0.049702        Norm / debye:          1.828063


 Electric transition dipole moment (length rep.):

    x       -0.773164        Norm:                  0.835346
    y        0.305602
    z        0.081412        Norm / debye:          2.123255


 Magnetic transition dipole moment / i:

    x        0.000517        Norm:                  0.002937
    y        0.001221
    z        0.002621        Norm / Bohr mag.:      0.805058


 Electric quadrupole transition moment:

   xx       12.980112
   yy        5.207858        1/3*trace:             6.427414
   zz        1.094271
   xy       -7.623780
   xz       -0.747831        Anisotropy:           16.923560
   yz        0.594896

 SUMMARY OF EXCITATION ENERGIES AND DIPOLE OSCILLATOR STRENGTHS (velocity/length):

 -----------------------------------------------------------------------------------------------
 |    Exc.   | energy (Eh) | energy (eV) | energy (cm-1) | energy (nm) | Osc.(vel) | Osc.(len) |
 -----------------------------------------------------------------------------------------------
 |     1 a   |    0.271634 |     7.39154 |     59616.813 |     167.738 |   0.01210 |   0.00098 |
 |     2 a   |    0.349140 |     9.50058 |     76627.332 |     130.502 |   0.08004 |   0.07431 |
 |     3 a   |    0.349740 |     9.51692 |     76759.101 |     130.278 |   0.00446 |   0.00408 |
 |     4 a   |    0.384591 |    10.46526 |     84408.014 |     118.472 |   0.01552 |   0.02031 |
 |     5 a   |    0.395251 |    10.75532 |     86747.533 |     115.277 |   0.05616 |   0.07377 |
 |     6 a   |    0.405514 |    11.03461 |     89000.103 |     112.359 |   0.16835 |   0.18926 |
 |     7 a   |    0.410202 |    11.16218 |     90029.015 |     111.075 |   0.00348 |   0.01496 |
 |     8 a   |    0.447747 |    12.18381 |     98269.043 |     101.761 |   0.00832 |   0.01161 |
 |     9 a   |    0.448856 |    12.21400 |     98512.527 |     101.510 |   0.06863 |   0.11032 |
 |    10 a   |    0.457403 |    12.44657 |    100388.344 |      99.613 |   0.15773 |   0.21278 |
 -----------------------------------------------------------------------------------------------



    escf profiling
  --------------------------------------------------------------------
             module   cpu total (s)       %  wall total (s)       %

         input total             0.0    4.30             0.1    3.98
       init symmetry             0.0    0.54             0.0    0.36
               moinp             0.0    0.37             0.0    0.14
            RI total             0.0    0.64             0.0    0.24
          RI prelims             0.0    0.14             0.0    0.05
       escf_cc_setup             0.1   12.70             0.3   17.01
           grid init             0.0    1.41             0.0    0.52
            becke...             0.0    0.75             0.0    0.28
         dft prelims             0.0    3.06             0.0    1.13
           dft total             0.0    3.06             0.0    1.13
             funct_2             0.0    1.25             0.0    0.46
              onde_2             0.0    0.50             0.0    0.19
                 gga             0.0    1.15             0.0    0.43
              tracao             0.0    0.06             0.0    0.08
           diag_prep             0.0    0.01             0.0    0.00
              respon             0.4   71.43             1.1   68.82
            startvec             0.0    0.03             0.0    0.01
           mvproduct             0.1   13.49             0.3   17.70
            tramocao             0.0    0.44             0.0    0.16
     tramocao_mvprod             0.0    0.36             0.0    0.13
              colrsp             0.0    0.49             0.0    0.18
              gammaP             0.0    0.19             0.0    0.07
              cotlet             0.0    0.03             0.0    0.01
              gammaQ             0.0    0.18             0.0    0.07
            tracaomo             0.0    0.40             0.0    0.72
              mv_rik             0.1   12.13             0.3   16.62
                ritz             0.0    1.74             0.0    0.64
            expandl3             0.0    0.23             0.0    0.57
           startover             0.0    0.57             0.0    0.21
                rest             0.0    0.26             0.0    1.15
             writeep             0.0    1.46             0.0    1.47
              proper             0.0    1.29             0.0    0.93
 


    ------------------------------------------------------------------------
         total  cpu-time :   0.61 seconds
         total wall-time :   1.68 seconds
    ------------------------------------------------------------------------

   ****  escf : all done  ****


    2023-07-09 02:22:03.825 

