
 escf (compt309) : TURBOMOLE rev. V7-6-2381-g96b3af1 compiled 16 Jan 2023 at 13:48:01
 Copyright (C) 2023 TURBOMOLE GmbH, Karlsruhe


    2023-07-09 02:21:55.365 




                                e s c f

                             TURBOMOLE GmbH

          integral direct evaluation of 

                    * excitation energies and transition moments 
                    * polarizabilities
                    * dynamic response properties 
                    * stabilities
                    * quasiparticle states with GW
                    * NMR coupling-constants



          references (see also programs dscf and ridft) 
          implementation and benchmarks (review) 
          F. Furche and D. Rappoport,  
          "Density functional methods for excited states: 
          equilibrium structure and electronic spectra",
          ch. III of "Computational Photochemistry", ed. by 
          M. Olivucci, vol. 16 of "Theoretical and Computational 
          Chemistry", Elsevier, Amsterdam, 2005.



              +--------------------------------------------------+
              | Atomic coordinate, charge and isotop information |
              +--------------------------------------------------+

                    atomic coordinates            atom    charge  isotop
         -9.24314180    6.23174984    0.00054802    c      6.000     0
         -9.98177905    5.77299993   -1.91166584    h      1.000     0
         -6.60094563    6.20640861   -0.00619830    o      8.000     0
         -9.98177905    4.88256098    1.43120298    h      1.000     0
         -9.90212710    8.15492412    0.51283388    h      1.000     0
         -6.10304059    4.45939461   -0.47154336    h      1.000     0
 
       center of nuclear mass  :   -7.89226438    6.16696788   -0.01670470
       center of nuclear charge:   -8.01306343    6.12842487   -0.02697059

              +--------------------------------------------------+
              |               basis set information              |
              +--------------------------------------------------+

              we will work with the 1s 3p 5d 7f 9g ... basis set
              ...i.e. with spherical basis functions...

   type   atoms  prim   cont   basis
   ---------------------------------------------------------------------------
    c        1     24     14   def2-SVP   [3s2p1d|7s4p1d]
    h        4      7      5   def2-SVP   [2s1p|4s1p]
    o        1     24     14   def2-SVP   [3s2p1d|7s4p1d]
   ---------------------------------------------------------------------------
   total:    6     76     48
   ---------------------------------------------------------------------------

   total number of primitive shells          :   29
   total number of contracted shells         :   24
   total number of cartesian basis functions :   50
   total number of SCF-basis functions       :   48


 residuum convergence criterium   :  0.10E-04


 integral neglect threshold       :  0.33E-10
 integral storage threshold THIZE :  0.10E-04
 integral storage threshold THIME :         5

 
             FOUND RI-J FLAG !
 
  
 AUXILIARY BASIS SET information:

              we will work with the 1s 3p 5d 7f 9g ... basis set
              ...i.e. with spherical basis functions...

   type   atoms  prim   cont   basis
   ---------------------------------------------------------------------------
    c        1     70     49   def2-SVP   [6s4p3d1f1g|12s5p4d2f1g]
    h        4     16     11   def2-SVP   [3s1p1d|5s2p1d]
    o        1     70     49   def2-SVP   [6s4p3d1f1g|12s5p4d2f1g]
   ---------------------------------------------------------------------------
   total:    6    204    142
   ---------------------------------------------------------------------------

   total number of primitive shells          :   56
   total number of contracted shells         :   50
   total number of cartesian basis functions :  170
   total number of SCF-basis functions       :  142

 CI SINGLES SINGLET-CALCULATION (TAMM-DANCOFF-APPROXIMATION)
 
             FOUND DFT-FLAG !
 

 maximum number of Davidson iterations set to   35


 symmetry group of the molecule :   c1 

 the group has the following generators :
   c1(z)

    1 symmetry operations found

 there are 1 real representations :   a   

 maximum number of shells which are related by symmetry :  1

 IRREPs of excited states :   a   
  
           ------------------
           density functional
           ------------------
 Libxc version: 6.0.0
 S. Lehtola, C. Steigemann, M.J.T. Oliveira, and M.A.L. Marques, Software X 7, 1 (2018)
 M.A.L. Marques, M.J.T. Oliveira, and T. Burnus, Comput. Phys. Commun. 183, 2272 (2012)
 TURBOMOLE integration by Christof Holzer

 Name of XC-Functional: wB97X range-separated functional
 alpha=    0.15771
 beta =    0.84229
 omega=    0.30000
 [1] J.-D. Chai and M. Head-Gordon.,  J. Chem. Phys. 128, 084106 (2008)
 spherical integration : Lebedev's spherical grid
 spherical gridsize    :                     4
    i.e. gridpoints    :                   434
  maximum batchsize    :                   100
 value for diffuse not defined
 radial integration    : Chebyshev 2nd kind (scaling 3)
 radial gridsize       :                     6
 integration cells     :                     6
 partition function    : becke
 partition sharpness   :                     3
  

 ----------------------------------------------------------------------
          some useful papers before it begins
 ----------------------------------------------------------------------

     nonorthonormal Krylov space methods 
     F. Furche, B. T. Krull, B. D. Nguyen, and J. Kwon, 
     J. Chem. Phys. 144, 174105 (2016).

     RI-J method 
     R. Bauernschmitt, M. Haeser, O. Treutler, and R. Ahlrichs,
     Chem. Phys. Lett. 264, 573 (1997).

     density functional implementation               
     R. Bauernschmitt and R. Ahlrichs,
     Chem. Phys. Lett. 256, 454 (1996).
     R. Bauernschmitt and R. Ahlrichs,
     J. Chem. Phys. 104, 9047 (1996).

     UHF extension (RPA and CIS)
     C. Ochsenfeld, J. Gauss, and R. Ahlrichs, 
     J. Chem. Phys. 103, 7401 (1995).

     integral direct algorithm                 
     H. Weiss, R. Ahlrichs, and M. Haeser, 
     J. Chem. Phys. 99, 1262 (1993).

 ----------------------------------------------------------------------

  MOs are in ASCII format !


    mo occupation :
   irrep   mo's   occupied
    a       48        9
 
 number of basis functions   :    48
 number of occupied orbitals :     9
 

 reading orbital data $scfmo  from file mos
 orbital characterization : scfconv=8
  
           ----------------------
               RI - INFORMATION
           ----------------------

 biggest AO integral is expected to be     4.776656448

 Threshold for integral neglect (rithr2):   0.33E-10
 Threshold for integral neglect (rithr1):   0.33E-10

 Contributions to RI integral batches: 
  neglected integral batches:                     0
  direct contribution:                            0
  memory contribution:                   300
 Core memory available (ricore)            500 MiB
 Core memory needed for (P|Q) and Cholesky 1 MiB
 Core memory used for integrals            2 MiB
  
 ****************************************
 Memory allocated for RIDFT 2 MiB
 ****************************************
                                            
 preparing DFT   numerical integration ....
          Overall gridpoints after grid construction =         55768

 Calculating ground state density on molecular grid

 Integral of ground state density: N =   18.00000095340362    


 all orbitals will be included in the transformation

 number of non-frozen orbitals          :    48
 number of non-frozen occupied orbitals :     9



 dimension of super-tensorspace: 1

          IRREP   tensor space dimension   number of roots

           a                 351                     10

 machine precision: 2.22D-16


 logfile ciss_a    will be constructed




                       Nonorthonormal Krylov Space Iteration


 total number of roots to be determined: 10


 maximum core memory set to          500 MB,
 corresponding to    24094 vectors in CAO basis


 maximum number of simultaneously treated vectors (including degeneracy):       18


 Iteration IRREP Converged      Max. Euclidean
                 roots          residual norm

    1       a        0        9.356602789036396D-02
 
    2       a        0        2.133269202558976D-02
 
    3       a        0        6.125369814444085D-03
 
    4       a        0        1.608794095177566D-03
 
    5       a        0        3.444281603612700D-04
 
    6       a        3        7.378642587874164D-05
 
    7       a        8        1.190536275152332D-05
 
    8       a       10        6.614127394506609D-06
 

 converged!

 Eigenpairs written on logfile ciss_a   



 IRREP   Vector     Eigenvalue           Euclidean residual norm

  a         1    2.794180451368604D-01    4.395406581757440D-06
            2    3.530177023420563D-01    1.805788711410221D-06
            3    3.547797561069589D-01    3.843240108194373D-06
            4    3.875422665017961D-01    6.614127394506609D-06
            5    3.984163091391701D-01    3.076197895143365D-06
            6    4.132052149788053D-01    4.192416390123818D-06
            7    4.142042441796521D-01    1.371753205897902D-06
            8    4.493658629580654D-01    2.604816332941204D-06
            9    4.561122877292779D-01    1.418424810860055D-06
           10    4.606307350370890D-01    1.687892302181358D-06






                    Selection rules for point group c1  


 Subduction with respect to c1  :

    Polar vector representation: a                           

    Axial vector representation: a                           

    Symmetric second rank tensor representation: a                           




                            Ground state


 Total energy:                           -115.5970029063000    

 Charge:

               elec          nuc         total

           -18.000000    18.000000    -0.000000


 Electric dipole moment:

               elec          nuc         total   

    x      143.871485  -144.235142    -0.363656    Norm:              0.676480
    y     -110.862849   110.311648    -0.551201
    z        0.338649    -0.485471    -0.146822    Norm / debye:      1.719454


 Electric quadrupole moment:

               elec          nuc         total   

   xx    -1199.868565  1195.764940    -4.103625
   yy     -700.103797   684.720217   -15.383580    1/3*trace:        -9.794875
   zz      -16.085889     6.188469    -9.897420
   xy      888.348433  -887.679428     0.669005
   xz       -2.110826     2.892501     0.781675    Anisotropy:        9.971674
   yz        1.737451    -2.256050    -0.518599



 ==============================================================================

                              I R R E P   a   

 ==============================================================================


 Excitation is electric dipole allowed

 Excitation is magnetic dipole allowed

 Excitation is electric quadrupole allowed




                         1 singlet a excitation


 Total energy:                           -115.3175848611631    

 Excitation energy:                      0.2794180451368604    

 Excitation energy / eV:                  7.603355123266049    

 Excitation energy / nm:                  163.0651758288654    

 Excitation energy / cm^(-1):             61325.17226732836    


 Oscillator strength:

    velocity representation:             0.1552091882863518E-01

    length representation:               0.1711086702221913E-02

    mixed representation:                0.5153410279887018E-02


 Rotatory strength:

    velocity representation:             0.1371202136766386E-07

    velocity rep. / 10^(-40)erg*cm^3:    0.8858626230165006E-03

    length representation:               0.5104537634809167E-08

    length rep. / 10^(-40)erg*cm^3:      0.3297777167356399E-03


 Dominant contributions:

      occ. orbital   energy / eV   virt. orbital     energy / eV   |coeff.|^2*100
        9 a             -10.04          10 a               3.98       91.9
 

 Change of electron number:

             0.000000


 Electric transition dipole moment (velocity rep.):

    x       -0.000008        Norm:                  0.288654
    y        0.074305
    z       -0.278926        Norm / debye:          0.733690


 Electric transition dipole moment (length rep.):

    x       -0.000007        Norm:                  0.095842
    y       -0.024669
    z        0.092612        Norm / debye:          0.243607


 Magnetic transition dipole moment / i:

    x       -0.000874        Norm:                  0.000966
    y        0.000397
    z        0.000106        Norm / Bohr mag.:      0.264801


 Electric quadrupole transition moment:

   xx        0.000125
   yy       -0.158640        1/3*trace:            -0.102409
   zz       -0.148712
   xy        0.402746
   xz       -1.512135        Anisotropy:            2.769939
   yz        0.317578




                         2 singlet a excitation


 Total energy:                           -115.2439852039579    

 Excitation energy:                      0.3530177023420563    

 Excitation energy / eV:                  9.606104553452832    

 Excitation energy / nm:                  129.0681808807747    

 Excitation energy / cm^(-1):             77478.42985208533    


 Oscillator strength:

    velocity representation:             0.3661929425648779E-02

    length representation:               0.3393873234636991E-02

    mixed representation:                0.2479158245902953E-02


 Rotatory strength:

    velocity representation:             0.4721032320700324E-06

    velocity rep. / 10^(-40)erg*cm^3:    0.3050014263268168E-01

    length representation:              -0.2171411965158081E-04

    length rep. / 10^(-40)erg*cm^3:      -1.402836713513724    


 Dominant contributions:

      occ. orbital   energy / eV   virt. orbital     energy / eV   |coeff.|^2*100
        8 a             -11.70          10 a               3.98       94.1
 

 Change of electron number:

             0.000000


 Electric transition dipole moment (velocity rep.):

    x       -0.040114        Norm:                  0.124739
    y        0.114105
    z        0.030508        Norm / debye:          0.317057


 Electric transition dipole moment (length rep.):

    x       -0.107999        Norm:                  0.120087
    y        0.050715
    z        0.013606        Norm / debye:          0.305232


 Magnetic transition dipole moment / i:

    x        0.000245        Norm:                  0.003131
    y       -0.000722
    z        0.003037        Norm / Bohr mag.:      0.858113


 Electric quadrupole transition moment:

   xx        1.761861
   yy       -0.099400        1/3*trace:             0.751771
   zz        0.592854
   xy        0.299430
   xz        0.257971        Anisotropy:            1.839770
   yz       -0.295009




                         3 singlet a excitation


 Total energy:                           -115.2422231501930    

 Excitation energy:                      0.3547797561069589    

 Excitation energy / eV:                  9.654052496522436    

 Excitation energy / nm:                  128.4271491698742    

 Excitation energy / cm^(-1):             77865.15595141088    


 Oscillator strength:

    velocity representation:             0.1228788873370501    

    length representation:               0.8552222354306309E-01

    mixed representation:                0.1025128073301477    


 Rotatory strength:

    velocity representation:            -0.4069931330399136E-06

    velocity rep. / 10^(-40)erg*cm^3:   -0.2629371663864810E-01

    length representation:              -0.2815227158162171E-06

    length rep. / 10^(-40)erg*cm^3:     -0.1818772336949560E-01


 Dominant contributions:

      occ. orbital   energy / eV   virt. orbital     energy / eV   |coeff.|^2*100
        9 a             -10.04          11 a               5.22       90.9
 

 Change of electron number:

            -0.000000


 Electric transition dipole moment (velocity rep.):

    x       -0.000010        Norm:                  0.720784
    y       -0.185550
    z        0.696491        Norm / debye:          1.832063


 Electric transition dipole moment (length rep.):

    x        0.000005        Norm:                  0.601320
    y       -0.154798
    z        0.581054        Norm / debye:          1.528415


 Magnetic transition dipole moment / i:

    x        0.005246        Norm:                  0.010293
    y        0.008558
    z        0.002279        Norm / Bohr mag.:      2.821134


 Electric quadrupole transition moment:

   xx       -0.000071
   yy       -1.567015        1/3*trace:            -0.642904
   zz       -0.361625
   xy        1.603991
   xz       -6.021437        Anisotropy:           12.054776
   yz        2.989239




                         4 singlet a excitation


 Total energy:                           -115.2094606397982    

 Excitation energy:                      0.3875422665017961    

 Excitation energy / eV:                  10.54556614640009    

 Excitation energy / nm:                  117.5700216425009    

 Excitation energy / cm^(-1):             85055.69582112267    


 Oscillator strength:

    velocity representation:             0.3986072405901209E-01

    length representation:               0.3878847182441077E-01

    mixed representation:                0.3932094311795781E-01


 Rotatory strength:

    velocity representation:             0.3751565223980450E-07

    velocity rep. / 10^(-40)erg*cm^3:    0.2423691825313292E-02

    length representation:               0.4094056607014760E-07

    length rep. / 10^(-40)erg*cm^3:      0.2644957754529834E-02


 Dominant contributions:

      occ. orbital   energy / eV   virt. orbital     energy / eV   |coeff.|^2*100
        9 a             -10.04          13 a               6.32       92.4
 

 Change of electron number:

             0.000000


 Electric transition dipole moment (velocity rep.):

    x       -0.000016        Norm:                  0.392788
    y        0.101136
    z       -0.379545        Norm / debye:          0.998376


 Electric transition dipole moment (length rep.):

    x        0.000003        Norm:                  0.387469
    y        0.099758
    z       -0.374407        Norm / debye:          0.984856


 Magnetic transition dipole moment / i:

    x       -0.002080        Norm:                  0.005178
    y       -0.004582
    z       -0.001221        Norm / Bohr mag.:      1.419179


 Electric quadrupole transition moment:

   xx       -0.000043
   yy        1.039820        1/3*trace:             0.414256
   zz        0.202991
   xy       -1.074654
   xz        4.033535        Anisotropy:            8.057650
   yz       -1.978337




                         5 singlet a excitation


 Total energy:                           -115.1985865971608    

 Excitation energy:                      0.3984163091391701    

 Excitation energy / eV:                  10.84146402857515    

 Excitation energy / nm:                  114.3611634735674    

 Excitation energy / cm^(-1):             87442.27231317641    


 Oscillator strength:

    velocity representation:             0.8182647650528432E-01

    length representation:               0.1044384174179531    

    mixed representation:                0.9208441025563296E-01


 Rotatory strength:

    velocity representation:            -0.5967934634806763E-07

    velocity rep. / 10^(-40)erg*cm^3:   -0.3855573214061916E-02

    length representation:              -0.7143394147664925E-04

    length rep. / 10^(-40)erg*cm^3:      -4.614976674273731    


 Dominant contributions:

      occ. orbital   energy / eV   virt. orbital     energy / eV   |coeff.|^2*100
        9 a             -10.04          12 a               6.28       95.7
 

 Change of electron number:

            -0.000000


 Electric transition dipole moment (velocity rep.):

    x       -0.480725        Norm:                  0.555040
    y       -0.268085
    z       -0.071433        Norm / debye:          1.410781


 Electric transition dipole moment (length rep.):

    x       -0.513385        Norm:                  0.627057
    y       -0.347916
    z       -0.092692        Norm / debye:          1.593833


 Magnetic transition dipole moment / i:

    x       -0.000647        Norm:                  0.008977
    y       -0.001204
    z        0.008872        Norm / Bohr mag.:      2.460293


 Electric quadrupole transition moment:

   xx        8.893046
   yy       -4.048875        1/3*trace:             2.086851
   zz        1.416383
   xy        0.771150
   xz        1.057500        Anisotropy:           11.584843
   yz       -0.901526




                         6 singlet a excitation


 Total energy:                           -115.1837976913212    

 Excitation energy:                      0.4132052149788053    

 Excitation energy / eV:                  11.24389080429829    

 Excitation energy / nm:                  110.2680968398163    

 Excitation energy / cm^(-1):             90688.06196078741    


 Oscillator strength:

    velocity representation:             0.2128435983975297    

    length representation:               0.2073685944033570    

    mixed representation:                0.2099372314602825    


 Rotatory strength:

    velocity representation:             0.2159378826935628E-06

    velocity rep. / 10^(-40)erg*cm^3:    0.1395062726657197E-01

    length representation:              -0.6989914070118978E-04

    length rep. / 10^(-40)erg*cm^3:      -4.515821151955003    


 Dominant contributions:

      occ. orbital   energy / eV   virt. orbital     energy / eV   |coeff.|^2*100
        8 a             -11.70          11 a               5.22       89.1
        7 a             -14.42          10 a               3.98        6.6
 

 Change of electron number:

             0.000000


 Electric transition dipole moment (velocity rep.):

    x       -0.148601        Norm:                  0.879008
    y       -0.837171
    z       -0.222977        Norm / debye:          2.234233


 Electric transition dipole moment (length rep.):

    x       -0.114153        Norm:                  0.867629
    y       -0.831108
    z       -0.221381        Norm / debye:          2.205310


 Magnetic transition dipole moment / i:

    x       -0.002094        Norm:                  0.013209
    y       -0.003009
    z        0.012690        Norm / Bohr mag.:      3.620212


 Electric quadrupole transition moment:

   xx        2.003995
   yy      -10.886547        1/3*trace:            -2.686301
   zz        0.823648
   xy        7.259429
   xz        2.123074        Anisotropy:           18.257544
   yz       -1.767643




                         7 singlet a excitation


 Total energy:                           -115.1827986621203    

 Excitation energy:                      0.4142042441796521    

 Excitation energy / eV:                  11.27107578366793    

 Excitation energy / nm:                  110.0021385590581    

 Excitation energy / cm^(-1):             90907.32352570177    


 Oscillator strength:

    velocity representation:             0.1871771758033970E-03

    length representation:               0.9018249592121023E-02

    mixed representation:                0.1299227589544588E-02


 Rotatory strength:

    velocity representation:            -0.1669121359301156E-06

    velocity rep. / 10^(-40)erg*cm^3:   -0.1078332789774017E-01

    length representation:               0.6216814393933138E-07

    length rep. / 10^(-40)erg*cm^3:      0.4016361525517828E-02


 Dominant contributions:

      occ. orbital   energy / eV   virt. orbital     energy / eV   |coeff.|^2*100
        9 a             -10.04          14 a               8.11       89.7
        9 a             -10.04          13 a               6.32        5.8
 

 Change of electron number:

            -0.000000


 Electric transition dipole moment (velocity rep.):

    x        0.000043        Norm:                  0.026035
    y        0.006789
    z       -0.025135        Norm / debye:          0.066176


 Electric transition dipole moment (length rep.):

    x        0.000036        Norm:                  0.180717
    y        0.046606
    z       -0.174604        Norm / debye:          0.459341


 Magnetic transition dipole moment / i:

    x        0.000923        Norm:                  0.002891
    y       -0.002647
    z       -0.000707        Norm / Bohr mag.:      0.792434


 Electric quadrupole transition moment:

   xx       -0.000626
   yy        0.423216        1/3*trace:             0.193327
   zz        0.157391
   xy       -0.398729
   xz        1.494328        Anisotropy:            3.049021
   yz       -0.812996




                         8 singlet a excitation


 Total energy:                           -115.1476370433419    

 Excitation energy:                      0.4493658629580654    

 Excitation energy / eV:                  12.22787252222585    

 Excitation energy / nm:                  101.3947796569762    

 Excitation energy / cm^(-1):             98624.40682190823    


 Oscillator strength:

    velocity representation:             0.8520395502791174E-01

    length representation:               0.1267640784511364    

    mixed representation:                0.1039269014124709    


 Rotatory strength:

    velocity representation:             0.1697607933558176E-07

    velocity rep. / 10^(-40)erg*cm^3:    0.1096736488773194E-02

    length representation:              -0.5282309394044503E-07

    length rep. / 10^(-40)erg*cm^3:     -0.3412626286032548E-02


 Dominant contributions:

      occ. orbital   energy / eV   virt. orbital     energy / eV   |coeff.|^2*100
        8 a             -11.70          12 a               6.28       96.5
 

 Change of electron number:

            -0.000000


 Electric transition dipole moment (velocity rep.):

    x        0.000026        Norm:                  0.533305
    y       -0.137266
    z        0.515337        Norm / debye:          1.355536


 Electric transition dipole moment (length rep.):

    x        0.000022        Norm:                  0.650495
    y       -0.167430
    z        0.628578        Norm / debye:          1.653405


 Magnetic transition dipole moment / i:

    x        0.006989        Norm:                  0.010711
    y        0.007843
    z        0.002089        Norm / Bohr mag.:      2.935486


 Electric quadrupole transition moment:

   xx       -0.000355
   yy       -1.701774        1/3*trace:            -0.695472
   zz       -0.384287
   xy        1.721971
   xz       -6.464348        Anisotropy:           12.971161
   yz        3.245669




                         9 singlet a excitation


 Total energy:                           -115.1408906185707    

 Excitation energy:                      0.4561122877292779    

 Excitation energy / eV:                  12.41145215940641    

 Excitation energy / nm:                  99.89503437154448    

 Excitation energy / cm^(-1):             100105.0759071154    


 Oscillator strength:

    velocity representation:             0.6735002720875785E-01

    length representation:               0.7635760745893486E-01

    mixed representation:                0.7170831686504267E-01


 Rotatory strength:

    velocity representation:             0.1440803227385999E-06

    velocity rep. / 10^(-40)erg*cm^3:    0.9308282798280491E-02

    length representation:               0.6939549373797526E-05

    length rep. / 10^(-40)erg*cm^3:      0.4483283132362963    


 Dominant contributions:

      occ. orbital   energy / eV   virt. orbital     energy / eV   |coeff.|^2*100
        7 a             -14.42          10 a               3.98       76.0
        8 a             -11.70          13 a               6.32        8.6
        8 a             -11.70          14 a               8.11        5.9
 

 Change of electron number:

             0.000000


 Electric transition dipole moment (velocity rep.):

    x       -0.463326        Norm:                  0.470629
    y        0.079778
    z        0.021350        Norm / debye:          1.196228


 Electric transition dipole moment (length rep.):

    x       -0.492355        Norm:                  0.501113
    y        0.090110
    z        0.024099        Norm / debye:          1.273712


 Magnetic transition dipole moment / i:

    x        0.000221        Norm:                  0.005067
    y       -0.000067
    z        0.005062        Norm / Bohr mag.:      1.388677


 Electric quadrupole transition moment:

   xx        7.843415
   yy        1.278961        1/3*trace:             3.126710
   zz        0.257755
   xy       -3.844894
   xz       -0.208003        Anisotropy:            9.765340
   yz        0.120917




                        10 singlet a excitation


 Total energy:                           -115.1363721712629    

 Excitation energy:                      0.4606307350370890    

 Excitation energy / eV:                  12.53440541917253    

 Excitation energy / nm:                  98.91513786272064    

 Excitation energy / cm^(-1):             101096.7604613347    


 Oscillator strength:

    velocity representation:             0.1057142694928742    

    length representation:               0.1609096707029943    

    mixed representation:                0.1290299768644401    


 Rotatory strength:

    velocity representation:            -0.7213781770595840E-07

    velocity rep. / 10^(-40)erg*cm^3:   -0.4660450468840973E-02

    length representation:               0.1668433872535116E-03

    length rep. / 10^(-40)erg*cm^3:       10.77888640210999    


 Dominant contributions:

      occ. orbital   energy / eV   virt. orbital     energy / eV   |coeff.|^2*100
        8 a             -11.70          13 a               6.32       80.0
        8 a             -11.70          14 a               8.11       10.1
 

 Change of electron number:

            -0.000000


 Electric transition dipole moment (velocity rep.):

    x        0.567326        Norm:                  0.586727
    y       -0.144588
    z       -0.038525        Norm / debye:          1.491322


 Electric transition dipole moment (length rep.):

    x        0.665532        Norm:                  0.723869
    y       -0.275104
    z       -0.073295        Norm / debye:          1.839907


 Magnetic transition dipole moment / i:

    x       -0.000403        Norm:                  0.001779
    y       -0.001268
    z       -0.001181        Norm / Bohr mag.:      0.487624


 Electric quadrupole transition moment:

   xx      -11.438964
   yy       -4.692886        1/3*trace:            -5.696334
   zz       -0.957152
   xy        6.545843
   xz        0.639382        Anisotropy:           14.674068
   yz       -0.544933

 SUMMARY OF EXCITATION ENERGIES AND DIPOLE OSCILLATOR STRENGTHS (velocity/length):

 -----------------------------------------------------------------------------------------------
 |    Exc.   | energy (Eh) | energy (eV) | energy (cm-1) | energy (nm) | Osc.(vel) | Osc.(len) |
 -----------------------------------------------------------------------------------------------
 |     1 a   |    0.279418 |     7.60335 |     61325.172 |     163.065 |   0.01552 |   0.00171 |
 |     2 a   |    0.353018 |     9.60610 |     77478.430 |     129.068 |   0.00366 |   0.00339 |
 |     3 a   |    0.354780 |     9.65405 |     77865.156 |     128.427 |   0.12288 |   0.08552 |
 |     4 a   |    0.387542 |    10.54556 |     85055.696 |     117.570 |   0.03986 |   0.03879 |
 |     5 a   |    0.398416 |    10.84146 |     87442.272 |     114.361 |   0.08183 |   0.10444 |
 |     6 a   |    0.413205 |    11.24389 |     90688.062 |     110.268 |   0.21284 |   0.20737 |
 |     7 a   |    0.414204 |    11.27107 |     90907.324 |     110.002 |   0.00019 |   0.00902 |
 |     8 a   |    0.449366 |    12.22787 |     98624.407 |     101.395 |   0.08520 |   0.12676 |
 |     9 a   |    0.456112 |    12.41145 |    100105.076 |      99.895 |   0.06735 |   0.07636 |
 |    10 a   |    0.460631 |    12.53440 |    101096.760 |      98.915 |   0.10571 |   0.16091 |
 -----------------------------------------------------------------------------------------------




    ------------------------------------------------------------------------
         total  cpu-time :   5.67 seconds
         total wall-time :   6.10 seconds
    ------------------------------------------------------------------------

   ****  escf : all done  ****


    2023-07-09 02:22:01.445 

