
 escf (compt309) : TURBOMOLE rev. V7-6-2381-g96b3af1 compiled 16 Jan 2023 at 13:48:01
 Copyright (C) 2023 TURBOMOLE GmbH, Karlsruhe


    2023-07-09 02:22:01.614 


 escf run will be profiled !




                                e s c f

                             TURBOMOLE GmbH

          integral direct evaluation of 

                    * excitation energies and transition moments 
                    * polarizabilities
                    * dynamic response properties 
                    * stabilities
                    * quasiparticle states with GW
                    * NMR coupling-constants



          references (see also programs dscf and ridft) 
          implementation and benchmarks (review) 
          F. Furche and D. Rappoport,  
          "Density functional methods for excited states: 
          equilibrium structure and electronic spectra",
          ch. III of "Computational Photochemistry", ed. by 
          M. Olivucci, vol. 16 of "Theoretical and Computational 
          Chemistry", Elsevier, Amsterdam, 2005.



              +--------------------------------------------------+
              | Atomic coordinate, charge and isotop information |
              +--------------------------------------------------+

                    atomic coordinates            atom    charge  isotop
         -9.24314180    6.23174984    0.00054802    c      6.000     0
         -9.98177905    5.77299993   -1.91166584    h      1.000     0
         -6.60094563    6.20640861   -0.00619830    o      8.000     0
         -9.98177905    4.88256098    1.43120298    h      1.000     0
         -9.90212710    8.15492412    0.51283388    h      1.000     0
         -6.10304059    4.45939461   -0.47154336    h      1.000     0
 
       center of nuclear mass  :   -7.89226438    6.16696788   -0.01670470
       center of nuclear charge:   -8.01306343    6.12842487   -0.02697059

              +--------------------------------------------------+
              |               basis set information              |
              +--------------------------------------------------+

              we will work with the 1s 3p 5d 7f 9g ... basis set
              ...i.e. with spherical basis functions...

   type   atoms  prim   cont   basis
   ---------------------------------------------------------------------------
    c        1     24     14   def2-SVP   [3s2p1d|7s4p1d]
    h        4      7      5   def2-SVP   [2s1p|4s1p]
    o        1     24     14   def2-SVP   [3s2p1d|7s4p1d]
   ---------------------------------------------------------------------------
   total:    6     76     48
   ---------------------------------------------------------------------------

   total number of primitive shells          :   29
   total number of contracted shells         :   24
   total number of cartesian basis functions :   50
   total number of SCF-basis functions       :   48


 residuum convergence criterium   :  0.10E-04


 integral neglect threshold       :  0.33E-10
 integral storage threshold THIZE :  0.10E-04
 integral storage threshold THIME :         5

 
             FOUND RI-J FLAG !
 
  
 AUXILIARY BASIS SET information:

              we will work with the 1s 3p 5d 7f 9g ... basis set
              ...i.e. with spherical basis functions...

   type   atoms  prim   cont   basis
   ---------------------------------------------------------------------------
    c        1      1      1   def2-SVP   [1s|1s]
    h        4      1      1   def2-SVP   [1s|1s]
    o        1      1      1   def2-SVP   [1s|1s]
   ---------------------------------------------------------------------------
   total:    6      6      6
   ---------------------------------------------------------------------------

   total number of primitive shells          :    3
   total number of contracted shells         :    6
   total number of cartesian basis functions :    6
   total number of SCF-basis functions       :    6

 RPA UHF-EXCITATION-CALCULATION (spin-conserved)
 
             FOUND DFT-FLAG !
 

 maximum number of Davidson iterations set to   35


 symmetry group of the molecule :   c1 

 the group has the following generators :
   c1(z)

    1 symmetry operations found

 there are 1 real representations :   a   

 maximum number of shells which are related by symmetry :  1

 IRREPs of excited states :   a   
  
           ------------------
           density functional
           ------------------
 PBE functional
 exchange:    LDA + PBE
 correlation: LDA (PW) + PBE
 spherical integration : Lebedev's spherical grid
 spherical gridsize    :                     1
    i.e. gridpoints    :                   110
  maximum batchsize    :                   100
 value for diffuse not defined
 radial integration    : Chebyshev 2nd kind (scaling 0)
 radial gridsize       :                     1
 integration cells     :                     6
 partition function    : becke
 partition sharpness   :                     3
  

 ----------------------------------------------------------------------
          some useful papers before it begins
 ----------------------------------------------------------------------

     nonorthonormal Krylov space methods 
     F. Furche, B. T. Krull, B. D. Nguyen, and J. Kwon, 
     J. Chem. Phys. 144, 174105 (2016).

     RI-J method 
     R. Bauernschmitt, M. Haeser, O. Treutler, and R. Ahlrichs,
     Chem. Phys. Lett. 264, 573 (1997).

     density functional implementation               
     R. Bauernschmitt and R. Ahlrichs,
     Chem. Phys. Lett. 256, 454 (1996).
     R. Bauernschmitt and R. Ahlrichs,
     J. Chem. Phys. 104, 9047 (1996).

     UHF extension (RPA and CIS)
     C. Ochsenfeld, J. Gauss, and R. Ahlrichs, 
     J. Chem. Phys. 103, 7401 (1995).

     integral direct algorithm                 
     H. Weiss, R. Ahlrichs, and M. Haeser, 
     J. Chem. Phys. 99, 1262 (1993).

 ----------------------------------------------------------------------

  MOs are in ASCII format !


    mo occupation :
   irrep   mo's   occupied
    a       48        9
 
 number of basis functions   :    48
 number of occupied orbitals :     9
 
 ALPHA-Occupation:9
 BETA-Occupation :8

 reading orbital data $uhfmo_alpha  from file alpha
 orbital characterization : scfconv=7

 reading orbital data $uhfmo_beta  from file beta
 orbital characterization : scfconv=7
  
           ----------------------
               RI - INFORMATION
           ----------------------

 biggest AO integral is expected to be     4.776656448

 Threshold for integral neglect (rithr2):   0.33E-10
 Threshold for integral neglect (rithr1):   0.33E-10

 Contributions to RI integral batches: 
  neglected integral batches:                     0
  direct contribution:                            0
  memory contribution:                   300
 Core memory available (ricore)            500 MiB
 Core memory needed for (P|Q) and Cholesky 1 MiB
 Core memory used for integrals            1 MiB
  
 ****************************************
 Memory allocated for RIDFT 1 MiB
 ****************************************
                                            
 preparing DFT   numerical integration ....
          Overall gridpoints after grid construction =          7004

 Calculating ground state density on molecular grid

 Integral of ground state total density: Na =   17.00000929202917    

 Integral of ground state spin density:  Nb =   1.000016240511059    


 all orbitals will be included in the transformation

 number of non-frozen orbitals          :    48
 number of non-frozen occupied orbitals :     9
 all orbitals will be included in the transformation

 number of non-frozen orbitals          :    48
 number of non-frozen occupied orbitals :     8

 dimension of super-tensorspace: 1

          IRREP   tensor space dimension   number of roots

           a                 671                     10
                     6
 Switching off XC: hybrid=  0.000000000000000E+000

 machine precision: 2.22D-16


 logfile unrs_a    exists already

 found     10 converged vectors on unrs_a   
 read      10 vectors from logfile unrs_a   



                       Nonorthonormal Krylov Space Iteration


 total number of roots to be determined: 10


 maximum core memory set to          500 MB,
 corresponding to    12835 vectors in CAO basis


 maximum number of simultaneously treated vectors (including degeneracy):       10


 Iteration IRREP Converged      Max. Euclidean
                 roots          residual norm

    1       a        0        1.089820182438358D-01
 
    2       a        0        1.444638222907636D-01
 
    3       a        3        8.766390850018699D-02
 
    4       a        7        3.963540946216861D-02
 
    5       a        9        3.668880299195159D-03
 
    6       a        9        1.432771876674710D-05
 
    7       a       10        1.668320605596745D-06
 

 converged!

 Eigenpairs written on logfile unrs_a   



 IRREP   Vector     Eigenvalue           Euclidean residual norm

  a         1    2.911417451658062D-03    6.366823764405755D-07
            2    2.269538041130097D-02    3.124397755510774D-07
            3    4.142755296050803D-02    1.668320605596745D-06
            4    5.989130704502231D-02    1.018587169624935D-06
            5    1.297323641635337D-01    2.153727578485199D-07
            6    1.332439249969535D-01    1.601363330951210D-06
            7    1.348494449072941D-01    1.146313414457434D-06
            8    1.435832932218375D-01    1.002853642472380D-06
            9    1.971129168168837D-01    2.700590459901169D-09
           10    1.991486063963924D-01    7.852388746899962D-07






                    Selection rules for point group c1  


 Subduction with respect to c1  :

    Polar vector representation: a                           

    Axial vector representation: a                           

    Symmetric second rank tensor representation: a                           




                            Ground state


 Total energy:                           -115.1048937605000    

 Charge:

               elec          nuc         total

           -17.000000    18.000000     1.000000


 Electric dipole moment:

               elec          nuc         total   

    x      135.832471  -144.235142    -8.402671    Norm:              9.990484
    y     -104.912018   110.311648     5.399630
    z        0.264380    -0.485471    -0.221090    Norm / debye:     25.393468


 Electric quadrupole moment:

               elec          nuc         total   

   xx    -1130.486983  1195.764940    65.277957
   yy     -662.506437   684.720217    22.213780    1/3*trace:        26.829632
   zz      -13.191310     6.188469    -7.002841
   xy      840.452038  -887.679428   -47.227389
   xz       -1.529166     2.892501     1.363335    Anisotropy:      103.282296
   yz        1.093637    -2.256050    -1.162414



 ==============================================================================

                              I R R E P   a   

 ==============================================================================


 Excitation is electric dipole allowed

 Excitation is magnetic dipole allowed

 Excitation is electric quadrupole allowed




                             1 a excitation


 Total energy:                           -115.0509362081866    

 Excitation energy:                      0.5395755231344414E-01

 Excitation energy / eV:                  1.468260332364629    

 Excitation energy / nm:                  844.4295692902913    

 Excitation energy / cm^(-1):             11842.31386746909    


 Oscillator strength:

    velocity representation:             0.5008313170314376E-03

    length representation:               0.7185235856659897E-04

    mixed representation:                0.1896995260009166E-03


 Rotatory strength:

    velocity representation:             0.1523973999181027E-07

    velocity rep. / 10^(-40)erg*cm^3:    0.9845606042498886E-03

    length representation:               0.1878624871696088E-07

    length rep. / 10^(-40)erg*cm^3:      0.1213682149321407E-02


 Dominant contributions:

      occ. orbital   energy / eV   virt. orbital     energy / eV   |coeff.|^2*100
        8 a   beta           -16.38      9 a   beta           -14.98       99.9
 
                   <Za|Za> =    0.0001111227
                   <Zb|Zb> =    0.9998888773
                   <Za|Zb> =    0.0000616891

         1/2 <Za+Zb|Za+Zb> =    0.5000616891
         1/2 <Za-Zb|Za-Zb> =    0.4999383109

                     <Z|Z> =    1.0000000000


 Change of electron number:

             0.000000


 Electric transition dipole moment (velocity rep.):

    x        0.000005        Norm:                  0.117995
    y       -0.030372
    z        0.114020        Norm / debye:          0.299917


 Electric transition dipole moment (length rep.):

    x        0.000006        Norm:                  0.044693
    y        0.011502
    z       -0.043188        Norm / debye:          0.113599


 Magnetic transition dipole moment / i:

    x        0.002902        Norm:                  0.003000
    y       -0.000734
    z       -0.000195        Norm / Bohr mag.:      0.822208


 Electric quadrupole transition moment:

   xx       -0.000101
   yy       -0.097189        1/3*trace:             0.047733
   zz        0.240490
   xy       -0.234258
   xz        0.879641        Anisotropy:            1.626165
   yz        0.150342




                             2 a excitation


 Total energy:                           -114.9542439001904    

 Excitation energy:                      0.1506498603095966    

 Excitation energy / eV:                  4.099393031839591    

 Excitation energy / nm:                  302.4453694571236    

 Excitation energy / cm^(-1):             33063.82245645530    


 Oscillator strength:

    velocity representation:             0.2618955663291301E-02

    length representation:               0.5921820724896742E-03

    mixed representation:                0.1245350790329995E-02


 Rotatory strength:

    velocity representation:            -0.9161681118004855E-08

    velocity rep. / 10^(-40)erg*cm^3:   -0.5918887266013110E-03

    length representation:              -0.7953981351541512E-08

    length rep. / 10^(-40)erg*cm^3:     -0.5138655049150756E-03


 Dominant contributions:

      occ. orbital   energy / eV   virt. orbital     energy / eV   |coeff.|^2*100
        7 a   beta           -19.08      9 a   beta           -14.98      100.0
 
                   <Za|Za> =    0.0000173118
                   <Zb|Zb> =    0.9999826882
                   <Za|Zb> =    0.0000116110

         1/2 <Za+Zb|Za+Zb> =    0.5000116110
         1/2 <Za-Zb|Za-Zb> =    0.4999883890

                     <Z|Z> =    1.0000000000


 Change of electron number:

            -0.000000


 Electric transition dipole moment (velocity rep.):

    x       -0.000004        Norm:                  0.161482
    y       -0.041563
    z        0.156042        Norm / debye:          0.410451


 Electric transition dipole moment (length rep.):

    x       -0.000004        Norm:                  0.076787
    y       -0.019763
    z        0.074200        Norm / debye:          0.195175


 Magnetic transition dipole moment / i:

    x        0.000946        Norm:                  0.002450
    y       -0.002184
    z       -0.000582        Norm / Bohr mag.:      0.671454


 Electric quadrupole transition moment:

   xx        0.000059
   yy       -0.249178        1/3*trace:            -0.082057
   zz        0.002948
   xy        0.009042
   xz       -0.034102        Anisotropy:            0.849662
   yz        0.467384




                             3 a excitation


 Total energy:                           -114.9013561645613    

 Excitation energy:                      0.2035375959387062    

 Excitation energy / eV:                  5.538542158577518    

 Excitation energy / nm:                  223.8571820103498    

 Excitation energy / cm^(-1):             44671.33870221337    


 Oscillator strength:

    velocity representation:             0.5663176983780132E-01

    length representation:               0.7188948355513598E-01

    mixed representation:                0.6380373024745555E-01


 Rotatory strength:

    velocity representation:            -0.1225304288049468E-07

    velocity rep. / 10^(-40)erg*cm^3:   -0.7916055857122672E-03

    length representation:               0.4893378303060017E-05

    length rep. / 10^(-40)erg*cm^3:      0.3161358068755196    


 Dominant contributions:

      occ. orbital   energy / eV   virt. orbital     energy / eV   |coeff.|^2*100
        6 a   beta           -19.11      9 a   beta           -14.98       97.8
 
                   <Za|Za> =    0.0119952875
                   <Zb|Zb> =    0.9880047125
                   <Za|Zb> =    0.0111283664

         1/2 <Za+Zb|Za+Zb> =    0.5111283664
         1/2 <Za-Zb|Za-Zb> =    0.4888716336

                     <Z|Z> =    1.0000000000


 Change of electron number:

            -0.000000


 Electric transition dipole moment (velocity rep.):

    x       -0.644258        Norm:                  0.646031
    y       -0.046214
    z       -0.012307        Norm / debye:          1.642059


 Electric transition dipole moment (length rep.):

    x       -0.726321        Norm:                  0.727874
    y       -0.045920
    z       -0.012228        Norm / debye:          1.850084


 Magnetic transition dipole moment / i:

    x       -0.000057        Norm:                  0.003272
    y       -0.000077
    z        0.003270        Norm / Bohr mag.:      0.896697


 Electric quadrupole transition moment:

   xx       11.714697
   yy       -0.511411        1/3*trace:             3.879669
   zz        0.435721
   xy       -3.812847
   xz        0.189595        Anisotropy:           13.513605
   yz       -0.183698




                             4 a excitation


 Total energy:                           -114.8601667553595    

 Excitation energy:                      0.2447270051404673    

 Excitation energy / eV:                  6.659363490374882    

 Excitation energy / nm:                  186.1803221669294    

 Excitation energy / cm^(-1):             53711.36907552106    


 Oscillator strength:

    velocity representation:             0.1252564580399769E-01

    length representation:               0.9609652596617680E-02

    mixed representation:                0.1097119431621929E-01


 Rotatory strength:

    velocity representation:            -0.1741422101536736E-09

    velocity rep. / 10^(-40)erg*cm^3:   -0.1125042551555669E-04

    length representation:              -0.2216992553344017E-08

    length rep. / 10^(-40)erg*cm^3:     -0.1432283968828136E-03


 Dominant contributions:

      occ. orbital   energy / eV   virt. orbital     energy / eV   |coeff.|^2*100
        5 a   beta           -21.43      9 a   beta           -14.98       99.2
 
                   <Za|Za> =    0.0025888628
                   <Zb|Zb> =    0.9974111372
                   <Za|Zb> =    0.0017504394

         1/2 <Za+Zb|Za+Zb> =    0.5017504394
         1/2 <Za-Zb|Za-Zb> =    0.4982495606

                     <Z|Z> =    1.0000000000


 Change of electron number:

             0.000000


 Electric transition dipole moment (velocity rep.):

    x        0.000004        Norm:                  0.277080
    y        0.071319
    z       -0.267744        Norm / debye:          0.704272


 Electric transition dipole moment (length rep.):

    x        0.000004        Norm:                  0.242694
    y        0.062469
    z       -0.234516        Norm / debye:          0.616871


 Magnetic transition dipole moment / i:

    x       -0.002834        Norm:                  0.004763
    y       -0.003699
    z       -0.000985        Norm / Bohr mag.:      1.305301


 Electric quadrupole transition moment:

   xx       -0.000060
   yy        0.780073        1/3*trace:             0.259420
   zz       -0.001752
   xy       -0.625670
   xz        2.348926        Anisotropy:            4.976620
   yz       -1.464020




                             5 a excitation


 Total energy:                           -114.7447099683001    

 Excitation energy:                      0.3601837921999458    

 Excitation energy / eV:                  9.801103863565681    

 Excitation energy / nm:                  126.5002858171553    

 Excitation energy / cm^(-1):             79051.20477720865    


 Oscillator strength:

    velocity representation:             0.4184047196581481E-03

    length representation:               0.2312004712304297E-03

    mixed representation:                0.2631220770380710E-03


 Rotatory strength:

    velocity representation:             0.3508894459404392E-09

    velocity rep. / 10^(-40)erg*cm^3:    0.2266914823387286E-04

    length representation:              -0.1455870613266232E-05

    length rep. / 10^(-40)erg*cm^3:     -0.9405625368131953E-01


 Dominant contributions:

      occ. orbital   energy / eV   virt. orbital     energy / eV   |coeff.|^2*100
        8 a   beta           -16.38     10 a   beta            -6.61       74.3
        9 a   alpha          -16.65     10 a   alpha           -6.81       25.7
 
                   <Za|Za> =    0.2570149247
                   <Zb|Zb> =    0.7429850753
                   <Za|Zb> =   -0.4357692801

         1/2 <Za+Zb|Za+Zb> =    0.0642307199
         1/2 <Za-Zb|Za-Zb> =    0.9357692801

                     <Z|Z> =    1.0000000000


 Change of electron number:

            -0.000000


 Electric transition dipole moment (velocity rep.):

    x       -0.012053        Norm:                  0.041743
    y        0.038618
    z        0.010289        Norm / debye:          0.106100


 Electric transition dipole moment (length rep.):

    x       -0.023420        Norm:                  0.031030
    y        0.019670
    z        0.005239        Norm / debye:          0.078870


 Magnetic transition dipole moment / i:

    x        0.000084        Norm:                  0.000661
    y       -0.000144
    z        0.000640        Norm / Bohr mag.:      0.181207


 Electric quadrupole transition moment:

   xx        0.339948
   yy        0.156806        1/3*trace:             0.189526
   zz        0.071824
   xy       -0.123395
   xz        0.005999        Anisotropy:            0.320376
   yz       -0.013257




                             6 a excitation


 Total energy:                           -114.7398678367672    

 Excitation energy:                      0.3650259237327583    

 Excitation energy / eV:                  9.932865023012290    

 Excitation energy / nm:                  124.8222378127799    

 Excitation energy / cm^(-1):             80113.92980717350    


 Oscillator strength:

    velocity representation:             0.4068344145140800E-02

    length representation:               0.3884485362141194E-02

    mixed representation:                0.3497594390431001E-02


 Rotatory strength:

    velocity representation:             0.2393972826731457E-07

    velocity rep. / 10^(-40)erg*cm^3:    0.1546621749525371E-02

    length representation:              -0.1655946742985940E-04

    length rep. / 10^(-40)erg*cm^3:      -1.069821353091343    


 Dominant contributions:

      occ. orbital   energy / eV   virt. orbital     energy / eV   |coeff.|^2*100
        9 a   alpha          -16.65     10 a   alpha           -6.81       74.1
        8 a   beta           -16.38     10 a   beta            -6.61       25.5
 
                   <Za|Za> =    0.7431594907
                   <Zb|Zb> =    0.2568405093
                   <Za|Zb> =    0.4352526051

         1/2 <Za+Zb|Za+Zb> =    0.9352526051
         1/2 <Za-Zb|Za-Zb> =    0.0647473949

                     <Z|Z> =    1.0000000000


 Change of electron number:

            -0.000000


 Electric transition dipole moment (velocity rep.):

    x        0.089954        Norm:                  0.129298
    y       -0.089748
    z       -0.023909        Norm / debye:          0.328646


 Electric transition dipole moment (length rep.):

    x        0.120471        Norm:                  0.126343
    y       -0.036786
    z       -0.009805        Norm / debye:          0.321134


 Magnetic transition dipole moment / i:

    x       -0.000198        Norm:                  0.003608
    y        0.000740
    z       -0.003526        Norm / Bohr mag.:      0.988881


 Electric quadrupole transition moment:

   xx       -1.844850
   yy       -0.130652        1/3*trace:            -0.740255
   zz       -0.245263
   xy        0.445894
   xz       -0.081060        Anisotropy:            1.844796
   yz        0.103200




                             7 a excitation


 Total energy:                           -114.7376752357667    

 Excitation energy:                      0.3672185247332902    

 Excitation energy / eV:                  9.992528757480503    

 Excitation energy / nm:                  124.0769449011118    

 Excitation energy / cm^(-1):             80595.15010203769    


 Oscillator strength:

    velocity representation:             0.7335990372576142E-04

    length representation:               0.3442817642603094E-03

    mixed representation:                0.1589227903431128E-03


 Rotatory strength:

    velocity representation:            -0.1332711419447208E-07

    velocity rep. / 10^(-40)erg*cm^3:   -0.8609957657589972E-03

    length representation:              -0.1700475361726713E-07

    length rep. / 10^(-40)erg*cm^3:     -0.1098588985477058E-02


 Dominant contributions:

      occ. orbital   energy / eV   virt. orbital     energy / eV   |coeff.|^2*100
        8 a   alpha          -16.79     10 a   alpha           -6.81       97.2
 
                   <Za|Za> =    0.9723079647
                   <Zb|Zb> =    0.0276920353
                   <Za|Zb> =    0.0007110543

         1/2 <Za+Zb|Za+Zb> =    0.5007110543
         1/2 <Za-Zb|Za-Zb> =    0.4992889457

                     <Z|Z> =    1.0000000000


 Change of electron number:

            -0.000000


 Electric transition dipole moment (velocity rep.):

    x        0.000007        Norm:                  0.017311
    y        0.004446
    z       -0.016730        Norm / debye:          0.044000


 Electric transition dipole moment (length rep.):

    x        0.000009        Norm:                  0.037501
    y       -0.009658
    z        0.036236        Norm / debye:          0.095318


 Magnetic transition dipole moment / i:

    x        0.000494        Norm:                  0.002126
    y        0.001998
    z        0.000532        Norm / Bohr mag.:      0.582656


 Electric quadrupole transition moment:

   xx       -0.000138
   yy       -0.049719        1/3*trace:            -0.040149
   zz       -0.070589
   xy        0.121924
   xz       -0.457553        Anisotropy:            0.841557
   yz        0.102678




                             8 a excitation


 Total energy:                           -114.7259698984619    

 Excitation energy:                      0.3789238620380583    

 Excitation energy / eV:                  10.31104732818403    

 Excitation energy / nm:                  120.2440839036516    

 Excitation energy / cm^(-1):             83164.17468422060    


 Oscillator strength:

    velocity representation:             0.2524747395758612E-01

    length representation:               0.2233012949905275E-01

    mixed representation:                0.2374403847277730E-01


 Rotatory strength:

    velocity representation:             0.6792610042181855E-08

    velocity rep. / 10^(-40)erg*cm^3:    0.4388353246944088E-03

    length representation:               0.6002621161152837E-08

    length rep. / 10^(-40)erg*cm^3:      0.3877982380725502E-03


 Dominant contributions:

      occ. orbital   energy / eV   virt. orbital     energy / eV   |coeff.|^2*100
        4 a   beta           -25.07      9 a   beta           -14.98       94.9
 
                   <Za|Za> =    0.0406253209
                   <Zb|Zb> =    0.9593746791
                   <Za|Zb> =    0.0054419649

         1/2 <Za+Zb|Za+Zb> =    0.5054419649
         1/2 <Za-Zb|Za-Zb> =    0.4945580351

                     <Z|Z> =    1.0000000000


 Change of electron number:

             0.000000


 Electric transition dipole moment (velocity rep.):

    x       -0.000001        Norm:                  0.316139
    y       -0.081374
    z        0.305487        Norm / debye:          0.803552


 Electric transition dipole moment (length rep.):

    x       -0.000001        Norm:                  0.297314
    y       -0.076528
    z        0.287296        Norm / debye:          0.755702


 Magnetic transition dipole moment / i:

    x        0.001769        Norm:                  0.002689
    y        0.001957
    z        0.000521        Norm / Bohr mag.:      0.737063


 Electric quadrupole transition moment:

   xx        0.000009
   yy       -0.876036        1/3*trace:            -0.317830
   zz       -0.077464
   xy        0.632658
   xz       -2.375076        Anisotropy:            5.200310
   yz        1.654681




                             9 a excitation


 Total energy:                           -114.6609197558366    

 Excitation energy:                      0.4439740046634304    

 Excitation energy / eV:                  12.08115253007803    

 Excitation energy / nm:                  102.6261722114583    

 Excitation energy / cm^(-1):             97441.03071390647    


 Oscillator strength:

    velocity representation:             0.2287756349872112E-02

    length representation:               0.1558047540738025E-02

    mixed representation:                0.1881191750284005E-02


 Rotatory strength:

    velocity representation:            -0.2720142648189316E-08

    velocity rep. / 10^(-40)erg*cm^3:   -0.1757343163850814E-03

    length representation:               0.1401442281830668E-05

    length rep. / 10^(-40)erg*cm^3:      0.9053992132162635E-01


 Dominant contributions:

      occ. orbital   energy / eV   virt. orbital     energy / eV   |coeff.|^2*100
        9 a   alpha          -16.65     11 a   alpha           -4.58       75.3
        8 a   beta           -16.38     11 a   beta            -4.28       24.5
 
                   <Za|Za> =    0.7539320889
                   <Zb|Zb> =    0.2460679111
                   <Za|Zb> =   -0.4278442391

         1/2 <Za+Zb|Za+Zb> =    0.0721557609
         1/2 <Za-Zb|Za-Zb> =    0.9278442391

                     <Z|Z> =    1.0000000000


 Change of electron number:

            -0.000000


 Electric transition dipole moment (velocity rep.):

    x       -0.039181        Norm:                  0.087917
    y       -0.076054
    z       -0.020247        Norm / debye:          0.223464


 Electric transition dipole moment (length rep.):

    x       -0.037717        Norm:                  0.072553
    y       -0.059893
    z       -0.015943        Norm / debye:          0.184414


 Magnetic transition dipole moment / i:

    x       -0.000204        Norm:                  0.001331
    y       -0.000239
    z        0.001294        Norm / Bohr mag.:      0.364884


 Electric quadrupole transition moment:

   xx        0.620642
   yy       -0.761458        1/3*trace:             0.017359
   zz        0.192894
   xy        0.496208
   xz        0.194642        Anisotropy:            1.558894
   yz       -0.159006




                            10 a excitation


 Total energy:                           -114.6586330671868    

 Excitation energy:                      0.4462606933132162    

 Excitation energy / eV:                  12.14337652084480    

 Excitation energy / nm:                  102.1003044693890    

 Excitation energy / cm^(-1):             97942.90086084409    


 Oscillator strength:

    velocity representation:             0.3657473874242333E-01

    length representation:               0.2527521587928651E-01

    mixed representation:                0.3035286177326040E-01


 Rotatory strength:

    velocity representation:            -0.6987182880984254E-08

    velocity rep. / 10^(-40)erg*cm^3:   -0.4514056672228807E-03

    length representation:               0.1554725324253837E-04

    length rep. / 10^(-40)erg*cm^3:       1.004427441355666    


 Dominant contributions:

      occ. orbital   energy / eV   virt. orbital     energy / eV   |coeff.|^2*100
        8 a   beta           -16.38     11 a   beta            -4.28       73.8
        9 a   alpha          -16.65     11 a   alpha           -4.58       23.3
 
                   <Za|Za> =    0.2502154300
                   <Zb|Zb> =    0.7497845700
                   <Za|Zb> =    0.4197177077

         1/2 <Za+Zb|Za+Zb> =    0.9197177077
         1/2 <Za-Zb|Za-Zb> =    0.0802822923

                     <Z|Z> =    1.0000000000


 Change of electron number:

            -0.000000


 Electric transition dipole moment (velocity rep.):

    x        0.153221        Norm:                  0.350624
    y        0.304748
    z        0.081175        Norm / debye:          0.891205


 Electric transition dipole moment (length rep.):

    x        0.142431        Norm:                  0.291473
    y        0.245735
    z        0.065455        Norm / debye:          0.740857


 Magnetic transition dipole moment / i:

    x        0.000823        Norm:                  0.005544
    y        0.001021
    z       -0.005387        Norm / Bohr mag.:      1.519510


 Electric quadrupole transition moment:

   xx       -2.369576
   yy        3.153427        1/3*trace:             0.038553
   zz       -0.668193
   xy       -2.022943
   xz       -0.775192        Anisotropy:            6.265416
   yz        0.625637

 SUMMARY OF EXCITATION ENERGIES AND DIPOLE OSCILLATOR STRENGTHS (velocity/length):

 -----------------------------------------------------------------------------------------------
 |    Exc.   | energy (Eh) | energy (eV) | energy (cm-1) | energy (nm) | Osc.(vel) | Osc.(len) |
 -----------------------------------------------------------------------------------------------
 |     1 a   |    0.053958 |     1.46826 |     11842.314 |     844.430 |   0.00050 |   0.00007 |
 |     2 a   |    0.150650 |     4.09939 |     33063.822 |     302.445 |   0.00262 |   0.00059 |
 |     3 a   |    0.203538 |     5.53854 |     44671.339 |     223.857 |   0.05663 |   0.07189 |
 |     4 a   |    0.244727 |     6.65936 |     53711.369 |     186.180 |   0.01253 |   0.00961 |
 |     5 a   |    0.360184 |     9.80110 |     79051.205 |     126.500 |   0.00042 |   0.00023 |
 |     6 a   |    0.365026 |     9.93286 |     80113.930 |     124.822 |   0.00407 |   0.00388 |
 |     7 a   |    0.367219 |     9.99253 |     80595.150 |     124.077 |   0.00007 |   0.00034 |
 |     8 a   |    0.378924 |    10.31104 |     83164.175 |     120.244 |   0.02525 |   0.02233 |
 |     9 a   |    0.443974 |    12.08115 |     97441.031 |     102.626 |   0.00229 |   0.00156 |
 |    10 a   |    0.446261 |    12.14337 |     97942.901 |     102.100 |   0.03657 |   0.02528 |
 -----------------------------------------------------------------------------------------------



    escf profiling
  --------------------------------------------------------------------
             module   cpu total (s)       %  wall total (s)       %

         input total             0.0    4.75             0.0    4.20
       init symmetry             0.0    0.82             0.0    0.67
               moinp             0.0    0.97             0.0    0.43
            RI total             0.0    0.75             0.0    0.34
          RI prelims             0.0    0.27             0.0    0.12
           grid init             0.0    0.78             0.0    0.35
            becke...             0.0    0.39             0.0    0.18
         dft prelims             0.0    3.23             0.0    1.45
           dft total             0.0    3.23             0.0    1.45
             funct_2             0.0    1.44             0.0    0.64
              onde_2             0.0    1.06             0.0    0.48
                 gga             0.0    0.56             0.0    0.25
              tracao             0.0    0.13             0.0    0.26
           diag_prep             0.0    0.02             0.0    0.01
              respon             0.4   79.11             0.8   81.63
            startvec             0.0    0.04             0.0    0.02
           mvproduct             0.0    1.65             0.0    1.61
            tramocao             0.0    0.73             0.0    0.33
     tramocao_mvprod             0.0    0.51             0.0    0.23
              colrsp             0.0    0.47             0.0    0.21
              gammaP             0.0    0.17             0.0    0.08
              cotlet             0.0    0.03             0.0    0.01
              gammaQ             0.0    0.17             0.0    0.08
            tracaomo             0.0    0.53             0.0    1.11
                ritz             0.0    1.29             0.0    0.58
            expandl3             0.0    0.23             0.0    0.91
           startover             0.0    0.46             0.0    0.20
                rest             0.0    0.30             0.0    2.00
             writeep             0.0    3.24             0.0    2.97
              proper             0.0    2.20             0.0    1.78
             eu_norm             0.0    0.28             0.0    0.12
 


    ------------------------------------------------------------------------
         total  cpu-time :   0.46 seconds
         total wall-time :   1.07 seconds
    ------------------------------------------------------------------------

   ****  escf : all done  ****


    2023-07-09 02:22:02.661 

