
 escf (compt194) : TURBOMOLE rev. V7-6-2381-g96b3af1 compiled 16 Jan 2023 at 13:48:01
 Copyright (C) 2023 TURBOMOLE GmbH, Karlsruhe


    2023-07-09 02:21:52.664 




                                e s c f

                             TURBOMOLE GmbH

          integral direct evaluation of 

                    * excitation energies and transition moments 
                    * polarizabilities
                    * dynamic response properties 
                    * stabilities
                    * quasiparticle states with GW
                    * NMR coupling-constants



          references (see also programs dscf and ridft) 
          implementation and benchmarks (review) 
          F. Furche and D. Rappoport,  
          "Density functional methods for excited states: 
          equilibrium structure and electronic spectra",
          ch. III of "Computational Photochemistry", ed. by 
          M. Olivucci, vol. 16 of "Theoretical and Computational 
          Chemistry", Elsevier, Amsterdam, 2005.



              +--------------------------------------------------+
              | Atomic coordinate, charge and isotop information |
              +--------------------------------------------------+

                    atomic coordinates            atom    charge  isotop
         -9.24314180    6.23174984    0.00054802    c      6.000     0
         -9.98177905    5.77299993   -1.91166584    h      1.000     0
         -6.60094563    6.20640861   -0.00619830    o      8.000     0
         -9.98177905    4.88256098    1.43120298    h      1.000     0
         -9.90212710    8.15492412    0.51283388    h      1.000     0
         -6.10304059    4.45939461   -0.47154336    h      1.000     0
 
       center of nuclear mass  :   -7.89226438    6.16696788   -0.01670470
       center of nuclear charge:   -8.01306343    6.12842487   -0.02697059

              +--------------------------------------------------+
              |               basis set information              |
              +--------------------------------------------------+

              we will work with the 1s 3p 5d 7f 9g ... basis set
              ...i.e. with spherical basis functions...

   type   atoms  prim   cont   basis
   ---------------------------------------------------------------------------
    c        1     24     14   def2-SVP   [3s2p1d|7s4p1d]
    h        4      7      5   def2-SVP   [2s1p|4s1p]
    o        1     24     14   def2-SVP   [3s2p1d|7s4p1d]
   ---------------------------------------------------------------------------
   total:    6     76     48
   ---------------------------------------------------------------------------

   total number of primitive shells          :   29
   total number of contracted shells         :   24
   total number of cartesian basis functions :   50
   total number of SCF-basis functions       :   48


 residuum convergence criterium   :  0.10E-04


 integral neglect threshold       :  0.33E-10
 integral storage threshold THIZE :  0.10E-04
 integral storage threshold THIME :         5

 
             FOUND RI-J FLAG !
 
  
 AUXILIARY BASIS SET information:

              we will work with the 1s 3p 5d 7f 9g ... basis set
              ...i.e. with spherical basis functions...

   type   atoms  prim   cont   basis
   ---------------------------------------------------------------------------
    c        1     70     49   def2-SVP   [6s4p3d1f1g|12s5p4d2f1g]
    h        4     16     11   def2-SVP   [3s1p1d|5s2p1d]
    o        1     70     49   def2-SVP   [6s4p3d1f1g|12s5p4d2f1g]
   ---------------------------------------------------------------------------
   total:    6    204    142
   ---------------------------------------------------------------------------

   total number of primitive shells          :   56
   total number of contracted shells         :   50
   total number of cartesian basis functions :  170
   total number of SCF-basis functions       :  142

 CI SINGLES SINGLET-CALCULATION (TAMM-DANCOFF-APPROXIMATION)
 
             FOUND DFT-FLAG !
 

 maximum number of Davidson iterations set to   35


 symmetry group of the molecule :   c1 

 the group has the following generators :
   c1(z)

    1 symmetry operations found

 there are 1 real representations :   a   

 maximum number of shells which are related by symmetry :  1

 IRREPs of excited states :   a   
  
           ------------------
           density functional
           ------------------
 PBE functional
 exchange:    LDA + PBE
 correlation: LDA (PW) + PBE
 spherical integration : Lebedev's spherical grid
 spherical gridsize    :                     4
    i.e. gridpoints    :                   434
  maximum batchsize    :                   100
 value for diffuse not defined
 radial integration    : Chebyshev 2nd kind (scaling 3)
 radial gridsize       :                     6
 integration cells     :                     6
 partition function    : becke
 partition sharpness   :                     3
  

 ----------------------------------------------------------------------
          some useful papers before it begins
 ----------------------------------------------------------------------

     nonorthonormal Krylov space methods 
     F. Furche, B. T. Krull, B. D. Nguyen, and J. Kwon, 
     J. Chem. Phys. 144, 174105 (2016).

     RI-J method 
     R. Bauernschmitt, M. Haeser, O. Treutler, and R. Ahlrichs,
     Chem. Phys. Lett. 264, 573 (1997).

     density functional implementation               
     R. Bauernschmitt and R. Ahlrichs,
     Chem. Phys. Lett. 256, 454 (1996).
     R. Bauernschmitt and R. Ahlrichs,
     J. Chem. Phys. 104, 9047 (1996).

     UHF extension (RPA and CIS)
     C. Ochsenfeld, J. Gauss, and R. Ahlrichs, 
     J. Chem. Phys. 103, 7401 (1995).

     integral direct algorithm                 
     H. Weiss, R. Ahlrichs, and M. Haeser, 
     J. Chem. Phys. 99, 1262 (1993).

 ----------------------------------------------------------------------

  MOs are in ASCII format !


    mo occupation :
   irrep   mo's   occupied
    a       48        9
 
 number of basis functions   :    48
 number of occupied orbitals :     9
 

 reading orbital data $scfmo  from file mos
 orbital characterization : scfconv=8
  
           ----------------------
               RI - INFORMATION
           ----------------------

 biggest AO integral is expected to be     4.776656448

 Threshold for integral neglect (rithr2):   0.33E-10
 Threshold for integral neglect (rithr1):   0.33E-10

 Contributions to RI integral batches: 
  neglected integral batches:                     0
  direct contribution:                            0
  memory contribution:                   300
 Core memory available (ricore)            500 MiB
 Core memory needed for (P|Q) and Cholesky 1 MiB
 Core memory used for integrals            2 MiB
  
 ****************************************
 Memory allocated for RIDFT 2 MiB
 ****************************************
                                            
 preparing DFT   numerical integration ....
          Overall gridpoints after grid construction =         55768

 Calculating ground state density on molecular grid

 Integral of ground state density: N =   18.00000095514679    


 all orbitals will be included in the transformation

 number of non-frozen orbitals          :    48
 number of non-frozen occupied orbitals :     9



 dimension of super-tensorspace: 1

          IRREP   tensor space dimension   number of roots

           a                 351                     10

 machine precision: 2.22D-16


 logfile ciss_a    will be constructed




                       Nonorthonormal Krylov Space Iteration


 total number of roots to be determined: 10


 maximum core memory set to          500 MB,
 corresponding to    24094 vectors in CAO basis


 maximum number of simultaneously treated vectors (including degeneracy):       18


 Iteration IRREP Converged      Max. Euclidean
                 roots          residual norm

    1       a        0        9.082758955398586D-02
 
    2       a        0        1.018963866940696D-02
 
    3       a        0        1.361869796270203D-03
 
    4       a        5        6.214380730038898D-05
 
    5       a       10        1.558643700732634D-06
 

 converged!

 Eigenpairs written on logfile ciss_a   



 IRREP   Vector     Eigenvalue           Euclidean residual norm

  a         1    2.406802502750003D-01    2.060434306015148D-07
            2    2.875845731674618D-01    3.029254503422152D-07
            3    3.080861387584004D-01    1.092041135166691D-06
            4    3.244381960103855D-01    7.365827786071848D-07
            5    3.320127802206588D-01    7.413516718382346D-07
            6    3.572541111410503D-01    1.360115571892157D-06
            7    3.794989962676339D-01    7.184807058436950D-07
            8    3.912948209911998D-01    1.558643700732634D-06
            9    4.014761197704031D-01    1.236640067475413D-06
           10    4.034772678685992D-01    1.476038225842323D-06






                    Selection rules for point group c1  


 Subduction with respect to c1  :

    Polar vector representation: a                           

    Axial vector representation: a                           

    Symmetric second rank tensor representation: a                           




                            Ground state


 Total energy:                           -115.4865170747000    

 Charge:

               elec          nuc         total

           -18.000000    18.000000    -0.000000


 Electric dipole moment:

               elec          nuc         total   

    x      143.936558  -144.235142    -0.298584    Norm:              0.618584
    y     -110.835144   110.311648    -0.523497
    z        0.346026    -0.485471    -0.139445    Norm / debye:      1.572295


 Electric quadrupole moment:

               elec          nuc         total   

   xx    -1200.940763  1195.764940    -5.175822
   yy     -699.847505   684.720217   -15.127288    1/3*trace:       -10.085843
   zz      -16.142889     6.188469    -9.954420
   xy      888.572369  -887.679428     0.892941
   xz       -2.159155     2.892501     0.733345    Anisotropy:        8.888998
   yz        1.774297    -2.256050    -0.481754



 ==============================================================================

                              I R R E P   a   

 ==============================================================================


 Excitation is electric dipole allowed

 Excitation is magnetic dipole allowed

 Excitation is electric quadrupole allowed




                         1 singlet a excitation


 Total energy:                           -115.2458368244250    

 Excitation energy:                      0.2406802502750003    

 Excitation energy / eV:                  6.549245640527784    

 Excitation energy / nm:                  189.3107249470594    

 Excitation energy / cm^(-1):             52823.20904588926    


 Oscillator strength:

    velocity representation:             0.7351489577373266E-02

    length representation:               0.4990034197667662E-02

    mixed representation:                0.6056747005630583E-02


 Rotatory strength:

    velocity representation:            -0.1278241093220474E-07

    velocity rep. / 10^(-40)erg*cm^3:   -0.8258053115043298E-03

    length representation:               0.6677778359097530E-08

    length rep. / 10^(-40)erg*cm^3:      0.4314166448911253E-03


 Dominant contributions:

      occ. orbital   energy / eV   virt. orbital     energy / eV   |coeff.|^2*100
        9 a              -5.66          10 a               0.70       99.4
 

 Change of electron number:

             0.000000


 Electric transition dipole moment (velocity rep.):

    x       -0.000002        Norm:                  0.214049
    y        0.055092
    z       -0.206838        Norm / debye:          0.544062


 Electric transition dipole moment (length rep.):

    x       -0.000006        Norm:                  0.176351
    y       -0.045395
    z        0.170408        Norm / debye:          0.448242


 Magnetic transition dipole moment / i:

    x       -0.000354        Norm:                  0.001199
    y        0.001106
    z        0.000295        Norm / Bohr mag.:      0.328516


 Electric quadrupole transition moment:

   xx        0.000095
   yy       -0.357627        1/3*trace:            -0.188491
   zz       -0.207942
   xy        0.615054
   xz       -2.309005        Anisotropy:            4.323387
   yz        0.698919




                         2 singlet a excitation


 Total energy:                           -115.1989325015325    

 Excitation energy:                      0.2875845731674618    

 Excitation energy / eV:                  7.825577752840155    

 Excitation energy / nm:                  158.4346203211264    

 Excitation energy / cm^(-1):             63117.51799094580    


 Oscillator strength:

    velocity representation:             0.6235964904999116E-01

    length representation:               0.2806964160429342E-01

    mixed representation:                0.4183793732166152E-01


 Rotatory strength:

    velocity representation:            -0.4186162608648779E-08

    velocity rep. / 10^(-40)erg*cm^3:   -0.2704462667784629E-03

    length representation:              -0.1498401420131565E-07

    length rep. / 10^(-40)erg*cm^3:     -0.9680394865046402E-03


 Dominant contributions:

      occ. orbital   energy / eV   virt. orbital     energy / eV   |coeff.|^2*100
        9 a              -5.66          11 a               2.01       98.3
 

 Change of electron number:

             0.000000


 Electric transition dipole moment (velocity rep.):

    x        0.000005        Norm:                  0.570315
    y        0.146798
    z       -0.551098        Norm / debye:          1.449607


 Electric transition dipole moment (length rep.):

    x        0.000006        Norm:                  0.382632
    y        0.098489
    z       -0.369739        Norm / debye:          0.972561


 Magnetic transition dipole moment / i:

    x       -0.003210        Norm:                  0.005956
    y       -0.004848
    z       -0.001291        Norm / Bohr mag.:      1.632393


 Electric quadrupole transition moment:

   xx       -0.000099
   yy        1.007545        1/3*trace:             0.408999
   zz        0.219552
   xy       -1.003305
   xz        3.766642        Anisotropy:            7.582170
   yz       -1.920451




                         3 singlet a excitation


 Total energy:                           -115.1784309359416    

 Excitation energy:                      0.3080861387584004    

 Excitation energy / eV:                  8.383453976240425    

 Excitation energy / nm:                  147.8916021461471    

 Excitation energy / cm^(-1):             67617.09152778887    


 Oscillator strength:

    velocity representation:             0.3334654015976680E-02

    length representation:               0.5283417782624793E-02

    mixed representation:                0.3600640977217983E-02


 Rotatory strength:

    velocity representation:             0.2390374140978741E-07

    velocity rep. / 10^(-40)erg*cm^3:    0.1544296825201791E-02

    length representation:              -0.1891626789870258E-04

    length rep. / 10^(-40)erg*cm^3:      -1.222082014687121    


 Dominant contributions:

      occ. orbital   energy / eV   virt. orbital     energy / eV   |coeff.|^2*100
        8 a              -7.45          10 a               0.70       98.6
 

 Change of electron number:

             0.000000


 Electric transition dipole moment (velocity rep.):

    x       -0.080193        Norm:                  0.127419
    y        0.095681
    z        0.025494        Norm / debye:          0.323870


 Electric transition dipole moment (length rep.):

    x       -0.150647        Norm:                  0.160386
    y        0.053182
    z        0.014173        Norm / debye:          0.407664


 Magnetic transition dipole moment / i:

    x        0.000179        Norm:                  0.003108
    y       -0.000658
    z        0.003032        Norm / Bohr mag.:      0.851683


 Electric quadrupole transition moment:

   xx        2.425213
   yy        0.014247        1/3*trace:             0.997690
   zz        0.553609
   xy       -0.101470
   xz        0.222888        Anisotropy:            2.276034
   yz       -0.256334




                         4 singlet a excitation


 Total energy:                           -115.1620788786896    

 Excitation energy:                      0.3244381960103855    

 Excitation energy / eV:                  8.828416284318713    

 Excitation energy / nm:                  140.4376957469628    

 Excitation energy / cm^(-1):             71205.95325435358    


 Oscillator strength:

    velocity representation:             0.2877085213814377E-01

    length representation:               0.3106386148231054E-01

    mixed representation:                0.2989538032734655E-01


 Rotatory strength:

    velocity representation:             0.1011886979560134E-06

    velocity rep. / 10^(-40)erg*cm^3:    0.6537277253835728E-02

    length representation:               0.6339976563777728E-07

    length rep. / 10^(-40)erg*cm^3:      0.4095930219227878E-02


 Dominant contributions:

      occ. orbital   energy / eV   virt. orbital     energy / eV   |coeff.|^2*100
        9 a              -5.66          13 a               3.06       98.5
 

 Change of electron number:

            -0.000000


 Electric transition dipole moment (velocity rep.):

    x        0.000040        Norm:                  0.364717
    y        0.093884
    z       -0.352426        Norm / debye:          0.927025


 Electric transition dipole moment (length rep.):

    x        0.000046        Norm:                  0.378972
    y        0.097562
    z       -0.366199        Norm / debye:          0.963259


 Magnetic transition dipole moment / i:

    x       -0.001197        Norm:                  0.004257
    y       -0.003947
    z       -0.001052        Norm / Bohr mag.:      1.166630


 Electric quadrupole transition moment:

   xx       -0.000792
   yy        1.001667        1/3*trace:             0.404876
   zz        0.213752
   xy       -1.030889
   xz        3.870319        Anisotropy:            7.738680
   yz       -1.908314




                         5 singlet a excitation


 Total energy:                           -115.1545042944793    

 Excitation energy:                      0.3320127802206588    

 Excitation energy / eV:                  9.034531296087488    

 Excitation energy / nm:                  137.2337312729894    

 Excitation energy / cm^(-1):             72868.38232660937    


 Oscillator strength:

    velocity representation:             0.4532969738069368E-01

    length representation:               0.6272873638322495E-01

    mixed representation:                0.5261476658324831E-01


 Rotatory strength:

    velocity representation:            -0.8379958112591413E-07

    velocity rep. / 10^(-40)erg*cm^3:   -0.5413856553560335E-02

    length representation:              -0.7611578283684178E-04

    length rep. / 10^(-40)erg*cm^3:      -4.917446175792158    


 Dominant contributions:

      occ. orbital   energy / eV   virt. orbital     energy / eV   |coeff.|^2*100
        9 a              -5.66          12 a               3.06       93.7
 

 Change of electron number:

             0.000000


 Electric transition dipole moment (velocity rep.):

    x        0.446399        Norm:                  0.452543
    y        0.071803
    z        0.019157        Norm / debye:          1.150258


 Electric transition dipole moment (length rep.):

    x        0.503928        Norm:                  0.532355
    y        0.165844
    z        0.044205        Norm / debye:          1.353122


 Magnetic transition dipole moment / i:

    x        0.000144        Norm:                  0.005501
    y        0.000560
    z       -0.005471        Norm / Bohr mag.:      1.507684


 Electric quadrupole transition moment:

   xx       -8.619611
   yy        1.748530        1/3*trace:            -2.686856
   zz       -1.189487
   xy        0.864610
   xz       -0.606224        Anisotropy:            9.478472
   yz        0.525276




                         6 singlet a excitation


 Total energy:                           -115.1292629635590    

 Excitation energy:                      0.3572541111410503    

 Excitation energy / eV:                  9.721383151620330    

 Excitation energy / nm:                  127.5376580397441    

 Excitation energy / cm^(-1):             78408.21410873877    


 Oscillator strength:

    velocity representation:             0.1008616475309834    

    length representation:               0.1079126922109323    

    mixed representation:                0.1041916941419953    


 Rotatory strength:

    velocity representation:             0.1357072878047671E-08

    velocity rep. / 10^(-40)erg*cm^3:    0.8767344413617106E-04

    length representation:              -0.4670138731703944E-04

    length rep. / 10^(-40)erg*cm^3:      -3.017134553534505    


 Dominant contributions:

      occ. orbital   energy / eV   virt. orbital     energy / eV   |coeff.|^2*100
        8 a              -7.45          11 a               2.01       94.1
 

 Change of electron number:

            -0.000000


 Electric transition dipole moment (velocity rep.):

    x        0.149107        Norm:                  0.650759
    y        0.612104
    z        0.163043        Norm / debye:          1.654076


 Electric transition dipole moment (length rep.):

    x        0.120594        Norm:                  0.673121
    y        0.639919
    z        0.170450        Norm / debye:          1.710916


 Magnetic transition dipole moment / i:

    x        0.001324        Norm:                  0.008223
    y        0.001786
    z       -0.007916        Norm / Bohr mag.:      2.253595


 Electric quadrupole transition moment:

   xx       -2.298759
   yy        8.152356        1/3*trace:             1.690449
   zz       -0.782251
   xy       -5.263627
   xz       -1.602127        Anisotropy:           13.851404
   yz        1.337566




                         7 singlet a excitation


 Total energy:                           -115.1070180784324    

 Excitation energy:                      0.3794989962676339    

 Excitation energy / eV:                  10.32669753355594    

 Excitation energy / nm:                  120.0618528852903    

 Excitation energy / cm^(-1):             83290.40205685963    


 Oscillator strength:

    velocity representation:             0.7463560146576337E-02

    length representation:               0.2686042794175427E-03

    mixed representation:                0.1415889861581685E-02


 Rotatory strength:

    velocity representation:            -0.2674905176424491E-08

    velocity rep. / 10^(-40)erg*cm^3:   -0.1728117578270320E-03

    length representation:              -0.1630503648031901E-07

    length rep. / 10^(-40)erg*cm^3:     -0.1053383888308219E-02


 Dominant contributions:

      occ. orbital   energy / eV   virt. orbital     energy / eV   |coeff.|^2*100
        9 a              -5.66          14 a               4.43       96.5
 

 Change of electron number:

             0.000000


 Electric transition dipole moment (velocity rep.):

    x       -0.000008        Norm:                  0.171757
    y       -0.044211
    z        0.165969        Norm / debye:          0.436565


 Electric transition dipole moment (length rep.):

    x       -0.000008        Norm:                  0.032583
    y       -0.008389
    z        0.031485        Norm / debye:          0.082819


 Magnetic transition dipole moment / i:

    x        0.002287        Norm:                  0.002287
    y        0.000028
    z        0.000008        Norm / Bohr mag.:      0.626721


 Electric quadrupole transition moment:

   xx        0.000149
   yy       -0.159164        1/3*trace:            -0.034782
   zz        0.054669
   xy        0.129113
   xz       -0.484815        Anisotropy:            1.023239
   yz        0.291450




                         8 singlet a excitation


 Total energy:                           -115.0952222537088    

 Excitation energy:                      0.3912948209911998    

 Excitation energy / eV:                  10.64767839326077    

 Excitation energy / nm:                  116.4425139708780    

 Excitation energy / cm^(-1):             85879.28633186618    


 Oscillator strength:

    velocity representation:             0.2494617784018839E-01

    length representation:               0.5062525549470609E-01

    mixed representation:                0.3553739757907484E-01


 Rotatory strength:

    velocity representation:            -0.8086641110326652E-07

    velocity rep. / 10^(-40)erg*cm^3:   -0.5224359642758870E-02

    length representation:              -0.1036971418411781E-06

    length rep. / 10^(-40)erg*cm^3:     -0.6699334810502176E-02


 Dominant contributions:

      occ. orbital   energy / eV   virt. orbital     energy / eV   |coeff.|^2*100
        8 a              -7.45          12 a               3.06       94.0
 

 Change of electron number:

             0.000000


 Electric transition dipole moment (velocity rep.):

    x        0.000024        Norm:                  0.309240
    y        0.079588
    z       -0.298823        Norm / debye:          0.786015


 Electric transition dipole moment (length rep.):

    x        0.000031        Norm:                  0.440532
    y        0.113378
    z       -0.425692        Norm / debye:          1.119728


 Magnetic transition dipole moment / i:

    x       -0.004130        Norm:                  0.005891
    y       -0.004058
    z       -0.001081        Norm / Bohr mag.:      1.614440


 Electric quadrupole transition moment:

   xx       -0.000535
   yy        1.144628        1/3*trace:             0.470653
   zz        0.267865
   xy       -1.191616
   xz        4.474815        Anisotropy:            8.928965
   yz       -2.184689




                         9 singlet a excitation


 Total energy:                           -115.0850409549296    

 Excitation energy:                      0.4014761197704031    

 Excitation energy / eV:                  10.92472574786681    

 Excitation energy / nm:                  113.4895711507246    

 Excitation energy / cm^(-1):             88113.82312147818    


 Oscillator strength:

    velocity representation:             0.2999868233967879E-01

    length representation:               0.4936035132202673E-01

    mixed representation:                0.3848045237863251E-01


 Rotatory strength:

    velocity representation:             0.8537944360364756E-07

    velocity rep. / 10^(-40)erg*cm^3:    0.5515923278881426E-02

    length representation:              -0.4421990301054844E-07

    length rep. / 10^(-40)erg*cm^3:     -0.2856818715498663E-02


 Dominant contributions:

      occ. orbital   energy / eV   virt. orbital     energy / eV   |coeff.|^2*100
        8 a              -7.45          13 a               3.06       68.2
        7 a             -10.08          10 a               0.70       25.2
 

 Change of electron number:

            -0.000000


 Electric transition dipole moment (velocity rep.):

    x        0.281644        Norm:                  0.334786
    y       -0.174901
    z       -0.046559        Norm / debye:          0.850947


 Electric transition dipole moment (length rep.):

    x        0.361377        Norm:                  0.429442
    y       -0.224198
    z       -0.059685        Norm / debye:          1.091542


 Magnetic transition dipole moment / i:

    x       -0.000425        Norm:                  0.002425
    y       -0.001229
    z        0.002047        Norm / Bohr mag.:      0.664666


 Electric quadrupole transition moment:

   xx       -6.438681
   yy       -3.822482        1/3*trace:            -3.640805
   zz       -0.661251
   xy        4.550270
   xz        0.612035        Anisotropy:            9.435595
   yz       -0.477337




                        10 singlet a excitation


 Total energy:                           -115.0830398068314    

 Excitation energy:                      0.4034772678685992    

 Excitation energy / eV:                  10.97917978156166    

 Excitation energy / nm:                  112.9266907667241    

 Excitation energy / cm^(-1):             88553.02436130578    


 Oscillator strength:

    velocity representation:             0.8811195858089299E-01

    length representation:               0.1007327788106874    

    mixed representation:                0.9317181323635843E-01


 Rotatory strength:

    velocity representation:            -0.4679137769662787E-08

    velocity rep. / 10^(-40)erg*cm^3:   -0.3022948365486145E-03

    length representation:               0.1224772219558594E-03

    length rep. / 10^(-40)erg*cm^3:       7.912618438405827    


 Dominant contributions:

      occ. orbital   energy / eV   virt. orbital     energy / eV   |coeff.|^2*100
        7 a             -10.08          10 a               0.70       73.5
        8 a              -7.45          13 a               3.06       23.6
 

 Change of electron number:

             0.000000


 Electric transition dipole moment (velocity rep.):

    x       -0.525567        Norm:                  0.572339
    y       -0.218978
    z       -0.058311        Norm / debye:          1.454752


 Electric transition dipole moment (length rep.):

    x       -0.591641        Norm:                  0.611958
    y       -0.151112
    z       -0.040235        Norm / debye:          1.555453


 Magnetic transition dipole moment / i:

    x       -0.000535        Norm:                  0.007626
    y       -0.000733
    z        0.007571        Norm / Bohr mag.:      2.089954


 Electric quadrupole transition moment:

   xx        9.522924
   yy       -1.543349        1/3*trace:             2.849387
   zz        0.568586
   xy       -2.218035
   xz        0.390801        Anisotropy:           10.911870
   yz       -0.316373

 SUMMARY OF EXCITATION ENERGIES AND DIPOLE OSCILLATOR STRENGTHS (velocity/length):

 -----------------------------------------------------------------------------------------------
 |    Exc.   | energy (Eh) | energy (eV) | energy (cm-1) | energy (nm) | Osc.(vel) | Osc.(len) |
 -----------------------------------------------------------------------------------------------
 |     1 a   |    0.240680 |     6.54924 |     52823.209 |     189.311 |   0.00735 |   0.00499 |
 |     2 a   |    0.287585 |     7.82557 |     63117.518 |     158.435 |   0.06236 |   0.02807 |
 |     3 a   |    0.308086 |     8.38345 |     67617.092 |     147.892 |   0.00333 |   0.00528 |
 |     4 a   |    0.324438 |     8.82841 |     71205.953 |     140.438 |   0.02877 |   0.03106 |
 |     5 a   |    0.332013 |     9.03453 |     72868.382 |     137.234 |   0.04533 |   0.06273 |
 |     6 a   |    0.357254 |     9.72138 |     78408.214 |     127.538 |   0.10086 |   0.10791 |
 |     7 a   |    0.379499 |    10.32669 |     83290.402 |     120.062 |   0.00746 |   0.00027 |
 |     8 a   |    0.391295 |    10.64767 |     85879.286 |     116.443 |   0.02495 |   0.05063 |
 |     9 a   |    0.401476 |    10.92472 |     88113.823 |     113.490 |   0.03000 |   0.04936 |
 |    10 a   |    0.403477 |    10.97918 |     88553.024 |     112.927 |   0.08811 |   0.10073 |
 -----------------------------------------------------------------------------------------------




    ------------------------------------------------------------------------
         total  cpu-time :   2.52 seconds
         total wall-time :   2.83 seconds
    ------------------------------------------------------------------------

   ****  escf : all done  ****


    2023-07-09 02:21:55.475 

