
 ridft (compt194) : TURBOMOLE rev. V7-6-2381-g96b3af1 compiled 16 Jan 2023 at 13:48:01
 Copyright (C) 2023 TURBOMOLE GmbH, Karlsruhe


    2023-07-09 02:21:50.722 



                                  r i d f t

                        DFT program with RI approximation 
                                for coulomb part 




                                                 
                                 References:     
                                                 
          TURBOMOLE:                             
              R. Ahlrichs, M. Baer, M. Haeser, H. Horn, and
              C. Koelmel
              Electronic structure calculations on workstation
              computers: the program system TURBOMOLE
              Chem. Phys. Lett. 162: 165 (1989)
          Density Functional:                              
              O. Treutler and R. Ahlrichs                      
              Efficient Molecular Numerical Integration Schemes
              J. Chem. Phys. 102: 346 (1995)                   
          Parallel Version:                                
              Performance of parallel TURBOMOLE for Density    
              Functional Calculations                          
              M. v. Arnim and R. Ahlrichs                      
              J. Comp. Chem. 19: 1746 (1998)                   
          RI-J Method:                                     
              Auxiliary Basis Sets to approximate Coulomb      
              Potentials                                       
              Chem. Phys. Lett. 240: 283 (1995)                
              K. Eichkorn, O. Treutler, H. Oehm, M. Haeser     
              and R. Ahlrichs                                  
              Chem. Phys. Lett. 242: 652 (1995)                
                                                           
              Auxiliary Basis Sets for Main Row Atoms and their
              Use to approximate Coulomb Potentials            
              K. Eichkorn, F. Weigend, O. Treutler and         
              R. Ahlrichs                                      
              Theo. Chem. Acc. 97: 119 (1997)                   
                                                           
              Accurate Coulomb-fitting basis sets for H to Rn 
              F. Weigend                                        
              Phys. Chem. Chem. Phys. 8: 1057 (2006)            
                                                           
          Multipole accelerated RI-J (MARI-J):             
              Fast evaluation of the Coulomb potential for     
              electron densities using multipole accelerated   
              resolution of identity approximation             
              M. Sierka, A. Hogekamp and R. Ahlrichs           
              J. Chem. Phys. 118: 9136 (2003)                  
          RI-JK Method:                                     
              A fully direct RI-HF algorithm: Implementation,
              optimised auxiliary basis sets, demonstration of
              accuracy and efficiency                         
              F. Weigend                                      
              Phys. Chem. Chem. Phys. 4: 4285 (2002)           
          Two-component HF and DFT with spin-orbit coupling:  
              Self-consistent treatment of spin-orbit         
              interactions with efficient Hartree-Fock and    
              density functional methods                      
              M. K. Armbruster, F. Weigend, C. van WÃ¼llen and 
              W. Klopper                                      
              Phys. Chem. Chem. Phys. 10: 1748 (2008)         
          Two-component difference density and DIIS algorithm 
              Efficient two-component self-consistent field   
              procedures and gradients: implementation in     
              TURBOMOLE and application to Au20-              
              A. Baldes, F. Weigend                           
              Mol. Phys. 111: 2617 (2013)                     
          Relativistic current density functional theory      
              Current density functional framework for        
              spin-orbit coupling                             
              C. Holzer, Y. J. Franzke, A. Pausch             
              J. Chem. Phys. 157: 204102 (2022)               
          Relativistic all-electron 2c calculations           
              An efficient implementation of two-component    
              relativistic exact-decoupling methods for large 
              molecules                                       
              D. Peng, N. Middendorf, F. Weigend, M. Reiher   
              J. Chem. Phys. 138: 184105 (2013)               
          Finite nucleus model and SNSO approximation         
              Efficient implementation of one- and two-       
              component analytical energy gradients in exact  
              two-component theory                            
              Y. J. Franzke, N. Middendorf, F. Weigend        
              J. Chem. Phys. 148: 104110 (2018)               
          Grids for all-electron relativistic methods         
              Error-consistent segmented contracted all-      
              electron relativistic basis sets of double-     
              and triple-zeta quality for NMR shielding       
              constants                                       
              Y. J. Franzke, R. Tress, T. M. Pazdera,         
              F. Weigend                                      
              Phys. Chem. Chem. Phys. 21: 166658 (2019)       
          Seminumerical exchange algorithms                   
              Seminumerical calculation of the Hartree-Fock   
              exchange matirx: Application to two-component   
              procedures and efficient evaluation of local    
              hybrid functionsl                               
              P. Plessow, F. Weigend,                         
              J. Comput. Chem. 33: 810 (2012)                 
          Improved seminumerical algorithms                   
              C. Holzer,                                      
              J. Chem. Phys. 153 (2020), 184115               
                                         




              +--------------------------------------------------+
              |      general information about current run       |
              +--------------------------------------------------+

 

 DENSITY CONVERGENCE CHECK SWITCHED ON !
 SCF CONVERGENCE IF RMS(delta[D]) <     0.1000000000E-06

 PBE functional
 exchange:    LDA + PBE
 correlation: LDA (PW) + PBE
 A DFT calculation using the RI-J approximation will be carried out.
 Allocatable memory for RI due to $ricore (MB):                   500


              +--------------------------------------------------+
              | Atomic coordinate, charge and isotop information |
              +--------------------------------------------------+

                    atomic coordinates            atom    charge  isotop
         -9.24314180    6.23174984    0.00054802    c      6.000     0
         -9.98177905    5.77299993   -1.91166584    h      1.000     0
         -6.60094563    6.20640861   -0.00619830    o      8.000     0
         -9.98177905    4.88256098    1.43120298    h      1.000     0
         -9.90212710    8.15492412    0.51283388    h      1.000     0
         -6.10304059    4.45939461   -0.47154336    h      1.000     0
 
       center of nuclear mass  :   -7.89226438    6.16696788   -0.01670470
       center of nuclear charge:   -8.01306343    6.12842487   -0.02697059

              +--------------------------------------------------+
              |               basis set information              |
              +--------------------------------------------------+

              we will work with the 1s 3p 5d 7f 9g ... basis set
              ...i.e. with spherical basis functions...

   type   atoms  prim   cont   basis
   ---------------------------------------------------------------------------
    c        1     24     14   def2-SVP   [3s2p1d|7s4p1d]
    h        4      7      5   def2-SVP   [2s1p|4s1p]
    o        1     24     14   def2-SVP   [3s2p1d|7s4p1d]
   ---------------------------------------------------------------------------
   total:    6     76     48
   ---------------------------------------------------------------------------

   total number of primitive shells          :   29
   total number of contracted shells         :   24
   total number of cartesian basis functions :   50
   total number of SCF-basis functions       :   48


 integral neglect threshold       :  0.67E-11
 integral storage threshold THIZE :  0.10E-04
 integral storage threshold THIME :         5

 RI-J AUXILIARY BASIS SET information:

              we will work with the 1s 3p 5d 7f 9g ... basis set
              ...i.e. with spherical basis functions...

   type   atoms  prim   cont   basis
   ---------------------------------------------------------------------------
    c        1     70     49   def2-SVP   [6s4p3d1f1g|12s5p4d2f1g]
    h        4     16     11   def2-SVP   [3s1p1d|5s2p1d]
    o        1     70     49   def2-SVP   [6s4p3d1f1g|12s5p4d2f1g]
   ---------------------------------------------------------------------------
   total:    6    204    142
   ---------------------------------------------------------------------------

   total number of primitive shells          :   56
   total number of contracted shells         :   50
   total number of cartesian basis functions :  170
   total number of SCF-basis functions       :  142


 symmetry group of the molecule :   c1 

 the group has the following generators :
   c1(z)

    1 symmetry operations found

 there are 1 real representations :   a   

 maximum number of shells which are related by symmetry :  1

  
           ------------------
           density functional
           ------------------
 PBE functional
 exchange:    LDA + PBE
 correlation: LDA (PW) + PBE
 spherical integration : Lebedev's spherical grid
 spherical gridsize    :                     4
    i.e. gridpoints    :                   434
  maximum batchsize    :                   100
 value for diffuse not defined
 radial integration    : Chebyshev 2nd kind (scaling 3)
 radial gridsize       :                     6
 integration cells     :                     6
 partition function    : becke
 partition sharpness   :                     3
  

 biggest AO integral is expected to be     4.776656448

          ------------------------
          nuclear repulsion energy  :   40.3453758809    
          ------------------------


         -----------------
         -S,T+V- integrals
         -----------------

 1e-integrals will be neglected if expon. factor < 0.668392E-12
 
 Difference densities algorithm switched on.
 The maximal number of linear combinations of
 difference densities is  20.

 DIIS switched on: error vector is FDS-SDF
 Max. Iterations for DIIS is     :   4
 DIIS matrix (see manual) 
    Scaling factor of diagonals  :  1.200
    threshold for scaling factor :  0.000

 scf convergence criterion : increment of total energy < .1000000D-07
                  and increment of one-electron energy < .1000000D-04

 MOs are in ASCII format !


    mo occupation :
   irrep   mo's   occupied
    a       48        9
 
 number of basis functions   :    48
 number of occupied orbitals :     9
 

 reading orbital data $scfmo  from file mos
 orbital characterization : expanded
 virtual MOs provided and orthogonalized by Cholesky decomposition

 automatic virtual orbital shift switched on 
      shift if e(lumo)-e(homo) < 0.10000000    

  
           ------------------------
               RI-J - INFORMATION
           ------------------------
 Contributions to RI integral batches: 
  neglected integral batches:                     0
  direct contribution:                            0
  memory contribution:                   300
 Memory core needed for (P|Q) and Cholesky      1 MByte
 Memory core minimum needed except of (P|Q)     1 MByte
 Total minimum memory core needed (sum)         1 MByte
  
 ****************************************
 Memory allocated for RI-J     2 MByte
 ****************************************
                                            

 DSCF restart information will be dumped onto file mos


 Starting SCF iterations

          Overall gridpoints after grid construction =         55768

 ITERATION  ENERGY          1e-ENERGY        2e-ENERGY     RMS[dD(SAO)]   TOL
   1  -115.08023927982    -236.16861298     80.742997823    0.000D+00 0.667D-11
                            Exc = -15.2247737097     Coul =  95.9677715325    
                              N = 18.000002199    
                            current damping = 0.300
 
          max. resid. norm for Fia-block=  2.864D-01 for orbital      7a         
          max. resid. fock norm         =  1.280D+00 for orbital     25a         

 ITERATION  ENERGY          1e-ENERGY        2e-ENERGY     RMS[dD(SAO)]   TOL
   2  -115.43312599778    -236.20558551     80.427083634    0.242D-01 0.435D-11
                            Exc = -15.1837515535     Coul =  95.6108351873    
                              N = 18.000001150    
                            current damping = 0.250
 
          Norm of current diis error: 0.60781    
          max. resid. norm for Fia-block=  9.092D-02 for orbital      3a         
          max. resid. fock norm         =  1.632D-01 for orbital     24a         

 ITERATION  ENERGY          1e-ENERGY        2e-ENERGY     RMS[dD(SAO)]   TOL
   3  -115.47973378891    -237.42895954     81.603849869    0.968D-02 0.374D-11
                            Exc = -15.3911685615     Coul =  96.9950184303    
                              N = 18.000001006    
                            current damping = 0.200
 
          Norm of current diis error: 0.22541    
          max. resid. norm for Fia-block=  3.084D-02 for orbital      8a         
          max. resid. fock norm         =  3.140D-02 for orbital      8a         

 ITERATION  ENERGY          1e-ENERGY        2e-ENERGY     RMS[dD(SAO)]   TOL
   4  -115.48511973636    -236.62461326     80.794117640    0.465D-02 0.337D-11
                            Exc = -15.3011068875     Coul =  96.0952245279    
                              N = 18.000000955    
                            current damping = 0.250
 
          Norm of current diis error: 0.10972    
          max. resid. norm for Fia-block=  9.401D-03 for orbital      5a         
          max. resid. fock norm         =  1.161D-02 for orbital      5a         

 ITERATION  ENERGY          1e-ENERGY        2e-ENERGY     RMS[dD(SAO)]   TOL
   5  -115.48642885225    -237.01703546     81.185230729    0.151D-02 0.324D-11
                            Exc = -15.3419322749     Coul =  96.5271630040    
                              N = 18.000000953    
                            current damping = 0.300
 
          Norm of current diis error: 0.28681E-01
          max. resid. norm for Fia-block=  2.358D-03 for orbital      6a         
          max. resid. fock norm         =  3.463D-03 for orbital     20a         
          mo-orthogonalization: Cholesky decomposition

 ITERATION  ENERGY          1e-ENERGY        2e-ENERGY     RMS[dD(SAO)]   TOL
   6  -115.48651575038    -236.96426998     81.132378351    0.356D-03 0.312D-11
                            Exc = -15.3375243759     Coul =  96.4699027269    
                              N = 18.000000956    
                            current damping = 0.350
 
          Norm of current diis error: 0.32551E-02
          max. resid. norm for Fia-block=  3.632D-04 for orbital      5a         
          max. resid. fock norm         =  4.288D-04 for orbital      5a         

 ITERATION  ENERGY          1e-ENERGY        2e-ENERGY     RMS[dD(SAO)]   TOL
   7  -115.48651703930    -236.97287675     81.140983833    0.413D-04 0.300D-11
                            Exc = -15.3386634193     Coul =  96.4796472525    
                              N = 18.000000955    
                            current damping = 0.400
 
          Norm of current diis error: 0.53333E-03
          max. resid. norm for Fia-block=  6.254D-05 for orbital      7a         
          max. resid. fock norm         =  8.269D-05 for orbital      7a         

 ITERATION  ENERGY          1e-ENERGY        2e-ENERGY     RMS[dD(SAO)]   TOL
   8  -115.48651707377    -236.97347695     81.141584000    0.869D-05 0.293D-11
                            Exc = -15.3387174554     Coul =  96.4803014549    
                              N = 18.000000955    
                            current damping = 0.250
 
          Norm of current diis error: 0.86393E-04
          max. resid. norm for Fia-block=  9.844D-06 for orbital      8a         
          max. resid. fock norm         =  2.272D-05 for orbital      8a         

 ITERATION  ENERGY          1e-ENERGY        2e-ENERGY     RMS[dD(SAO)]   TOL
   9  -115.48651707461    -236.97354416     81.141651208    0.151D-05 0.285D-11
                            Exc = -15.3387234722     Coul =  96.4803746802    
                              N = 18.000000955    
                            current damping = 0.100
 
          Norm of current diis error: 0.17134E-04
          max. resid. norm for Fia-block=  2.335D-06 for orbital      8a         
          max. resid. fock norm         =  2.850D-06 for orbital     14a         

 ITERATION  ENERGY          1e-ENERGY        2e-ENERGY     RMS[dD(SAO)]   TOL
  10  -115.48651707464    -236.97350239     81.141609432    0.514D-06 0.278D-11
                            Exc = -15.3387201376     Coul =  96.4803295693    
                              N = 18.000000955    
                            current damping = 0.150
 
          Norm of current diis error: 0.92859E-05
          max. resid. norm for Fia-block=  9.971D-07 for orbital      5a         
          max. resid. fock norm         =  1.357D-06 for orbital      5a         
          mo-orthogonalization: Cholesky decomposition

 ITERATION  ENERGY          1e-ENERGY        2e-ENERGY     RMS[dD(SAO)]   TOL
  11  -115.48651707465    -236.97354059     81.141647631    0.157D-06 0.272D-11
                            Exc = -15.3387242943     Coul =  96.4803719254    
                              N = 18.000000955    
                            current damping = 0.200
 
          Norm of current diis error: 0.43800E-05
          max. resid. norm for Fia-block=  3.794D-07 for orbital      9a         
          max. resid. fock norm         =  3.929D-07 for orbital      9a         

 ENERGY & DENSITY CONVERGED !


 ITERATION  ENERGY          1e-ENERGY        2e-ENERGY     RMS[dD(SAO)]   TOL
  12  -115.48651707465    -236.97352623     81.141633277    0.604D-07 0.268D-11
                            Exc = -15.3387226026     Coul =  96.4803558794    
                              N = 18.000000955    
                            current damping = 0.250
 
          Norm of current diis error: 0.45421E-06
          max. resid. norm for Fia-block=  5.748D-08 for orbital      7a         
          max. resid. fock norm         =  8.252D-08 for orbital      8a         

 End of SCF iterations

   convergence criteria satisfied after    12 iterations


                  ------------------------------------------ 
                 |  total energy      =   -115.48651707465  |
                  ------------------------------------------ 
                 :  kinetic energy    =    114.49132941867  :
                 :  potential energy  =   -229.97784649332  :
                 :  virial theorem    =      1.99138265071  :
                 :  wavefunction norm =      1.00000000000  :
                  .......................................... 


 <geterg> : there is no data group $energy 


 <skperg> : $end is missing 


 orbitals $scfmo  will be written to file mos

    irrep                  5a          6a          7a          8a          9a   
 eigenvalues H         -0.44562    -0.38519    -0.37042    -0.27364    -0.20818
            eV         -12.1260    -10.4818    -10.0797     -7.4462     -5.6650
 occupation              2.0000      2.0000      2.0000      2.0000      2.0000

    irrep                 10a         11a         12a         13a         14a   
 eigenvalues H          0.02588     0.07405     0.11256     0.11262     0.16281
            eV           0.7041      2.0149      3.0630      3.0647      4.4303
 
 
 
 
 ==============================================================================
                           electrostatic moments
 ==============================================================================

 reference point for electrostatic moments:    0.00000   0.00000   0.00000

 
              nuc           elec       ->  total
 ------------------------------------------------------------------------------
                          charge      
 ------------------------------------------------------------------------------
          18.000000     -18.000000      -0.000000
 
 ------------------------------------------------------------------------------
                       dipole moment  
 ------------------------------------------------------------------------------
   x    -144.235142     143.936558      -0.298584
   y     110.311648    -110.835144      -0.523497
   z      -0.485471       0.346026      -0.139445
 
   | dipole moment | =     0.6186 a.u. =     1.5723 debye 
 
 ------------------------------------------------------------------------------
                     quadrupole moment
 ------------------------------------------------------------------------------
  xx    1195.764940   -1200.940763      -5.175822
  yy     684.720217    -699.847505     -15.127288
  zz       6.188469     -16.142889      -9.954420
  xy    -887.679428     888.572369       0.892941
  xz       2.892501      -2.159155       0.733345
  yz      -2.256050       1.774297      -0.481754
 
     1/3  trace=     -10.085843
     anisotropy=       8.888998
 
 ==============================================================================
 
HOMO-LUMO Separation
 HOMO         :   -0.20818314 H =     -5.66495 eV
 LUMO         :    0.02587589 H =     +0.70412 eV
 HOMO-LUMO gap:    0.23405904 H =     +6.36907 eV
 
 ==============================================================================


    ------------------------------------------------------------------------
         total  cpu-time :   1.42 seconds
         total wall-time :   1.92 seconds
    ------------------------------------------------------------------------

   ****  ridft : all done  ****


    2023-07-09 02:21:52.625 

