
 escf (compt307) : TURBOMOLE rev. V7-6-2381-g96b3af1 compiled 16 Jan 2023 at 13:48:01
 Copyright (C) 2023 TURBOMOLE GmbH, Karlsruhe


    2023-07-09 02:21:54.811 




                                e s c f

                             TURBOMOLE GmbH

          integral direct evaluation of 

                    * excitation energies and transition moments 
                    * polarizabilities
                    * dynamic response properties 
                    * stabilities
                    * quasiparticle states with GW
                    * NMR coupling-constants



          references (see also programs dscf and ridft) 
          implementation and benchmarks (review) 
          F. Furche and D. Rappoport,  
          "Density functional methods for excited states: 
          equilibrium structure and electronic spectra",
          ch. III of "Computational Photochemistry", ed. by 
          M. Olivucci, vol. 16 of "Theoretical and Computational 
          Chemistry", Elsevier, Amsterdam, 2005.



              +--------------------------------------------------+
              | Atomic coordinate, charge and isotop information |
              +--------------------------------------------------+

                    atomic coordinates            atom    charge  isotop
         -9.24314180    6.23174984    0.00054802    c      6.000     0
         -9.98177905    5.77299993   -1.91166584    h      1.000     0
         -6.60094563    6.20640861   -0.00619830    o      8.000     0
         -9.98177905    4.88256098    1.43120298    h      1.000     0
         -9.90212710    8.15492412    0.51283388    h      1.000     0
         -6.10304059    4.45939461   -0.47154336    h      1.000     0
 
       center of nuclear mass  :   -7.89226438    6.16696788   -0.01670470
       center of nuclear charge:   -8.01306343    6.12842487   -0.02697059

              +--------------------------------------------------+
              |               basis set information              |
              +--------------------------------------------------+

              we will work with the 1s 3p 5d 7f 9g ... basis set
              ...i.e. with spherical basis functions...

   type   atoms  prim   cont   basis
   ---------------------------------------------------------------------------
    c        1     24     14   def2-SVP   [3s2p1d|7s4p1d]
    h        4      7      5   def2-SVP   [2s1p|4s1p]
    o        1     24     14   def2-SVP   [3s2p1d|7s4p1d]
   ---------------------------------------------------------------------------
   total:    6     76     48
   ---------------------------------------------------------------------------

   total number of primitive shells          :   29
   total number of contracted shells         :   24
   total number of cartesian basis functions :   50
   total number of SCF-basis functions       :   48


 residuum convergence criterium   :  0.10E-04


 integral neglect threshold       :  0.33E-10
 integral storage threshold THIZE :  0.10E-04
 integral storage threshold THIME :         5

 
             FOUND RI-J FLAG !
 
  
 AUXILIARY BASIS SET information:

              we will work with the 1s 3p 5d 7f 9g ... basis set
              ...i.e. with spherical basis functions...

   type   atoms  prim   cont   basis
   ---------------------------------------------------------------------------
    c        1     70     49   def2-SVP   [6s4p3d1f1g|12s5p4d2f1g]
    h        4     16     11   def2-SVP   [3s1p1d|5s2p1d]
    o        1     70     49   def2-SVP   [6s4p3d1f1g|12s5p4d2f1g]
   ---------------------------------------------------------------------------
   total:    6    204    142
   ---------------------------------------------------------------------------

   total number of primitive shells          :   56
   total number of contracted shells         :   50
   total number of cartesian basis functions :  170
   total number of SCF-basis functions       :  142

 CI SINGLES UHF-CALCULATION (spin-conserved)
 (TAMM-DANCOFF-APPROXIMATION)
 
             FOUND DFT-FLAG !
 

 maximum number of Davidson iterations set to   35


 symmetry group of the molecule :   c1 

 the group has the following generators :
   c1(z)

    1 symmetry operations found

 there are 1 real representations :   a   

 maximum number of shells which are related by symmetry :  1

 IRREPs of excited states :   a   
  
           ------------------
           density functional
           ------------------
 Libxc version: 6.0.0
 S. Lehtola, C. Steigemann, M.J.T. Oliveira, and M.A.L. Marques, Software X 7, 1 (2018)
 M.A.L. Marques, M.J.T. Oliveira, and T. Burnus, Comput. Phys. Commun. 183, 2272 (2012)
 TURBOMOLE integration by Christof Holzer

 Name of XC-Functional: wB97X range-separated functional
 alpha=    0.15771
 beta =    0.84229
 omega=    0.30000
 [1] J.-D. Chai and M. Head-Gordon.,  J. Chem. Phys. 128, 084106 (2008)
 spherical integration : Lebedev's spherical grid
 spherical gridsize    :                     4
    i.e. gridpoints    :                   434
  maximum batchsize    :                   100
 value for diffuse not defined
 radial integration    : Chebyshev 2nd kind (scaling 3)
 radial gridsize       :                     6
 integration cells     :                     6
 partition function    : becke
 partition sharpness   :                     3
  

 ----------------------------------------------------------------------
          some useful papers before it begins
 ----------------------------------------------------------------------

     nonorthonormal Krylov space methods 
     F. Furche, B. T. Krull, B. D. Nguyen, and J. Kwon, 
     J. Chem. Phys. 144, 174105 (2016).

     RI-J method 
     R. Bauernschmitt, M. Haeser, O. Treutler, and R. Ahlrichs,
     Chem. Phys. Lett. 264, 573 (1997).

     density functional implementation               
     R. Bauernschmitt and R. Ahlrichs,
     Chem. Phys. Lett. 256, 454 (1996).
     R. Bauernschmitt and R. Ahlrichs,
     J. Chem. Phys. 104, 9047 (1996).

     UHF extension (RPA and CIS)
     C. Ochsenfeld, J. Gauss, and R. Ahlrichs, 
     J. Chem. Phys. 103, 7401 (1995).

     integral direct algorithm                 
     H. Weiss, R. Ahlrichs, and M. Haeser, 
     J. Chem. Phys. 99, 1262 (1993).

 ----------------------------------------------------------------------

  MOs are in ASCII format !


    mo occupation :
   irrep   mo's   occupied
    a       48        9
 
 number of basis functions   :    48
 number of occupied orbitals :     9
 
 ALPHA-Occupation:9
 BETA-Occupation :8

 reading orbital data $uhfmo_alpha  from file alpha
 orbital characterization : scfconv=7

 reading orbital data $uhfmo_beta  from file beta
 orbital characterization : scfconv=7
  
           ----------------------
               RI - INFORMATION
           ----------------------

 biggest AO integral is expected to be     4.776656448

 Threshold for integral neglect (rithr2):   0.33E-10
 Threshold for integral neglect (rithr1):   0.33E-10

 Contributions to RI integral batches: 
  neglected integral batches:                     0
  direct contribution:                            0
  memory contribution:                   300
 Core memory available (ricore)            500 MiB
 Core memory needed for (P|Q) and Cholesky 1 MiB
 Core memory used for integrals            2 MiB
  
 ****************************************
 Memory allocated for RIDFT 2 MiB
 ****************************************
                                            
 preparing DFT   numerical integration ....
          Overall gridpoints after grid construction =         55768

 Calculating ground state density on molecular grid

 Integral of ground state total density: Na =   17.00000099996084    

 Integral of ground state spin density:  Nb =  0.9999999247235896    


 all orbitals will be included in the transformation

 number of non-frozen orbitals          :    48
 number of non-frozen occupied orbitals :     9
 all orbitals will be included in the transformation

 number of non-frozen orbitals          :    48
 number of non-frozen occupied orbitals :     8

 dimension of super-tensorspace: 1

          IRREP   tensor space dimension   number of roots

           a                 671                     10

 machine precision: 2.22D-16


 logfile ucis_a    will be constructed




                       Nonorthonormal Krylov Space Iteration


 total number of roots to be determined: 10


 maximum core memory set to          500 MB,
 corresponding to    12435 vectors in CAO basis


 maximum number of simultaneously treated vectors (including degeneracy):       18


 Iteration IRREP Converged      Max. Euclidean
                 roots          residual norm

    1       a        0        2.173966458095937D-01
 
    2       a        0        3.905103734633433D-02
 
    3       a        0        1.641170763124958D-02
 
    4       a        0        1.551561159074934D-02
 
    5       a        0        8.142627845388009D-03
 
    6       a        2        3.235063302622946D-03
 
    7       a        4        1.094181961441190D-03
 
    8       a        7        5.632558163735591D-04
 
    9       a        8        2.673658328110953D-02
 
   10       a        8        5.823525546617921D-03
 
   11       a        9        1.174835091316732D-03
 
   12       a        9        2.190763555176847D-04
 
   13       a        9        3.645685637868858D-05
 
   14       a        9        1.146846771876136D-05
 
   15       a       10        7.950409454328878D-06
 

 converged!

 Eigenpairs written on logfile ucis_a   



 IRREP   Vector     Eigenvalue           Euclidean residual norm

  a         1    6.308001209590784D-02    1.294450544075823D-06
            2    1.551775487286882D-01    1.672884010199558D-06
            3    1.941294269322223D-01    6.068460823322785D-06
            4    2.448840158584134D-01    1.312808689814583D-06
            5    3.925159823243980D-01    7.471745312899575D-06
            6    4.028706891428419D-01    4.972461588600911D-06
            7    4.142400162278623D-01    7.420118433775901D-06
            8    4.209206624828397D-01    7.950409454328878D-06
            9    4.646812978047387D-01    5.606361118810396D-06
           10    4.753942850723835D-01    3.798749805363712D-06






                    Selection rules for point group c1  


 Subduction with respect to c1  :

    Polar vector representation: a                           

    Axial vector representation: a                           

    Symmetric second rank tensor representation: a                           




                            Ground state


 Total energy:                           -115.2037100036000    

 Charge:

               elec          nuc         total

           -17.000000    18.000000     1.000000


 Electric dipole moment:

               elec          nuc         total   

    x      135.933891  -144.235142    -8.301251    Norm:              9.897240
    y     -104.927047   110.311648     5.384600
    z        0.260376    -0.485471    -0.225095    Norm / debye:     25.156464


 Electric quadrupole moment:

               elec          nuc         total   

   xx    -1132.116355  1195.764940    63.648585
   yy     -662.678124   684.720217    22.042093    1/3*trace:        26.206110
   zz      -13.260817     6.188469    -7.072348
   xy      841.115383  -887.679428   -46.564044
   xz       -1.520723     2.892501     1.371778    Anisotropy:      101.510760
   yz        1.093034    -2.256050    -1.163017



 ==============================================================================

                              I R R E P   a   

 ==============================================================================


 Excitation is electric dipole allowed

 Excitation is magnetic dipole allowed

 Excitation is electric quadrupole allowed




                             1 a excitation


 Total energy:                           -115.1406299915041    

 Excitation energy:                      0.6308001209590784E-01

 Excitation energy / eV:                  1.716495199550140    

 Excitation energy / nm:                  722.3104616835641    

 Excitation energy / cm^(-1):             13844.46235930091    


 Oscillator strength:

    velocity representation:             0.8516772826479370E-03

    length representation:               0.2885005902423522E-03

    mixed representation:                0.4956907553889063E-03


 Rotatory strength:

    velocity representation:             0.3374500200916414E-08

    velocity rep. / 10^(-40)erg*cm^3:    0.2180089659430587E-03

    length representation:               0.1300923823125397E-06

    length rep. / 10^(-40)erg*cm^3:      0.8404594475153312E-02


 Dominant contributions:

      occ. orbital   energy / eV   virt. orbital     energy / eV   |coeff.|^2*100
        8 a   beta           -20.58      9 a   beta           -11.30       92.6
 

 Change of electron number:

            -0.000000


 Electric transition dipole moment (velocity rep.):

    x        0.000011        Norm:                  0.142311
    y       -0.036607
    z        0.137522        Norm / debye:          0.361720


 Electric transition dipole moment (length rep.):

    x        0.000039        Norm:                  0.082827
    y        0.021309
    z       -0.080039        Norm / debye:          0.210527


 Magnetic transition dipole moment / i:

    x        0.002982        Norm:                  0.003102
    y       -0.000824
    z       -0.000220        Norm / Bohr mag.:      0.850155


 Electric quadrupole transition moment:

   xx       -0.000635
   yy        0.028772        1/3*trace:             0.088279
   zz        0.236700
   xy       -0.341418
   xz        1.283000        Anisotropy:            2.315230
   yz       -0.085849




                             2 a excitation


 Total energy:                           -115.0485324548713    

 Excitation energy:                      0.1551775487286882    

 Excitation energy / eV:                  4.222597755145815    

 Excitation energy / nm:                  293.6207784778375    

 Excitation energy / cm^(-1):             34057.53520016011    


 Oscillator strength:

    velocity representation:             0.1991994600618069E-03

    length representation:               0.6716442924727088E-03

    mixed representation:                0.3657741317027461E-03


 Rotatory strength:

    velocity representation:            -0.7811072207867961E-07

    velocity rep. / 10^(-40)erg*cm^3:   -0.5046328859252714E-02

    length representation:              -0.4501335133597257E-07

    length rep. / 10^(-40)erg*cm^3:     -0.2908079298890536E-02


 Dominant contributions:

      occ. orbital   energy / eV   virt. orbital     energy / eV   |coeff.|^2*100
        6 a   beta           -23.69      9 a   beta           -11.30       92.9
 

 Change of electron number:

            -0.000000


 Electric transition dipole moment (velocity rep.):

    x       -0.000027        Norm:                  0.043881
    y        0.011269
    z       -0.042409        Norm / debye:          0.111535


 Electric transition dipole moment (length rep.):

    x        0.000095        Norm:                  0.080575
    y        0.020733
    z       -0.077862        Norm / debye:          0.204803


 Magnetic transition dipole moment / i:

    x       -0.000088        Norm:                  0.002665
    y        0.002573
    z        0.000686        Norm / Bohr mag.:      0.730300


 Electric quadrupole transition moment:

   xx       -0.001537
   yy        0.233539        1/3*trace:             0.085571
   zz        0.024712
   xy       -0.052057
   xz        0.197836        Anisotropy:            0.872427
   yz       -0.441891




                             3 a excitation


 Total energy:                           -115.0095805766678    

 Excitation energy:                      0.1941294269322223    

 Excitation energy / eV:                  5.282532744507769    

 Excitation energy / nm:                  234.7060586332840    

 Excitation energy / cm^(-1):             42606.48428395213    


 Oscillator strength:

    velocity representation:             0.2843241019448808E-02

    length representation:               0.1237153711311419    

    mixed representation:                0.1214413226370245E-02


 Rotatory strength:

    velocity representation:             0.3691043025038020E-07

    velocity rep. / 10^(-40)erg*cm^3:    0.2384591569801509E-02

    length representation:              -0.1643462905649590E-03

    length rep. / 10^(-40)erg*cm^3:      -10.61756192899739    


 Dominant contributions:

      occ. orbital   energy / eV   virt. orbital     energy / eV   |coeff.|^2*100
        7 a   beta           -22.80      9 a   beta           -11.30       95.6
 

 Change of electron number:

            -0.000000


 Electric transition dipole moment (velocity rep.):

    x        0.003551        Norm:                  0.148220
    y       -0.143184
    z       -0.038144        Norm / debye:          0.376740


 Electric transition dipole moment (length rep.):

    x        0.973865        Norm:                  0.977714
    y        0.083742
    z        0.022311        Norm / debye:          2.485120


 Magnetic transition dipole moment / i:

    x       -0.000168        Norm:                  0.000792
    y       -0.000203
    z        0.000747        Norm / Bohr mag.:      0.217059


 Electric quadrupole transition moment:

   xx      -15.895965
   yy        0.871542        1/3*trace:            -5.196975
   zz       -0.566502
   xy        4.978042
   xz       -0.290032        Anisotropy:           18.272675
   yz        0.252151




                             4 a excitation


 Total energy:                           -114.9588259877416    

 Excitation energy:                      0.2448840158584134    

 Excitation energy / eV:                  6.663635971223851    

 Excitation energy / nm:                  186.0609501207450    

 Excitation energy / cm^(-1):             53745.82894485824    


 Oscillator strength:

    velocity representation:             0.2513663981721815E-04

    length representation:               0.1032406186805958E-01

    mixed representation:                0.5094232675279612E-03


 Rotatory strength:

    velocity representation:             0.2145315072393715E-08

    velocity rep. / 10^(-40)erg*cm^3:    0.1385976863855569E-03

    length representation:              -0.9894573188651270E-08

    length rep. / 10^(-40)erg*cm^3:     -0.6392370842710189E-03


 Dominant contributions:

      occ. orbital   energy / eV   virt. orbital     energy / eV   |coeff.|^2*100
        5 a   beta           -26.06      9 a   beta           -11.30       93.8
 

 Change of electron number:

             0.000000


 Electric transition dipole moment (velocity rep.):

    x        0.000008        Norm:                  0.012408
    y        0.003188
    z       -0.011992        Norm / debye:          0.031539


 Electric transition dipole moment (length rep.):

    x       -0.000016        Norm:                  0.251473
    y       -0.064728
    z        0.242999        Norm / debye:          0.639184


 Magnetic transition dipole moment / i:

    x        0.001538        Norm:                  0.002175
    y        0.001486
    z        0.000396        Norm / Bohr mag.:      0.596062


 Electric quadrupole transition moment:

   xx        0.000267
   yy       -0.797642        1/3*trace:            -0.268734
   zz       -0.008826
   xy        0.650644
   xz       -2.442922        Anisotropy:            5.151582
   yz        1.498410




                             5 a excitation


 Total energy:                           -114.8111940212756    

 Excitation energy:                      0.3925159823243980    

 Excitation energy / eV:                  10.68090789808591    

 Excitation energy / nm:                  116.0802482237368    

 Excitation energy / cm^(-1):             86147.30026449499    


 Oscillator strength:

    velocity representation:             0.1647121189259241E-03

    length representation:               0.7172283181849776E-04

    mixed representation:                0.1013947717947940E-03


 Rotatory strength:

    velocity representation:            -0.2232894349975382E-08

    velocity rep. / 10^(-40)erg*cm^3:   -0.1442557295347125E-03

    length representation:               0.3428578581903669E-06

    length rep. / 10^(-40)erg*cm^3:      0.2215026898182875E-01


 Dominant contributions:

      occ. orbital   energy / eV   virt. orbital     energy / eV   |coeff.|^2*100
        8 a   beta           -20.58     10 a   beta            -3.22       54.7
        9 a   alpha          -20.88     10 a   alpha           -3.41       33.8
        9 a   alpha          -20.88     12 a   alpha           -0.36        2.6
 

 Change of electron number:

            -0.000000


 Electric transition dipole moment (velocity rep.):

    x        0.010397        Norm:                  0.025089
    y        0.022061
    z        0.005887        Norm / debye:          0.063770


 Electric transition dipole moment (length rep.):

    x        0.011827        Norm:                  0.016556
    y        0.011192
    z        0.002989        Norm / debye:          0.042081


 Magnetic transition dipole moment / i:

    x        0.000052        Norm:                  0.000136
    y       -0.000055
    z        0.000113        Norm / Bohr mag.:      0.037273


 Electric quadrupole transition moment:

   xx       -0.221026
   yy        0.070015        1/3*trace:            -0.040263
   zz        0.030221
   xy        0.100988
   xz        0.007241        Anisotropy:            0.325202
   yz       -0.009947




                             6 a excitation


 Total energy:                           -114.8008393144571    

 Excitation energy:                      0.4028706891428419    

 Excitation energy / eV:                  10.96267392754679    

 Excitation energy / nm:                  113.0967178499428    

 Excitation energy / cm^(-1):             88419.89571947973    


 Oscillator strength:

    velocity representation:             0.2096558665865507E-02

    length representation:               0.9529549945652905E-03

    mixed representation:                0.1413480063998235E-02


 Rotatory strength:

    velocity representation:            -0.2426441998349495E-07

    velocity rep. / 10^(-40)erg*cm^3:   -0.1567598398237835E-02

    length representation:              -0.3964439093556779E-07

    length rep. / 10^(-40)erg*cm^3:     -0.2561218597929959E-02


 Dominant contributions:

      occ. orbital   energy / eV   virt. orbital     energy / eV   |coeff.|^2*100
        8 a   alpha          -21.15     10 a   alpha           -3.41       74.5
        4 a   beta           -30.15      9 a   beta           -11.30       18.3
 

 Change of electron number:

             0.000000


 Electric transition dipole moment (velocity rep.):

    x        0.000008        Norm:                  0.088352
    y       -0.022754
    z        0.085372        Norm / debye:          0.224570


 Electric transition dipole moment (length rep.):

    x        0.000017        Norm:                  0.059566
    y       -0.015329
    z        0.057560        Norm / debye:          0.151403


 Magnetic transition dipole moment / i:

    x        0.000003        Norm:                  0.001884
    y       -0.001821
    z       -0.000486        Norm / Bohr mag.:      0.516425


 Electric quadrupole transition moment:

   xx       -0.000268
   yy       -0.221652        1/3*trace:            -0.063750
   zz        0.030669
   xy        0.095943
   xz       -0.360249        Anisotropy:            0.991725
   yz        0.412209




                             7 a excitation


 Total energy:                           -114.7894699873721    

 Excitation energy:                      0.4142400162278623    

 Excitation energy / eV:                  11.27204919104359    

 Excitation energy / nm:                  109.9926392310125    

 Excitation energy / cm^(-1):             90915.17458277209    


 Oscillator strength:

    velocity representation:             0.1144340046649121E-02

    length representation:               0.2723659273432500E-02

    mixed representation:                0.1269975846265550E-02


 Rotatory strength:

    velocity representation:             0.2460769070487874E-06

    velocity rep. / 10^(-40)erg*cm^3:    0.1589775340170476E-01

    length representation:              -0.1047110456863248E-04

    length rep. / 10^(-40)erg*cm^3:     -0.6764837882271469    


 Dominant contributions:

      occ. orbital   energy / eV   virt. orbital     energy / eV   |coeff.|^2*100
        9 a   alpha          -20.88     10 a   alpha           -3.41       55.8
        8 a   beta           -20.58     10 a   beta            -3.22       37.0
 

 Change of electron number:

             0.000000


 Electric transition dipole moment (velocity rep.):

    x        0.064371        Norm:                  0.064372
    y       -0.000282
    z       -0.000127        Norm / debye:          0.163619


 Electric transition dipole moment (length rep.):

    x        0.071765        Norm:                  0.099311
    y        0.066350
    z        0.017608        Norm / debye:          0.252424


 Magnetic transition dipole moment / i:

    x       -0.000001        Norm:                  0.005278
    y        0.001207
    z       -0.005138        Norm / Bohr mag.:      1.446598


 Electric quadrupole transition moment:

   xx       -1.105639
   yy        1.299681        1/3*trace:            -0.037473
   zz       -0.306461
   xy       -0.836128
   xz       -0.341265        Anisotropy:            2.698479
   yz        0.333219




                             8 a excitation


 Total energy:                           -114.7827893411172    

 Excitation energy:                      0.4209206624828397    

 Excitation energy / eV:                  11.45383890295941    

 Excitation energy / nm:                  108.2468900225528    

 Excitation energy / cm^(-1):             92381.40695242060    


 Oscillator strength:

    velocity representation:             0.4101772933087056E-02

    length representation:               0.4063684459129283E-01

    mixed representation:                0.1291058128137012E-01


 Rotatory strength:

    velocity representation:            -0.4941048681465068E-07

    velocity rep. / 10^(-40)erg*cm^3:   -0.3192155429203944E-02

    length representation:              -0.1622247931423257E-06

    length rep. / 10^(-40)erg*cm^3:     -0.1048050297750184E-01


 Dominant contributions:

      occ. orbital   energy / eV   virt. orbital     energy / eV   |coeff.|^2*100
        4 a   beta           -30.15      9 a   beta           -11.30       74.2
        8 a   alpha          -21.15     10 a   alpha           -3.41       18.8
 

 Change of electron number:

            -0.000000


 Electric transition dipole moment (velocity rep.):

    x       -0.000006        Norm:                  0.120901
    y        0.031121
    z       -0.116827        Norm / debye:          0.307303


 Electric transition dipole moment (length rep.):

    x       -0.000005        Norm:                  0.380545
    y        0.097954
    z       -0.367721        Norm / debye:          0.967255


 Magnetic transition dipole moment / i:

    x       -0.000691        Norm:                  0.001371
    y       -0.001144
    z       -0.000304        Norm / Bohr mag.:      0.375625


 Electric quadrupole transition moment:

   xx        0.000076
   yy        1.076253        1/3*trace:             0.406839
   zz        0.144188
   xy       -0.877941
   xz        3.295892        Anisotropy:            6.957168
   yz       -2.039387




                             9 a excitation


 Total energy:                           -114.7390287057952    

 Excitation energy:                      0.4646812978047387    

 Excitation energy / eV:                  12.64462688735450    

 Excitation energy / nm:                  98.05290825185294    

 Excitation energy / cm^(-1):             101985.7562288918    


 Oscillator strength:

    velocity representation:             0.8181727259275128E-03

    length representation:               0.1269954330149436E-02

    mixed representation:                0.9766082453328277E-03


 Rotatory strength:

    velocity representation:             0.2028002219887188E-07

    velocity rep. / 10^(-40)erg*cm^3:    0.1310187110872792E-02

    length representation:              -0.2553170139527428E-05

    length rep. / 10^(-40)erg*cm^3:     -0.1649470881180892    


 Dominant contributions:

      occ. orbital   energy / eV   virt. orbital     energy / eV   |coeff.|^2*100
        8 a   beta           -20.58     12 a   beta            -0.20       30.6
        9 a   alpha          -20.88     12 a   alpha           -0.36       23.7
        9 a   alpha          -20.88     11 a   alpha           -1.07       11.6
        8 a   beta           -20.58     11 a   beta            -0.94        8.7
        6 a   beta           -23.69     10 a   beta            -3.22        6.5
        7 a   alpha          -24.19     10 a   alpha           -3.41        4.8
        8 a   beta           -20.58     14 a   beta             0.27        4.2
 

 Change of electron number:

             0.000000


 Electric transition dipole moment (velocity rep.):

    x       -0.022848        Norm:                  0.051391
    y       -0.044500
    z       -0.011782        Norm / debye:          0.130625


 Electric transition dipole moment (length rep.):

    x       -0.010842        Norm:                  0.064027
    y       -0.060994
    z       -0.016175        Norm / debye:          0.162741


 Magnetic transition dipole moment / i:

    x       -0.000124        Norm:                  0.001327
    y       -0.000278
    z        0.001291        Norm / Bohr mag.:      0.363643


 Electric quadrupole transition moment:

   xx        0.187666
   yy       -0.796764        1/3*trace:            -0.171394
   zz        0.094917
   xy        0.535555
   xz        0.159999        Anisotropy:            1.371603
   yz       -0.138612




                            10 a excitation


 Total energy:                           -114.7283157185276    

 Excitation energy:                      0.4753942850723835    

 Excitation energy / eV:                  12.93614222805854    

 Excitation energy / nm:                  95.84329069724203    

 Excitation energy / cm^(-1):             104336.9851531519    


 Oscillator strength:

    velocity representation:             0.1688847322315239E-02

    length representation:               0.1688301354840793E-02

    mixed representation:                0.1660368152260384E-02


 Rotatory strength:

    velocity representation:            -0.5754604873277448E-07

    velocity rep. / 10^(-40)erg*cm^3:   -0.3717751913286011E-02

    length representation:              -0.2660710047360327E-05

    length rep. / 10^(-40)erg*cm^3:     -0.1718946841199787    


 Dominant contributions:

      occ. orbital   energy / eV   virt. orbital     energy / eV   |coeff.|^2*100
        8 a   beta           -20.58     11 a   beta            -0.94       36.7
        9 a   alpha          -20.88     11 a   alpha           -1.07       22.6
        6 a   beta           -23.69     10 a   beta            -3.22        8.7
        8 a   beta           -20.58     12 a   beta            -0.20        8.4
        9 a   alpha          -20.88     12 a   alpha           -0.36        5.9
        9 a   alpha          -20.88     14 a   alpha            0.14        4.6
        7 a   alpha          -24.19     10 a   alpha           -3.41        4.5
 

 Change of electron number:

            -0.000000


 Electric transition dipole moment (velocity rep.):

    x       -0.000574        Norm:                  0.072998
    y       -0.070642
    z       -0.018390        Norm / debye:          0.185545


 Electric transition dipole moment (length rep.):

    x        0.012720        Norm:                  0.072987
    y       -0.069558
    z       -0.018081        Norm / debye:          0.185515


 Magnetic transition dipole moment / i:

    x       -0.000198        Norm:                  0.001234
    y       -0.000305
    z        0.001179        Norm / Bohr mag.:      0.338209


 Electric quadrupole transition moment:

   xx       -0.221055
   yy       -0.924070        1/3*trace:            -0.383114
   zz       -0.004216
   xy        0.686567
   xz        0.158473        Anisotropy:            1.494169
   yz       -0.128306

 SUMMARY OF EXCITATION ENERGIES AND DIPOLE OSCILLATOR STRENGTHS (velocity/length):

 -----------------------------------------------------------------------------------------------
 |    Exc.   | energy (Eh) | energy (eV) | energy (cm-1) | energy (nm) | Osc.(vel) | Osc.(len) |
 -----------------------------------------------------------------------------------------------
 |     1 a   |    0.063080 |     1.71649 |     13844.462 |     722.310 |   0.00085 |   0.00029 |
 |     2 a   |    0.155178 |     4.22260 |     34057.535 |     293.621 |   0.00020 |   0.00067 |
 |     3 a   |    0.194129 |     5.28253 |     42606.484 |     234.706 |   0.00284 |   0.12372 |
 |     4 a   |    0.244884 |     6.66363 |     53745.829 |     186.061 |   0.00003 |   0.01032 |
 |     5 a   |    0.392516 |    10.68090 |     86147.300 |     116.080 |   0.00016 |   0.00007 |
 |     6 a   |    0.402871 |    10.96267 |     88419.896 |     113.097 |   0.00210 |   0.00095 |
 |     7 a   |    0.414240 |    11.27204 |     90915.175 |     109.993 |   0.00114 |   0.00272 |
 |     8 a   |    0.420921 |    11.45383 |     92381.407 |     108.247 |   0.00410 |   0.04064 |
 |     9 a   |    0.464681 |    12.64462 |    101985.756 |      98.053 |   0.00082 |   0.00127 |
 |    10 a   |    0.475394 |    12.93614 |    104336.985 |      95.843 |   0.00169 |   0.00169 |
 -----------------------------------------------------------------------------------------------




    ------------------------------------------------------------------------
         total  cpu-time :   8.48 seconds
         total wall-time :   9.15 seconds
    ------------------------------------------------------------------------

   ****  escf : all done  ****


    2023-07-09 02:22:03.942 

