
 ridft (compt307) : TURBOMOLE rev. V7-6-2381-g96b3af1 compiled 16 Jan 2023 at 13:48:01
 Copyright (C) 2023 TURBOMOLE GmbH, Karlsruhe


    2023-07-09 02:21:50.883 



                                  r i d f t

                        DFT program with RI approximation 
                                for coulomb part 




                                                 
                                 References:     
                                                 
          TURBOMOLE:                             
              R. Ahlrichs, M. Baer, M. Haeser, H. Horn, and
              C. Koelmel
              Electronic structure calculations on workstation
              computers: the program system TURBOMOLE
              Chem. Phys. Lett. 162: 165 (1989)
          Density Functional:                              
              O. Treutler and R. Ahlrichs                      
              Efficient Molecular Numerical Integration Schemes
              J. Chem. Phys. 102: 346 (1995)                   
          Parallel Version:                                
              Performance of parallel TURBOMOLE for Density    
              Functional Calculations                          
              M. v. Arnim and R. Ahlrichs                      
              J. Comp. Chem. 19: 1746 (1998)                   
          RI-J Method:                                     
              Auxiliary Basis Sets to approximate Coulomb      
              Potentials                                       
              Chem. Phys. Lett. 240: 283 (1995)                
              K. Eichkorn, O. Treutler, H. Oehm, M. Haeser     
              and R. Ahlrichs                                  
              Chem. Phys. Lett. 242: 652 (1995)                
                                                           
              Auxiliary Basis Sets for Main Row Atoms and their
              Use to approximate Coulomb Potentials            
              K. Eichkorn, F. Weigend, O. Treutler and         
              R. Ahlrichs                                      
              Theo. Chem. Acc. 97: 119 (1997)                   
                                                           
              Accurate Coulomb-fitting basis sets for H to Rn 
              F. Weigend                                        
              Phys. Chem. Chem. Phys. 8: 1057 (2006)            
                                                           
          Multipole accelerated RI-J (MARI-J):             
              Fast evaluation of the Coulomb potential for     
              electron densities using multipole accelerated   
              resolution of identity approximation             
              M. Sierka, A. Hogekamp and R. Ahlrichs           
              J. Chem. Phys. 118: 9136 (2003)                  
          RI-JK Method:                                     
              A fully direct RI-HF algorithm: Implementation,
              optimised auxiliary basis sets, demonstration of
              accuracy and efficiency                         
              F. Weigend                                      
              Phys. Chem. Chem. Phys. 4: 4285 (2002)           
          Two-component HF and DFT with spin-orbit coupling:  
              Self-consistent treatment of spin-orbit         
              interactions with efficient Hartree-Fock and    
              density functional methods                      
              M. K. Armbruster, F. Weigend, C. van WÃ¼llen and 
              W. Klopper                                      
              Phys. Chem. Chem. Phys. 10: 1748 (2008)         
          Two-component difference density and DIIS algorithm 
              Efficient two-component self-consistent field   
              procedures and gradients: implementation in     
              TURBOMOLE and application to Au20-              
              A. Baldes, F. Weigend                           
              Mol. Phys. 111: 2617 (2013)                     
          Relativistic current density functional theory      
              Current density functional framework for        
              spin-orbit coupling                             
              C. Holzer, Y. J. Franzke, A. Pausch             
              J. Chem. Phys. 157: 204102 (2022)               
          Relativistic all-electron 2c calculations           
              An efficient implementation of two-component    
              relativistic exact-decoupling methods for large 
              molecules                                       
              D. Peng, N. Middendorf, F. Weigend, M. Reiher   
              J. Chem. Phys. 138: 184105 (2013)               
          Finite nucleus model and SNSO approximation         
              Efficient implementation of one- and two-       
              component analytical energy gradients in exact  
              two-component theory                            
              Y. J. Franzke, N. Middendorf, F. Weigend        
              J. Chem. Phys. 148: 104110 (2018)               
          Grids for all-electron relativistic methods         
              Error-consistent segmented contracted all-      
              electron relativistic basis sets of double-     
              and triple-zeta quality for NMR shielding       
              constants                                       
              Y. J. Franzke, R. Tress, T. M. Pazdera,         
              F. Weigend                                      
              Phys. Chem. Chem. Phys. 21: 166658 (2019)       
          Seminumerical exchange algorithms                   
              Seminumerical calculation of the Hartree-Fock   
              exchange matirx: Application to two-component   
              procedures and efficient evaluation of local    
              hybrid functionsl                               
              P. Plessow, F. Weigend,                         
              J. Comput. Chem. 33: 810 (2012)                 
          Improved seminumerical algorithms                   
              C. Holzer,                                      
              J. Chem. Phys. 153 (2020), 184115               
                                         




              +--------------------------------------------------+
              |      general information about current run       |
              +--------------------------------------------------+

 

 DENSITY CONVERGENCE CHECK SWITCHED ON !
 SCF CONVERGENCE IF RMS(delta[D]) <     0.1000000000E-06

 Libxc version: 6.0.0
 S. Lehtola, C. Steigemann, M.J.T. Oliveira, and M.A.L. Marques, Software X 7, 1 (2018)
 M.A.L. Marques, M.J.T. Oliveira, and T. Burnus, Comput. Phys. Commun. 183, 2272 (2012)
 TURBOMOLE integration by Christof Holzer

 Name of XC-Functional: wB97X range-separated functional
 alpha=    0.15771
 beta =    0.84229
 omega=    0.30000
 [1] J.-D. Chai and M. Head-Gordon.,  J. Chem. Phys. 128, 084106 (2008)
 A Hybrid-DFT calculation using the RI-J approximation will be carried out.
 Allocatable memory for RI due to $ricore (MB):                   500


              +--------------------------------------------------+
              | Atomic coordinate, charge and isotop information |
              +--------------------------------------------------+

                    atomic coordinates            atom    charge  isotop
         -9.24314180    6.23174984    0.00054802    c      6.000     0
         -9.98177905    5.77299993   -1.91166584    h      1.000     0
         -6.60094563    6.20640861   -0.00619830    o      8.000     0
         -9.98177905    4.88256098    1.43120298    h      1.000     0
         -9.90212710    8.15492412    0.51283388    h      1.000     0
         -6.10304059    4.45939461   -0.47154336    h      1.000     0
 
       center of nuclear mass  :   -7.89226438    6.16696788   -0.01670470
       center of nuclear charge:   -8.01306343    6.12842487   -0.02697059

              +--------------------------------------------------+
              |               basis set information              |
              +--------------------------------------------------+

              we will work with the 1s 3p 5d 7f 9g ... basis set
              ...i.e. with spherical basis functions...

   type   atoms  prim   cont   basis
   ---------------------------------------------------------------------------
    c        1     24     14   def2-SVP   [3s2p1d|7s4p1d]
    h        4      7      5   def2-SVP   [2s1p|4s1p]
    o        1     24     14   def2-SVP   [3s2p1d|7s4p1d]
   ---------------------------------------------------------------------------
   total:    6     76     48
   ---------------------------------------------------------------------------

   total number of primitive shells          :   29
   total number of contracted shells         :   24
   total number of cartesian basis functions :   50
   total number of SCF-basis functions       :   48


 integral neglect threshold       :  0.67E-10
 integral storage threshold THIZE :  0.10E-04
 integral storage threshold THIME :         5

 RI-J AUXILIARY BASIS SET information:

              we will work with the 1s 3p 5d 7f 9g ... basis set
              ...i.e. with spherical basis functions...

   type   atoms  prim   cont   basis
   ---------------------------------------------------------------------------
    c        1     70     49   def2-SVP   [6s4p3d1f1g|12s5p4d2f1g]
    h        4     16     11   def2-SVP   [3s1p1d|5s2p1d]
    o        1     70     49   def2-SVP   [6s4p3d1f1g|12s5p4d2f1g]
   ---------------------------------------------------------------------------
   total:    6    204    142
   ---------------------------------------------------------------------------

   total number of primitive shells          :   56
   total number of contracted shells         :   50
   total number of cartesian basis functions :  170
   total number of SCF-basis functions       :  142


 symmetry group of the molecule :   c1 

 the group has the following generators :
   c1(z)

    1 symmetry operations found

 there are 1 real representations :   a   

 maximum number of shells which are related by symmetry :  1

  
           ------------------
           density functional
           ------------------
 Name of XC-Functional: wB97X range-separated functional
 alpha=    0.15771
 beta =    0.84229
 omega=    0.30000
 [1] J.-D. Chai and M. Head-Gordon.,  J. Chem. Phys. 128, 084106 (2008)
 spherical integration : Lebedev's spherical grid
 spherical gridsize    :                     4
    i.e. gridpoints    :                   434
  maximum batchsize    :                   100
 value for diffuse not defined
 radial integration    : Chebyshev 2nd kind (scaling 3)
 radial gridsize       :                     6
 integration cells     :                     6
 partition function    : becke
 partition sharpness   :                     3
  

 biggest AO integral is expected to be     4.776656448

          ------------------------
          nuclear repulsion energy  :   40.3453758809    
          ------------------------


         -----------------
         -S,T+V- integrals
         -----------------

 1e-integrals will be neglected if expon. factor < 0.668392E-11
 
 Difference densities algorithm switched on.
 The maximal number of linear combinations of
 difference densities is  20.

 DIIS switched on: error vector is FDS-SDF
 Max. Iterations for DIIS is     :   4
 DIIS matrix (see manual) 
    Scaling factor of diagonals  :  1.200
    threshold for scaling factor :  0.000

 scf convergence criterion : increment of total energy < .1000000D-06
                  and increment of one-electron energy < .1000000D-03

 MOs are in ASCII format !


    mo occupation :
   irrep   mo's   occupied
    a       48        9
 
 number of basis functions   :    48
 number of occupied orbitals :     9
 

 reading orbital data $uhfmo_alpha  from file alpha
 orbital characterization : expanded

 reading orbital data $uhfmo_beta  from file beta
 orbital characterization : expanded
 virtual MOs provided and orthogonalized by Cholesky decomposition
 virtual MOs provided and orthogonalized by Cholesky decomposition

 UHF mode switched on !

 closed shell shift switched on 
 all occupied orbitals are shifted by    0.05000

  
           ------------------------
               RI-J - INFORMATION
           ------------------------
 Contributions to RI integral batches: 
  neglected integral batches:                     0
  direct contribution:                            0
  memory contribution:                   300
 Memory core needed for (P|Q) and Cholesky      1 MByte
 Memory core minimum needed except of (P|Q)     1 MByte
 Total minimum memory core needed (sum)         1 MByte
  
 ****************************************
 Memory allocated for RI-J     2 MByte
 ****************************************
                                            

 DSCF restart information will be dumped onto file alpha


 Starting SCF iterations

          Overall gridpoints after grid construction =         55768

 ITERATION  ENERGY          1e-ENERGY        2e-ENERGY     RMS[dD(SAO)]   TOL
   1  -114.66315941954    -228.62148863     73.612953325    0.000D+00 0.667D-10
                            Exc = -10.3154574815     Coul =  88.3925983900    
                            exK = -4.46418758390    
                         Ntotal = 17.000001963      Nspin = 1.0000002366    
                             Na = 9.0000010997         Nb = 8.0000008631    
                            current damping = 1.000
 
          max. resid. norm for Fia-block=  3.040D-01 for orbital      7a    alpha
          max. resid. fock norm         =  1.283D+00 for orbital     25a    alpha

 ITERATION  ENERGY          1e-ENERGY        2e-ENERGY     RMS[dD(SAO)]   TOL
   2  -115.04739393915    -228.53867171     73.145901892    0.127D-01 0.430D-10
                            Exc = -10.2866308581      Eck =  83.4325327500    
                         Ntotal = 17.000001538      Nspin = 1.0000000174    
                             Na = 9.0000007778         Nb = 8.0000007603    
                            current damping = 0.950
 
          Norm of current diis error: 0.71349    
          max. resid. norm for Fia-block=  1.534D-01 for orbital      4a    alpha
          max. resid. fock norm         =  1.956D-01 for orbital     26a    alpha

 ITERATION  ENERGY          1e-ENERGY        2e-ENERGY     RMS[dD(SAO)]   TOL
   3  -115.14550225872    -229.76412981     74.273251675    0.705D-02 0.337D-10
                            Exc = -10.4169421642      Eck =  84.6901938388    
                         Ntotal = 17.000001298      Nspin =0.99999998372    
                             Na = 9.0000006408         Nb = 8.0000006571    
                            current damping = 0.900
 
          Norm of current diis error: 0.39888    
          max. resid. norm for Fia-block=  8.726D-02 for orbital      4a    alpha
          max. resid. fock norm         =  9.952D-02 for orbital     10a    alpha

 ITERATION  ENERGY          1e-ENERGY        2e-ENERGY     RMS[dD(SAO)]   TOL
   4  -115.18353139325    -230.05557986     74.526672590    0.483D-02 0.286D-10
                            Exc = -10.4588122929      Eck =  84.9854848830    
                         Ntotal = 17.000001155      Nspin =0.99999995480    
                             Na = 9.0000005548         Nb = 8.0000006000    
                            current damping = 0.750
 
          Norm of current diis error: 0.21832    
          max. resid. norm for Fia-block=  5.078D-02 for orbital      4a    alpha
          max. resid. fock norm         =  5.621D-02 for orbital      4a    alpha

 ITERATION  ENERGY          1e-ENERGY        2e-ENERGY     RMS[dD(SAO)]   TOL
   5  -115.19787077007    -230.28540405     74.742157395    0.374D-02 0.249D-10
                            Exc = -10.4919204847      Eck =  85.2340778799    
                         Ntotal = 17.000001072      Nspin =0.99999993909    
                             Na = 9.0000005057         Nb = 8.0000005666    
                            current damping = 0.600
 
          Norm of current diis error: 0.11005    
          max. resid. norm for Fia-block=  2.707D-02 for orbital      5a    alpha
          max. resid. fock norm         =  2.820D-02 for orbital      5a    alpha
          mo-orthogonalization: Cholesky decomposition

 ITERATION  ENERGY          1e-ENERGY        2e-ENERGY     RMS[dD(SAO)]   TOL
   6  -115.20239051852    -230.41008040     74.862314004    0.260D-02 0.221D-10
                            Exc = -10.5109935459      Eck =  85.3733075499    
                         Ntotal = 17.000001028      Nspin =0.99999993030    
                             Na = 9.0000004793         Nb = 8.0000005490    
                            current damping = 0.450
 
          Norm of current diis error: 0.48485E-01
          max. resid. norm for Fia-block=  1.331D-02 for orbital      5a    alpha
          max. resid. fock norm         =  1.417D-02 for orbital      5a    alpha

 ITERATION  ENERGY          1e-ENERGY        2e-ENERGY     RMS[dD(SAO)]   TOL
   7  -115.20346500605    -230.48832013     74.939479243    0.153D-02 0.204D-10
                            Exc = -10.5225126005      Eck =  85.4619918439    
                         Ntotal = 17.000001009      Nspin =0.99999992634    
                             Na = 9.0000004677         Nb = 8.0000005413    
                            current damping = 0.300
 
          Norm of current diis error: 0.19386E-01
          max. resid. norm for Fia-block=  5.729D-03 for orbital      8a    beta 
          max. resid. fock norm         =  5.739D-03 for orbital      8a    beta 

 ITERATION  ENERGY          1e-ENERGY        2e-ENERGY     RMS[dD(SAO)]   TOL
   8  -115.20367219205    -230.50171538     74.952667309    0.773D-03 0.193D-10
                            Exc = -10.5256713124      Eck =  85.4783386215    
                         Ntotal = 17.000001001      Nspin =0.99999992438    
                             Na = 9.0000004626         Nb = 8.0000005383    
                            current damping = 0.150
 
          Norm of current diis error: 0.67438E-02
          max. resid. norm for Fia-block=  2.174D-03 for orbital      5a    alpha
          max. resid. fock norm         =  2.525D-03 for orbital      5a    alpha

 ITERATION  ENERGY          1e-ENERGY        2e-ENERGY     RMS[dD(SAO)]   TOL
   9  -115.20370193132    -230.51799909     74.968921277    0.316D-03 0.186D-10
                            Exc = -10.5280724993      Eck =  85.4969937761    
                         Ntotal = 17.000000999      Nspin =0.99999992408    
                             Na = 9.0000004617         Nb = 8.0000005376    
                            current damping = 0.100
 
          Norm of current diis error: 0.29009E-02
          max. resid. norm for Fia-block=  1.279D-03 for orbital      7a    beta 
          max. resid. fock norm         =  1.285D-03 for orbital      9a    beta 

 ITERATION  ENERGY          1e-ENERGY        2e-ENERGY     RMS[dD(SAO)]   TOL
  10  -115.20370741890    -230.51304863     74.963965329    0.103D-03 0.181D-10
                            Exc = -10.5278813705      Eck =  85.4918466992    
                         Ntotal = 17.000000999      Nspin =0.99999992402    
                             Na = 9.0000004614         Nb = 8.0000005374    
                            current damping = 0.150
 
          Norm of current diis error: 0.15919E-02
          max. resid. norm for Fia-block=  5.199D-04 for orbital      7a    beta 
          max. resid. fock norm         =  5.975D-04 for orbital      7a    alpha
          mo-orthogonalization: Cholesky decomposition

 ITERATION  ENERGY          1e-ENERGY        2e-ENERGY     RMS[dD(SAO)]   TOL
  11  -115.20370899722    -230.51523616     74.966151281    0.377D-04 0.177D-10
                            Exc = -10.5282554539      Eck =  85.4944067351    
                         Ntotal = 17.000000999      Nspin =0.99999992423    
                             Na = 9.0000004617         Nb = 8.0000005375    
                            current damping = 0.200
 
          Norm of current diis error: 0.84062E-03
          max. resid. norm for Fia-block=  5.860D-04 for orbital      7a    beta 
          max. resid. fock norm         =  5.860D-04 for orbital      7a    beta 

 ITERATION  ENERGY          1e-ENERGY        2e-ENERGY     RMS[dD(SAO)]   TOL
  12  -115.20370971281    -230.51438256     74.965296970    0.229D-04 0.172D-10
                            Exc = -10.5282874722      Eck =  85.4935844420    
                         Ntotal = 17.000000999      Nspin =0.99999992443    
                             Na = 9.0000004619         Nb = 8.0000005375    
                            current damping = 0.250
 
          Norm of current diis error: 0.44186E-03
          max. resid. norm for Fia-block=  3.708D-04 for orbital      7a    beta 
          max. resid. fock norm         =  3.708D-04 for orbital      7a    beta 

 ITERATION  ENERGY          1e-ENERGY        2e-ENERGY     RMS[dD(SAO)]   TOL
  13  -115.20370993830    -230.51402794     74.964942116    0.136D-04 0.167D-10
                            Exc = -10.5283266671      Eck =  85.4932687829    
                         Ntotal = 17.000001000      Nspin =0.99999992459    
                             Na = 9.0000004621         Nb = 8.0000005375    
                            current damping = 0.100
 
          Norm of current diis error: 0.20855E-03
          max. resid. norm for Fia-block=  1.956D-04 for orbital      7a    beta 
          max. resid. fock norm         =  1.956D-04 for orbital      7a    beta 

 ITERATION  ENERGY          1e-ENERGY        2e-ENERGY     RMS[dD(SAO)]   TOL
  14  -115.20370999561    -230.51382487     74.964738995    0.809D-05 0.163D-10
                            Exc = -10.5283482460      Eck =  85.4930872413    
                         Ntotal = 17.000001000      Nspin =0.99999992469    
                             Na = 9.0000004623         Nb = 8.0000005376    
                            current damping = 0.100
 
          Norm of current diis error: 0.76310E-04
          max. resid. norm for Fia-block=  6.884D-05 for orbital      7a    beta 
          max. resid. fock norm         =  6.884D-05 for orbital      7a    beta 

 ITERATION  ENERGY          1e-ENERGY        2e-ENERGY     RMS[dD(SAO)]   TOL
  15  -115.20371000273    -230.51370725     74.964621371    0.301D-05 0.159D-10
                            Exc = -10.5283512353      Eck =  85.4929726063    
                         Ntotal = 17.000001000      Nspin =0.99999992473    
                             Na = 9.0000004623         Nb = 8.0000005376    
                            current damping = 0.100
 
          Norm of current diis error: 0.29842E-04
          max. resid. norm for Fia-block=  2.209D-05 for orbital      7a    beta 
          max. resid. fock norm         =  2.209D-05 for orbital      7a    beta 
          mo-orthogonalization: Cholesky decomposition

 ENERGY & DENSITY CONVERGED !


 ITERATION  ENERGY          1e-ENERGY        2e-ENERGY     RMS[dD(SAO)]   TOL
  16  -115.20371000360    -230.51370213     74.964616245    0.111D-05 0.190D-10
                            Exc = -10.5283548291      Eck =  85.4929710742    
                         Ntotal = 17.000001000      Nspin =0.99999992473    
                             Na = 9.0000004623         Nb = 8.0000005376    
                            current damping = 0.100
 
          Norm of current diis error: 0.12686E-04
          max. resid. norm for Fia-block=  7.462D-06 for orbital      7a    beta 
          max. resid. fock norm         =  7.462D-06 for orbital      7a    beta 

 End of SCF iterations

   convergence criteria satisfied after    16 iterations


                  ------------------------------------------ 
                 |  total energy      =   -115.20371000360  |
                  ------------------------------------------ 
                 :  kinetic energy    =    114.19498988586  :
                 :  potential energy  =   -229.39869988945  :
                 :  virial theorem    =      1.99124403096  :
                 :  wavefunction norm =      1.00000000000  :
                  .......................................... 


 <geterg> : there is no data group $energy 


 <skperg> : $end is missing 


 orbitals $uhfmo_beta  will be written to file beta

 orbitals $uhfmo_alpha  will be written to file alpha
 
 alpha: 

    irrep                  5a          6a          7a          8a          9a   
 eigenvalues H         -0.98026    -0.93134    -0.88901    -0.77716    -0.76731
            eV         -26.6743    -25.3431    -24.1915    -21.1477    -20.8799
 occupation              1.0000      1.0000      1.0000      1.0000      1.0000

    irrep                 10a         11a         12a         13a         14a   
 eigenvalues H         -0.12528    -0.03947    -0.01326    -0.00879     0.00497
            eV          -3.4090     -1.0740     -0.3609     -0.2393      0.1351
 
 beta:  

    irrep                  4a          5a          6a          7a          8a   
 eigenvalues H         -1.10807    -0.95753    -0.87074    -0.83801    -0.75622
            eV         -30.1523    -26.0559    -23.6944    -22.8036    -20.5779
 occupation              1.0000      1.0000      1.0000      1.0000      1.0000

    irrep                  9a         10a         11a         12a         13a   
 eigenvalues H         -0.41522    -0.11827    -0.03436    -0.00736     0.00010
            eV         -11.2989     -3.2182     -0.9350     -0.2002      0.0028
 

                                             _ _ _ 
  IRREP     alpha occ.     beta occ.      tr(D*D-D)


 a          9.00000000     8.00000000    -0.25215309

   -------------------------------------------------

   sum      9.00000000     8.00000000    -0.25215309

 <S*S>     0.75430617

 
 
 
 ==============================================================================
                           electrostatic moments
 ==============================================================================

 reference point for electrostatic moments:    0.00000   0.00000   0.00000

 
              nuc           elec       ->  total
 ------------------------------------------------------------------------------
                          charge      
 ------------------------------------------------------------------------------
          18.000000     -17.000000       1.000000
 a-b                                     1.000000
 
 ------------------------------------------------------------------------------
                       dipole moment  
 ------------------------------------------------------------------------------
   x    -144.235142     135.933891      -8.301251
   y     110.311648    -104.927047       5.384600
   z      -0.485471       0.260376      -0.225095
 
   | dipole moment | =     9.8972 a.u. =    25.1563 debye 
 
 ------------------------------------------------------------------------------
                     quadrupole moment
 ------------------------------------------------------------------------------
  xx    1195.764940   -1132.116355      63.648585
  yy     684.720217    -662.678124      22.042093
  zz       6.188469     -13.260817      -7.072348
  xy    -887.679428     841.115383     -46.564044
  xz       2.892501      -1.520723       1.371778
  yz      -2.256050       1.093034      -1.163017
 
     1/3  trace=      26.206110
     anisotropy=     101.510760
 
 ==============================================================================
 
HOMO-LUMO Separation
 HOMO         :   -0.75621845 H =    -20.57776 eV
 LUMO         :   -0.41522345 H =    -11.29881 eV
 HOMO-LUMO gap:    0.34099500 H =     +9.27895 eV
 
 ==============================================================================


    ------------------------------------------------------------------------
         total  cpu-time :   3.11 seconds
         total wall-time :   3.91 seconds
    ------------------------------------------------------------------------

   ****  ridft : all done  ****


    2023-07-09 02:21:54.765 

