
 escf (compt194) : TURBOMOLE rev. V7-6-2381-g96b3af1 compiled 16 Jan 2023 at 13:48:01
 Copyright (C) 2023 TURBOMOLE GmbH, Karlsruhe


    2023-07-09 02:21:52.701 




                                e s c f

                             TURBOMOLE GmbH

          integral direct evaluation of 

                    * excitation energies and transition moments 
                    * polarizabilities
                    * dynamic response properties 
                    * stabilities
                    * quasiparticle states with GW
                    * NMR coupling-constants



          references (see also programs dscf and ridft) 
          implementation and benchmarks (review) 
          F. Furche and D. Rappoport,  
          "Density functional methods for excited states: 
          equilibrium structure and electronic spectra",
          ch. III of "Computational Photochemistry", ed. by 
          M. Olivucci, vol. 16 of "Theoretical and Computational 
          Chemistry", Elsevier, Amsterdam, 2005.



              +--------------------------------------------------+
              | Atomic coordinate, charge and isotop information |
              +--------------------------------------------------+

                    atomic coordinates            atom    charge  isotop
         -9.24314180    6.23174984    0.00054802    c      6.000     0
         -9.98177905    5.77299993   -1.91166584    h      1.000     0
         -6.60094563    6.20640861   -0.00619830    o      8.000     0
         -9.98177905    4.88256098    1.43120298    h      1.000     0
         -9.90212710    8.15492412    0.51283388    h      1.000     0
         -6.10304059    4.45939461   -0.47154336    h      1.000     0
 
       center of nuclear mass  :   -7.89226438    6.16696788   -0.01670470
       center of nuclear charge:   -8.01306343    6.12842487   -0.02697059

              +--------------------------------------------------+
              |               basis set information              |
              +--------------------------------------------------+

              we will work with the 1s 3p 5d 7f 9g ... basis set
              ...i.e. with spherical basis functions...

   type   atoms  prim   cont   basis
   ---------------------------------------------------------------------------
    c        1     24     14   def2-SVP   [3s2p1d|7s4p1d]
    h        4      7      5   def2-SVP   [2s1p|4s1p]
    o        1     24     14   def2-SVP   [3s2p1d|7s4p1d]
   ---------------------------------------------------------------------------
   total:    6     76     48
   ---------------------------------------------------------------------------

   total number of primitive shells          :   29
   total number of contracted shells         :   24
   total number of cartesian basis functions :   50
   total number of SCF-basis functions       :   48


 residuum convergence criterium   :  0.10E-04


 integral neglect threshold       :  0.33E-10
 integral storage threshold THIZE :  0.10E-04
 integral storage threshold THIME :         5

 
             FOUND RI-J FLAG !
 
  
 AUXILIARY BASIS SET information:

              we will work with the 1s 3p 5d 7f 9g ... basis set
              ...i.e. with spherical basis functions...

   type   atoms  prim   cont   basis
   ---------------------------------------------------------------------------
    c        1     70     49   def2-SVP   [6s4p3d1f1g|12s5p4d2f1g]
    h        4     16     11   def2-SVP   [3s1p1d|5s2p1d]
    o        1     70     49   def2-SVP   [6s4p3d1f1g|12s5p4d2f1g]
   ---------------------------------------------------------------------------
   total:    6    204    142
   ---------------------------------------------------------------------------

   total number of primitive shells          :   56
   total number of contracted shells         :   50
   total number of cartesian basis functions :  170
   total number of SCF-basis functions       :  142

 RPA SINGLET-EXCITATION-CALCULATION 
 
             FOUND DFT-FLAG !
 

 maximum number of Davidson iterations set to   35


 symmetry group of the molecule :   c1 

 the group has the following generators :
   c1(z)

    1 symmetry operations found

 there are 1 real representations :   a   

 maximum number of shells which are related by symmetry :  1

 IRREPs of excited states :   a   
  
           ------------------
           density functional
           ------------------
 PBE functional
 exchange:    LDA + PBE
 correlation: LDA (PW) + PBE
 spherical integration : Lebedev's spherical grid
 spherical gridsize    :                     4
    i.e. gridpoints    :                   434
  maximum batchsize    :                   100
 value for diffuse not defined
 radial integration    : Chebyshev 2nd kind (scaling 3)
 radial gridsize       :                     6
 integration cells     :                     6
 partition function    : becke
 partition sharpness   :                     3
  

 ----------------------------------------------------------------------
          some useful papers before it begins
 ----------------------------------------------------------------------

     nonorthonormal Krylov space methods 
     F. Furche, B. T. Krull, B. D. Nguyen, and J. Kwon, 
     J. Chem. Phys. 144, 174105 (2016).

     RI-J method 
     R. Bauernschmitt, M. Haeser, O. Treutler, and R. Ahlrichs,
     Chem. Phys. Lett. 264, 573 (1997).

     density functional implementation               
     R. Bauernschmitt and R. Ahlrichs,
     Chem. Phys. Lett. 256, 454 (1996).
     R. Bauernschmitt and R. Ahlrichs,
     J. Chem. Phys. 104, 9047 (1996).

     UHF extension (RPA and CIS)
     C. Ochsenfeld, J. Gauss, and R. Ahlrichs, 
     J. Chem. Phys. 103, 7401 (1995).

     integral direct algorithm                 
     H. Weiss, R. Ahlrichs, and M. Haeser, 
     J. Chem. Phys. 99, 1262 (1993).

 ----------------------------------------------------------------------

  MOs are in ASCII format !


    mo occupation :
   irrep   mo's   occupied
    a       48        9
 
 number of basis functions   :    48
 number of occupied orbitals :     9
 

 reading orbital data $scfmo  from file mos
 orbital characterization : scfconv=8
  
           ----------------------
               RI - INFORMATION
           ----------------------

 biggest AO integral is expected to be     4.776656448

 Threshold for integral neglect (rithr2):   0.33E-10
 Threshold for integral neglect (rithr1):   0.33E-10

 Contributions to RI integral batches: 
  neglected integral batches:                     0
  direct contribution:                            0
  memory contribution:                   300
 Core memory available (ricore)            500 MiB
 Core memory needed for (P|Q) and Cholesky 1 MiB
 Core memory used for integrals            2 MiB
  
 ****************************************
 Memory allocated for RIDFT 2 MiB
 ****************************************
                                            
 preparing DFT   numerical integration ....
          Overall gridpoints after grid construction =         55768

 Calculating ground state density on molecular grid

 Integral of ground state density: N =   18.00000095514679    


 all orbitals will be included in the transformation

 number of non-frozen orbitals          :    48
 number of non-frozen occupied orbitals :     9



 dimension of super-tensorspace: 1

          IRREP   tensor space dimension   number of roots

           a                 351                     10

 machine precision: 2.22D-16


 logfile sing_a    will be constructed




                       Nonorthonormal Krylov Space Iteration


 total number of roots to be determined: 10


 maximum core memory set to          500 MB,
 corresponding to    24094 vectors in CAO basis


 maximum number of simultaneously treated vectors (including degeneracy):       18


 Iteration IRREP Converged      Max. Euclidean
                 roots          residual norm

    1       a        0        1.275287506781761D-01
 
    2       a        0        2.333118225450302D-02
 
    3       a        0        4.072890105227565D-03
 
    4       a        5        3.014564909166065D-04
 
    5       a        8        1.528926517258131D-05
 
    6       a       10        9.374605938549762D-06
 

 converged!

 Eigenpairs written on logfile sing_a   



 IRREP   Vector     Eigenvalue           Euclidean residual norm

  a         1    5.759480539283057D-02    1.878351443056741D-06
            2    8.238952544115868D-02    2.970007481058019D-06
            3    9.419944537384639D-02    8.767121781025449D-06
            4    1.050134074671762D-01    4.357776581223571D-06
            5    1.093951203084617D-01    6.868911297815663D-06
            6    1.267506345934808D-01    9.374605938549762D-06
            7    1.435683564766217D-01    3.279704399277646D-06
            8    1.526660385862285D-01    6.107912784248482D-06
            9    1.598322036265670D-01    3.440302407540638D-07
           10    1.621038041157328D-01    2.104072577971882D-07






                    Selection rules for point group c1  


 Subduction with respect to c1  :

    Polar vector representation: a                           

    Axial vector representation: a                           

    Symmetric second rank tensor representation: a                           




                            Ground state


 Total energy:                           -115.4865170747000    

 Charge:

               elec          nuc         total

           -18.000000    18.000000    -0.000000


 Electric dipole moment:

               elec          nuc         total   

    x      143.936558  -144.235142    -0.298584    Norm:              0.618584
    y     -110.835144   110.311648    -0.523497
    z        0.346026    -0.485471    -0.139445    Norm / debye:      1.572295


 Electric quadrupole moment:

               elec          nuc         total   

   xx    -1200.940763  1195.764940    -5.175822
   yy     -699.847505   684.720217   -15.127288    1/3*trace:       -10.085843
   zz      -16.142889     6.188469    -9.954420
   xy      888.572369  -887.679428     0.892941
   xz       -2.159155     2.892501     0.733345    Anisotropy:        8.888998
   yz        1.774297    -2.256050    -0.481754



 ==============================================================================

                              I R R E P   a   

 ==============================================================================


 Excitation is electric dipole allowed

 Excitation is magnetic dipole allowed

 Excitation is electric quadrupole allowed




                         1 singlet a excitation


 Total energy:                           -115.2465278970423    

 Excitation energy:                      0.2399891776577239    

 Excitation energy / eV:                  6.530440589756838    

 Excitation energy / nm:                  189.8558639380944    

 Excitation energy / cm^(-1):             52671.53613842565    


 Oscillator strength:

    velocity representation:             0.1383772741188017E-02

    length representation:               0.4012237401270918E-02

    mixed representation:                0.2356273473660386E-02


 Rotatory strength:

    velocity representation:            -0.1588381633719235E-07

    velocity rep. / 10^(-40)erg*cm^3:   -0.1026171038294906E-02

    length representation:               0.3479189815150953E-08

    length rep. / 10^(-40)erg*cm^3:      0.2247724192503222E-03


 Dominant contributions:

      occ. orbital   energy / eV   virt. orbital     energy / eV   |coeff.|^2*100
        9 a              -5.66          10 a               0.70       99.5
 

 Change of electron number:

             0.000000


 Electric transition dipole moment (velocity rep.):

    x       -0.000005        Norm:                  0.093000
    y        0.023934
    z       -0.089867        Norm / debye:          0.236384


 Electric transition dipole moment (length rep.):

    x       -0.000005        Norm:                  0.158359
    y       -0.040764
    z        0.153023        Norm / debye:          0.402512


 Magnetic transition dipole moment / i:

    x        0.000294        Norm:                  0.001971
    y        0.001884
    z        0.000502        Norm / Bohr mag.:      0.540262


 Electric quadrupole transition moment:

   xx        0.000090
   yy       -0.310201        1/3*trace:            -0.169260
   zz       -0.197670
   xy        0.574087
   xz       -2.155207        Anisotropy:            4.013532
   yz        0.608530




                         2 singlet a excitation


 Total energy:                           -115.1994813183191    

 Excitation energy:                      0.2870357563809058    

 Excitation energy / eV:                  7.810643681836432    

 Excitation energy / nm:                  158.7375497550763    

 Excitation energy / cm^(-1):             62997.06662939447    


 Oscillator strength:

    velocity representation:             0.5917287150771110E-01

    length representation:               0.2748374125850327E-01

    mixed representation:                0.4032730948171667E-01


 Rotatory strength:

    velocity representation:            -0.4010882789947742E-08

    velocity rep. / 10^(-40)erg*cm^3:   -0.2591223462715616E-03

    length representation:              -0.6381322866603206E-08

    length rep. / 10^(-40)erg*cm^3:     -0.4122641922259051E-03


 Dominant contributions:

      occ. orbital   energy / eV   virt. orbital     energy / eV   |coeff.|^2*100
        9 a              -5.66          11 a               2.01       98.7
 

 Change of electron number:

            -0.000000


 Electric transition dipole moment (velocity rep.):

    x       -0.000007        Norm:                  0.556082
    y       -0.143135
    z        0.537345        Norm / debye:          1.413431


 Electric transition dipole moment (length rep.):

    x       -0.000006        Norm:                  0.378979
    y       -0.097549
    z        0.366210        Norm / debye:          0.963277


 Magnetic transition dipole moment / i:

    x        0.003107        Norm:                  0.005920
    y        0.004869
    z        0.001297        Norm / Bohr mag.:      1.622482


 Electric quadrupole transition moment:

   xx        0.000099
   yy       -0.999188        1/3*trace:            -0.405095
   zz       -0.216195
   xy        0.990277
   xz       -3.717729        Anisotropy:            7.490990
   yz        1.904316




                         3 singlet a excitation


 Total energy:                           -115.1795977931717    

 Excitation energy:                      0.3069192815282976    

 Excitation energy / eV:                  8.351702161878269    

 Excitation energy / nm:                  148.4538619832495    

 Excitation energy / cm^(-1):             67360.99596813244    


 Oscillator strength:

    velocity representation:             0.8294199949924873E-02

    length representation:               0.4517249818756736E-02

    mixed representation:                0.4336301827642945E-02


 Rotatory strength:

    velocity representation:             0.3118761961155359E-07

    velocity rep. / 10^(-40)erg*cm^3:    0.2014870439152381E-02

    length representation:              -0.3790222016293006E-04

    length rep. / 10^(-40)erg*cm^3:      -2.448665975015364    


 Dominant contributions:

      occ. orbital   energy / eV   virt. orbital     energy / eV   |coeff.|^2*100
        8 a              -7.45          10 a               0.70       99.1
 

 Change of electron number:

             0.000000


 Electric transition dipole moment (velocity rep.):

    x       -0.079467        Norm:                  0.201336
    y        0.178754
    z        0.047624        Norm / debye:          0.511748


 Electric transition dipole moment (length rep.):

    x       -0.137900        Norm:                  0.148584
    y        0.053458
    z        0.014246        Norm / debye:          0.377664


 Magnetic transition dipole moment / i:

    x        0.000332        Norm:                  0.002474
    y       -0.000492
    z        0.002402        Norm / Bohr mag.:      0.678138


 Electric quadrupole transition moment:

   xx        2.242892
   yy        0.039564        1/3*trace:             0.933957
   zz        0.519414
   xy       -0.074715
   xz        0.208865        Anisotropy:            2.085131
   yz       -0.239799




                         4 singlet a excitation


 Total energy:                           -115.1624593522690    

 Excitation energy:                      0.3240577224310141    

 Excitation energy / eV:                  8.818063067018219    

 Excitation energy / nm:                  140.6025825220061    

 Excitation energy / cm^(-1):             71122.44895602991    


 Oscillator strength:

    velocity representation:             0.3706865323177289E-01

    length representation:               0.2822157980687423E-01

    mixed representation:                0.3234402503140217E-01


 Rotatory strength:

    velocity representation:             0.1425076320212505E-06

    velocity rep. / 10^(-40)erg*cm^3:    0.9206679403222321E-02

    length representation:               0.1045021126154982E-06

    length rep. / 10^(-40)erg*cm^3:      0.6751339799589522E-02


 Dominant contributions:

      occ. orbital   energy / eV   virt. orbital     energy / eV   |coeff.|^2*100
        9 a              -5.66          13 a               3.06       98.8
 

 Change of electron number:

             0.000000


 Electric transition dipole moment (velocity rep.):

    x       -0.000062        Norm:                  0.414226
    y       -0.106636
    z        0.400265        Norm / debye:          1.052867


 Electric transition dipole moment (length rep.):

    x       -0.000051        Norm:                  0.361431
    y       -0.093049
    z        0.349248        Norm / debye:          0.918672


 Magnetic transition dipole moment / i:

    x        0.001548        Norm:                  0.004948
    y        0.004541
    z        0.001210        Norm / Bohr mag.:      1.356079


 Electric quadrupole transition moment:

   xx        0.000878
   yy       -0.948436        1/3*trace:            -0.386100
   zz       -0.210742
   xy        0.983128
   xz       -3.691016        Anisotropy:            7.370304
   yz        1.807935




                         5 singlet a excitation


 Total energy:                           -115.1557677431686    

 Excitation energy:                      0.3307493315313906    

 Excitation energy / eV:                  9.000151093263343    

 Excitation energy / nm:                  137.7579584183549    

 Excitation energy / cm^(-1):             72591.08739212381    


 Oscillator strength:

    velocity representation:             0.8284532883246640E-01

    length representation:               0.5928286870971863E-01

    mixed representation:                0.6970554121405155E-01


 Rotatory strength:

    velocity representation:            -0.1168711132530619E-06

    velocity rep. / 10^(-40)erg*cm^3:   -0.7550436814908112E-02

    length representation:              -0.6363743426196357E-04

    length rep. / 10^(-40)erg*cm^3:      -4.111284757058960    


 Dominant contributions:

      occ. orbital   energy / eV   virt. orbital     energy / eV   |coeff.|^2*100
        9 a              -5.66          12 a               3.06       95.4
 

 Change of electron number:

             0.000000


 Electric transition dipole moment (velocity rep.):

    x        0.594950        Norm:                  0.612957
    y        0.142505
    z        0.037997        Norm / debye:          1.557994


 Electric transition dipole moment (length rep.):

    x        0.487694        Norm:                  0.518514
    y        0.170158
    z        0.045358        Norm / debye:          1.317942


 Magnetic transition dipole moment / i:

    x        0.000286        Norm:                  0.007369
    y        0.000760
    z       -0.007324        Norm / Bohr mag.:      2.019509


 Electric quadrupole transition moment:

   xx       -8.339760
   yy        1.819045        1/3*trace:            -2.566712
   zz       -1.179422
   xy        0.755739
   xz       -0.608326        Anisotropy:            9.241837
   yz        0.534372




                         6 singlet a excitation


 Total energy:                           -115.1304965210890    

 Excitation energy:                      0.3560205536109971    

 Excitation energy / eV:                  9.687816328971566    

 Excitation energy / nm:                  127.9795567920621    

 Excitation energy / cm^(-1):             78137.47952538314    


 Oscillator strength:

    velocity representation:             0.1371220042926854    

    length representation:               0.9816204135047102E-01

    mixed representation:                0.1158022406079258    


 Rotatory strength:

    velocity representation:             0.2449963524951200E-08

    velocity rep. / 10^(-40)erg*cm^3:    0.1582794437314814E-03

    length representation:              -0.6205458278272486E-04

    length rep. / 10^(-40)erg*cm^3:      -4.009024927844382    


 Dominant contributions:

      occ. orbital   energy / eV   virt. orbital     energy / eV   |coeff.|^2*100
        8 a              -7.45          11 a               2.01       95.7
 

 Change of electron number:

            -0.000000


 Electric transition dipole moment (velocity rep.):

    x        0.181152        Norm:                  0.760084
    y        0.713311
    z        0.189999        Norm / debye:          1.931956


 Electric transition dipole moment (length rep.):

    x        0.114914        Norm:                  0.643102
    y        0.611434
    z        0.162862        Norm / debye:          1.634615


 Magnetic transition dipole moment / i:

    x        0.001538        Norm:                  0.009540
    y        0.002057
    z       -0.009188        Norm / Bohr mag.:      2.614705


 Electric quadrupole transition moment:

   xx       -2.185845
   yy        7.807621        1/3*trace:             1.628614
   zz       -0.735935
   xy       -5.032841
   xz       -1.531226        Anisotropy:           13.244587
   yz        1.279934




                         7 singlet a excitation


 Total energy:                           -115.1076129226026    

 Excitation energy:                      0.3789041520973631    

 Excitation energy / eV:                  10.31051099317928    

 Excitation energy / nm:                  120.2503387935745    

 Excitation energy / cm^(-1):             83159.84885226541    


 Oscillator strength:

    velocity representation:             0.1865663173837871E-02

    length representation:               0.1685935900098481E-03

    mixed representation:                0.5608376233582189E-03


 Rotatory strength:

    velocity representation:            -0.3121304044106312E-08

    velocity rep. / 10^(-40)erg*cm^3:   -0.2016512747175740E-03

    length representation:              -0.7517616459307831E-08

    length rep. / 10^(-40)erg*cm^3:     -0.4856742311661856E-03


 Dominant contributions:

      occ. orbital   energy / eV   virt. orbital     energy / eV   |coeff.|^2*100
        9 a              -5.66          14 a               4.43       97.4
 

 Change of electron number:

            -0.000000


 Electric transition dipole moment (velocity rep.):

    x        0.000010        Norm:                  0.085940
    y        0.022123
    z       -0.083044        Norm / debye:          0.218440


 Electric transition dipole moment (length rep.):

    x        0.000008        Norm:                  0.025835
    y        0.006652
    z       -0.024964        Norm / debye:          0.065665


 Magnetic transition dipole moment / i:

    x       -0.001545        Norm:                  0.001800
    y        0.000894
    z        0.000238        Norm / Bohr mag.:      0.493436


 Electric quadrupole transition moment:

   xx       -0.000140
   yy        0.144936        1/3*trace:             0.027571
   zz       -0.062084
   xy       -0.104414
   xz        0.392079        Anisotropy:            0.858171
   yz       -0.263757




                         8 singlet a excitation


 Total energy:                           -115.0957920581139    

 Excitation energy:                      0.3907250165861261    

 Excitation energy / eV:                  10.63217321985490    

 Excitation energy / nm:                  116.6123251029580    

 Excitation energy / cm^(-1):             85754.22872049140    


 Oscillator strength:

    velocity representation:             0.5167788060765459E-01

    length representation:               0.4640119643397994E-01

    mixed representation:                0.4896851528440718E-01


 Rotatory strength:

    velocity representation:            -0.1410183455541289E-06

    velocity rep. / 10^(-40)erg*cm^3:   -0.9110464324437621E-02

    length representation:              -0.1048041336719004E-06

    length rep. / 10^(-40)erg*cm^3:     -0.6770851814489212E-02


 Dominant contributions:

      occ. orbital   energy / eV   virt. orbital     energy / eV   |coeff.|^2*100
        8 a              -7.45          12 a               3.06       95.4
 

 Change of electron number:

            -0.000000


 Electric transition dipole moment (velocity rep.):

    x       -0.000039        Norm:                  0.445412
    y       -0.114636
    z        0.430408        Norm / debye:          1.132134


 Electric transition dipole moment (length rep.):

    x       -0.000035        Norm:                  0.422060
    y       -0.108622
    z        0.407843        Norm / debye:          1.072779


 Magnetic transition dipole moment / i:

    x        0.005319        Norm:                  0.007884
    y        0.005623
    z        0.001498        Norm / Bohr mag.:      2.160833


 Electric quadrupole transition moment:

   xx        0.000607
   yy       -1.085795        1/3*trace:            -0.450871
   zz       -0.267424
   xy        1.148036
   xz       -4.311388        Anisotropy:            8.578274
   yz        2.074263




                         9 singlet a excitation


 Total energy:                           -115.0867268751871    

 Excitation energy:                      0.3997901995129033    

 Excitation energy / eV:                  10.87884950382895    

 Excitation energy / nm:                  113.9681580877008    

 Excitation energy / cm^(-1):             87743.80639557377    


 Oscillator strength:

    velocity representation:             0.7553385928699458E-01

    length representation:               0.6516838784784726E-01

    mixed representation:                0.6983246071497884E-01


 Rotatory strength:

    velocity representation:             0.1353812904300116E-06

    velocity rep. / 10^(-40)erg*cm^3:    0.8746283413072108E-02

    length representation:               0.5952006559572652E-04

    length rep. / 10^(-40)erg*cm^3:       3.845282910299868    


 Dominant contributions:

      occ. orbital   energy / eV   virt. orbital     energy / eV   |coeff.|^2*100
        8 a              -7.45          13 a               3.06       84.9
        7 a             -10.08          10 a               0.70        9.4
 

 Change of electron number:

             0.000000


 Electric transition dipole moment (velocity rep.):

    x       -0.506516        Norm:                  0.532354
    y        0.158324
    z        0.042137        Norm / debye:          1.353119


 Electric transition dipole moment (length rep.):

    x       -0.453597        Norm:                  0.494479
    y        0.190249
    z        0.050643        Norm / debye:          1.256850


 Magnetic transition dipole moment / i:

    x        0.000383        Norm:                  0.001263
    y        0.001199
    z        0.000099        Norm / Bohr mag.:      0.346049


 Electric quadrupole transition moment:

   xx        7.879560
   yy        3.439019        1/3*trace:             4.008639
   zz        0.707337
   xy       -4.813774
   xz       -0.529203        Anisotropy:           10.497385
   yz        0.419132




                        10 singlet a excitation


 Total energy:                           -115.0838959077009    

 Excitation energy:                      0.4026211669991194    

 Excitation energy / eV:                  10.95588408164077    

 Excitation energy / nm:                  113.1668088878687    

 Excitation energy / cm^(-1):             88365.13193913476    


 Oscillator strength:

    velocity representation:             0.9595046061435039E-01

    length representation:               0.7019577583944847E-01

    mixed representation:                0.8156692913116327E-01


 Rotatory strength:

    velocity representation:            -0.5893700922050941E-08

    velocity rep. / 10^(-40)erg*cm^3:   -0.3807614660224474E-03

    length representation:               0.7955043176251327E-04

    length rep. / 10^(-40)erg*cm^3:       5.139341039055088    


 Dominant contributions:

      occ. orbital   energy / eV   virt. orbital     energy / eV   |coeff.|^2*100
        7 a             -10.08          10 a               0.70       89.6
        8 a              -7.45          13 a               3.06        9.0
 

 Change of electron number:

             0.000000


 Electric transition dipole moment (velocity rep.):

    x       -0.528485        Norm:                  0.597889
    y       -0.270185
    z       -0.071944        Norm / debye:          1.519695


 Electric transition dipole moment (length rep.):

    x       -0.475674        Norm:                  0.511391
    y       -0.181442
    z       -0.048309        Norm / debye:          1.299835


 Magnetic transition dipole moment / i:

    x       -0.000658        Norm:                  0.008795
    y       -0.001031
    z        0.008709        Norm / Bohr mag.:      2.410403


 Electric quadrupole transition moment:

   xx        7.478289
   yy       -2.139396        1/3*trace:             1.909526
   zz        0.389685
   xy       -1.163766
   xz        0.479147        Anisotropy:            8.930427
   yz       -0.377937

 SUMMARY OF EXCITATION ENERGIES AND DIPOLE OSCILLATOR STRENGTHS (velocity/length):

 -----------------------------------------------------------------------------------------------
 |    Exc.   | energy (Eh) | energy (eV) | energy (cm-1) | energy (nm) | Osc.(vel) | Osc.(len) |
 -----------------------------------------------------------------------------------------------
 |     1 a   |    0.239989 |     6.53044 |     52671.536 |     189.856 |   0.00138 |   0.00401 |
 |     2 a   |    0.287036 |     7.81064 |     62997.067 |     158.738 |   0.05917 |   0.02748 |
 |     3 a   |    0.306919 |     8.35170 |     67360.996 |     148.454 |   0.00829 |   0.00452 |
 |     4 a   |    0.324058 |     8.81806 |     71122.449 |     140.603 |   0.03707 |   0.02822 |
 |     5 a   |    0.330749 |     9.00015 |     72591.087 |     137.758 |   0.08285 |   0.05928 |
 |     6 a   |    0.356021 |     9.68781 |     78137.480 |     127.980 |   0.13712 |   0.09816 |
 |     7 a   |    0.378904 |    10.31051 |     83159.849 |     120.250 |   0.00187 |   0.00017 |
 |     8 a   |    0.390725 |    10.63217 |     85754.229 |     116.612 |   0.05168 |   0.04640 |
 |     9 a   |    0.399790 |    10.87885 |     87743.806 |     113.968 |   0.07553 |   0.06517 |
 |    10 a   |    0.402621 |    10.95588 |     88365.132 |     113.167 |   0.09595 |   0.07020 |
 -----------------------------------------------------------------------------------------------




    ------------------------------------------------------------------------
         total  cpu-time :   2.73 seconds
         total wall-time :   3.07 seconds
    ------------------------------------------------------------------------

   ****  escf : all done  ****


    2023-07-09 02:21:55.746 

