
 escf (compt309) : TURBOMOLE rev. V7-6-2381-g96b3af1 compiled 16 Jan 2023 at 13:48:01
 Copyright (C) 2023 TURBOMOLE GmbH, Karlsruhe


    2023-07-09 02:22:02.312 


 escf run will be profiled !




                                e s c f

                             TURBOMOLE GmbH

          integral direct evaluation of 

                    * excitation energies and transition moments 
                    * polarizabilities
                    * dynamic response properties 
                    * stabilities
                    * quasiparticle states with GW
                    * NMR coupling-constants



          references (see also programs dscf and ridft) 
          implementation and benchmarks (review) 
          F. Furche and D. Rappoport,  
          "Density functional methods for excited states: 
          equilibrium structure and electronic spectra",
          ch. III of "Computational Photochemistry", ed. by 
          M. Olivucci, vol. 16 of "Theoretical and Computational 
          Chemistry", Elsevier, Amsterdam, 2005.



              +--------------------------------------------------+
              | Atomic coordinate, charge and isotop information |
              +--------------------------------------------------+

                    atomic coordinates            atom    charge  isotop
         -9.24314180    6.23174984    0.00054802    c      6.000     0
         -9.98177905    5.77299993   -1.91166584    h      1.000     0
         -6.60094563    6.20640861   -0.00619830    o      8.000     0
         -9.98177905    4.88256098    1.43120298    h      1.000     0
         -9.90212710    8.15492412    0.51283388    h      1.000     0
         -6.10304059    4.45939461   -0.47154336    h      1.000     0
 
       center of nuclear mass  :   -7.89226438    6.16696788   -0.01670470
       center of nuclear charge:   -8.01306343    6.12842487   -0.02697059

              +--------------------------------------------------+
              |               basis set information              |
              +--------------------------------------------------+

              we will work with the 1s 3p 5d 7f 9g ... basis set
              ...i.e. with spherical basis functions...

   type   atoms  prim   cont   basis
   ---------------------------------------------------------------------------
    c        1     24     14   def2-SVP   [3s2p1d|7s4p1d]
    h        4      7      5   def2-SVP   [2s1p|4s1p]
    o        1     24     14   def2-SVP   [3s2p1d|7s4p1d]
   ---------------------------------------------------------------------------
   total:    6     76     48
   ---------------------------------------------------------------------------

   total number of primitive shells          :   29
   total number of contracted shells         :   24
   total number of cartesian basis functions :   50
   total number of SCF-basis functions       :   48


 residuum convergence criterium   :  0.10E-04


 integral neglect threshold       :  0.33E-10
 integral storage threshold THIZE :  0.10E-04
 integral storage threshold THIME :         5

 
             FOUND RI-J FLAG !
 
  
 AUXILIARY BASIS SET information:

              assign orbital basis set names as defaults
              read basis sets from /home/smp201/dev/turbomole/cbasen/

              we will work with the 1s 3p 5d 7f 9g ... basis set
              ...i.e. with spherical basis functions...

   type   atoms  prim   cont   basis
   ---------------------------------------------------------------------------
    c        1      1      1   def2-SVP   [1s|1s]
    h        4      1      1   def2-SVP   [1s|1s]
    o        1      1      1   def2-SVP   [1s|1s]
   ---------------------------------------------------------------------------
   total:    6      6      6
   ---------------------------------------------------------------------------

   total number of primitive shells          :    3
   total number of contracted shells         :    6
   total number of cartesian basis functions :    6
   total number of SCF-basis functions       :    6

 
             FOUND RI-K FLAG !
 
  
 AUXILIARY BASIS SET information:

              we will work with the 1s 3p 5d 7f 9g ... basis set
              ...i.e. with spherical basis functions...

   type   atoms  prim   cont   basis
   ---------------------------------------------------------------------------
    c        1      1      1   def2-SVP   [1s|1s]
    h        4      1      1   def2-SVP   [1s|1s]
    o        1      1      1   def2-SVP   [1s|1s]
   ---------------------------------------------------------------------------
   total:    6      6      6
   ---------------------------------------------------------------------------

   total number of primitive shells          :    3
   total number of contracted shells         :    6
   total number of cartesian basis functions :    6
   total number of SCF-basis functions       :    6

 RPA SINGLET-EXCITATION-CALCULATION 
 
             FOUND DFT-FLAG !
 

 maximum number of Davidson iterations set to   35


 symmetry group of the molecule :   c1 

 the group has the following generators :
   c1(z)

    1 symmetry operations found

 there are 1 real representations :   a   

 maximum number of shells which are related by symmetry :  1

 IRREPs of excited states :   a   
  
           ------------------
           density functional
           ------------------
 Libxc version: 6.0.0
 S. Lehtola, C. Steigemann, M.J.T. Oliveira, and M.A.L. Marques, Software X 7, 1 (2018)
 M.A.L. Marques, M.J.T. Oliveira, and T. Burnus, Comput. Phys. Commun. 183, 2272 (2012)
 TURBOMOLE integration by Christof Holzer

 Name of XC-Functional: wB97X range-separated functional
 alpha=    0.15771
 beta =    0.84229
 omega=    0.30000
 [1] J.-D. Chai and M. Head-Gordon.,  J. Chem. Phys. 128, 084106 (2008)
 spherical integration : Lebedev's spherical grid
 spherical gridsize    :                     1
    i.e. gridpoints    :                   110
  maximum batchsize    :                   100
 value for diffuse not defined
 radial integration    : Chebyshev 2nd kind (scaling 0)
 radial gridsize       :                     1
 integration cells     :                     6
 partition function    : becke
 partition sharpness   :                     3
  

 ----------------------------------------------------------------------
          some useful papers before it begins
 ----------------------------------------------------------------------

     nonorthonormal Krylov space methods 
     F. Furche, B. T. Krull, B. D. Nguyen, and J. Kwon, 
     J. Chem. Phys. 144, 174105 (2016).

     RI-J method 
     R. Bauernschmitt, M. Haeser, O. Treutler, and R. Ahlrichs,
     Chem. Phys. Lett. 264, 573 (1997).

     density functional implementation               
     R. Bauernschmitt and R. Ahlrichs,
     Chem. Phys. Lett. 256, 454 (1996).
     R. Bauernschmitt and R. Ahlrichs,
     J. Chem. Phys. 104, 9047 (1996).

     UHF extension (RPA and CIS)
     C. Ochsenfeld, J. Gauss, and R. Ahlrichs, 
     J. Chem. Phys. 103, 7401 (1995).

     integral direct algorithm                 
     H. Weiss, R. Ahlrichs, and M. Haeser, 
     J. Chem. Phys. 99, 1262 (1993).

 ----------------------------------------------------------------------

  MOs are in ASCII format !


    mo occupation :
   irrep   mo's   occupied
    a       48        9
 
 number of basis functions   :    48
 number of occupied orbitals :     9
 

 reading orbital data $scfmo  from file mos
 orbital characterization : scfconv=8
  
           ----------------------
               RI - INFORMATION
           ----------------------

 biggest AO integral is expected to be     4.776656448

 Threshold for integral neglect (rithr2):   0.33E-10
 Threshold for integral neglect (rithr1):   0.33E-10

 Contributions to RI integral batches: 
  neglected integral batches:                     0
  direct contribution:                            0
  memory contribution:                   300
 Core memory available (ricore)            500 MiB
 Core memory needed for (P|Q) and Cholesky 1 MiB
 Core memory used for integrals            1 MiB
  
 ****************************************
 Memory allocated for RIDFT 1 MiB
 ****************************************
                                            

 MAXIMUM CORE MEMORY WHICH CAN BE ALLOCATED DYNAMICALLY in escf_cc_setup= 500 MiB
              ( or 65536000 double words )

 Summary of integral storage options:
 B_ji^Q integral storage mode: on-disk   
 B_ai^Q integral storage mode: on-disk   
 B_ba^Q integral storage mode: on-disk   

   *-----------------------------------------------------------------------*
   |                     program will use  1 thread(s)                     |
   *-----------------------------------------------------------------------*
  MOs are in ASCII format !


 reading orbital data $scfmo  from file mos
 orbital characterization : scfconv=8
 time elapsed for calculating density matrices :   0.001 sec
 all orbitals will be active in the correlation treatment


   Molecular Orbital Statistic:
   ============================

   -----------------------------
   orbitals in total:
   -----------------------------
    frozen occupied :      0
    active occupied :      9
    active virtual  :     39
    frozen virtual  :      0
    all together    :     48
   -----------------------------


     time in riccmos       cpu:  0.01 sec    wall:  0.05 sec    ratio:  0.2

     total memory allocated for calculation of (Q|P)**(-1/2) : 1 MiB


     calculation of (P|Q) ...
     time in lp2sym        cpu:  0.00 sec    wall:  0.00 sec    ratio:  1.0


     calculation of the Cholesky decomposition of (P|Q)**(-1) ...
     time in invmetri      cpu:  0.00 sec    wall:  0.02 sec    ratio:  0.1

     total memory allocated for calculation of (Q|erf(r12)/r12|P)**(-1/2) : 2 MiB


     calculation of (P|erf(r12)/r12|Q) ...
     time in lp2sym        cpu:  0.00 sec    wall:  0.00 sec    ratio:  1.0
     transforming (P|R)**(-1/2) (R|erf(r12)/r12|S) (S|Q)**(-1/2)
     time in invmetri      cpu:  0.00 sec    wall:  0.01 sec    ratio:  0.1
 preparing DFT   numerical integration ....
          Overall gridpoints after grid construction =          7004

 Calculating ground state density on molecular grid

 Integral of ground state density: N =   18.00018957047412    


 all orbitals will be included in the transformation

 number of non-frozen orbitals          :    48
 number of non-frozen occupied orbitals :     9



 dimension of super-tensorspace: 2

          IRREP   tensor space dimension   number of roots

           a                 351                     10
                    41
 Switching off XC: hybrid=   1.00000000000000     

 machine precision: 2.22D-16


 logfile sing_a    exists already

 found     10 converged vectors on sing_a   
 read      10 vectors from logfile sing_a   



                       Nonorthonormal Krylov Space Iteration


 total number of roots to be determined: 10


 maximum core memory set to          500 MB,
 corresponding to    12835 vectors in CAO basis


 maximum number of simultaneously treated vectors (including degeneracy):       10


 Iteration IRREP Converged      Max. Euclidean
                 roots          residual norm

    1       a        0        6.812281214192402D-02
 
    2       a        0        1.389395061400789D-02
 
    3       a        0        5.341777530306803D-03
 
    4       a        0        2.578922208693734D-03
 
    5       a        0        1.144127776716931D-03
 
    6       a        3        3.712239034583413D-04
 
    7       a        6        6.364304454361745D-05
 
    8       a        9        1.563385605783804D-05
 
    9       a       10        9.040119916123829D-06
 

 converged!

 Eigenpairs written on logfile sing_a   



 IRREP   Vector     Eigenvalue           Euclidean residual norm

  a         1    2.715304433707547D-01    3.558577717977222D-06
            2    3.488378748143492D-01    7.768902113322888D-06
            3    3.489209821169955D-01    2.143035110216275D-06
            4    3.843736929965593D-01    9.040119916123829D-06
            5    3.940504899726859D-01    3.830442598902866D-06
            6    4.047520499438355D-01    3.368653325764688D-06
            7    4.098525148672504D-01    1.880006889825730D-06
            8    4.475586791409835D-01    3.298238125000904D-06
            9    4.479844289363339D-01    3.217056880108030D-06
           10    4.552298021465150D-01    7.890750716624848D-06






                    Selection rules for point group c1  


 Subduction with respect to c1  :

    Polar vector representation: a                           

    Axial vector representation: a                           

    Symmetric second rank tensor representation: a                           




                            Ground state


 Total energy:                           -115.5970029063000    

 Charge:

               elec          nuc         total

           -18.000000    18.000000    -0.000000


 Electric dipole moment:

               elec          nuc         total   

    x      143.871485  -144.235142    -0.363656    Norm:              0.676480
    y     -110.862849   110.311648    -0.551201
    z        0.338649    -0.485471    -0.146822    Norm / debye:      1.719454


 Electric quadrupole moment:

               elec          nuc         total   

   xx    -1199.868565  1195.764940    -4.103625
   yy     -700.103797   684.720217   -15.383580    1/3*trace:        -9.794875
   zz      -16.085889     6.188469    -9.897420
   xy      888.348433  -887.679428     0.669005
   xz       -2.110826     2.892501     0.781675    Anisotropy:        9.971674
   yz        1.737451    -2.256050    -0.518599



 ==============================================================================

                              I R R E P   a   

 ==============================================================================


 Excitation is electric dipole allowed

 Excitation is magnetic dipole allowed

 Excitation is electric quadrupole allowed




                         1 singlet a excitation


 Total energy:                           -115.3254724629293    

 Excitation energy:                      0.2715304433707547    

 Excitation energy / eV:                  7.388722466777355    

 Excitation energy / nm:                  167.8020044249205    

 Excitation energy / cm^(-1):             59594.04378260364    


 Oscillator strength:

    velocity representation:             0.6858219552662904E-02

    length representation:               0.7332163200452639E-03

    mixed representation:                0.2242444744184161E-02


 Rotatory strength:

    velocity representation:            -0.1796395849571247E-07

    velocity rep. / 10^(-40)erg*cm^3:   -0.1160558240544999E-02

    length representation:               0.3179190083485536E-08

    length rep. / 10^(-40)erg*cm^3:      0.2053909916641537E-03


 Dominant contributions:

      occ. orbital   energy / eV   virt. orbital     energy / eV   |coeff.|^2*100
        9 a             -10.04          10 a               3.98       89.3
        9 a             -10.04          11 a               5.22        8.5
 

 Change of electron number:

             0.000000


 Electric transition dipole moment (velocity rep.):

    x       -0.000004        Norm:                  0.194644
    y        0.050097
    z       -0.188087        Norm / debye:          0.494741


 Electric transition dipole moment (length rep.):

    x       -0.000005        Norm:                  0.063643
    y       -0.016385
    z        0.061498        Norm / debye:          0.161766


 Magnetic transition dipole moment / i:

    x       -0.000270        Norm:                  0.000988
    y        0.000918
    z        0.000245        Norm / Bohr mag.:      0.270821


 Electric quadrupole transition moment:

   xx        0.000075
   yy       -0.062732        1/3*trace:            -0.068018
   zz       -0.141399
   xy        0.305615
   xz       -1.147296        Anisotropy:            2.073653
   yz        0.136499




                         2 singlet a excitation


 Total energy:                           -115.2481650314857    

 Excitation energy:                      0.3488378748143492    

 Excitation energy / eV:                  9.492365610674121    

 Excitation energy / nm:                  130.6146951051365    

 Excitation energy / cm^(-1):             76561.06374905212    


 Oscillator strength:

    velocity representation:             0.1084289132059580    

    length representation:               0.6949305586173883E-01

    mixed representation:                0.8680467979756860E-01


 Rotatory strength:

    velocity representation:             0.1080144527418790E-04

    velocity rep. / 10^(-40)erg*cm^3:    0.6978253888610660    

    length representation:               0.4771326169893632E-05

    length rep. / 10^(-40)erg*cm^3:      0.3082506512203141    


 Dominant contributions:

      occ. orbital   energy / eV   virt. orbital     energy / eV   |coeff.|^2*100
        9 a             -10.04          11 a               5.22       87.0
        9 a             -10.04          10 a               3.98        9.2
 

 Change of electron number:

            -0.000000


 Electric transition dipole moment (velocity rep.):

    x       -0.000188        Norm:                  0.682820
    y       -0.175172
    z        0.659968        Norm / debye:          1.735569


 Electric transition dipole moment (length rep.):

    x       -0.000412        Norm:                  0.546644
    y       -0.140533
    z        0.528271        Norm / debye:          1.389441


 Magnetic transition dipole moment / i:

    x        0.004863        Norm:                  0.009798
    y        0.008216
    z        0.002199        Norm / Bohr mag.:      2.685268


 Electric quadrupole transition moment:

   xx        0.006741
   yy       -1.363741        1/3*trace:            -0.581160
   zz       -0.386481
   xy        1.511245
   xz       -5.670844        Anisotropy:           11.192657
   yz        2.611171




                         3 singlet a excitation


 Total energy:                           -115.2480819241830    

 Excitation energy:                      0.3489209821169955    

 Excitation energy / eV:                  9.494627076411049    

 Excitation energy / nm:                  130.5835848092458    

 Excitation energy / cm^(-1):             76579.30369360889    


 Oscillator strength:

    velocity representation:             0.7489693772930964E-02

    length representation:               0.3608747646086236E-02

    mixed representation:                0.3463505120769478E-02


 Rotatory strength:

    velocity representation:            -0.1075578458962913E-04

    velocity rep. / 10^(-40)erg*cm^3:   -0.6948754887181628    

    length representation:              -0.3878457142417379E-04

    length rep. / 10^(-40)erg*cm^3:      -2.505670116253838    


 Dominant contributions:

      occ. orbital   energy / eV   virt. orbital     energy / eV   |coeff.|^2*100
        8 a             -11.70          10 a               3.98       93.3
 

 Change of electron number:

             0.000000


 Electric transition dipole moment (velocity rep.):

    x       -0.049566        Norm:                  0.179438
    y        0.167262
    z        0.042006        Norm / debye:          0.456089


 Electric transition dipole moment (length rep.):

    x       -0.112189        Norm:                  0.124555
    y        0.052756
    z        0.012014        Norm / debye:          0.316589


 Magnetic transition dipole moment / i:

    x        0.000334        Norm:                  0.002597
    y       -0.000594
    z        0.002506        Norm / Bohr mag.:      0.711731


 Electric quadrupole transition moment:

   xx        1.833708
   yy        0.142334        1/3*trace:             0.893627
   zz        0.704838
   xy        0.084873
   xz        0.230682        Anisotropy:            1.621227
   yz       -0.271643




                         4 singlet a excitation


 Total energy:                           -115.2126292133034    

 Excitation energy:                      0.3843736929965593    

 Excitation energy / eV:                  10.45934483745533    

 Excitation energy / nm:                  118.5392067412060    

 Excitation energy / cm^(-1):             84360.27432121502    


 Oscillator strength:

    velocity representation:             0.2466763602931751E-01

    length representation:               0.1808517655831901E-01

    mixed representation:                0.2112151871537888E-01


 Rotatory strength:

    velocity representation:             0.1247698581294852E-08

    velocity rep. / 10^(-40)erg*cm^3:    0.8060733777489248E-04

    length representation:               0.7063247672898515E-08

    length rep. / 10^(-40)erg*cm^3:      0.4563198191394811E-03


 Dominant contributions:

      occ. orbital   energy / eV   virt. orbital     energy / eV   |coeff.|^2*100
        9 a             -10.04          13 a               6.32       84.2
        9 a             -10.04          14 a               8.11       12.6
 

 Change of electron number:

            -0.000000


 Electric transition dipole moment (velocity rep.):

    x       -0.000002        Norm:                  0.310265
    y       -0.079848
    z        0.299814        Norm / debye:          0.788621


 Electric transition dipole moment (length rep.):

    x       -0.000002        Norm:                  0.265662
    y       -0.068368
    z        0.256715        Norm / debye:          0.675252


 Magnetic transition dipole moment / i:

    x        0.001539        Norm:                  0.003905
    y        0.003467
    z        0.000923        Norm / Bohr mag.:      1.070116


 Electric quadrupole transition moment:

   xx        0.000036
   yy       -0.705265        1/3*trace:            -0.283917
   zz       -0.146523
   xy        0.794252
   xz       -2.982265        Anisotropy:            5.865722
   yz        1.343739




                         5 singlet a excitation


 Total energy:                           -115.2029524163273    

 Excitation energy:                      0.3940504899726859    

 Excitation energy / eV:                  10.72266399362937    

 Excitation energy / nm:                  115.6282096316091    

 Excitation energy / cm^(-1):             86484.08576390930    


 Oscillator strength:

    velocity representation:             0.9976246029084192E-01

    length representation:               0.7541515670696849E-01

    mixed representation:                0.8662454875575966E-01


 Rotatory strength:

    velocity representation:             0.1335633746408251E-07

    velocity rep. / 10^(-40)erg*cm^3:    0.8628837297269690E-03

    length representation:              -0.3900237702960805E-04

    length rep. / 10^(-40)erg*cm^3:      -2.519741407405170    


 Dominant contributions:

      occ. orbital   energy / eV   virt. orbital     energy / eV   |coeff.|^2*100
        9 a             -10.04          12 a               6.28       96.1
 

 Change of electron number:

             0.000000


 Electric transition dipole moment (velocity rep.):

    x        0.552083        Norm:                  0.616245
    y        0.264569
    z        0.070470        Norm / debye:          1.566350


 Electric transition dipole moment (length rep.):

    x        0.467169        Norm:                  0.535795
    y        0.253516
    z        0.067523        Norm / debye:          1.361866


 Magnetic transition dipole moment / i:

    x        0.000631        Norm:                  0.009259
    y        0.001125
    z       -0.009169        Norm / Bohr mag.:      2.537614


 Electric quadrupole transition moment:

   xx       -8.059973
   yy        2.592878        1/3*trace:            -2.314699
   zz       -1.477002
   xy       -0.141616
   xz       -0.812888        Anisotropy:            9.493623
   yz        0.681912




                         6 singlet a excitation


 Total energy:                           -115.1922508563562    

 Excitation energy:                      0.4047520499438355    

 Excitation energy / eV:                  11.01386838164133    

 Excitation energy / nm:                  112.5710238313123    

 Excitation energy / cm^(-1):             88832.80668649125    


 Oscillator strength:

    velocity representation:             0.2236788115263455    

    length representation:               0.1669807957370852    

    mixed representation:                0.1931463530973394    


 Rotatory strength:

    velocity representation:             0.4370403483869194E-07

    velocity rep. / 10^(-40)erg*cm^3:    0.2823491146966047E-02

    length representation:              -0.5853536812365503E-04

    length rep. / 10^(-40)erg*cm^3:      -3.781666710900991    


 Dominant contributions:

      occ. orbital   energy / eV   virt. orbital     energy / eV   |coeff.|^2*100
        8 a             -11.70          11 a               5.22       87.0
        7 a             -14.42          10 a               3.98        5.8
 

 Change of electron number:

             0.000000


 Electric transition dipole moment (velocity rep.):

    x       -0.184305        Norm:                  0.910466
    y       -0.861578
    z       -0.229483        Norm / debye:          2.314190


 Electric transition dipole moment (length rep.):

    x       -0.132540        Norm:                  0.786655
    y       -0.749286
    z       -0.199574        Norm / debye:          1.999493


 Magnetic transition dipole moment / i:

    x       -0.002111        Norm:                  0.013440
    y       -0.002993
    z        0.012931        Norm / Bohr mag.:      3.683398


 Electric quadrupole transition moment:

   xx        2.335598
   yy       -9.877040        1/3*trace:            -2.179644
   zz        1.002510
   xy        6.551857
   xz        1.965009        Anisotropy:           16.838551
   yz       -1.685957




                         7 singlet a excitation


 Total energy:                           -115.1871503914328    

 Excitation energy:                      0.4098525148672504    

 Excitation energy / eV:                  11.15265915332357    

 Excitation energy / nm:                  111.1701185358294    

 Excitation energy / cm^(-1):             89952.22934195606    


 Oscillator strength:

    velocity representation:             0.1033778382431397E-01

    length representation:               0.1299517772344455E-01

    mixed representation:                0.1159057108311592E-01


 Rotatory strength:

    velocity representation:            -0.3475743817519608E-07

    velocity rep. / 10^(-40)erg*cm^3:   -0.2245497912060128E-02

    length representation:              -0.2723170524903719E-07

    length rep. / 10^(-40)erg*cm^3:     -0.1759299318043162E-02


 Dominant contributions:

      occ. orbital   energy / eV   virt. orbital     energy / eV   |coeff.|^2*100
        9 a             -10.04          14 a               8.11       82.9
        9 a             -10.04          13 a               6.32       12.6
 

 Change of electron number:

             0.000000


 Electric transition dipole moment (velocity rep.):

    x        0.000007        Norm:                  0.194512
    y       -0.050077
    z        0.187955        Norm / debye:          0.494403


 Electric transition dipole moment (length rep.):

    x        0.000006        Norm:                  0.218084
    y       -0.056143
    z        0.210733        Norm / debye:          0.554317


 Magnetic transition dipole moment / i:

    x        0.000384        Norm:                  0.004789
    y        0.004613
    z        0.001229        Norm / Bohr mag.:      1.312509


 Electric quadrupole transition moment:

   xx       -0.000103
   yy       -0.525502        1/3*trace:            -0.233216
   zz       -0.174042
   xy        0.494674
   xz       -1.856735        Anisotropy:            3.787820
   yz        1.009318




                         8 singlet a excitation


 Total energy:                           -115.1494442271590    

 Excitation energy:                      0.4475586791409835    

 Excitation energy / eV:                  12.17869652742722    

 Excitation energy / nm:                  101.8041986079937    

 Excitation energy / cm^(-1):             98227.77582104715    


 Oscillator strength:

    velocity representation:             0.9477560710295707E-02

    length representation:               0.9298925460218271E-02

    mixed representation:                0.9387816388805642E-02


 Rotatory strength:

    velocity representation:             0.4672295055807080E-06

    velocity rep. / 10^(-40)erg*cm^3:    0.3018527642762460E-01

    length representation:               0.3397217107492339E-06

    length rep. / 10^(-40)erg*cm^3:      0.2194765875217142E-01


 Dominant contributions:

      occ. orbital   energy / eV   virt. orbital     energy / eV   |coeff.|^2*100
        7 a             -14.42          10 a               3.98       71.1
        8 a             -11.70          14 a               8.11       16.9
        8 a             -11.70          11 a               5.22        3.2
 

 Change of electron number:

             0.000000


 Electric transition dipole moment (velocity rep.):

    x       -0.132311        Norm:                  0.178225
    y       -0.115437
    z       -0.030534        Norm / debye:          0.453007


 Electric transition dipole moment (length rep.):

    x       -0.130985        Norm:                  0.176538
    y       -0.114419
    z       -0.030279        Norm / debye:          0.448717


 Magnetic transition dipole moment / i:

    x       -0.000310        Norm:                  0.005680
    y       -0.001119
    z        0.005560        Norm / Bohr mag.:      1.556783


 Electric quadrupole transition moment:

   xx        1.827681
   yy       -2.089109        1/3*trace:            -0.165671
   zz       -0.235585
   xy        0.233198
   xz        0.277467        Anisotropy:            3.493183
   yz       -0.311601




                         9 singlet a excitation


 Total energy:                           -115.1490184773637    

 Excitation energy:                      0.4479844289363339    

 Excitation energy / eV:                  12.19028177377779    

 Excitation energy / nm:                  101.7074472168213    

 Excitation energy / cm^(-1):             98321.21710015228    


 Oscillator strength:

    velocity representation:             0.1127708094840039    

    length representation:               0.9938469128601467E-01

    mixed representation:                0.1058663878960544    


 Rotatory strength:

    velocity representation:            -0.4473393023781136E-06

    velocity rep. / 10^(-40)erg*cm^3:   -0.2890027350143798E-01

    length representation:              -0.3771379660615681E-06

    length rep. / 10^(-40)erg*cm^3:     -0.2436492905723415E-01


 Dominant contributions:

      occ. orbital   energy / eV   virt. orbital     energy / eV   |coeff.|^2*100
        8 a             -11.70          12 a               6.28       96.0
 

 Change of electron number:

             0.000000


 Electric transition dipole moment (velocity rep.):

    x       -0.000021        Norm:                  0.614487
    y        0.158121
    z       -0.593794        Norm / debye:          1.561881


 Electric transition dipole moment (length rep.):

    x       -0.000021        Norm:                  0.576865
    y        0.148436
    z       -0.557440        Norm / debye:          1.466255


 Magnetic transition dipole moment / i:

    x       -0.007742        Norm:                  0.012007
    y       -0.008869
    z       -0.002361        Norm / Bohr mag.:      3.290738


 Electric quadrupole transition moment:

   xx        0.000244
   yy        1.481638        1/3*trace:             0.616445
   zz        0.367454
   xy       -1.557491
   xz        5.848428        Anisotropy:           11.650366
   yz       -2.831724




                        10 singlet a excitation


 Total energy:                           -115.1417731041535    

 Excitation energy:                      0.4552298021465150    

 Excitation energy / eV:                  12.38743849459954    

 Excitation energy / nm:                  100.0886858574683    

 Excitation energy / cm^(-1):             99911.39270974047    


 Oscillator strength:

    velocity representation:             0.2104541780307104    

    length representation:               0.1957313907439575    

    mixed representation:                0.2025024741387252    


 Rotatory strength:

    velocity representation:             0.1768875275351578E-07

    velocity rep. / 10^(-40)erg*cm^3:    0.1142778624096436E-02

    length representation:               0.1194600256538840E-03

    length rep. / 10^(-40)erg*cm^3:       7.717693025255094    


 Dominant contributions:

      occ. orbital   energy / eV   virt. orbital     energy / eV   |coeff.|^2*100
        8 a             -11.70          13 a               6.32       90.1
 

 Change of electron number:

             0.000000


 Electric transition dipole moment (velocity rep.):

    x       -0.789872        Norm:                  0.832739
    y        0.254849
    z        0.067888        Norm / debye:          2.116628


 Electric transition dipole moment (length rep.):

    x       -0.742972        Norm:                  0.803083
    y        0.294580
    z        0.078470        Norm / debye:          2.041249


 Magnetic transition dipole moment / i:

    x        0.000702        Norm:                  0.003101
    y        0.001475
    z        0.002635        Norm / Bohr mag.:      0.849824


 Electric quadrupole transition moment:

   xx       12.387606
   yy        5.063648        1/3*trace:             6.165916
   zz        1.046494
   xy       -7.386142
   xz       -0.734568        Anisotropy:           16.294836
   yz        0.588302

 SUMMARY OF EXCITATION ENERGIES AND DIPOLE OSCILLATOR STRENGTHS (velocity/length):

 -----------------------------------------------------------------------------------------------
 |    Exc.   | energy (Eh) | energy (eV) | energy (cm-1) | energy (nm) | Osc.(vel) | Osc.(len) |
 -----------------------------------------------------------------------------------------------
 |     1 a   |    0.271530 |     7.38872 |     59594.044 |     167.802 |   0.00686 |   0.00073 |
 |     2 a   |    0.348838 |     9.49236 |     76561.064 |     130.615 |   0.10843 |   0.06949 |
 |     3 a   |    0.348921 |     9.49462 |     76579.304 |     130.584 |   0.00749 |   0.00361 |
 |     4 a   |    0.384374 |    10.45934 |     84360.274 |     118.539 |   0.02467 |   0.01809 |
 |     5 a   |    0.394050 |    10.72266 |     86484.086 |     115.628 |   0.09976 |   0.07542 |
 |     6 a   |    0.404752 |    11.01386 |     88832.807 |     112.571 |   0.22368 |   0.16698 |
 |     7 a   |    0.409853 |    11.15265 |     89952.229 |     111.170 |   0.01034 |   0.01300 |
 |     8 a   |    0.447559 |    12.17869 |     98227.776 |     101.804 |   0.00948 |   0.00930 |
 |     9 a   |    0.447984 |    12.19028 |     98321.217 |     101.707 |   0.11277 |   0.09938 |
 |    10 a   |    0.455230 |    12.38743 |     99911.393 |     100.089 |   0.21045 |   0.19573 |
 -----------------------------------------------------------------------------------------------



    escf profiling
  --------------------------------------------------------------------
             module   cpu total (s)       %  wall total (s)       %

         input total             0.0    4.12             0.1    3.91
       init symmetry             0.0    0.48             0.0    0.33
               moinp             0.0    0.35             0.0    0.14
            RI total             0.0    0.54             0.0    0.21
          RI prelims             0.0    0.10             0.0    0.04
       escf_cc_setup             0.1   10.54             0.3   15.45
           grid init             0.0    0.98             0.0    0.38
            becke...             0.0    0.53             0.0    0.21
         dft prelims             0.0    2.49             0.0    0.98
           dft total             0.0    2.49             0.0    0.98
             funct_2             0.0    1.02             0.0    0.40
              onde_2             0.0    0.41             0.0    0.16
                 gga             0.0    0.94             0.0    0.37
              tracao             0.0    0.05             0.0    0.08
           diag_prep             0.0    0.01             0.0    0.00
              respon             0.5   74.61             1.3   71.06
            startvec             0.0    0.02             0.0    0.01
           mvproduct             0.1   11.71             0.3   16.26
            tramocao             0.0    0.35             0.0    0.14
     tramocao_mvprod             0.0    0.29             0.0    0.12
              colrsp             0.0    0.43             0.0    0.17
              gammaP             0.0    0.20             0.0    0.08
              cotlet             0.0    0.03             0.0    0.01
              gammaQ             0.0    0.15             0.0    0.06
            tracaomo             0.0    0.38             0.0    1.03
              mv_rik             0.1   10.51             0.3   14.91
                ritz             0.0    3.99             0.0    1.57
            expandl3             0.0    0.31             0.0    0.98
           startover             0.0    0.50             0.0    0.20
                rest             0.0    0.22             0.0    1.10
             writeep             0.0    2.09             0.0    1.72
              proper             0.0    0.95             0.0    0.77
 


    ------------------------------------------------------------------------
         total  cpu-time :   0.74 seconds
         total wall-time :   1.90 seconds
    ------------------------------------------------------------------------

   ****  escf : all done  ****


    2023-07-09 02:22:04.192 

