
 ridft (compt307) : TURBOMOLE rev. V7-6-2381-g96b3af1 compiled 16 Jan 2023 at 13:48:01
 Copyright (C) 2023 TURBOMOLE GmbH, Karlsruhe


    2023-07-09 02:21:50.926 



                                  r i d f t

                        DFT program with RI approximation 
                                for coulomb part 




                                                 
                                 References:     
                                                 
          TURBOMOLE:                             
              R. Ahlrichs, M. Baer, M. Haeser, H. Horn, and
              C. Koelmel
              Electronic structure calculations on workstation
              computers: the program system TURBOMOLE
              Chem. Phys. Lett. 162: 165 (1989)
          Density Functional:                              
              O. Treutler and R. Ahlrichs                      
              Efficient Molecular Numerical Integration Schemes
              J. Chem. Phys. 102: 346 (1995)                   
          Parallel Version:                                
              Performance of parallel TURBOMOLE for Density    
              Functional Calculations                          
              M. v. Arnim and R. Ahlrichs                      
              J. Comp. Chem. 19: 1746 (1998)                   
          RI-J Method:                                     
              Auxiliary Basis Sets to approximate Coulomb      
              Potentials                                       
              Chem. Phys. Lett. 240: 283 (1995)                
              K. Eichkorn, O. Treutler, H. Oehm, M. Haeser     
              and R. Ahlrichs                                  
              Chem. Phys. Lett. 242: 652 (1995)                
                                                           
              Auxiliary Basis Sets for Main Row Atoms and their
              Use to approximate Coulomb Potentials            
              K. Eichkorn, F. Weigend, O. Treutler and         
              R. Ahlrichs                                      
              Theo. Chem. Acc. 97: 119 (1997)                   
                                                           
              Accurate Coulomb-fitting basis sets for H to Rn 
              F. Weigend                                        
              Phys. Chem. Chem. Phys. 8: 1057 (2006)            
                                                           
          Multipole accelerated RI-J (MARI-J):             
              Fast evaluation of the Coulomb potential for     
              electron densities using multipole accelerated   
              resolution of identity approximation             
              M. Sierka, A. Hogekamp and R. Ahlrichs           
              J. Chem. Phys. 118: 9136 (2003)                  
          RI-JK Method:                                     
              A fully direct RI-HF algorithm: Implementation,
              optimised auxiliary basis sets, demonstration of
              accuracy and efficiency                         
              F. Weigend                                      
              Phys. Chem. Chem. Phys. 4: 4285 (2002)           
          Two-component HF and DFT with spin-orbit coupling:  
              Self-consistent treatment of spin-orbit         
              interactions with efficient Hartree-Fock and    
              density functional methods                      
              M. K. Armbruster, F. Weigend, C. van WÃ¼llen and 
              W. Klopper                                      
              Phys. Chem. Chem. Phys. 10: 1748 (2008)         
          Two-component difference density and DIIS algorithm 
              Efficient two-component self-consistent field   
              procedures and gradients: implementation in     
              TURBOMOLE and application to Au20-              
              A. Baldes, F. Weigend                           
              Mol. Phys. 111: 2617 (2013)                     
          Relativistic current density functional theory      
              Current density functional framework for        
              spin-orbit coupling                             
              C. Holzer, Y. J. Franzke, A. Pausch             
              J. Chem. Phys. 157: 204102 (2022)               
          Relativistic all-electron 2c calculations           
              An efficient implementation of two-component    
              relativistic exact-decoupling methods for large 
              molecules                                       
              D. Peng, N. Middendorf, F. Weigend, M. Reiher   
              J. Chem. Phys. 138: 184105 (2013)               
          Finite nucleus model and SNSO approximation         
              Efficient implementation of one- and two-       
              component analytical energy gradients in exact  
              two-component theory                            
              Y. J. Franzke, N. Middendorf, F. Weigend        
              J. Chem. Phys. 148: 104110 (2018)               
          Grids for all-electron relativistic methods         
              Error-consistent segmented contracted all-      
              electron relativistic basis sets of double-     
              and triple-zeta quality for NMR shielding       
              constants                                       
              Y. J. Franzke, R. Tress, T. M. Pazdera,         
              F. Weigend                                      
              Phys. Chem. Chem. Phys. 21: 166658 (2019)       
          Seminumerical exchange algorithms                   
              Seminumerical calculation of the Hartree-Fock   
              exchange matirx: Application to two-component   
              procedures and efficient evaluation of local    
              hybrid functionsl                               
              P. Plessow, F. Weigend,                         
              J. Comput. Chem. 33: 810 (2012)                 
          Improved seminumerical algorithms                   
              C. Holzer,                                      
              J. Chem. Phys. 153 (2020), 184115               
                                         




              +--------------------------------------------------+
              |      general information about current run       |
              +--------------------------------------------------+

 

 DENSITY CONVERGENCE CHECK SWITCHED ON !
 SCF CONVERGENCE IF RMS(delta[D]) <     0.1000000000E-06

 PBE0 hybrid functional
 exchange:    3/4 (LDA+PBE) + 1/4 HF
 correlation: LDA (PW) + PBE
 A Hybrid-DFT calculation using the RI-J approximation will be carried out.
 Allocatable memory for RI due to $ricore (MB):                   500


              +--------------------------------------------------+
              | Atomic coordinate, charge and isotop information |
              +--------------------------------------------------+

                    atomic coordinates            atom    charge  isotop
         -9.24314180    6.23174984    0.00054802    c      6.000     0
         -9.98177905    5.77299993   -1.91166584    h      1.000     0
         -6.60094563    6.20640861   -0.00619830    o      8.000     0
         -9.98177905    4.88256098    1.43120298    h      1.000     0
         -9.90212710    8.15492412    0.51283388    h      1.000     0
         -6.10304059    4.45939461   -0.47154336    h      1.000     0
 
       center of nuclear mass  :   -7.89226438    6.16696788   -0.01670470
       center of nuclear charge:   -8.01306343    6.12842487   -0.02697059

              +--------------------------------------------------+
              |               basis set information              |
              +--------------------------------------------------+

              we will work with the 1s 3p 5d 7f 9g ... basis set
              ...i.e. with spherical basis functions...

   type   atoms  prim   cont   basis
   ---------------------------------------------------------------------------
    c        1     24     14   def2-SVP   [3s2p1d|7s4p1d]
    h        4      7      5   def2-SVP   [2s1p|4s1p]
    o        1     24     14   def2-SVP   [3s2p1d|7s4p1d]
   ---------------------------------------------------------------------------
   total:    6     76     48
   ---------------------------------------------------------------------------

   total number of primitive shells          :   29
   total number of contracted shells         :   24
   total number of cartesian basis functions :   50
   total number of SCF-basis functions       :   48


 integral neglect threshold       :  0.67E-10
 integral storage threshold THIZE :  0.10E-04
 integral storage threshold THIME :         5

 RI-J AUXILIARY BASIS SET information:

              we will work with the 1s 3p 5d 7f 9g ... basis set
              ...i.e. with spherical basis functions...

   type   atoms  prim   cont   basis
   ---------------------------------------------------------------------------
    c        1     70     49   def2-SVP   [6s4p3d1f1g|12s5p4d2f1g]
    h        4     16     11   def2-SVP   [3s1p1d|5s2p1d]
    o        1     70     49   def2-SVP   [6s4p3d1f1g|12s5p4d2f1g]
   ---------------------------------------------------------------------------
   total:    6    204    142
   ---------------------------------------------------------------------------

   total number of primitive shells          :   56
   total number of contracted shells         :   50
   total number of cartesian basis functions :  170
   total number of SCF-basis functions       :  142


 symmetry group of the molecule :   c1 

 the group has the following generators :
   c1(z)

    1 symmetry operations found

 there are 1 real representations :   a   

 maximum number of shells which are related by symmetry :  1

  
           ------------------
           density functional
           ------------------
 PBE0 hybrid functional
 exchange:    3/4 (LDA+PBE) + 1/4 HF
 correlation: LDA (PW) + PBE
 spherical integration : Lebedev's spherical grid
 spherical gridsize    :                     4
    i.e. gridpoints    :                   434
  maximum batchsize    :                   100
 value for diffuse not defined
 radial integration    : Chebyshev 2nd kind (scaling 3)
 radial gridsize       :                     6
 integration cells     :                     6
 partition function    : becke
 partition sharpness   :                     3
  

 biggest AO integral is expected to be     4.776656448

          ------------------------
          nuclear repulsion energy  :   40.3453758809    
          ------------------------


         -----------------
         -S,T+V- integrals
         -----------------

 1e-integrals will be neglected if expon. factor < 0.668392E-11
 
 Difference densities algorithm switched on.
 The maximal number of linear combinations of
 difference densities is  20.

 DIIS switched on: error vector is FDS-SDF
 Max. Iterations for DIIS is     :   4
 DIIS matrix (see manual) 
    Scaling factor of diagonals  :  1.200
    threshold for scaling factor :  0.000

 scf convergence criterion : increment of total energy < .1000000D-06
                  and increment of one-electron energy < .1000000D-03

 MOs are in ASCII format !


    mo occupation :
   irrep   mo's   occupied
    a       48        9
 
 number of basis functions   :    48
 number of occupied orbitals :     9
 

 reading orbital data $uhfmo_alpha  from file alpha
 orbital characterization : expanded

 reading orbital data $uhfmo_beta  from file beta
 orbital characterization : expanded
 virtual MOs provided and orthogonalized by Cholesky decomposition
 virtual MOs provided and orthogonalized by Cholesky decomposition

 UHF mode switched on !

 closed shell shift switched on 
 all occupied orbitals are shifted by    0.05000

  
           ------------------------
               RI-J - INFORMATION
           ------------------------
 Contributions to RI integral batches: 
  neglected integral batches:                     0
  direct contribution:                            0
  memory contribution:                   300
 Memory core needed for (P|Q) and Cholesky      1 MByte
 Memory core minimum needed except of (P|Q)     1 MByte
 Total minimum memory core needed (sum)         1 MByte
  
 ****************************************
 Memory allocated for RI-J     2 MByte
 ****************************************
                                            

 DSCF restart information will be dumped onto file alpha


 Starting SCF iterations

          Overall gridpoints after grid construction =         55768

 ITERATION  ENERGY          1e-ENERGY        2e-ENERGY     RMS[dD(SAO)]   TOL
   1  -114.56403513138    -228.62148863     73.712077613    0.000D+00 0.667D-10
                            Exc = -11.1437803014     Coul =  88.3925983900    
                            exK = -3.53674047581    
                         Ntotal = 17.000001963      Nspin = 1.0000002366    
                             Na = 9.0000010997         Nb = 8.0000008631    
                            current damping = 1.000
 
          max. resid. norm for Fia-block=  3.058D-01 for orbital      7a    alpha
          max. resid. fock norm         =  1.281D+00 for orbital     25a    alpha

 ITERATION  ENERGY          1e-ENERGY        2e-ENERGY     RMS[dD(SAO)]   TOL
   2  -114.96407498176    -228.26395603     72.954505165    0.143D-01 0.431D-10
                            Exc = -11.1102841592      Eck =  84.0647893242    
                         Ntotal = 17.000001543      Nspin =0.99999998867    
                             Na = 9.0000007658         Nb = 8.0000007771    
                            current damping = 0.950
 
          Norm of current diis error: 0.68975    
          max. resid. norm for Fia-block=  1.518D-01 for orbital      1a    beta 
          max. resid. fock norm         =  2.207D-01 for orbital     26a    alpha

 ITERATION  ENERGY          1e-ENERGY        2e-ENERGY     RMS[dD(SAO)]   TOL
   3  -115.05790626848    -229.93354663     74.530264476    0.755D-02 0.352D-10
                            Exc = -11.2694531669      Eck =  85.7997176433    
                         Ntotal = 17.000001298      Nspin =0.99999998495    
                             Na = 9.0000006412         Nb = 8.0000006563    
                            current damping = 0.900
 
          Norm of current diis error: 0.37331    
          max. resid. norm for Fia-block=  7.708D-02 for orbital      4a    alpha
          max. resid. fock norm         =  1.019D-01 for orbital     10a    beta 

 ITERATION  ENERGY          1e-ENERGY        2e-ENERGY     RMS[dD(SAO)]   TOL
   4  -115.09215834603    -230.07280242     74.635268197    0.491D-02 0.302D-10
                            Exc = -11.2978586154      Eck =  85.9331268129    
                         Ntotal = 17.000001150      Nspin =0.99999995853    
                             Na = 9.0000005544         Nb = 8.0000005958    
                            current damping = 0.750
 
          Norm of current diis error: 0.19931    
          max. resid. norm for Fia-block=  4.332D-02 for orbital      4a    alpha
          max. resid. fock norm         =  4.785D-02 for orbital      4a    alpha

 ITERATION  ENERGY          1e-ENERGY        2e-ENERGY     RMS[dD(SAO)]   TOL
   5  -115.10409448550    -230.31383092     74.864360549    0.365D-02 0.262D-10
                            Exc = -11.3296100479      Eck =  86.1939705966    
                         Ntotal = 17.000001068      Nspin =0.99999994490    
                             Na = 9.0000005062         Nb = 8.0000005613    
                            current damping = 0.600
 
          Norm of current diis error: 0.97169E-01
          max. resid. norm for Fia-block=  2.112D-02 for orbital      4a    alpha
          max. resid. fock norm         =  2.223D-02 for orbital      4a    alpha
          mo-orthogonalization: Cholesky decomposition

 ITERATION  ENERGY          1e-ENERGY        2e-ENERGY     RMS[dD(SAO)]   TOL
   6  -115.10749732705    -230.43320078     74.980327575    0.236D-02 0.235D-10
                            Exc = -11.3461727219      Eck =  86.3265002966    
                         Ntotal = 17.000001024      Nspin =0.99999993564    
                             Na = 9.0000004797         Nb = 8.0000005441    
                            current damping = 0.450
 
          Norm of current diis error: 0.39337E-01
          max. resid. norm for Fia-block=  9.475D-03 for orbital      4a    alpha
          max. resid. fock norm         =  1.069D-02 for orbital      4a    alpha

 ITERATION  ENERGY          1e-ENERGY        2e-ENERGY     RMS[dD(SAO)]   TOL
   7  -115.10814918711    -230.51863236     75.065107295    0.126D-02 0.220D-10
                            Exc = -11.3566444101      Eck =  86.4217517053    
                         Ntotal = 17.000001006      Nspin =0.99999993130    
                             Na = 9.0000004688         Nb = 8.0000005374    
                            current damping = 0.300
 
          Norm of current diis error: 0.16272E-01
          max. resid. norm for Fia-block=  4.030D-03 for orbital      8a    beta 
          max. resid. fock norm         =  4.214D-03 for orbital      8a    beta 

 ITERATION  ENERGY          1e-ENERGY        2e-ENERGY     RMS[dD(SAO)]   TOL
   8  -115.10825783925    -230.50729351     75.053659787    0.571D-03 0.210D-10
                            Exc = -11.3569157585      Eck =  86.4105755451    
                         Ntotal = 17.000000997      Nspin =0.99999992798    
                             Na = 9.0000004625         Nb = 8.0000005345    
                            current damping = 0.350
 
          Norm of current diis error: 0.69569E-02
          max. resid. norm for Fia-block=  1.519D-03 for orbital      5a    alpha
          max. resid. fock norm         =  2.006D-03 for orbital      5a    alpha

 ITERATION  ENERGY          1e-ENERGY        2e-ENERGY     RMS[dD(SAO)]   TOL
   9  -115.10827349718    -230.52999422     75.076344845    0.179D-03 0.207D-10
                            Exc = -11.3592130902      Eck =  86.4355579354    
                         Ntotal = 17.000000996      Nspin =0.99999992744    
                             Na = 9.0000004616         Nb = 8.0000005342    
                            current damping = 0.400
 
          Norm of current diis error: 0.16135E-02
          max. resid. norm for Fia-block=  4.752D-04 for orbital      8a    beta 
          max. resid. fock norm         =  4.850D-04 for orbital      8a    beta 

 ITERATION  ENERGY          1e-ENERGY        2e-ENERGY     RMS[dD(SAO)]   TOL
  10  -115.10827486405    -230.53008006     75.076429313    0.556D-04 0.203D-10
                            Exc = -11.3593161356      Eck =  86.4357454489    
                         Ntotal = 17.000000995      Nspin =0.99999992697    
                             Na = 9.0000004610         Nb = 8.0000005340    
                            current damping = 0.250
 
          Norm of current diis error: 0.63553E-03
          max. resid. norm for Fia-block=  2.045D-04 for orbital      8a    beta 
          max. resid. fock norm         =  2.061D-04 for orbital      8a    beta 
          mo-orthogonalization: Cholesky decomposition

 ITERATION  ENERGY          1e-ENERGY        2e-ENERGY     RMS[dD(SAO)]   TOL
  11  -115.10827511978    -230.53068584     75.077034838    0.226D-04 0.199D-10
                            Exc = -11.3594083433      Eck =  86.4364431814    
                         Ntotal = 17.000000995      Nspin =0.99999992670    
                             Na = 9.0000004607         Nb = 8.0000005340    
                            current damping = 0.100
 
          Norm of current diis error: 0.24541E-03
          max. resid. norm for Fia-block=  8.116D-05 for orbital      8a    beta 
          max. resid. fock norm         =  8.177D-05 for orbital      8a    beta 

 ITERATION  ENERGY          1e-ENERGY        2e-ENERGY     RMS[dD(SAO)]   TOL
  12  -115.10827516302    -230.53080079     75.077149747    0.732D-05 0.193D-10
                            Exc = -11.3594320638      Eck =  86.4365818103    
                         Ntotal = 17.000000995      Nspin =0.99999992657    
                             Na = 9.0000004605         Nb = 8.0000005340    
                            current damping = 0.100
 
          Norm of current diis error: 0.87125E-04
          max. resid. norm for Fia-block=  3.024D-05 for orbital      8a    beta 
          max. resid. fock norm         =  3.139D-05 for orbital      8a    beta 

 ENERGY & DENSITY CONVERGED !


 ITERATION  ENERGY          1e-ENERGY        2e-ENERGY     RMS[dD(SAO)]   TOL
  13  -115.10827516821    -230.53083981     75.077188761    0.156D-05 0.190D-10
                            Exc = -11.3594375614      Eck =  86.4366263228    
                         Ntotal = 17.000000994      Nspin =0.99999992652    
                             Na = 9.0000004605         Nb = 8.0000005340    
                            current damping = 0.100
 
          Norm of current diis error: 0.26372E-04
          max. resid. norm for Fia-block=  8.479D-06 for orbital      5a    alpha
          max. resid. fock norm         =  9.684D-06 for orbital      5a    alpha

 End of SCF iterations

   convergence criteria satisfied after    13 iterations


                  ------------------------------------------ 
                 |  total energy      =   -115.10827516821  |
                  ------------------------------------------ 
                 :  kinetic energy    =    114.20269020875  :
                 :  potential energy  =   -229.31096537696  :
                 :  virial theorem    =      1.99213275537  :
                 :  wavefunction norm =      1.00000000000  :
                  .......................................... 


 <geterg> : there is no data group $energy 


 <skperg> : $end is missing 


 orbitals $uhfmo_beta  will be written to file beta

 orbitals $uhfmo_alpha  will be written to file alpha
 
 alpha: 

    irrep                  5a          6a          7a          8a          9a   
 eigenvalues H         -0.88120    -0.83597    -0.79172    -0.68576    -0.67280
            eV         -23.9787    -22.7482    -21.5441    -18.6607    -18.3079
 occupation              1.0000      1.0000      1.0000      1.0000      1.0000

    irrep                 10a         11a         12a         13a         14a   
 eigenvalues H         -0.21353    -0.12793    -0.10396    -0.09819    -0.08330
            eV          -5.8106     -3.4812     -2.8290     -2.6718     -2.2668
 
 beta:  

    irrep                  4a          5a          6a          7a          8a   
 eigenvalues H         -1.00565    -0.86036    -0.77514    -0.74516    -0.66234
            eV         -27.3654    -23.4118    -21.0928    -20.2769    -18.0235
 occupation              1.0000      1.0000      1.0000      1.0000      1.0000

    irrep                  9a         10a         11a         12a         13a   
 eigenvalues H         -0.50002    -0.20578    -0.11888    -0.09806    -0.08512
            eV         -13.6063     -5.5996     -3.2348     -2.6683     -2.3162
 

                                             _ _ _ 
  IRREP     alpha occ.     beta occ.      tr(D*D-D)


 a          9.00000000     8.00000000    -0.25210840

   -------------------------------------------------

   sum      9.00000000     8.00000000    -0.25210840

 <S*S>     0.75421680

 
 
 
 ==============================================================================
                           electrostatic moments
 ==============================================================================

 reference point for electrostatic moments:    0.00000   0.00000   0.00000

 
              nuc           elec       ->  total
 ------------------------------------------------------------------------------
                          charge      
 ------------------------------------------------------------------------------
          18.000000     -17.000000       1.000000
 a-b                                     1.000000
 
 ------------------------------------------------------------------------------
                       dipole moment  
 ------------------------------------------------------------------------------
   x    -144.235142     135.920723      -8.314419
   y     110.311648    -104.924479       5.387169
   z      -0.485471       0.261060      -0.224410
 
   | dipole moment | =     9.9097 a.u. =    25.1879 debye 
 
 ------------------------------------------------------------------------------
                     quadrupole moment
 ------------------------------------------------------------------------------
  xx    1195.764940   -1131.901782      63.863158
  yy     684.720217    -662.633094      22.087123
  zz       6.188469     -13.243754      -7.055285
  xy    -887.679428     841.016592     -46.662836
  xz       2.892501      -1.525228       1.367273
  yz      -2.256050       1.096191      -1.159859
 
     1/3  trace=      26.298332
     anisotropy=     101.753998
 
 ==============================================================================
 
HOMO-LUMO Separation
 HOMO         :   -0.66234454 H =    -18.02332 eV
 LUMO         :   -0.50001849 H =    -13.60620 eV
 HOMO-LUMO gap:    0.16232606 H =     +4.41712 eV
 
 ==============================================================================


    ------------------------------------------------------------------------
         total  cpu-time :   2.02 seconds
         total wall-time :   2.72 seconds
    ------------------------------------------------------------------------

   ****  ridft : all done  ****


    2023-07-09 02:21:53.622 

