
 escf (compt309) : TURBOMOLE rev. V7-6-2381-g96b3af1 compiled 16 Jan 2023 at 13:48:01
 Copyright (C) 2023 TURBOMOLE GmbH, Karlsruhe


    2023-07-09 02:21:53.233 




                                e s c f

                             TURBOMOLE GmbH

          integral direct evaluation of 

                    * excitation energies and transition moments 
                    * polarizabilities
                    * dynamic response properties 
                    * stabilities
                    * quasiparticle states with GW
                    * NMR coupling-constants



          references (see also programs dscf and ridft) 
          implementation and benchmarks (review) 
          F. Furche and D. Rappoport,  
          "Density functional methods for excited states: 
          equilibrium structure and electronic spectra",
          ch. III of "Computational Photochemistry", ed. by 
          M. Olivucci, vol. 16 of "Theoretical and Computational 
          Chemistry", Elsevier, Amsterdam, 2005.



              +--------------------------------------------------+
              | Atomic coordinate, charge and isotop information |
              +--------------------------------------------------+

                    atomic coordinates            atom    charge  isotop
         -9.24314180    6.23174984    0.00054802    c      6.000     0
         -9.98177905    5.77299993   -1.91166584    h      1.000     0
         -6.60094563    6.20640861   -0.00619830    o      8.000     0
         -9.98177905    4.88256098    1.43120298    h      1.000     0
         -9.90212710    8.15492412    0.51283388    h      1.000     0
         -6.10304059    4.45939461   -0.47154336    h      1.000     0
 
       center of nuclear mass  :   -7.89226438    6.16696788   -0.01670470
       center of nuclear charge:   -8.01306343    6.12842487   -0.02697059

              +--------------------------------------------------+
              |               basis set information              |
              +--------------------------------------------------+

              we will work with the 1s 3p 5d 7f 9g ... basis set
              ...i.e. with spherical basis functions...

   type   atoms  prim   cont   basis
   ---------------------------------------------------------------------------
    c        1     24     14   def2-SVP   [3s2p1d|7s4p1d]
    h        4      7      5   def2-SVP   [2s1p|4s1p]
    o        1     24     14   def2-SVP   [3s2p1d|7s4p1d]
   ---------------------------------------------------------------------------
   total:    6     76     48
   ---------------------------------------------------------------------------

   total number of primitive shells          :   29
   total number of contracted shells         :   24
   total number of cartesian basis functions :   50
   total number of SCF-basis functions       :   48


 residuum convergence criterium   :  0.10E-04


 integral neglect threshold       :  0.33E-10
 integral storage threshold THIZE :  0.10E-04
 integral storage threshold THIME :         5

 
             FOUND RI-J FLAG !
 
  
 AUXILIARY BASIS SET information:

              we will work with the 1s 3p 5d 7f 9g ... basis set
              ...i.e. with spherical basis functions...

   type   atoms  prim   cont   basis
   ---------------------------------------------------------------------------
    c        1     70     49   def2-SVP   [6s4p3d1f1g|12s5p4d2f1g]
    h        4     16     11   def2-SVP   [3s1p1d|5s2p1d]
    o        1     70     49   def2-SVP   [6s4p3d1f1g|12s5p4d2f1g]
   ---------------------------------------------------------------------------
   total:    6    204    142
   ---------------------------------------------------------------------------

   total number of primitive shells          :   56
   total number of contracted shells         :   50
   total number of cartesian basis functions :  170
   total number of SCF-basis functions       :  142

 CI SINGLES SINGLET-CALCULATION (TAMM-DANCOFF-APPROXIMATION)
 
             FOUND DFT-FLAG !
 

 maximum number of Davidson iterations set to   35


 symmetry group of the molecule :   c1 

 the group has the following generators :
   c1(z)

    1 symmetry operations found

 there are 1 real representations :   a   

 maximum number of shells which are related by symmetry :  1

 IRREPs of excited states :   a   
  
           ------------------
           density functional
           ------------------
 PBE0 hybrid functional
 exchange:    3/4 (LDA+PBE) + 1/4 HF
 correlation: LDA (PW) + PBE
 spherical integration : Lebedev's spherical grid
 spherical gridsize    :                     4
    i.e. gridpoints    :                   434
  maximum batchsize    :                   100
 value for diffuse not defined
 radial integration    : Chebyshev 2nd kind (scaling 3)
 radial gridsize       :                     6
 integration cells     :                     6
 partition function    : becke
 partition sharpness   :                     3
  

 ----------------------------------------------------------------------
          some useful papers before it begins
 ----------------------------------------------------------------------

     nonorthonormal Krylov space methods 
     F. Furche, B. T. Krull, B. D. Nguyen, and J. Kwon, 
     J. Chem. Phys. 144, 174105 (2016).

     RI-J method 
     R. Bauernschmitt, M. Haeser, O. Treutler, and R. Ahlrichs,
     Chem. Phys. Lett. 264, 573 (1997).

     density functional implementation               
     R. Bauernschmitt and R. Ahlrichs,
     Chem. Phys. Lett. 256, 454 (1996).
     R. Bauernschmitt and R. Ahlrichs,
     J. Chem. Phys. 104, 9047 (1996).

     UHF extension (RPA and CIS)
     C. Ochsenfeld, J. Gauss, and R. Ahlrichs, 
     J. Chem. Phys. 103, 7401 (1995).

     integral direct algorithm                 
     H. Weiss, R. Ahlrichs, and M. Haeser, 
     J. Chem. Phys. 99, 1262 (1993).

 ----------------------------------------------------------------------

  MOs are in ASCII format !


    mo occupation :
   irrep   mo's   occupied
    a       48        9
 
 number of basis functions   :    48
 number of occupied orbitals :     9
 

 reading orbital data $scfmo  from file mos
 orbital characterization : scfconv=8
  
           ----------------------
               RI - INFORMATION
           ----------------------

 biggest AO integral is expected to be     4.776656448

 Threshold for integral neglect (rithr2):   0.33E-10
 Threshold for integral neglect (rithr1):   0.33E-10

 Contributions to RI integral batches: 
  neglected integral batches:                     0
  direct contribution:                            0
  memory contribution:                   300
 Core memory available (ricore)            500 MiB
 Core memory needed for (P|Q) and Cholesky 1 MiB
 Core memory used for integrals            2 MiB
  
 ****************************************
 Memory allocated for RIDFT 2 MiB
 ****************************************
                                            
 preparing DFT   numerical integration ....
          Overall gridpoints after grid construction =         55768

 Calculating ground state density on molecular grid

 Integral of ground state density: N =   18.00000095818340    


 all orbitals will be included in the transformation

 number of non-frozen orbitals          :    48
 number of non-frozen occupied orbitals :     9



 dimension of super-tensorspace: 1

          IRREP   tensor space dimension   number of roots

           a                 351                     10

 machine precision: 2.22D-16


 logfile ciss_a    will be constructed




                       Nonorthonormal Krylov Space Iteration


 total number of roots to be determined: 10


 maximum core memory set to          500 MB,
 corresponding to    24094 vectors in CAO basis


 maximum number of simultaneously treated vectors (including degeneracy):       18


 Iteration IRREP Converged      Max. Euclidean
                 roots          residual norm

    1       a        0        8.572404968068041D-02
 
    2       a        0        1.177289461567448D-02
 
    3       a        0        1.799514084870713D-03
 
    4       a        1        1.784360801155571D-04
 
    5       a        8        1.294189351174606D-05
 
    6       a       10        9.714685819614612D-06
 

 converged!

 Eigenpairs written on logfile ciss_a   



 IRREP   Vector     Eigenvalue           Euclidean residual norm

  a         1    2.677676225121723D-01    4.170463685319107D-07
            2    3.283353574124462D-01    9.714685819614612D-06
            3    3.373192357984651D-01    8.298364664324876D-06
            4    3.644079443113481D-01    1.321373316153758D-06
            5    3.735277038286040D-01    5.294366050032595D-06
            6    3.928850933153524D-01    7.569632585164814D-07
            7    4.012369423578024D-01    4.443729034352932D-06
            8    4.267715130774513D-01    5.625089588223566D-06
            9    4.344050214751131D-01    5.221751161817882D-06
           10    4.394119746942874D-01    1.431593987426998D-06






                    Selection rules for point group c1  


 Subduction with respect to c1  :

    Polar vector representation: a                           

    Axial vector representation: a                           

    Symmetric second rank tensor representation: a                           




                            Ground state


 Total energy:                           -115.4970069423000    

 Charge:

               elec          nuc         total

           -18.000000    18.000000    -0.000000


 Electric dipole moment:

               elec          nuc         total   

    x      143.886882  -144.235142    -0.348260    Norm:              0.664581
    y     -110.858600   110.311648    -0.546952
    z        0.339778    -0.485471    -0.145692    Norm / debye:      1.689209


 Electric quadrupole moment:

               elec          nuc         total   

   xx    -1200.106574  1195.764940    -4.341634
   yy     -700.042245   684.720217   -15.322028    1/3*trace:        -9.852467
   zz      -16.082209     6.188469    -9.893740
   xy      888.411123  -887.679428     0.731695
   xz       -2.119679     2.892501     0.772822    Anisotropy:        9.726725
   yz        1.745933    -2.256050    -0.510117



 ==============================================================================

                              I R R E P   a   

 ==============================================================================


 Excitation is electric dipole allowed

 Excitation is magnetic dipole allowed

 Excitation is electric quadrupole allowed




                         1 singlet a excitation


 Total energy:                           -115.2292393197878    

 Excitation energy:                      0.2677676225121723    

 Excitation energy / eV:                  7.286330857677733    

 Excitation energy / nm:                  170.1600523339178    

 Excitation energy / cm^(-1):             58768.20006427603    


 Oscillator strength:

    velocity representation:             0.1135249780205977E-01

    length representation:               0.2743045033313893E-02

    mixed representation:                0.5580359541860071E-02


 Rotatory strength:

    velocity representation:            -0.1441982797138956E-07

    velocity rep. / 10^(-40)erg*cm^3:   -0.9315903387013307E-03

    length representation:               0.6561034673676527E-08

    length rep. / 10^(-40)erg*cm^3:      0.4238744405279124E-03


 Dominant contributions:

      occ. orbital   energy / eV   virt. orbital     energy / eV   |coeff.|^2*100
        9 a              -7.51          10 a               1.67       97.5
 

 Change of electron number:

             0.000000


 Electric transition dipole moment (velocity rep.):

    x        0.000002        Norm:                  0.252181
    y       -0.064907
    z        0.243685        Norm / debye:          0.640985


 Electric transition dipole moment (length rep.):

    x        0.000004        Norm:                  0.123960
    y        0.031910
    z       -0.119783        Norm / debye:          0.315078


 Magnetic transition dipole moment / i:

    x        0.000616        Norm:                  0.000955
    y       -0.000705
    z       -0.000188        Norm / Bohr mag.:      0.261636


 Electric quadrupole transition moment:

   xx       -0.000068
   yy        0.230846        1/3*trace:             0.132497
   zz        0.166713
   xy       -0.476842
   xz        1.790096        Anisotropy:            3.310647
   yz       -0.455447




                         2 singlet a excitation


 Total energy:                           -115.1686715848876    

 Excitation energy:                      0.3283353574124462    

 Excitation energy / eV:                  8.934463487168619    

 Excitation energy / nm:                  138.7707769856919    

 Excitation energy / cm^(-1):             72061.28131384913    


 Oscillator strength:

    velocity representation:             0.8764533828281958E-01

    length representation:               0.5559819608601996E-01

    mixed representation:                0.6980632280530287E-01


 Rotatory strength:

    velocity representation:             0.2092815529297543E-07

    velocity rep. / 10^(-40)erg*cm^3:    0.1352059630424167E-02

    length representation:              -0.1174565777594707E-07

    length rep. / 10^(-40)erg*cm^3:     -0.7588260641857030E-03


 Dominant contributions:

      occ. orbital   energy / eV   virt. orbital     energy / eV   |coeff.|^2*100
        9 a              -7.51          11 a               2.94       97.6
 

 Change of electron number:

            -0.000000


 Electric transition dipole moment (velocity rep.):

    x        0.000008        Norm:                  0.632778
    y        0.162877
    z       -0.611456        Norm / debye:          1.608373


 Electric transition dipole moment (length rep.):

    x        0.000009        Norm:                  0.503984
    y        0.129728
    z       -0.487002        Norm / debye:          1.281010


 Magnetic transition dipole moment / i:

    x       -0.004209        Norm:                  0.008125
    y       -0.006715
    z       -0.001789        Norm / Bohr mag.:      2.226731


 Electric quadrupole transition moment:

   xx       -0.000159
   yy        1.323174        1/3*trace:             0.538714
   zz        0.293128
   xy       -1.340779
   xz        5.033476        Anisotropy:           10.096566
   yz       -2.522619




                         3 singlet a excitation


 Total energy:                           -115.1596877065015    

 Excitation energy:                      0.3373192357984651    

 Excitation energy / eV:                  9.178927361073681    

 Excitation energy / nm:                  135.0748721819775    

 Excitation energy / cm^(-1):             74033.01470487435    


 Oscillator strength:

    velocity representation:             0.3784115199502288E-02

    length representation:               0.5327562182588059E-02

    mixed representation:                0.3712960615042289E-02


 Rotatory strength:

    velocity representation:             0.8781838229174606E-08

    velocity rep. / 10^(-40)erg*cm^3:    0.5673490465052131E-03

    length representation:              -0.2214709265715454E-04

    length rep. / 10^(-40)erg*cm^3:      -1.430808855047677    


 Dominant contributions:

      occ. orbital   energy / eV   virt. orbital     energy / eV   |coeff.|^2*100
        8 a              -9.18          10 a               1.67       98.7
 

 Change of electron number:

            -0.000000


 Electric transition dipole moment (velocity rep.):

    x        0.075570        Norm:                  0.129720
    y       -0.101882
    z       -0.027141        Norm / debye:          0.329718


 Electric transition dipole moment (length rep.):

    x        0.144493        Norm:                  0.153918
    y       -0.051246
    z       -0.013654        Norm / debye:          0.391223


 Magnetic transition dipole moment / i:

    x       -0.000208        Norm:                  0.003335
    y        0.000712
    z       -0.003251        Norm / Bohr mag.:      0.914012


 Electric quadrupole transition moment:

   xx       -2.328513
   yy        0.054887        1/3*trace:            -0.949930
   zz       -0.576163
   xy       -0.041077
   xz       -0.250681        Anisotropy:            2.236464
   yz        0.278934




                         4 singlet a excitation


 Total energy:                           -115.1325989979887    

 Excitation energy:                      0.3644079443113481    

 Excitation energy / eV:                  9.916048940151391    

 Excitation energy / nm:                  125.0339169913127    

 Excitation energy / cm^(-1):             79978.29900187929    


 Oscillator strength:

    velocity representation:             0.3367938634490471E-01

    length representation:               0.3632456725662903E-01

    mixed representation:                0.3497698005989456E-01


 Rotatory strength:

    velocity representation:             0.7331582664529429E-07

    velocity rep. / 10^(-40)erg*cm^3:    0.4736555520091689E-02

    length representation:               0.4545850280576152E-07

    length rep. / 10^(-40)erg*cm^3:      0.2936838227869224E-02


 Dominant contributions:

      occ. orbital   energy / eV   virt. orbital     energy / eV   |coeff.|^2*100
        9 a              -7.51          13 a               4.04       98.6
 

 Change of electron number:

             0.000000


 Electric transition dipole moment (velocity rep.):

    x       -0.000032        Norm:                  0.372335
    y       -0.095846
    z        0.359787        Norm / debye:          0.946388


 Electric transition dipole moment (length rep.):

    x       -0.000036        Norm:                  0.386680
    y       -0.099545
    z        0.373647        Norm / debye:          0.982850


 Magnetic transition dipole moment / i:

    x        0.001590        Norm:                  0.004824
    y        0.004401
    z        0.001173        Norm / Bohr mag.:      1.322093


 Electric quadrupole transition moment:

   xx        0.000620
   yy       -1.026086        1/3*trace:            -0.413175
   zz       -0.214057
   xy        1.059859
   xz       -3.978963        Anisotropy:            7.950040
   yz        1.954227




                         5 singlet a excitation


 Total energy:                           -115.1234792384714    

 Excitation energy:                      0.3735277038286040    

 Excitation energy / eV:                  10.16421032935057    

 Excitation energy / nm:                  121.9811869186203    

 Excitation energy / cm^(-1):             81979.85485400184    


 Oscillator strength:

    velocity representation:             0.5214557588062432E-01

    length representation:               0.6941193821181507E-01

    mixed representation:                0.5957897776225398E-01


 Rotatory strength:

    velocity representation:            -0.6220337701164017E-07

    velocity rep. / 10^(-40)erg*cm^3:   -0.4018637751685765E-02

    length representation:              -0.7336297390453455E-04

    length rep. / 10^(-40)erg*cm^3:      -4.739601460118965    


 Dominant contributions:

      occ. orbital   energy / eV   virt. orbital     energy / eV   |coeff.|^2*100
        9 a              -7.51          12 a               4.01       93.5
 

 Change of electron number:

             0.000000


 Electric transition dipole moment (velocity rep.):

    x        0.440338        Norm:                  0.457607
    y        0.120326
    z        0.032077        Norm / debye:          1.163131


 Electric transition dipole moment (length rep.):

    x        0.483147        Norm:                  0.527960
    y        0.205688
    z        0.054811        Norm / debye:          1.341951


 Magnetic transition dipole moment / i:

    x        0.000272        Norm:                  0.006453
    y        0.000711
    z       -0.006407        Norm / Bohr mag.:      1.768475


 Electric quadrupole transition moment:

   xx       -8.323712
   yy        2.243341        1/3*trace:            -2.438337
   zz       -1.234639
   xy        0.391020
   xz       -0.697813        Anisotropy:            9.487905
   yz        0.603840




                         6 singlet a excitation


 Total energy:                           -115.1041218489846    

 Excitation energy:                      0.3928850933153524    

 Excitation energy / eV:                  10.69095192349147    

 Excitation energy / nm:                  115.9711921761007    

 Excitation energy / cm^(-1):             86228.31076292202    


 Oscillator strength:

    velocity representation:             0.1673782572331532    

    length representation:               0.1745613559085954    

    mixed representation:                0.1708447481393467    


 Rotatory strength:

    velocity representation:            -0.4299686479056459E-09

    velocity rep. / 10^(-40)erg*cm^3:   -0.2777804555838780E-04

    length representation:              -0.4791624587720426E-04

    length rep. / 10^(-40)erg*cm^3:      -3.095620267773515    


 Dominant contributions:

      occ. orbital   energy / eV   virt. orbital     energy / eV   |coeff.|^2*100
        8 a              -9.18          11 a               2.94       95.0
 

 Change of electron number:

            -0.000000


 Electric transition dipole moment (velocity rep.):

    x        0.186226        Norm:                  0.799397
    y        0.751211
    z        0.200093        Norm / debye:          2.031879


 Electric transition dipole moment (length rep.):

    x        0.164708        Norm:                  0.816370
    y        0.772643
    z        0.205799        Norm / debye:          2.075021


 Magnetic transition dipole moment / i:

    x        0.001787        Norm:                  0.011546
    y        0.002520
    z       -0.011125        Norm / Bohr mag.:      3.164308


 Electric quadrupole transition moment:

   xx       -2.966080
   yy        9.957818        1/3*trace:             2.024725
   zz       -0.917563
   xy       -6.380587
   xz       -1.972814        Anisotropy:           16.930157
   yz        1.640107




                         7 singlet a excitation


 Total energy:                           -115.0957699999422    

 Excitation energy:                      0.4012369423578024    

 Excitation energy / eV:                  10.91821739653762    

 Excitation energy / nm:                  113.5572223042437    

 Excitation energy / cm^(-1):             88061.32974717589    


 Oscillator strength:

    velocity representation:             0.5578083670546791E-03

    length representation:               0.2894610113937325E-02

    mixed representation:                0.1270683899452382E-02


 Rotatory strength:

    velocity representation:            -0.2654144090574772E-08

    velocity rep. / 10^(-40)erg*cm^3:   -0.1714704916873165E-03

    length representation:              -0.2263666705120245E-07

    length rep. / 10^(-40)erg*cm^3:     -0.1462437718892343E-02


 Dominant contributions:

      occ. orbital   energy / eV   virt. orbital     energy / eV   |coeff.|^2*100
        9 a              -7.51          14 a               5.67       96.4
 

 Change of electron number:

             0.000000


 Electric transition dipole moment (velocity rep.):

    x        0.000010        Norm:                  0.045665
    y        0.011756
    z       -0.044126        Norm / debye:          0.116071


 Electric transition dipole moment (length rep.):

    x        0.000010        Norm:                  0.104026
    y       -0.026773
    z        0.100521        Norm / debye:          0.264409


 Magnetic transition dipole moment / i:

    x       -0.001345        Norm:                  0.002209
    y        0.001693
    z        0.000451        Norm / Bohr mag.:      0.605318


 Electric quadrupole transition moment:

   xx       -0.000182
   yy       -0.210752        1/3*trace:            -0.111260
   zz       -0.122847
   xy        0.208563
   xz       -0.782912        Anisotropy:            1.584992
   yz        0.412024




                         8 singlet a excitation


 Total energy:                           -115.0702354292225    

 Excitation energy:                      0.4267715130774513    

 Excitation energy / eV:                  11.61304871642086    

 Excitation energy / nm:                  106.7628725531432    

 Excitation energy / cm^(-1):             93665.52022595383    


 Oscillator strength:

    velocity representation:             0.5242611476164376E-01

    length representation:               0.8569569441635096E-01

    mixed representation:                0.6702754888804982E-01


 Rotatory strength:

    velocity representation:            -0.9303228385175492E-07

    velocity rep. / 10^(-40)erg*cm^3:   -0.6010333618096764E-02

    length representation:              -0.9741379401173930E-07

    length rep. / 10^(-40)erg*cm^3:     -0.6293400277564674E-02


 Dominant contributions:

      occ. orbital   energy / eV   virt. orbital     energy / eV   |coeff.|^2*100
        8 a              -9.18          12 a               4.01       96.7
 

 Change of electron number:

            -0.000000


 Electric transition dipole moment (velocity rep.):

    x       -0.000030        Norm:                  0.429261
    y       -0.110480
    z        0.414801        Norm / debye:          1.091082


 Electric transition dipole moment (length rep.):

    x       -0.000036        Norm:                  0.548817
    y       -0.141249
    z        0.530329        Norm / debye:          1.394964


 Magnetic transition dipole moment / i:

    x        0.005639        Norm:                  0.008441
    y        0.006070
    z        0.001617        Norm / Bohr mag.:      2.313539


 Electric quadrupole transition moment:

   xx        0.000605
   yy       -1.429287        1/3*trace:            -0.586379
   zz       -0.330455
   xy        1.472521
   xz       -5.529536        Anisotropy:           11.055726
   yz        2.727393




                         9 singlet a excitation


 Total energy:                           -115.0626019208249    

 Excitation energy:                      0.4344050214751131    

 Excitation energy / eV:                  11.82076713759666    

 Excitation energy / nm:                  104.8868001232585    

 Excitation energy / cm^(-1):             95340.88166247602    


 Oscillator strength:

    velocity representation:             0.6270762740774249E-01

    length representation:               0.7311952088813259E-01

    mixed representation:                0.6747399576798560E-01


 Rotatory strength:

    velocity representation:             0.1603489775428456E-07

    velocity rep. / 10^(-40)erg*cm^3:    0.1035931625508544E-02

    length representation:               0.4996591961951855E-04

    length rep. / 10^(-40)erg*cm^3:       3.228039063588441    


 Dominant contributions:

      occ. orbital   energy / eV   virt. orbital     energy / eV   |coeff.|^2*100
        7 a             -11.83          10 a               1.67       88.0
        8 a              -9.18          13 a               4.04        9.2
 

 Change of electron number:

             0.000000


 Electric transition dipole moment (velocity rep.):

    x       -0.456960        Norm:                  0.465327
    y       -0.084890
    z       -0.022604        Norm / debye:          1.182753


 Electric transition dipole moment (length rep.):

    x       -0.499668        Norm:                  0.502475
    y       -0.051253
    z       -0.013647        Norm / debye:          1.277175


 Magnetic transition dipole moment / i:

    x       -0.000223        Norm:                  0.006554
    y       -0.000537
    z        0.006528        Norm / Bohr mag.:      1.796237


 Electric quadrupole transition moment:

   xx        7.903128
   yy       -0.514028        1/3*trace:             2.572551
   zz        0.328554
   xy       -2.512988
   xz        0.159730        Anisotropy:            9.140567
   yz       -0.143503




                        10 singlet a excitation


 Total energy:                           -115.0575949676057    

 Excitation energy:                      0.4394119746942874    

 Excitation energy / eV:                  11.95701332524827    

 Excitation energy / nm:                  103.6916499412649    

 Excitation energy / cm^(-1):             96439.78087118648    


 Oscillator strength:

    velocity representation:             0.6960270919599833E-01

    length representation:               0.1091477051774076    

    mixed representation:                0.8673798790952598E-01


 Rotatory strength:

    velocity representation:             0.9590881781371897E-07

    velocity rep. / 10^(-40)erg*cm^3:    0.6196171566595793E-02

    length representation:               0.7532453148434968E-04

    length rep. / 10^(-40)erg*cm^3:       4.866327527433209    


 Dominant contributions:

      occ. orbital   energy / eV   virt. orbital     energy / eV   |coeff.|^2*100
        8 a              -9.18          13 a               4.04       83.2
        7 a             -11.83          10 a               1.67        7.9
 

 Change of electron number:

             0.000000


 Electric transition dipole moment (velocity rep.):

    x       -0.461244        Norm:                  0.487442
    y        0.152346
    z        0.040553        Norm / debye:          1.238963


 Electric transition dipole moment (length rep.):

    x       -0.555378        Norm:                  0.610403
    y        0.244749
    z        0.065163        Norm / debye:          1.551503


 Magnetic transition dipole moment / i:

    x        0.000405        Norm:                  0.001321
    y        0.001254
    z       -0.000101        Norm / Bohr mag.:      0.362105


 Electric quadrupole transition moment:

   xx        9.644877
   yy        4.289805        1/3*trace:             4.934671
   zz        0.869330
   xy       -5.816860
   xz       -0.627535        Anisotropy:           12.734595
   yz        0.512376

 SUMMARY OF EXCITATION ENERGIES AND DIPOLE OSCILLATOR STRENGTHS (velocity/length):

 -----------------------------------------------------------------------------------------------
 |    Exc.   | energy (Eh) | energy (eV) | energy (cm-1) | energy (nm) | Osc.(vel) | Osc.(len) |
 -----------------------------------------------------------------------------------------------
 |     1 a   |    0.267768 |     7.28633 |     58768.200 |     170.160 |   0.01135 |   0.00274 |
 |     2 a   |    0.328335 |     8.93446 |     72061.281 |     138.771 |   0.08765 |   0.05560 |
 |     3 a   |    0.337319 |     9.17892 |     74033.015 |     135.075 |   0.00378 |   0.00533 |
 |     4 a   |    0.364408 |     9.91605 |     79978.299 |     125.034 |   0.03368 |   0.03632 |
 |     5 a   |    0.373528 |    10.16421 |     81979.855 |     121.981 |   0.05215 |   0.06941 |
 |     6 a   |    0.392885 |    10.69095 |     86228.311 |     115.971 |   0.16738 |   0.17456 |
 |     7 a   |    0.401237 |    10.91821 |     88061.330 |     113.557 |   0.00056 |   0.00289 |
 |     8 a   |    0.426772 |    11.61304 |     93665.520 |     106.763 |   0.05243 |   0.08570 |
 |     9 a   |    0.434405 |    11.82076 |     95340.882 |     104.887 |   0.06271 |   0.07312 |
 |    10 a   |    0.439412 |    11.95701 |     96439.781 |     103.692 |   0.06960 |   0.10915 |
 -----------------------------------------------------------------------------------------------




    ------------------------------------------------------------------------
         total  cpu-time :   3.11 seconds
         total wall-time :   3.48 seconds
    ------------------------------------------------------------------------

   ****  escf : all done  ****


    2023-07-09 02:21:56.693 

