
 escf (compt309) : TURBOMOLE rev. V7-6-2381-g96b3af1 compiled 16 Jan 2023 at 13:48:01
 Copyright (C) 2023 TURBOMOLE GmbH, Karlsruhe


    2023-07-09 02:21:55.434 




                                e s c f

                             TURBOMOLE GmbH

          integral direct evaluation of 

                    * excitation energies and transition moments 
                    * polarizabilities
                    * dynamic response properties 
                    * stabilities
                    * quasiparticle states with GW
                    * NMR coupling-constants



          references (see also programs dscf and ridft) 
          implementation and benchmarks (review) 
          F. Furche and D. Rappoport,  
          "Density functional methods for excited states: 
          equilibrium structure and electronic spectra",
          ch. III of "Computational Photochemistry", ed. by 
          M. Olivucci, vol. 16 of "Theoretical and Computational 
          Chemistry", Elsevier, Amsterdam, 2005.



              +--------------------------------------------------+
              | Atomic coordinate, charge and isotop information |
              +--------------------------------------------------+

                    atomic coordinates            atom    charge  isotop
         -9.24314180    6.23174984    0.00054802    c      6.000     0
         -9.98177905    5.77299993   -1.91166584    h      1.000     0
         -6.60094563    6.20640861   -0.00619830    o      8.000     0
         -9.98177905    4.88256098    1.43120298    h      1.000     0
         -9.90212710    8.15492412    0.51283388    h      1.000     0
         -6.10304059    4.45939461   -0.47154336    h      1.000     0
 
       center of nuclear mass  :   -7.89226438    6.16696788   -0.01670470
       center of nuclear charge:   -8.01306343    6.12842487   -0.02697059

              +--------------------------------------------------+
              |               basis set information              |
              +--------------------------------------------------+

              we will work with the 1s 3p 5d 7f 9g ... basis set
              ...i.e. with spherical basis functions...

   type   atoms  prim   cont   basis
   ---------------------------------------------------------------------------
    c        1     24     14   def2-SVP   [3s2p1d|7s4p1d]
    h        4      7      5   def2-SVP   [2s1p|4s1p]
    o        1     24     14   def2-SVP   [3s2p1d|7s4p1d]
   ---------------------------------------------------------------------------
   total:    6     76     48
   ---------------------------------------------------------------------------

   total number of primitive shells          :   29
   total number of contracted shells         :   24
   total number of cartesian basis functions :   50
   total number of SCF-basis functions       :   48


 residuum convergence criterium   :  0.10E-04


 integral neglect threshold       :  0.33E-10
 integral storage threshold THIZE :  0.10E-04
 integral storage threshold THIME :         5

 
             FOUND RI-J FLAG !
 
  
 AUXILIARY BASIS SET information:

              we will work with the 1s 3p 5d 7f 9g ... basis set
              ...i.e. with spherical basis functions...

   type   atoms  prim   cont   basis
   ---------------------------------------------------------------------------
    c        1     70     49   def2-SVP   [6s4p3d1f1g|12s5p4d2f1g]
    h        4     16     11   def2-SVP   [3s1p1d|5s2p1d]
    o        1     70     49   def2-SVP   [6s4p3d1f1g|12s5p4d2f1g]
   ---------------------------------------------------------------------------
   total:    6    204    142
   ---------------------------------------------------------------------------

   total number of primitive shells          :   56
   total number of contracted shells         :   50
   total number of cartesian basis functions :  170
   total number of SCF-basis functions       :  142

 RPA SINGLET-EXCITATION-CALCULATION 
 
             FOUND DFT-FLAG !
 

 maximum number of Davidson iterations set to   35


 symmetry group of the molecule :   c1 

 the group has the following generators :
   c1(z)

    1 symmetry operations found

 there are 1 real representations :   a   

 maximum number of shells which are related by symmetry :  1

 IRREPs of excited states :   a   
  
           ------------------
           density functional
           ------------------
 Libxc version: 6.0.0
 S. Lehtola, C. Steigemann, M.J.T. Oliveira, and M.A.L. Marques, Software X 7, 1 (2018)
 M.A.L. Marques, M.J.T. Oliveira, and T. Burnus, Comput. Phys. Commun. 183, 2272 (2012)
 TURBOMOLE integration by Christof Holzer

 Name of XC-Functional: wB97X range-separated functional
 alpha=    0.15771
 beta =    0.84229
 omega=    0.30000
 [1] J.-D. Chai and M. Head-Gordon.,  J. Chem. Phys. 128, 084106 (2008)
 spherical integration : Lebedev's spherical grid
 spherical gridsize    :                     4
    i.e. gridpoints    :                   434
  maximum batchsize    :                   100
 value for diffuse not defined
 radial integration    : Chebyshev 2nd kind (scaling 3)
 radial gridsize       :                     6
 integration cells     :                     6
 partition function    : becke
 partition sharpness   :                     3
  

 ----------------------------------------------------------------------
          some useful papers before it begins
 ----------------------------------------------------------------------

     nonorthonormal Krylov space methods 
     F. Furche, B. T. Krull, B. D. Nguyen, and J. Kwon, 
     J. Chem. Phys. 144, 174105 (2016).

     RI-J method 
     R. Bauernschmitt, M. Haeser, O. Treutler, and R. Ahlrichs,
     Chem. Phys. Lett. 264, 573 (1997).

     density functional implementation               
     R. Bauernschmitt and R. Ahlrichs,
     Chem. Phys. Lett. 256, 454 (1996).
     R. Bauernschmitt and R. Ahlrichs,
     J. Chem. Phys. 104, 9047 (1996).

     UHF extension (RPA and CIS)
     C. Ochsenfeld, J. Gauss, and R. Ahlrichs, 
     J. Chem. Phys. 103, 7401 (1995).

     integral direct algorithm                 
     H. Weiss, R. Ahlrichs, and M. Haeser, 
     J. Chem. Phys. 99, 1262 (1993).

 ----------------------------------------------------------------------

  MOs are in ASCII format !


    mo occupation :
   irrep   mo's   occupied
    a       48        9
 
 number of basis functions   :    48
 number of occupied orbitals :     9
 

 reading orbital data $scfmo  from file mos
 orbital characterization : scfconv=8
  
           ----------------------
               RI - INFORMATION
           ----------------------

 biggest AO integral is expected to be     4.776656448

 Threshold for integral neglect (rithr2):   0.33E-10
 Threshold for integral neglect (rithr1):   0.33E-10

 Contributions to RI integral batches: 
  neglected integral batches:                     0
  direct contribution:                            0
  memory contribution:                   300
 Core memory available (ricore)            500 MiB
 Core memory needed for (P|Q) and Cholesky 1 MiB
 Core memory used for integrals            2 MiB
  
 ****************************************
 Memory allocated for RIDFT 2 MiB
 ****************************************
                                            
 preparing DFT   numerical integration ....
          Overall gridpoints after grid construction =         55768

 Calculating ground state density on molecular grid

 Integral of ground state density: N =   18.00000095340362    


 all orbitals will be included in the transformation

 number of non-frozen orbitals          :    48
 number of non-frozen occupied orbitals :     9



 dimension of super-tensorspace: 2

          IRREP   tensor space dimension   number of roots

           a                 351                     10

 machine precision: 2.22D-16


 logfile sing_a    will be constructed




                       Nonorthonormal Krylov Space Iteration


 total number of roots to be determined: 10


 maximum core memory set to          500 MB,
 corresponding to    12435 vectors in CAO basis


 maximum number of simultaneously treated vectors (including degeneracy):       18


 Iteration IRREP Converged      Max. Euclidean
                 roots          residual norm

    1       a        0        1.284270290678453D-01
 
    2       a        0        2.697516554557087D-02
 
    3       a        0        6.959020976591205D-03
 
    4       a        0        2.242918164414687D-03
 
    5       a        0        3.981036224550803D-04
 
    6       a        2        7.543557268979172D-05
 
    7       a        9        1.021790421942119D-05
 
    8       a       10        9.638111341883950D-06
 

 converged!

 Eigenpairs written on logfile sing_a   



 IRREP   Vector     Eigenvalue           Euclidean residual norm

  a         1    2.783688453409797D-01    3.456500025392464D-06
            2    3.515862776845913D-01    3.500554394965031D-06
            3    3.540319307146541D-01    3.455655945538113D-06
            4    3.870674488854959D-01    9.730310811916326D-07
            5    3.967993308821330D-01    3.805054451360933D-06
            6    4.119836388039633D-01    4.820174204981992D-06
            7    4.133287170115942D-01    1.362212091213238D-06
            8    4.485410610636053D-01    2.997228184846488D-06
            9    4.551975014604754D-01    9.638111341883950D-06
           10    4.579612707396112D-01    1.255981592886804D-06






                    Selection rules for point group c1  


 Subduction with respect to c1  :

    Polar vector representation: a                           

    Axial vector representation: a                           

    Symmetric second rank tensor representation: a                           




                            Ground state


 Total energy:                           -115.5970029063000    

 Charge:

               elec          nuc         total

           -18.000000    18.000000    -0.000000


 Electric dipole moment:

               elec          nuc         total   

    x      143.871485  -144.235142    -0.363656    Norm:              0.676480
    y     -110.862849   110.311648    -0.551201
    z        0.338649    -0.485471    -0.146822    Norm / debye:      1.719454


 Electric quadrupole moment:

               elec          nuc         total   

   xx    -1199.868565  1195.764940    -4.103625
   yy     -700.103797   684.720217   -15.383580    1/3*trace:        -9.794875
   zz      -16.085889     6.188469    -9.897420
   xy      888.348433  -887.679428     0.669005
   xz       -2.110826     2.892501     0.781675    Anisotropy:        9.971674
   yz        1.737451    -2.256050    -0.518599



 ==============================================================================

                              I R R E P   a   

 ==============================================================================


 Excitation is electric dipole allowed

 Excitation is magnetic dipole allowed

 Excitation is electric quadrupole allowed




                         1 singlet a excitation


 Total energy:                           -115.3186340609590    

 Excitation energy:                      0.2783688453409797    

 Excitation energy / eV:                  7.574804931958856    

 Excitation energy / nm:                  163.6797846547394    

 Excitation energy / cm^(-1):             61094.89952959693    


 Oscillator strength:

    velocity representation:             0.5392927832950077E-02

    length representation:               0.1226773636175133E-02

    mixed representation:                0.2572139495711499E-02


 Rotatory strength:

    velocity representation:            -0.9560846727681650E-08

    velocity rep. / 10^(-40)erg*cm^3:   -0.6176767475301691E-03

    length representation:               0.6651651744855048E-08

    length rep. / 10^(-40)erg*cm^3:      0.4297287397746728E-03


 Dominant contributions:

      occ. orbital   energy / eV   virt. orbital     energy / eV   |coeff.|^2*100
        9 a             -10.04          10 a               3.98       91.7
 

 Change of electron number:

            -0.000000


 Electric transition dipole moment (velocity rep.):

    x        0.000006        Norm:                  0.170470
    y       -0.043877
    z        0.164726        Norm / debye:          0.433294


 Electric transition dipole moment (length rep.):

    x        0.000007        Norm:                  0.081305
    y        0.020927
    z       -0.078566        Norm / debye:          0.206658


 Magnetic transition dipole moment / i:

    x        0.000143        Norm:                  0.001273
    y       -0.001222
    z       -0.000326        Norm / Bohr mag.:      0.348831


 Electric quadrupole transition moment:

   xx       -0.000124
   yy        0.121048        1/3*trace:             0.086867
   zz        0.139676
   xy       -0.373355
   xz        1.401831        Anisotropy:            2.551893
   yz       -0.245832




                         2 singlet a excitation


 Total energy:                           -115.2454166286154    

 Excitation energy:                      0.3515862776845913    

 Excitation energy / eV:                  9.567153490011044    

 Excitation energy / nm:                  129.5936603671289    

 Excitation energy / cm^(-1):             77164.26845401333    


 Oscillator strength:

    velocity representation:             0.7974853367735873E-02

    length representation:               0.2982027257798625E-02

    mixed representation:                0.3140906627101581E-02


 Rotatory strength:

    velocity representation:             0.3752914252436478E-06

    velocity rep. / 10^(-40)erg*cm^3:    0.2424563362670576E-01

    length representation:              -0.3256342148018903E-04

    length rep. / 10^(-40)erg*cm^3:      -2.103753866286950    


 Dominant contributions:

      occ. orbital   energy / eV   virt. orbital     energy / eV   |coeff.|^2*100
        8 a             -11.70          10 a               3.98       94.0
 

 Change of electron number:

             0.000000


 Electric transition dipole moment (velocity rep.):

    x       -0.038359        Norm:                  0.184455
    y        0.174322
    z        0.046519        Norm / debye:          0.468842


 Electric transition dipole moment (length rep.):

    x       -0.099504        Norm:                  0.112794
    y        0.051309
    z        0.013739        Norm / debye:          0.286696


 Magnetic transition dipole moment / i:

    x        0.000372        Norm:                  0.002591
    y       -0.000582
    z        0.002497        Norm / Bohr mag.:      0.710057


 Electric quadrupole transition moment:

   xx        1.652051
   yy       -0.069905        1/3*trace:             0.715890
   zz        0.565524
   xy        0.306068
   xz        0.245909        Anisotropy:            1.724045
   yz       -0.279977




                         3 singlet a excitation


 Total energy:                           -115.2429709755854    

 Excitation energy:                      0.3540319307146541    

 Excitation energy / eV:                  9.633703123506445    

 Excitation energy / nm:                  128.6984271956067    

 Excitation energy / cm^(-1):             77701.02724960670    


 Oscillator strength:

    velocity representation:             0.1236586005933542    

    length representation:               0.8398479227877596E-01

    mixed representation:                0.1019089882266338    


 Rotatory strength:

    velocity representation:            -0.3064727425095849E-06

    velocity rep. / 10^(-40)erg*cm^3:   -0.1979961526335166E-01

    length representation:              -0.1486066833459323E-06

    length rep. / 10^(-40)erg*cm^3:     -0.9600707494305683E-02


 Dominant contributions:

      occ. orbital   energy / eV   virt. orbital     energy / eV   |coeff.|^2*100
        9 a             -10.04          11 a               5.22       90.5
 

 Change of electron number:

            -0.000000


 Electric transition dipole moment (velocity rep.):

    x       -0.000009        Norm:                  0.723830
    y       -0.186342
    z        0.699433        Norm / debye:          1.839806


 Electric transition dipole moment (length rep.):

    x       -0.000001        Norm:                  0.596520
    y       -0.153560
    z        0.576416        Norm / debye:          1.516213


 Magnetic transition dipole moment / i:

    x        0.005252        Norm:                  0.010443
    y        0.008722
    z        0.002323        Norm / Bohr mag.:      2.862067


 Electric quadrupole transition moment:

   xx        0.000022
   yy       -1.556513        1/3*trace:            -0.637731
   zz       -0.356703
   xy        1.588974
   xz       -5.965060        Anisotropy:           11.948124
   yz        2.968868




                         4 singlet a excitation


 Total energy:                           -115.2099354574145    

 Excitation energy:                      0.3870674488854959    

 Excitation energy / eV:                  10.53264569613446    

 Excitation energy / nm:                  117.7142453884795    

 Excitation energy / cm^(-1):             84951.48540013535    


 Oscillator strength:

    velocity representation:             0.4455848115725317E-01

    length representation:               0.3521869442608846E-01

    mixed representation:                0.3961428443305450E-01


 Rotatory strength:

    velocity representation:             0.5507480131124353E-07

    velocity rep. / 10^(-40)erg*cm^3:    0.3558097427323585E-02

    length representation:               0.5078767494450152E-07

    length rep. / 10^(-40)erg*cm^3:      0.3281128415489824E-02


 Dominant contributions:

      occ. orbital   energy / eV   virt. orbital     energy / eV   |coeff.|^2*100
        9 a             -10.04          13 a               6.32       91.9
 

 Change of electron number:

            -0.000000


 Electric transition dipole moment (velocity rep.):

    x       -0.000013        Norm:                  0.415544
    y       -0.106987
    z        0.401536        Norm / debye:          1.056217


 Electric transition dipole moment (length rep.):

    x       -0.000004        Norm:                  0.369436
    y       -0.095119
    z        0.356981        Norm / debye:          0.939019


 Magnetic transition dipole moment / i:

    x        0.002285        Norm:                  0.005603
    y        0.004944
    z        0.001317        Norm / Bohr mag.:      1.535738


 Electric quadrupole transition moment:

   xx        0.000056
   yy       -0.984257        1/3*trace:            -0.394982
   zz       -0.200745
   xy        1.025109
   xz       -3.847420        Anisotropy:            7.674891
   yz        1.873672




                         5 singlet a excitation


 Total energy:                           -115.2002035754179    

 Excitation energy:                      0.3967993308821330    

 Excitation energy / eV:                  10.79746379262464    

 Excitation energy / nm:                  114.8271912624125    

 Excitation energy / cm^(-1):             87087.38660736325    


 Oscillator strength:

    velocity representation:             0.1324617426427123    

    length representation:               0.1043854655712411    

    mixed representation:                0.1174175513345657    


 Rotatory strength:

    velocity representation:            -0.7243444047086820E-07

    velocity rep. / 10^(-40)erg*cm^3:   -0.4679613728109885E-02

    length representation:              -0.5567263441872018E-04

    length rep. / 10^(-40)erg*cm^3:      -3.596720325473692    


 Dominant contributions:

      occ. orbital   energy / eV   virt. orbital     energy / eV   |coeff.|^2*100
        9 a             -10.04          12 a               6.28       96.9
 

 Change of electron number:

            -0.000000


 Electric transition dipole moment (velocity rep.):

    x       -0.593702        Norm:                  0.707629
    y       -0.372061
    z       -0.099128        Norm / debye:          1.798626


 Electric transition dipole moment (length rep.):

    x       -0.507843        Norm:                  0.628174
    y       -0.357265
    z       -0.095182        Norm / debye:          1.596672


 Magnetic transition dipole moment / i:

    x       -0.000894        Norm:                  0.011304
    y       -0.001547
    z        0.011161        Norm / Bohr mag.:      3.097981


 Electric quadrupole transition moment:

   xx        8.789696
   yy       -4.181456        1/3*trace:             2.014776
   zz        1.436089
   xy        0.871544
   xz        1.075046        Anisotropy:           11.630441
   yz       -0.927301




                         6 singlet a excitation


 Total energy:                           -115.1850192674960    

 Excitation energy:                      0.4119836388039633    

 Excitation energy / eV:                  11.21065001105283    

 Excitation energy / nm:                  110.5950537071709    

 Excitation energy / cm^(-1):             90419.95698094204    


 Oscillator strength:

    velocity representation:             0.2426944210760600    

    length representation:               0.1892841494344144    

    mixed representation:                0.2142375157956861    


 Rotatory strength:

    velocity representation:             0.1897149423585654E-06

    velocity rep. / 10^(-40)erg*cm^3:    0.1225649902059742E-01

    length representation:              -0.5571444156107900E-04

    length rep. / 10^(-40)erg*cm^3:      -3.599421268230254    


 Dominant contributions:

      occ. orbital   energy / eV   virt. orbital     energy / eV   |coeff.|^2*100
        8 a             -11.70          11 a               5.22       89.1
        7 a             -14.42          10 a               3.98        6.4
 

 Change of electron number:

             0.000000


 Electric transition dipole moment (velocity rep.):

    x       -0.136848        Norm:                  0.940017
    y       -0.898669
    z       -0.239370        Norm / debye:          2.389302


 Electric transition dipole moment (length rep.):

    x       -0.096417        Norm:                  0.830162
    y       -0.796763
    z       -0.212230        Norm / debye:          2.110077


 Magnetic transition dipole moment / i:

    x       -0.002241        Norm:                  0.013826
    y       -0.003192
    z        0.013265        Norm / Bohr mag.:      3.789412


 Electric quadrupole transition moment:

   xx        1.687482
   yy      -10.464253        1/3*trace:            -2.674495
   zz        0.753287
   xy        7.041619
   xz        2.035609        Anisotropy:           17.520245
   yz       -1.692079




                         7 singlet a excitation


 Total energy:                           -115.1836741892884    

 Excitation energy:                      0.4133287170115942    

 Excitation energy / eV:                  11.24725146704031    

 Excitation energy / nm:                  110.2351488893086    

 Excitation energy / cm^(-1):             90715.16752382445    


 Oscillator strength:

    velocity representation:             0.5847962424339330E-02

    length representation:               0.8514863300984723E-02

    mixed representation:                0.7056528843365308E-02


 Rotatory strength:

    velocity representation:            -0.1448098096329836E-06

    velocity rep. / 10^(-40)erg*cm^3:   -0.9355411165162917E-02

    length representation:              -0.6098509570546484E-07

    length rep. / 10^(-40)erg*cm^3:     -0.3939930911569141E-02


 Dominant contributions:

      occ. orbital   energy / eV   virt. orbital     energy / eV   |coeff.|^2*100
        9 a             -10.04          14 a               8.11       89.7
        9 a             -10.04          13 a               6.32        6.1
 

 Change of electron number:

             0.000000


 Electric transition dipole moment (velocity rep.):

    x       -0.000034        Norm:                  0.145680
    y       -0.037574
    z        0.140751        Norm / debye:          0.370285


 Electric transition dipole moment (length rep.):

    x       -0.000030        Norm:                  0.175787
    y       -0.045314
    z        0.169846        Norm / debye:          0.446809


 Magnetic transition dipole moment / i:

    x        0.000167        Norm:                  0.004232
    y        0.004086
    z        0.001090        Norm / Bohr mag.:      1.159840


 Electric quadrupole transition moment:

   xx        0.000505
   yy       -0.402337        1/3*trace:            -0.188006
   zz       -0.162187
   xy        0.393818
   xz       -1.476658        Anisotropy:            2.988678
   yz        0.775059




                         8 singlet a excitation


 Total energy:                           -115.1484618452364    

 Excitation energy:                      0.4485410610636053    

 Excitation energy / eV:                  12.20542851111393    

 Excitation energy / nm:                  101.5812299368037    

 Excitation energy / cm^(-1):             98443.38373072093    


 Oscillator strength:

    velocity representation:             0.1285861364017347    

    length representation:               0.1160933765660918    

    mixed representation:                0.1221801896972469    


 Rotatory strength:

    velocity representation:            -0.2318078027152813E-07

    velocity rep. / 10^(-40)erg*cm^3:   -0.1497590053595697E-02

    length representation:              -0.1544500654072179E-07

    length rep. / 10^(-40)erg*cm^3:     -0.9978218119566617E-03


 Dominant contributions:

      occ. orbital   energy / eV   virt. orbital     energy / eV   |coeff.|^2*100
        8 a             -11.70          12 a               6.28       96.8
 

 Change of electron number:

             0.000000


 Electric transition dipole moment (velocity rep.):

    x       -0.000013        Norm:                  0.655755
    y        0.168781
    z       -0.633662        Norm / debye:          1.666776


 Electric transition dipole moment (length rep.):

    x       -0.000013        Norm:                  0.623086
    y        0.160372
    z       -0.602094        Norm / debye:          1.583740


 Magnetic transition dipole moment / i:

    x       -0.008197        Norm:                  0.012785
    y       -0.009480
    z       -0.002525        Norm / Bohr mag.:      3.503954


 Electric quadrupole transition moment:

   xx        0.000203
   yy        1.615442        1/3*trace:             0.666102
   zz        0.382663
   xy       -1.655334
   xz        6.214487        Anisotropy:           12.439503
   yz       -3.083494




                         9 singlet a excitation


 Total energy:                           -115.1418054048395    

 Excitation energy:                      0.4551975014604754    

 Excitation energy / eV:                  12.38655954783515    

 Excitation energy / nm:                  100.0957881223262    

 Excitation energy / cm^(-1):             99904.30352860056    


 Oscillator strength:

    velocity representation:             0.8964705126044038E-01

    length representation:               0.8338210173966000E-01

    mixed representation:                0.8633319283788500E-01


 Rotatory strength:

    velocity representation:             0.1146884100170078E-06

    velocity rep. / 10^(-40)erg*cm^3:    0.7409423673073511E-02

    length representation:               0.4085939100022532E-04

    length rep. / 10^(-40)erg*cm^3:       2.639713454040741    


 Dominant contributions:

      occ. orbital   energy / eV   virt. orbital     energy / eV   |coeff.|^2*100
        7 a             -14.42          10 a               3.98       72.8
        8 a             -11.70          13 a               6.32       12.4
        8 a             -11.70          14 a               8.11        5.6
 

 Change of electron number:

            -0.000000


 Electric transition dipole moment (velocity rep.):

    x        0.536557        Norm:                  0.543518
    y       -0.083763
    z       -0.022404        Norm / debye:          1.381495


 Electric transition dipole moment (length rep.):

    x        0.512234        Norm:                  0.524182
    y       -0.107510
    z       -0.028721        Norm / debye:          1.332348


 Magnetic transition dipole moment / i:

    x       -0.000232        Norm:                  0.005537
    y       -0.000007
    z       -0.005532        Norm / Bohr mag.:      1.517405


 Electric quadrupole transition moment:

   xx       -8.173593
   yy       -1.605311        1/3*trace:            -3.364201
   zz       -0.313699
   xy        4.125242
   xz        0.249573        Anisotropy:           10.228184
   yz       -0.165101




                        10 singlet a excitation


 Total energy:                           -115.1390416355604    

 Excitation energy:                      0.4579612707396112    

 Excitation energy / eV:                  12.46176556861219    

 Excitation energy / nm:                  99.49171594011611    

 Excitation energy / cm^(-1):             100510.8807704789    


 Oscillator strength:

    velocity representation:             0.1457851734786099    

    length representation:               0.1340576008311554    

    mixed representation:                0.1394407789885883    


 Rotatory strength:

    velocity representation:            -0.3761968371774048E-07

    velocity rep. / 10^(-40)erg*cm^3:   -0.2430412759845816E-02

    length representation:               0.8767117672095073E-04

    length rep. / 10^(-40)erg*cm^3:       5.663980276176921    


 Dominant contributions:

      occ. orbital   energy / eV   virt. orbital     energy / eV   |coeff.|^2*100
        8 a             -11.70          13 a               6.32       78.5
        8 a             -11.70          14 a               8.11       10.3
        7 a             -14.42          10 a               3.98        6.0
 

 Change of electron number:

             0.000000


 Electric transition dipole moment (velocity rep.):

    x       -0.646711        Norm:                  0.691016
    y        0.235247
    z        0.062664        Norm / debye:          1.756400


 Electric transition dipole moment (length rep.):

    x       -0.601877        Norm:                  0.662639
    y        0.267850
    z        0.071347        Norm / debye:          1.684273


 Magnetic transition dipole moment / i:

    x        0.000652        Norm:                  0.001854
    y        0.001650
    z        0.000536        Norm / Bohr mag.:      0.508086


 Electric quadrupole transition moment:

   xx       10.403008
   yy        4.607467        1/3*trace:             5.297274
   zz        0.881345
   xy       -6.152341
   xz       -0.640049        Anisotropy:           13.593284
   yz        0.555974

 SUMMARY OF EXCITATION ENERGIES AND DIPOLE OSCILLATOR STRENGTHS (velocity/length):

 -----------------------------------------------------------------------------------------------
 |    Exc.   | energy (Eh) | energy (eV) | energy (cm-1) | energy (nm) | Osc.(vel) | Osc.(len) |
 -----------------------------------------------------------------------------------------------
 |     1 a   |    0.278369 |     7.57480 |     61094.900 |     163.680 |   0.00539 |   0.00123 |
 |     2 a   |    0.351586 |     9.56715 |     77164.268 |     129.594 |   0.00797 |   0.00298 |
 |     3 a   |    0.354032 |     9.63370 |     77701.027 |     128.698 |   0.12366 |   0.08398 |
 |     4 a   |    0.387067 |    10.53264 |     84951.485 |     117.714 |   0.04456 |   0.03522 |
 |     5 a   |    0.396799 |    10.79746 |     87087.387 |     114.827 |   0.13246 |   0.10439 |
 |     6 a   |    0.411984 |    11.21065 |     90419.957 |     110.595 |   0.24269 |   0.18928 |
 |     7 a   |    0.413329 |    11.24725 |     90715.168 |     110.235 |   0.00585 |   0.00851 |
 |     8 a   |    0.448541 |    12.20542 |     98443.384 |     101.581 |   0.12859 |   0.11609 |
 |     9 a   |    0.455198 |    12.38655 |     99904.304 |     100.096 |   0.08965 |   0.08338 |
 |    10 a   |    0.457961 |    12.46176 |    100510.881 |      99.492 |   0.14579 |   0.13406 |
 -----------------------------------------------------------------------------------------------




    ------------------------------------------------------------------------
         total  cpu-time :   5.71 seconds
         total wall-time :   6.17 seconds
    ------------------------------------------------------------------------

   ****  escf : all done  ****


    2023-07-09 02:22:01.578 

