
 escf (compt309) : TURBOMOLE rev. V7-6-2381-g96b3af1 compiled 16 Jan 2023 at 13:48:01
 Copyright (C) 2023 TURBOMOLE GmbH, Karlsruhe


    2023-07-09 02:21:57.392 


 escf run will be profiled !




                                e s c f

                             TURBOMOLE GmbH

          integral direct evaluation of 

                    * excitation energies and transition moments 
                    * polarizabilities
                    * dynamic response properties 
                    * stabilities
                    * quasiparticle states with GW
                    * NMR coupling-constants



          references (see also programs dscf and ridft) 
          implementation and benchmarks (review) 
          F. Furche and D. Rappoport,  
          "Density functional methods for excited states: 
          equilibrium structure and electronic spectra",
          ch. III of "Computational Photochemistry", ed. by 
          M. Olivucci, vol. 16 of "Theoretical and Computational 
          Chemistry", Elsevier, Amsterdam, 2005.



              +--------------------------------------------------+
              | Atomic coordinate, charge and isotop information |
              +--------------------------------------------------+

                    atomic coordinates            atom    charge  isotop
         -9.24314180    6.23174984    0.00054802    c      6.000     0
         -9.98177905    5.77299993   -1.91166584    h      1.000     0
         -6.60094563    6.20640861   -0.00619830    o      8.000     0
         -9.98177905    4.88256098    1.43120298    h      1.000     0
         -9.90212710    8.15492412    0.51283388    h      1.000     0
         -6.10304059    4.45939461   -0.47154336    h      1.000     0
 
       center of nuclear mass  :   -7.89226438    6.16696788   -0.01670470
       center of nuclear charge:   -8.01306343    6.12842487   -0.02697059

              +--------------------------------------------------+
              |               basis set information              |
              +--------------------------------------------------+

              we will work with the 1s 3p 5d 7f 9g ... basis set
              ...i.e. with spherical basis functions...

   type   atoms  prim   cont   basis
   ---------------------------------------------------------------------------
    c        1     24     14   def2-SVP   [3s2p1d|7s4p1d]
    h        4      7      5   def2-SVP   [2s1p|4s1p]
    o        1     24     14   def2-SVP   [3s2p1d|7s4p1d]
   ---------------------------------------------------------------------------
   total:    6     76     48
   ---------------------------------------------------------------------------

   total number of primitive shells          :   29
   total number of contracted shells         :   24
   total number of cartesian basis functions :   50
   total number of SCF-basis functions       :   48


 residuum convergence criterium   :  0.10E-04


 integral neglect threshold       :  0.33E-10
 integral storage threshold THIZE :  0.10E-04
 integral storage threshold THIME :         5

 
             FOUND RI-J FLAG !
 
  
 AUXILIARY BASIS SET information:

              assign orbital basis set names as defaults
              read basis sets from /home/smp201/dev/turbomole/cbasen/

              we will work with the 1s 3p 5d 7f 9g ... basis set
              ...i.e. with spherical basis functions...

   type   atoms  prim   cont   basis
   ---------------------------------------------------------------------------
    c        1      1      1   def2-SVP   [1s|1s]
    h        4      1      1   def2-SVP   [1s|1s]
    o        1      1      1   def2-SVP   [1s|1s]
   ---------------------------------------------------------------------------
   total:    6      6      6
   ---------------------------------------------------------------------------

   total number of primitive shells          :    3
   total number of contracted shells         :    6
   total number of cartesian basis functions :    6
   total number of SCF-basis functions       :    6

 
             FOUND RI-K FLAG !
 
  
 AUXILIARY BASIS SET information:

              we will work with the 1s 3p 5d 7f 9g ... basis set
              ...i.e. with spherical basis functions...

   type   atoms  prim   cont   basis
   ---------------------------------------------------------------------------
    c        1      1      1   def2-SVP   [1s|1s]
    h        4      1      1   def2-SVP   [1s|1s]
    o        1      1      1   def2-SVP   [1s|1s]
   ---------------------------------------------------------------------------
   total:    6      6      6
   ---------------------------------------------------------------------------

   total number of primitive shells          :    3
   total number of contracted shells         :    6
   total number of cartesian basis functions :    6
   total number of SCF-basis functions       :    6

 CI SINGLES SINGLET-CALCULATION (TAMM-DANCOFF-APPROXIMATION)
 
             FOUND DFT-FLAG !
 

 maximum number of Davidson iterations set to   35


 symmetry group of the molecule :   c1 

 the group has the following generators :
   c1(z)

    1 symmetry operations found

 there are 1 real representations :   a   

 maximum number of shells which are related by symmetry :  1

 IRREPs of excited states :   a   
  
           ------------------
           density functional
           ------------------
 PBE0 hybrid functional
 exchange:    3/4 (LDA+PBE) + 1/4 HF
 correlation: LDA (PW) + PBE
 spherical integration : Lebedev's spherical grid
 spherical gridsize    :                     1
    i.e. gridpoints    :                   110
  maximum batchsize    :                   100
 value for diffuse not defined
 radial integration    : Chebyshev 2nd kind (scaling 0)
 radial gridsize       :                     1
 integration cells     :                     6
 partition function    : becke
 partition sharpness   :                     3
  

 ----------------------------------------------------------------------
          some useful papers before it begins
 ----------------------------------------------------------------------

     nonorthonormal Krylov space methods 
     F. Furche, B. T. Krull, B. D. Nguyen, and J. Kwon, 
     J. Chem. Phys. 144, 174105 (2016).

     RI-J method 
     R. Bauernschmitt, M. Haeser, O. Treutler, and R. Ahlrichs,
     Chem. Phys. Lett. 264, 573 (1997).

     density functional implementation               
     R. Bauernschmitt and R. Ahlrichs,
     Chem. Phys. Lett. 256, 454 (1996).
     R. Bauernschmitt and R. Ahlrichs,
     J. Chem. Phys. 104, 9047 (1996).

     UHF extension (RPA and CIS)
     C. Ochsenfeld, J. Gauss, and R. Ahlrichs, 
     J. Chem. Phys. 103, 7401 (1995).

     integral direct algorithm                 
     H. Weiss, R. Ahlrichs, and M. Haeser, 
     J. Chem. Phys. 99, 1262 (1993).

 ----------------------------------------------------------------------

  MOs are in ASCII format !


    mo occupation :
   irrep   mo's   occupied
    a       48        9
 
 number of basis functions   :    48
 number of occupied orbitals :     9
 

 reading orbital data $scfmo  from file mos
 orbital characterization : scfconv=8
  
           ----------------------
               RI - INFORMATION
           ----------------------

 biggest AO integral is expected to be     4.776656448

 Threshold for integral neglect (rithr2):   0.33E-10
 Threshold for integral neglect (rithr1):   0.33E-10

 Contributions to RI integral batches: 
  neglected integral batches:                     0
  direct contribution:                            0
  memory contribution:                   300
 Core memory available (ricore)            500 MiB
 Core memory needed for (P|Q) and Cholesky 1 MiB
 Core memory used for integrals            1 MiB
  
 ****************************************
 Memory allocated for RIDFT 1 MiB
 ****************************************
                                            

 MAXIMUM CORE MEMORY WHICH CAN BE ALLOCATED DYNAMICALLY in escf_cc_setup= 500 MiB
              ( or 65536000 double words )

 Summary of integral storage options:
 B_ji^Q integral storage mode: on-disk   
 B_ai^Q integral storage mode: on-disk   
 B_ba^Q integral storage mode: on-disk   

   *-----------------------------------------------------------------------*
   |                     program will use  1 thread(s)                     |
   *-----------------------------------------------------------------------*
  MOs are in ASCII format !


 reading orbital data $scfmo  from file mos
 orbital characterization : scfconv=8
 time elapsed for calculating density matrices :   0.001 sec
 all orbitals will be active in the correlation treatment


   Molecular Orbital Statistic:
   ============================

   -----------------------------
   orbitals in total:
   -----------------------------
    frozen occupied :      0
    active occupied :      9
    active virtual  :     39
    frozen virtual  :      0
    all together    :     48
   -----------------------------


     time in riccmos       cpu:  0.01 sec    wall:  0.05 sec    ratio:  0.2

     total memory allocated for calculation of (Q|P)**(-1/2) : 1 MiB


     calculation of (P|Q) ...
     time in lp2sym        cpu:  0.00 sec    wall:  0.00 sec    ratio:  1.0


     calculation of the Cholesky decomposition of (P|Q)**(-1) ...
     time in invmetri      cpu:  0.00 sec    wall:  0.02 sec    ratio:  0.1
 preparing DFT   numerical integration ....
          Overall gridpoints after grid construction =          7004

 Calculating ground state density on molecular grid

 Integral of ground state density: N =   18.00018770584974    


 all orbitals will be included in the transformation

 number of non-frozen orbitals          :    48
 number of non-frozen occupied orbitals :     9



 dimension of super-tensorspace: 1

          IRREP   tensor space dimension   number of roots

           a                 351                     10
                    10
 Switching off XC: hybrid=  0.250000000000000     

 machine precision: 2.22D-16


 logfile ciss_a    exists already

 found     10 converged vectors on ciss_a   
 read      10 vectors from logfile ciss_a   



                       Nonorthonormal Krylov Space Iteration


 total number of roots to be determined: 10


 maximum core memory set to          500 MB,
 corresponding to    25640 vectors in CAO basis


 maximum number of simultaneously treated vectors (including degeneracy):       10


 Iteration IRREP Converged      Max. Euclidean
                 roots          residual norm

    1       a        0        4.637263935226891D-02
 
    2       a        0        1.008137493413437D-02
 
    3       a        0        4.016621337588374D-03
 
    4       a        0        8.854950148288755D-04
 
    5       a        6        1.174308280753692D-04
 
    6       a        9        1.502809497112002D-05
 
    7       a       10        6.185053732240698D-06
 

 converged!

 Eigenpairs written on logfile ciss_a   



 IRREP   Vector     Eigenvalue           Euclidean residual norm

  a         1    2.608105151380336D-01    8.668853498267712D-07
            2    3.231529218013680D-01    3.139125073050192D-06
            3    3.343346686836503D-01    4.978797007936098D-06
            4    3.617726129773443D-01    1.467126024598245D-06
            5    3.700311893300117D-01    6.185053732240698D-06
            6    3.858845823085769D-01    3.334319904388133D-06
            7    3.958220479701554D-01    3.741568999850999D-06
            8    4.256027765631685D-01    2.893746682215628D-06
            9    4.279406576603180D-01    1.589108242654402D-06
           10    4.357438244410338D-01    6.020694071007340D-06






                    Selection rules for point group c1  


 Subduction with respect to c1  :

    Polar vector representation: a                           

    Axial vector representation: a                           

    Symmetric second rank tensor representation: a                           




                            Ground state


 Total energy:                           -115.4970069423000    

 Charge:

               elec          nuc         total

           -18.000000    18.000000    -0.000000


 Electric dipole moment:

               elec          nuc         total   

    x      143.886882  -144.235142    -0.348260    Norm:              0.664581
    y     -110.858600   110.311648    -0.546952
    z        0.339778    -0.485471    -0.145692    Norm / debye:      1.689209


 Electric quadrupole moment:

               elec          nuc         total   

   xx    -1200.106574  1195.764940    -4.341634
   yy     -700.042245   684.720217   -15.322028    1/3*trace:        -9.852467
   zz      -16.082209     6.188469    -9.893740
   xy      888.411123  -887.679428     0.731695
   xz       -2.119679     2.892501     0.772822    Anisotropy:        9.726725
   yz        1.745933    -2.256050    -0.510117



 ==============================================================================

                              I R R E P   a   

 ==============================================================================


 Excitation is electric dipole allowed

 Excitation is magnetic dipole allowed

 Excitation is electric quadrupole allowed




                         1 singlet a excitation


 Total energy:                           -115.2361964271620    

 Excitation energy:                      0.2608105151380336    

 Excitation energy / eV:                  7.097018252722815    

 Excitation energy / nm:                  174.6990631719187    

 Excitation energy / cm^(-1):             57241.29149259669    


 Oscillator strength:

    velocity representation:             0.9302017144780825E-02

    length representation:               0.1670588874399519E-02

    mixed representation:                0.3942061175057911E-02


 Rotatory strength:

    velocity representation:            -0.9366761808166194E-08

    velocity rep. / 10^(-40)erg*cm^3:   -0.6051379269376513E-03

    length representation:               0.3426951848198100E-08

    length rep. / 10^(-40)erg*cm^3:      0.2213975949858974E-03


 Dominant contributions:

      occ. orbital   energy / eV   virt. orbital     energy / eV   |coeff.|^2*100
        9 a              -7.51          10 a               1.67       95.5
 

 Change of electron number:

             0.000000


 Electric transition dipole moment (velocity rep.):

    x        0.000001        Norm:                  0.231298
    y       -0.059533
    z        0.223505        Norm / debye:          0.587905


 Electric transition dipole moment (length rep.):

    x        0.000003        Norm:                  0.098021
    y        0.025233
    z       -0.094717        Norm / debye:          0.249146


 Magnetic transition dipole moment / i:

    x        0.000447        Norm:                  0.000806
    y       -0.000648
    z       -0.000173        Norm / Bohr mag.:      0.220993


 Electric quadrupole transition moment:

   xx       -0.000056
   yy        0.152633        1/3*trace:             0.104769
   zz        0.161730
   xy       -0.393276
   xz        1.476386        Anisotropy:            2.704164
   yz       -0.307988




                         2 singlet a excitation


 Total energy:                           -115.1738540204986    

 Excitation energy:                      0.3231529218013680    

 Excitation energy / eV:                  8.793442178630054    

 Excitation energy / nm:                  140.9962577655615    

 Excitation energy / cm^(-1):             70923.86817198122    


 Oscillator strength:

    velocity representation:             0.5568075207976424E-01

    length representation:               0.5068952549725027E-01

    mixed representation:                0.5312655552691506E-01


 Rotatory strength:

    velocity representation:             0.1462210375215501E-07

    velocity rep. / 10^(-40)erg*cm^3:    0.9446583283811140E-03

    length representation:              -0.4491772512857651E-08

    length rep. / 10^(-40)erg*cm^3:     -0.2901901385318088E-03


 Dominant contributions:

      occ. orbital   energy / eV   virt. orbital     energy / eV   |coeff.|^2*100
        9 a              -7.51          11 a               2.94       95.1
 

 Change of electron number:

             0.000000


 Electric transition dipole moment (velocity rep.):

    x       -0.000008        Norm:                  0.508387
    y       -0.130860
    z        0.491256        Norm / debye:          1.292200


 Electric transition dipole moment (length rep.):

    x       -0.000009        Norm:                  0.485066
    y       -0.124859
    z        0.468721        Norm / debye:          1.232924


 Magnetic transition dipole moment / i:

    x        0.003266        Norm:                  0.006658
    y        0.005606
    z        0.001493        Norm / Bohr mag.:      1.824744


 Electric quadrupole transition moment:

   xx        0.000161
   yy       -1.231295        1/3*trace:            -0.518488
   zz       -0.324331
   xy        1.331927
   xz       -5.000239        Anisotropy:            9.908571
   yz        2.354312




                         3 singlet a excitation


 Total energy:                           -115.1626722736164    

 Excitation energy:                      0.3343346686836503    

 Excitation energy / eV:                  9.097713122916501    

 Excitation energy / nm:                  136.2806700226244    

 Excitation energy / cm^(-1):             73377.97793955101    


 Oscillator strength:

    velocity representation:             0.5030476715087886E-02

    length representation:               0.5998820976621986E-02

    mixed representation:                0.5203850864303834E-02


 Rotatory strength:

    velocity representation:             0.7798883516595965E-08

    velocity rep. / 10^(-40)erg*cm^3:    0.5038454377634116E-03

    length representation:              -0.1543386715670309E-04

    length rep. / 10^(-40)erg*cm^3:     -0.9971021540972550    


 Dominant contributions:

      occ. orbital   energy / eV   virt. orbital     energy / eV   |coeff.|^2*100
        8 a              -9.18          10 a               1.67       98.2
 

 Change of electron number:

            -0.000000


 Electric transition dipole moment (velocity rep.):

    x        0.119338        Norm:                  0.150231
    y       -0.088182
    z       -0.023492        Norm / debye:          0.381852


 Electric transition dipole moment (length rep.):

    x        0.155375        Norm:                  0.164054
    y       -0.050880
    z       -0.013557        Norm / debye:          0.416988


 Magnetic transition dipole moment / i:

    x       -0.000179        Norm:                  0.003621
    y        0.000703
    z       -0.003547        Norm / Bohr mag.:      0.992304


 Electric quadrupole transition moment:

   xx       -2.500216
   yy       -0.099402        1/3*trace:            -1.098248
   zz       -0.695126
   xy        0.121820
   xz       -0.225348        Anisotropy:            2.258557
   yz        0.268105




                         4 singlet a excitation


 Total energy:                           -115.1352343293227    

 Excitation energy:                      0.3617726129773443    

 Excitation energy / eV:                  9.844337895182599    

 Excitation energy / nm:                  125.9447261223540    

 Excitation energy / cm^(-1):             79399.91063057668    


 Oscillator strength:

    velocity representation:             0.1521168710530498E-01

    length representation:               0.2352155988195975E-01

    mixed representation:                0.1891567099021927E-01


 Rotatory strength:

    velocity representation:             0.5835202556455395E-07

    velocity rep. / 10^(-40)erg*cm^3:    0.3769821898530815E-02

    length representation:               0.5807341954046505E-07

    length rep. / 10^(-40)erg*cm^3:      0.3751822607494876E-02


 Dominant contributions:

      occ. orbital   energy / eV   virt. orbital     energy / eV   |coeff.|^2*100
        9 a              -7.51          13 a               4.04       95.9
 

 Change of electron number:

             0.000000


 Electric transition dipole moment (velocity rep.):

    x        0.000030        Norm:                  0.251140
    y        0.064647
    z       -0.242677        Norm / debye:          0.638340


 Electric transition dipole moment (length rep.):

    x        0.000035        Norm:                  0.312292
    y        0.080394
    z       -0.301767        Norm / debye:          0.793773


 Magnetic transition dipole moment / i:

    x       -0.000707        Norm:                  0.003176
    y       -0.002992
    z       -0.000797        Norm / Bohr mag.:      0.870515


 Electric quadrupole transition moment:

   xx       -0.000597
   yy        0.824213        1/3*trace:             0.333641
   zz        0.177306
   xy       -0.894195
   xz        3.357128        Anisotropy:            6.646388
   yz       -1.570516




                         5 singlet a excitation


 Total energy:                           -115.1269757529700    

 Excitation energy:                      0.3700311893300117    

 Excitation energy / eV:                  10.06906528811522    

 Excitation energy / nm:                  123.1338167533883    

 Excitation energy / cm^(-1):             81212.45862568609    


 Oscillator strength:

    velocity representation:             0.4304660886617204E-01

    length representation:               0.5690377058605488E-01

    mixed representation:                0.4864668967484548E-01


 Rotatory strength:

    velocity representation:            -0.4135499924207870E-07

    velocity rep. / 10^(-40)erg*cm^3:   -0.2671732133515102E-02

    length representation:              -0.7997615841713498E-04

    length rep. / 10^(-40)erg*cm^3:      -5.166845031416171    


 Dominant contributions:

      occ. orbital   energy / eV   virt. orbital     energy / eV   |coeff.|^2*100
        9 a              -7.51          12 a               4.01       91.9
 

 Change of electron number:

             0.000000


 Electric transition dipole moment (velocity rep.):

    x        0.413602        Norm:                  0.417730
    y        0.056608
    z        0.015096        Norm / debye:          1.061772


 Electric transition dipole moment (length rep.):

    x        0.455008        Norm:                  0.480283
    y        0.148565
    z        0.039590        Norm / debye:          1.220766


 Magnetic transition dipole moment / i:

    x        0.000127        Norm:                  0.005277
    y        0.000473
    z       -0.005255        Norm / Bohr mag.:      1.446396


 Electric quadrupole transition moment:

   xx       -7.851433
   yy        1.297899        1/3*trace:            -2.613161
   zz       -1.285951
   xy        0.782305
   xz       -0.546853        Anisotropy:            8.372873
   yz        0.456722




                         6 singlet a excitation


 Total energy:                           -115.1111223599914    

 Excitation energy:                      0.3858845823085769    

 Excitation energy / eV:                  10.50045824509366    

 Excitation energy / nm:                  118.0750793084673    

 Excitation energy / cm^(-1):             84691.87619499867    


 Oscillator strength:

    velocity representation:             0.1256480879470692    

    length representation:               0.1539753398778961    

    mixed representation:                0.1390840172961041    


 Rotatory strength:

    velocity representation:             0.3856536462770199E-08

    velocity rep. / 10^(-40)erg*cm^3:    0.2491508301412775E-03

    length representation:              -0.1341135498713405E-04

    length rep. / 10^(-40)erg*cm^3:     -0.8664381267028407    


 Dominant contributions:

      occ. orbital   energy / eV   virt. orbital     energy / eV   |coeff.|^2*100
        8 a              -9.18          11 a               2.94       92.1
 

 Change of electron number:

             0.000000


 Electric transition dipole moment (velocity rep.):

    x       -0.178820        Norm:                  0.698868
    y       -0.652841
    z       -0.173891        Norm / debye:          1.776357


 Electric transition dipole moment (length rep.):

    x       -0.189711        Norm:                  0.773646
    y       -0.724756
    z       -0.193045        Norm / debye:          1.966428


 Magnetic transition dipole moment / i:

    x       -0.001525        Norm:                  0.009911
    y       -0.002128
    z        0.009559        Norm / Bohr mag.:      2.716251


 Electric quadrupole transition moment:

   xx        3.399623
   yy       -9.320011        1/3*trace:            -1.605725
   zz        1.103212
   xy        5.921983
   xz        1.892162        Anisotropy:           16.171071
   yz       -1.602077




                         7 singlet a excitation


 Total energy:                           -115.1011848943298    

 Excitation energy:                      0.3958220479701554    

 Excitation energy / eV:                  10.77087056013664    

 Excitation energy / nm:                  115.1106990973768    

 Excitation energy / cm^(-1):             86872.89780116755    


 Oscillator strength:

    velocity representation:             0.4495783182289574E-03

    length representation:               0.6117240072569923E-02

    mixed representation:                0.1658366188679873E-02


 Rotatory strength:

    velocity representation:            -0.9242914893977961E-08

    velocity rep. / 10^(-40)erg*cm^3:   -0.5971368197840399E-03

    length representation:              -0.2120527413002870E-07

    length rep. / 10^(-40)erg*cm^3:     -0.1369962842014707E-02


 Dominant contributions:

      occ. orbital   energy / eV   virt. orbital     energy / eV   |coeff.|^2*100
        9 a              -7.51          14 a               5.67       93.7
 

 Change of electron number:

             0.000000


 Electric transition dipole moment (velocity rep.):

    x        0.000010        Norm:                  0.041276
    y       -0.010623
    z        0.039886        Norm / debye:          0.104914


 Electric transition dipole moment (length rep.):

    x        0.000010        Norm:                  0.152256
    y       -0.039188
    z        0.147126        Norm / debye:          0.386998


 Magnetic transition dipole moment / i:

    x       -0.000769        Norm:                  0.002807
    y        0.002608
    z        0.000695        Norm / Bohr mag.:      0.769260


 Electric quadrupole transition moment:

   xx       -0.000186
   yy       -0.349153        1/3*trace:            -0.162827
   zz       -0.139142
   xy        0.320347
   xz       -1.202528        Anisotropy:            2.470078
   yz        0.673944




                         8 singlet a excitation


 Total energy:                           -115.0714041657368    

 Excitation energy:                      0.4256027765631685    

 Excitation energy / eV:                  11.58124576411237    

 Excitation energy / nm:                  107.0560512502611    

 Excitation energy / cm^(-1):             93409.01221109604    


 Oscillator strength:

    velocity representation:             0.4150051048074557E-01

    length representation:               0.7289272528446634E-01

    mixed representation:                0.5500077553463556E-01


 Rotatory strength:

    velocity representation:            -0.1048471049983206E-06

    velocity rep. / 10^(-40)erg*cm^3:   -0.6773627969143321E-02

    length representation:              -0.1122833322867269E-06

    length rep. / 10^(-40)erg*cm^3:     -0.7254044067865954E-02


 Dominant contributions:

      occ. orbital   energy / eV   virt. orbital     energy / eV   |coeff.|^2*100
        8 a              -9.18          12 a               4.01       95.0
 

 Change of electron number:

            -0.000000


 Electric transition dipole moment (velocity rep.):

    x       -0.000029        Norm:                  0.382446
    y       -0.098427
    z        0.369563        Norm / debye:          0.972088


 Electric transition dipole moment (length rep.):

    x       -0.000034        Norm:                  0.506857
    y       -0.130444
    z        0.489784        Norm / debye:          1.288312


 Magnetic transition dipole moment / i:

    x        0.005176        Norm:                  0.007569
    y        0.005337
    z        0.001421        Norm / Bohr mag.:      2.074463


 Electric quadrupole transition moment:

   xx        0.000581
   yy       -1.314093        1/3*trace:            -0.541505
   zz       -0.311003
   xy        1.379282
   xz       -5.179646        Anisotropy:           10.319413
   yz        2.508718




                         9 singlet a excitation


 Total energy:                           -115.0690662846397    

 Excitation energy:                      0.4279406576603180    

 Excitation energy / eV:                  11.64486277284526    

 Excitation energy / nm:                  106.4711937143545    

 Excitation energy / cm^(-1):             93922.11780151342    


 Oscillator strength:

    velocity representation:             0.2052471563833943E-01

    length representation:               0.2483816897630936E-01

    mixed representation:                0.2256800342171658E-01


 Rotatory strength:

    velocity representation:             0.2032886068759726E-07

    velocity rep. / 10^(-40)erg*cm^3:    0.1313342312470454E-02

    length representation:               0.6115485094527789E-05

    length rep. / 10^(-40)erg*cm^3:      0.3950897917671263    


 Dominant contributions:

      occ. orbital   energy / eV   virt. orbital     energy / eV   |coeff.|^2*100
        7 a             -11.83          10 a               1.67       92.9
 

 Change of electron number:

            -0.000000


 Electric transition dipole moment (velocity rep.):

    x        0.208824        Norm:                  0.268221
    y        0.162663
    z        0.043310        Norm / debye:          0.681754


 Electric transition dipole moment (length rep.):

    x        0.235304        Norm:                  0.295062
    y        0.172034
    z        0.045804        Norm / debye:          0.749979


 Magnetic transition dipole moment / i:

    x        0.000421        Norm:                  0.006265
    y        0.001098
    z       -0.006154        Norm / Bohr mag.:      1.717062


 Electric quadrupole transition moment:

   xx       -3.489375
   yy        2.708461        1/3*trace:            -0.236662
   zz        0.070927
   xy       -0.284485
   xz       -0.466043        Anisotropy:            5.519439
   yz        0.427032




                        10 singlet a excitation


 Total energy:                           -115.0612631178590    

 Excitation energy:                      0.4357438244410338    

 Excitation energy / eV:                  11.85719783549590    

 Excitation energy / nm:                  104.5645402283051    

 Excitation energy / cm^(-1):             95634.71494900153    


 Oscillator strength:

    velocity representation:             0.1057044859246769    

    length representation:               0.1479274103023886    

    mixed representation:                0.1242418683205084    


 Rotatory strength:

    velocity representation:             0.9210524523034234E-07

    velocity rep. / 10^(-40)erg*cm^3:    0.5950442458158901E-02

    length representation:               0.1243587707507882E-03

    length rep. / 10^(-40)erg*cm^3:       8.034175552861603    


 Dominant contributions:

      occ. orbital   energy / eV   virt. orbital     energy / eV   |coeff.|^2*100
        8 a              -9.18          13 a               4.04       93.1
 

 Change of electron number:

             0.000000


 Electric transition dipole moment (velocity rep.):

    x       -0.587683        Norm:                  0.603221
    y        0.131454
    z        0.034994        Norm / debye:          1.533247


 Electric transition dipole moment (length rep.):

    x       -0.672520        Norm:                  0.713599
    y        0.230588
    z        0.061396        Norm / debye:          1.813802


 Magnetic transition dipole moment / i:

    x        0.000347        Norm:                  0.002120
    y        0.001072
    z        0.001796        Norm / Bohr mag.:      0.581001


 Electric quadrupole transition moment:

   xx       11.337653
   yy        4.224412        1/3*trace:             5.533204
   zz        1.037547
   xy       -6.439536
   xz       -0.599050        Anisotropy:           14.476619
   yz        0.472515

 SUMMARY OF EXCITATION ENERGIES AND DIPOLE OSCILLATOR STRENGTHS (velocity/length):

 -----------------------------------------------------------------------------------------------
 |    Exc.   | energy (Eh) | energy (eV) | energy (cm-1) | energy (nm) | Osc.(vel) | Osc.(len) |
 -----------------------------------------------------------------------------------------------
 |     1 a   |    0.260811 |     7.09702 |     57241.291 |     174.699 |   0.00930 |   0.00167 |
 |     2 a   |    0.323153 |     8.79344 |     70923.868 |     140.996 |   0.05568 |   0.05069 |
 |     3 a   |    0.334335 |     9.09771 |     73377.978 |     136.281 |   0.00503 |   0.00600 |
 |     4 a   |    0.361773 |     9.84433 |     79399.911 |     125.945 |   0.01521 |   0.02352 |
 |     5 a   |    0.370031 |    10.06906 |     81212.459 |     123.134 |   0.04305 |   0.05690 |
 |     6 a   |    0.385885 |    10.50045 |     84691.876 |     118.075 |   0.12565 |   0.15398 |
 |     7 a   |    0.395822 |    10.77087 |     86872.898 |     115.111 |   0.00045 |   0.00612 |
 |     8 a   |    0.425603 |    11.58124 |     93409.012 |     107.056 |   0.04150 |   0.07289 |
 |     9 a   |    0.427941 |    11.64486 |     93922.118 |     106.471 |   0.02052 |   0.02484 |
 |    10 a   |    0.435744 |    11.85719 |     95634.715 |     104.565 |   0.10570 |   0.14793 |
 -----------------------------------------------------------------------------------------------



    escf profiling
  --------------------------------------------------------------------
             module   cpu total (s)       %  wall total (s)       %

         input total             0.0    6.40             0.1    6.00
       init symmetry             0.0    0.85             0.0    0.55
               moinp             0.0    0.56             0.0    0.21
            RI total             0.0    0.81             0.0    0.30
          RI prelims             0.0    0.19             0.0    0.07
       escf_cc_setup             0.0    9.58             0.2   13.89
           grid init             0.0    2.27             0.0    0.84
            becke...             0.0    1.28             0.0    0.48
         dft prelims             0.0    3.39             0.0    1.26
           dft total             0.0    3.39             0.0    1.26
             funct_2             0.0    1.93             0.0    0.72
              onde_2             0.0    0.78             0.0    0.29
                 gga             0.0    0.46             0.0    0.17
              tracao             0.0    0.10             0.0    0.14
           diag_prep             0.0    0.01             0.0    0.00
              respon             0.3   67.02             0.7   66.00
            startvec             0.0    0.04             0.0    0.02
           mvproduct             0.0    5.96             0.1    7.66
            tramocao             0.0    0.45             0.0    0.17
     tramocao_mvprod             0.0    0.34             0.0    0.13
              colrsp             0.0    0.61             0.0    0.23
              gammaP             0.0    0.24             0.0    0.09
              cotlet             0.0    0.04             0.0    0.02
              gammaQ             0.0    0.23             0.0    0.09
            tracaomo             0.0    0.49             0.0    0.69
              mv_rik             0.0    4.38             0.1    6.56
                ritz             0.0    1.69             0.0    0.63
            expandl3             0.0    0.24             0.0    0.69
           startover             0.0    0.54             0.0    0.20
                rest             0.0    0.38             0.0    1.66
             writeep             0.0    2.22             0.0    2.37
              proper             0.0    2.12             0.0    1.45
 


    ------------------------------------------------------------------------
         total  cpu-time :   0.42 seconds
         total wall-time :   1.16 seconds
    ------------------------------------------------------------------------

   ****  escf : all done  ****


    2023-07-09 02:21:58.526 

