
 ridft (compt309) : TURBOMOLE rev. V7-6-2381-g96b3af1 compiled 16 Jan 2023 at 13:48:01
 Copyright (C) 2023 TURBOMOLE GmbH, Karlsruhe


    2023-07-09 02:21:50.870 



                                  r i d f t

                        DFT program with RI approximation 
                                for coulomb part 




                                                 
                                 References:     
                                                 
          TURBOMOLE:                             
              R. Ahlrichs, M. Baer, M. Haeser, H. Horn, and
              C. Koelmel
              Electronic structure calculations on workstation
              computers: the program system TURBOMOLE
              Chem. Phys. Lett. 162: 165 (1989)
          Density Functional:                              
              O. Treutler and R. Ahlrichs                      
              Efficient Molecular Numerical Integration Schemes
              J. Chem. Phys. 102: 346 (1995)                   
          Parallel Version:                                
              Performance of parallel TURBOMOLE for Density    
              Functional Calculations                          
              M. v. Arnim and R. Ahlrichs                      
              J. Comp. Chem. 19: 1746 (1998)                   
          RI-J Method:                                     
              Auxiliary Basis Sets to approximate Coulomb      
              Potentials                                       
              Chem. Phys. Lett. 240: 283 (1995)                
              K. Eichkorn, O. Treutler, H. Oehm, M. Haeser     
              and R. Ahlrichs                                  
              Chem. Phys. Lett. 242: 652 (1995)                
                                                           
              Auxiliary Basis Sets for Main Row Atoms and their
              Use to approximate Coulomb Potentials            
              K. Eichkorn, F. Weigend, O. Treutler and         
              R. Ahlrichs                                      
              Theo. Chem. Acc. 97: 119 (1997)                   
                                                           
              Accurate Coulomb-fitting basis sets for H to Rn 
              F. Weigend                                        
              Phys. Chem. Chem. Phys. 8: 1057 (2006)            
                                                           
          Multipole accelerated RI-J (MARI-J):             
              Fast evaluation of the Coulomb potential for     
              electron densities using multipole accelerated   
              resolution of identity approximation             
              M. Sierka, A. Hogekamp and R. Ahlrichs           
              J. Chem. Phys. 118: 9136 (2003)                  
          RI-JK Method:                                     
              A fully direct RI-HF algorithm: Implementation,
              optimised auxiliary basis sets, demonstration of
              accuracy and efficiency                         
              F. Weigend                                      
              Phys. Chem. Chem. Phys. 4: 4285 (2002)           
          Two-component HF and DFT with spin-orbit coupling:  
              Self-consistent treatment of spin-orbit         
              interactions with efficient Hartree-Fock and    
              density functional methods                      
              M. K. Armbruster, F. Weigend, C. van WÃ¼llen and 
              W. Klopper                                      
              Phys. Chem. Chem. Phys. 10: 1748 (2008)         
          Two-component difference density and DIIS algorithm 
              Efficient two-component self-consistent field   
              procedures and gradients: implementation in     
              TURBOMOLE and application to Au20-              
              A. Baldes, F. Weigend                           
              Mol. Phys. 111: 2617 (2013)                     
          Relativistic current density functional theory      
              Current density functional framework for        
              spin-orbit coupling                             
              C. Holzer, Y. J. Franzke, A. Pausch             
              J. Chem. Phys. 157: 204102 (2022)               
          Relativistic all-electron 2c calculations           
              An efficient implementation of two-component    
              relativistic exact-decoupling methods for large 
              molecules                                       
              D. Peng, N. Middendorf, F. Weigend, M. Reiher   
              J. Chem. Phys. 138: 184105 (2013)               
          Finite nucleus model and SNSO approximation         
              Efficient implementation of one- and two-       
              component analytical energy gradients in exact  
              two-component theory                            
              Y. J. Franzke, N. Middendorf, F. Weigend        
              J. Chem. Phys. 148: 104110 (2018)               
          Grids for all-electron relativistic methods         
              Error-consistent segmented contracted all-      
              electron relativistic basis sets of double-     
              and triple-zeta quality for NMR shielding       
              constants                                       
              Y. J. Franzke, R. Tress, T. M. Pazdera,         
              F. Weigend                                      
              Phys. Chem. Chem. Phys. 21: 166658 (2019)       
          Seminumerical exchange algorithms                   
              Seminumerical calculation of the Hartree-Fock   
              exchange matirx: Application to two-component   
              procedures and efficient evaluation of local    
              hybrid functionsl                               
              P. Plessow, F. Weigend,                         
              J. Comput. Chem. 33: 810 (2012)                 
          Improved seminumerical algorithms                   
              C. Holzer,                                      
              J. Chem. Phys. 153 (2020), 184115               
                                         




              +--------------------------------------------------+
              |      general information about current run       |
              +--------------------------------------------------+

 

 DENSITY CONVERGENCE CHECK SWITCHED ON !
 SCF CONVERGENCE IF RMS(delta[D]) <     0.1000000000E-06

 PBE0 hybrid functional
 exchange:    3/4 (LDA+PBE) + 1/4 HF
 correlation: LDA (PW) + PBE
 A Hybrid-DFT calculation using the RI-J approximation will be carried out.
 Allocatable memory for RI due to $ricore (MB):                   500


              +--------------------------------------------------+
              | Atomic coordinate, charge and isotop information |
              +--------------------------------------------------+

                    atomic coordinates            atom    charge  isotop
         -9.24314180    6.23174984    0.00054802    c      6.000     0
         -9.98177905    5.77299993   -1.91166584    h      1.000     0
         -6.60094563    6.20640861   -0.00619830    o      8.000     0
         -9.98177905    4.88256098    1.43120298    h      1.000     0
         -9.90212710    8.15492412    0.51283388    h      1.000     0
         -6.10304059    4.45939461   -0.47154336    h      1.000     0
 
       center of nuclear mass  :   -7.89226438    6.16696788   -0.01670470
       center of nuclear charge:   -8.01306343    6.12842487   -0.02697059

              +--------------------------------------------------+
              |               basis set information              |
              +--------------------------------------------------+

              we will work with the 1s 3p 5d 7f 9g ... basis set
              ...i.e. with spherical basis functions...

   type   atoms  prim   cont   basis
   ---------------------------------------------------------------------------
    c        1     24     14   def2-SVP   [3s2p1d|7s4p1d]
    h        4      7      5   def2-SVP   [2s1p|4s1p]
    o        1     24     14   def2-SVP   [3s2p1d|7s4p1d]
   ---------------------------------------------------------------------------
   total:    6     76     48
   ---------------------------------------------------------------------------

   total number of primitive shells          :   29
   total number of contracted shells         :   24
   total number of cartesian basis functions :   50
   total number of SCF-basis functions       :   48


 integral neglect threshold       :  0.67E-11
 integral storage threshold THIZE :  0.10E-04
 integral storage threshold THIME :         5

 RI-J AUXILIARY BASIS SET information:

              we will work with the 1s 3p 5d 7f 9g ... basis set
              ...i.e. with spherical basis functions...

   type   atoms  prim   cont   basis
   ---------------------------------------------------------------------------
    c        1     70     49   def2-SVP   [6s4p3d1f1g|12s5p4d2f1g]
    h        4     16     11   def2-SVP   [3s1p1d|5s2p1d]
    o        1     70     49   def2-SVP   [6s4p3d1f1g|12s5p4d2f1g]
   ---------------------------------------------------------------------------
   total:    6    204    142
   ---------------------------------------------------------------------------

   total number of primitive shells          :   56
   total number of contracted shells         :   50
   total number of cartesian basis functions :  170
   total number of SCF-basis functions       :  142


 symmetry group of the molecule :   c1 

 the group has the following generators :
   c1(z)

    1 symmetry operations found

 there are 1 real representations :   a   

 maximum number of shells which are related by symmetry :  1

  
           ------------------
           density functional
           ------------------
 PBE0 hybrid functional
 exchange:    3/4 (LDA+PBE) + 1/4 HF
 correlation: LDA (PW) + PBE
 spherical integration : Lebedev's spherical grid
 spherical gridsize    :                     4
    i.e. gridpoints    :                   434
  maximum batchsize    :                   100
 value for diffuse not defined
 radial integration    : Chebyshev 2nd kind (scaling 3)
 radial gridsize       :                     6
 integration cells     :                     6
 partition function    : becke
 partition sharpness   :                     3
  

 biggest AO integral is expected to be     4.776656448

          ------------------------
          nuclear repulsion energy  :   40.3453758809    
          ------------------------


         -----------------
         -S,T+V- integrals
         -----------------

 1e-integrals will be neglected if expon. factor < 0.668392E-12
 
 Difference densities algorithm switched on.
 The maximal number of linear combinations of
 difference densities is  20.

 DIIS switched on: error vector is FDS-SDF
 Max. Iterations for DIIS is     :   4
 DIIS matrix (see manual) 
    Scaling factor of diagonals  :  1.200
    threshold for scaling factor :  0.000

 scf convergence criterion : increment of total energy < .1000000D-07
                  and increment of one-electron energy < .1000000D-04

 MOs are in ASCII format !


    mo occupation :
   irrep   mo's   occupied
    a       48        9
 
 number of basis functions   :    48
 number of occupied orbitals :     9
 

 reading orbital data $scfmo  from file mos
 orbital characterization : expanded
 virtual MOs provided and orthogonalized by Cholesky decomposition

 automatic virtual orbital shift switched on 
      shift if e(lumo)-e(homo) < 0.10000000    

  
           ------------------------
               RI-J - INFORMATION
           ------------------------
 Contributions to RI integral batches: 
  neglected integral batches:                     0
  direct contribution:                            0
  memory contribution:                   300
 Memory core needed for (P|Q) and Cholesky      1 MByte
 Memory core minimum needed except of (P|Q)     1 MByte
 Total minimum memory core needed (sum)         1 MByte
  
 ****************************************
 Memory allocated for RI-J     2 MByte
 ****************************************
                                            

 DSCF restart information will be dumped onto file mos


 Starting SCF iterations

          Overall gridpoints after grid construction =         55768

 ITERATION  ENERGY          1e-ENERGY        2e-ENERGY     RMS[dD(SAO)]   TOL
   1  -115.09240448501    -236.16861298     80.730832618    0.000D+00 0.667D-11
                            Exc = -11.5645550126     Coul =  95.9677715325    
                            exK = -3.67238390227    
                              N = 18.000002199    
                            current damping = 0.300
 
          max. resid. norm for Fia-block=  2.862D-01 for orbital      7a         
          max. resid. fock norm         =  1.304D+00 for orbital     25a         

 ITERATION  ENERGY          1e-ENERGY        2e-ENERGY     RMS[dD(SAO)]   TOL
   2  -115.45457783981    -236.25736374     80.457410015    0.218D-01 0.434D-11
                            Exc = -11.5412914227      Eck =  91.9987014378    
                              N = 18.000001209    
                            current damping = 0.250
 
          Norm of current diis error: 0.50791    
          max. resid. norm for Fia-block=  8.600D-02 for orbital      3a         
          max. resid. fock norm         =  1.548D-01 for orbital     24a         

 ITERATION  ENERGY          1e-ENERGY        2e-ENERGY     RMS[dD(SAO)]   TOL
   3  -115.49137837177    -237.29081119     81.454056935    0.834D-02 0.368D-11
                            Exc = -11.6746970877      Eck =  93.1287540225    
                              N = 18.000001046    
                            current damping = 0.200
 
          Norm of current diis error: 0.18866    
          max. resid. norm for Fia-block=  3.068D-02 for orbital      8a         
          max. resid. fock norm         =  3.141D-02 for orbital     18a         

 ITERATION  ENERGY          1e-ENERGY        2e-ENERGY     RMS[dD(SAO)]   TOL
   4  -115.49632594867    -236.75728724     80.915585414    0.364D-02 0.329D-11
                            Exc = -11.6332982836      Eck =  92.5488836978    
                              N = 18.000000971    
                            current damping = 0.250
 
          Norm of current diis error: 0.73010E-01
          max. resid. norm for Fia-block=  8.125D-03 for orbital      5a         
          max. resid. fock norm         =  1.029D-02 for orbital      5a         

 ITERATION  ENERGY          1e-ENERGY        2e-ENERGY     RMS[dD(SAO)]   TOL
   5  -115.49696813014    -237.00210132     81.159757310    0.101D-02 0.312D-11
                            Exc = -11.6543808133      Eck =  92.8141381238    
                              N = 18.000000960    
                            current damping = 0.300
 
          Norm of current diis error: 0.16786E-01
          max. resid. norm for Fia-block=  1.817D-03 for orbital      8a         
          max. resid. fock norm         =  2.882D-03 for orbital     20a         
          mo-orthogonalization: Cholesky decomposition

 ITERATION  ENERGY          1e-ENERGY        2e-ENERGY     RMS[dD(SAO)]   TOL
   6  -115.49700474726    -236.97512901     81.132748381    0.261D-03 0.298D-11
                            Exc = -11.6529892632      Eck =  92.7857376445    
                              N = 18.000000960    
                            current damping = 0.350
 
          Norm of current diis error: 0.31680E-02
          max. resid. norm for Fia-block=  4.426D-04 for orbital      5a         
          max. resid. fock norm         =  4.909D-04 for orbital      5a         

 ITERATION  ENERGY          1e-ENERGY        2e-ENERGY     RMS[dD(SAO)]   TOL
   7  -115.49700673968    -236.98122148     81.138838857    0.684D-04 0.284D-11
                            Exc = -11.6536111089      Eck =  92.7924499658    
                              N = 18.000000959    
                            current damping = 0.400
 
          Norm of current diis error: 0.83158E-03
          max. resid. norm for Fia-block=  1.608D-04 for orbital      8a         
          max. resid. fock norm         =  1.657D-04 for orbital      8a         

 ITERATION  ENERGY          1e-ENERGY        2e-ENERGY     RMS[dD(SAO)]   TOL
   8  -115.49700691208    -236.98189975     81.139516957    0.227D-04 0.271D-11
                            Exc = -11.6536895973      Eck =  92.7932065541    
                              N = 18.000000958    
                            current damping = 0.250
 
          Norm of current diis error: 0.36523E-03
          max. resid. norm for Fia-block=  6.191D-05 for orbital      5a         
          max. resid. fock norm         =  7.045D-05 for orbital      5a         

 ITERATION  ENERGY          1e-ENERGY        2e-ENERGY     RMS[dD(SAO)]   TOL
   9  -115.49700694098    -236.98259628     81.140213462    0.948D-05 0.260D-11
                            Exc = -11.6537633139      Eck =  92.7939767762    
                              N = 18.000000958    
                            current damping = 0.100
 
          Norm of current diis error: 0.65721E-04
          max. resid. norm for Fia-block=  1.745D-05 for orbital      8a         
          max. resid. fock norm         =  1.891D-05 for orbital      8a         

 ITERATION  ENERGY          1e-ENERGY        2e-ENERGY     RMS[dD(SAO)]   TOL
  10  -115.49700694212    -236.98241955     81.140036724    0.255D-05 0.254D-11
                            Exc = -11.6537494977      Eck =  92.7937862218    
                              N = 18.000000958    
                            current damping = 0.150
 
          Norm of current diis error: 0.43816E-04
          max. resid. norm for Fia-block=  4.729D-06 for orbital      5a         
          max. resid. fock norm         =  5.812D-06 for orbital      5a         
          mo-orthogonalization: Cholesky decomposition

 ITERATION  ENERGY          1e-ENERGY        2e-ENERGY     RMS[dD(SAO)]   TOL
  11  -115.49700694235    -236.98251418     81.140131358    0.567D-06 0.250D-11
                            Exc = -11.6537583819      Eck =  92.7938897399    
                              N = 18.000000958    
                            current damping = 0.200
 
          Norm of current diis error: 0.20437E-05
          max. resid. norm for Fia-block=  4.739D-07 for orbital      8a         
          max. resid. fock norm         =  4.968D-07 for orbital      8a         

 ENERGY & DENSITY CONVERGED !


 ITERATION  ENERGY          1e-ENERGY        2e-ENERGY     RMS[dD(SAO)]   TOL
  12  -115.49700694235    -236.98251647     81.140133642    0.729D-07 0.245D-11
                            Exc = -11.6537585967      Eck =  92.7938922388    
                              N = 18.000000958    
                            current damping = 0.100
 
          Norm of current diis error: 0.40863E-06
          max. resid. norm for Fia-block=  1.000D-07 for orbital      8a         
          max. resid. fock norm         =  1.025D-07 for orbital      8a         

 End of SCF iterations

   convergence criteria satisfied after    12 iterations


                  ------------------------------------------ 
                 |  total energy      =   -115.49700694235  |
                  ------------------------------------------ 
                 :  kinetic energy    =    114.48743824069  :
                 :  potential energy  =   -229.98444518304  :
                 :  virial theorem    =      1.99125891892  :
                 :  wavefunction norm =      1.00000000000  :
                  .......................................... 


 <geterg> : there is no data group $energy 


 <skperg> : $end is missing 


 orbitals $scfmo  will be written to file mos

    irrep                  5a          6a          7a          8a          9a   
 eigenvalues H         -0.51312    -0.45195    -0.43476    -0.33721    -0.27583
            eV         -13.9629    -12.2983    -11.8305     -9.1759     -7.5059
 occupation              2.0000      2.0000      2.0000      2.0000      2.0000

    irrep                 10a         11a         12a         13a         14a   
 eigenvalues H          0.06151     0.10799     0.14736     0.14829     0.20840
            eV           1.6739      2.9387      4.0099      4.0352      5.6710
 
 
 
 
 ==============================================================================
                           electrostatic moments
 ==============================================================================

 reference point for electrostatic moments:    0.00000   0.00000   0.00000

 
              nuc           elec       ->  total
 ------------------------------------------------------------------------------
                          charge      
 ------------------------------------------------------------------------------
          18.000000     -18.000000      -0.000000
 
 ------------------------------------------------------------------------------
                       dipole moment  
 ------------------------------------------------------------------------------
   x    -144.235142     143.886882      -0.348260
   y     110.311648    -110.858600      -0.546952
   z      -0.485471       0.339778      -0.145692
 
   | dipole moment | =     0.6646 a.u. =     1.6892 debye 
 
 ------------------------------------------------------------------------------
                     quadrupole moment
 ------------------------------------------------------------------------------
  xx    1195.764940   -1200.106574      -4.341634
  yy     684.720217    -700.042245     -15.322028
  zz       6.188469     -16.082209      -9.893740
  xy    -887.679428     888.411123       0.731695
  xz       2.892501      -2.119679       0.772822
  yz      -2.256050       1.745933      -0.510117
 
     1/3  trace=      -9.852467
     anisotropy=       9.726725
 
 ==============================================================================
 
HOMO-LUMO Separation
 HOMO         :   -0.27583427 H =     -7.50584 eV
 LUMO         :    0.06151465 H =     +1.67390 eV
 HOMO-LUMO gap:    0.33734892 H =     +9.17974 eV
 
 ==============================================================================


    ------------------------------------------------------------------------
         total  cpu-time :   1.82 seconds
         total wall-time :   2.34 seconds
    ------------------------------------------------------------------------

   ****  ridft : all done  ****


    2023-07-09 02:21:53.188 

