
 escf (compt307) : TURBOMOLE rev. V7-6-2381-g96b3af1 compiled 16 Jan 2023 at 13:48:01
 Copyright (C) 2023 TURBOMOLE GmbH, Karlsruhe


    2023-07-09 02:21:53.667 




                                e s c f

                             TURBOMOLE GmbH

          integral direct evaluation of 

                    * excitation energies and transition moments 
                    * polarizabilities
                    * dynamic response properties 
                    * stabilities
                    * quasiparticle states with GW
                    * NMR coupling-constants



          references (see also programs dscf and ridft) 
          implementation and benchmarks (review) 
          F. Furche and D. Rappoport,  
          "Density functional methods for excited states: 
          equilibrium structure and electronic spectra",
          ch. III of "Computational Photochemistry", ed. by 
          M. Olivucci, vol. 16 of "Theoretical and Computational 
          Chemistry", Elsevier, Amsterdam, 2005.



              +--------------------------------------------------+
              | Atomic coordinate, charge and isotop information |
              +--------------------------------------------------+

                    atomic coordinates            atom    charge  isotop
         -9.24314180    6.23174984    0.00054802    c      6.000     0
         -9.98177905    5.77299993   -1.91166584    h      1.000     0
         -6.60094563    6.20640861   -0.00619830    o      8.000     0
         -9.98177905    4.88256098    1.43120298    h      1.000     0
         -9.90212710    8.15492412    0.51283388    h      1.000     0
         -6.10304059    4.45939461   -0.47154336    h      1.000     0
 
       center of nuclear mass  :   -7.89226438    6.16696788   -0.01670470
       center of nuclear charge:   -8.01306343    6.12842487   -0.02697059

              +--------------------------------------------------+
              |               basis set information              |
              +--------------------------------------------------+

              we will work with the 1s 3p 5d 7f 9g ... basis set
              ...i.e. with spherical basis functions...

   type   atoms  prim   cont   basis
   ---------------------------------------------------------------------------
    c        1     24     14   def2-SVP   [3s2p1d|7s4p1d]
    h        4      7      5   def2-SVP   [2s1p|4s1p]
    o        1     24     14   def2-SVP   [3s2p1d|7s4p1d]
   ---------------------------------------------------------------------------
   total:    6     76     48
   ---------------------------------------------------------------------------

   total number of primitive shells          :   29
   total number of contracted shells         :   24
   total number of cartesian basis functions :   50
   total number of SCF-basis functions       :   48


 residuum convergence criterium   :  0.10E-04


 integral neglect threshold       :  0.33E-10
 integral storage threshold THIZE :  0.10E-04
 integral storage threshold THIME :         5

 
             FOUND RI-J FLAG !
 
  
 AUXILIARY BASIS SET information:

              we will work with the 1s 3p 5d 7f 9g ... basis set
              ...i.e. with spherical basis functions...

   type   atoms  prim   cont   basis
   ---------------------------------------------------------------------------
    c        1     70     49   def2-SVP   [6s4p3d1f1g|12s5p4d2f1g]
    h        4     16     11   def2-SVP   [3s1p1d|5s2p1d]
    o        1     70     49   def2-SVP   [6s4p3d1f1g|12s5p4d2f1g]
   ---------------------------------------------------------------------------
   total:    6    204    142
   ---------------------------------------------------------------------------

   total number of primitive shells          :   56
   total number of contracted shells         :   50
   total number of cartesian basis functions :  170
   total number of SCF-basis functions       :  142

 CI SINGLES UHF-CALCULATION (spin-conserved)
 (TAMM-DANCOFF-APPROXIMATION)
 
             FOUND DFT-FLAG !
 

 maximum number of Davidson iterations set to   35


 symmetry group of the molecule :   c1 

 the group has the following generators :
   c1(z)

    1 symmetry operations found

 there are 1 real representations :   a   

 maximum number of shells which are related by symmetry :  1

 IRREPs of excited states :   a   
  
           ------------------
           density functional
           ------------------
 PBE0 hybrid functional
 exchange:    3/4 (LDA+PBE) + 1/4 HF
 correlation: LDA (PW) + PBE
 spherical integration : Lebedev's spherical grid
 spherical gridsize    :                     4
    i.e. gridpoints    :                   434
  maximum batchsize    :                   100
 value for diffuse not defined
 radial integration    : Chebyshev 2nd kind (scaling 3)
 radial gridsize       :                     6
 integration cells     :                     6
 partition function    : becke
 partition sharpness   :                     3
  

 ----------------------------------------------------------------------
          some useful papers before it begins
 ----------------------------------------------------------------------

     nonorthonormal Krylov space methods 
     F. Furche, B. T. Krull, B. D. Nguyen, and J. Kwon, 
     J. Chem. Phys. 144, 174105 (2016).

     RI-J method 
     R. Bauernschmitt, M. Haeser, O. Treutler, and R. Ahlrichs,
     Chem. Phys. Lett. 264, 573 (1997).

     density functional implementation               
     R. Bauernschmitt and R. Ahlrichs,
     Chem. Phys. Lett. 256, 454 (1996).
     R. Bauernschmitt and R. Ahlrichs,
     J. Chem. Phys. 104, 9047 (1996).

     UHF extension (RPA and CIS)
     C. Ochsenfeld, J. Gauss, and R. Ahlrichs, 
     J. Chem. Phys. 103, 7401 (1995).

     integral direct algorithm                 
     H. Weiss, R. Ahlrichs, and M. Haeser, 
     J. Chem. Phys. 99, 1262 (1993).

 ----------------------------------------------------------------------

  MOs are in ASCII format !


    mo occupation :
   irrep   mo's   occupied
    a       48        9
 
 number of basis functions   :    48
 number of occupied orbitals :     9
 
 ALPHA-Occupation:9
 BETA-Occupation :8

 reading orbital data $uhfmo_alpha  from file alpha
 orbital characterization : scfconv=7

 reading orbital data $uhfmo_beta  from file beta
 orbital characterization : scfconv=7
  
           ----------------------
               RI - INFORMATION
           ----------------------

 biggest AO integral is expected to be     4.776656448

 Threshold for integral neglect (rithr2):   0.33E-10
 Threshold for integral neglect (rithr1):   0.33E-10

 Contributions to RI integral batches: 
  neglected integral batches:                     0
  direct contribution:                            0
  memory contribution:                   300
 Core memory available (ricore)            500 MiB
 Core memory needed for (P|Q) and Cholesky 1 MiB
 Core memory used for integrals            2 MiB
  
 ****************************************
 Memory allocated for RIDFT 2 MiB
 ****************************************
                                            
 preparing DFT   numerical integration ....
          Overall gridpoints after grid construction =         55768

 Calculating ground state density on molecular grid

 Integral of ground state total density: Na =   17.00000099449229    

 Integral of ground state spin density:  Nb =  0.9999999265192989    


 all orbitals will be included in the transformation

 number of non-frozen orbitals          :    48
 number of non-frozen occupied orbitals :     9
 all orbitals will be included in the transformation

 number of non-frozen orbitals          :    48
 number of non-frozen occupied orbitals :     8

 dimension of super-tensorspace: 1

          IRREP   tensor space dimension   number of roots

           a                 671                     10

 machine precision: 2.22D-16


 logfile ucis_a    will be constructed




                       Nonorthonormal Krylov Space Iteration


 total number of roots to be determined: 10


 maximum core memory set to          500 MB,
 corresponding to    12435 vectors in CAO basis


 maximum number of simultaneously treated vectors (including degeneracy):       18


 Iteration IRREP Converged      Max. Euclidean
                 roots          residual norm

    1       a        0        2.191788048407128D-01
 
    2       a        0        3.071715822597245D-02
 
    3       a        0        9.556693817274600D-03
 
    4       a        0        9.786393438893993D-03
 
    5       a        3        6.256832680877873D-03
 
    6       a        5        1.493243476794735D-03
 
    7       a        8        2.102841658236387D-04
 
    8       a        9        3.251724478120575D-05
 
    9       a       10        7.301433029533153D-06
 

 converged!

 Eigenpairs written on logfile ucis_a   



 IRREP   Vector     Eigenvalue           Euclidean residual norm

  a         1    6.343598685876674D-02    1.693315045285561D-06
            2    1.561905438871480D-01    3.151662973828409D-06
            3    1.968100319980710D-01    7.070826099631015D-06
            4    2.464858644698958D-01    7.301433029533153D-06
            5    3.716294171119663D-01    1.332688907278974D-06
            6    3.915776540276938D-01    3.831292468842874D-06
            7    3.954208931793961D-01    1.532006974645071D-06
            8    4.118692746503442D-01    1.083904191626888D-06
            9    4.480774205064125D-01    1.454775643111343D-06
           10    4.521089115576383D-01    4.048762451447452D-06






                    Selection rules for point group c1  


 Subduction with respect to c1  :

    Polar vector representation: a                           

    Axial vector representation: a                           

    Symmetric second rank tensor representation: a                           




                            Ground state


 Total energy:                           -115.1082751682000    

 Charge:

               elec          nuc         total

           -17.000000    18.000000     1.000000


 Electric dipole moment:

               elec          nuc         total   

    x      135.920723  -144.235142    -8.314419    Norm:              9.909667
    y     -104.924479   110.311648     5.387169
    z        0.261060    -0.485471    -0.224410    Norm / debye:     25.188052


 Electric quadrupole moment:

               elec          nuc         total   

   xx    -1131.901782  1195.764940    63.863158
   yy     -662.633094   684.720217    22.087123    1/3*trace:        26.298332
   zz      -13.243754     6.188469    -7.055285
   xy      841.016592  -887.679428   -46.662836
   xz       -1.525228     2.892501     1.367273    Anisotropy:      101.753998
   yz        1.096191    -2.256050    -1.159859



 ==============================================================================

                              I R R E P   a   

 ==============================================================================


 Excitation is electric dipole allowed

 Excitation is magnetic dipole allowed

 Excitation is electric quadrupole allowed




                             1 a excitation


 Total energy:                           -115.0448391813412    

 Excitation energy:                      0.6343598685876674E-01

 Excitation energy / eV:                  1.726181769848816    

 Excitation energy / nm:                  718.2571741406310    

 Excitation energy / cm^(-1):             13922.58978891788    


 Oscillator strength:

    velocity representation:             0.1280569468564275E-02

    length representation:               0.3384414227685479E-03

    mixed representation:                0.6583295168374612E-03


 Rotatory strength:

    velocity representation:            -0.6720741824192019E-07

    velocity rep. / 10^(-40)erg*cm^3:   -0.4341922916657311E-02

    length representation:               0.3122427737870044E-07

    length rep. / 10^(-40)erg*cm^3:      0.2017238707468767E-02


 Dominant contributions:

      occ. orbital   energy / eV   virt. orbital     energy / eV   |coeff.|^2*100
        8 a   beta           -18.02      9 a   beta           -13.61       94.1
 

 Change of electron number:

             0.000000


 Electric transition dipole moment (velocity rep.):

    x       -0.000025        Norm:                  0.174012
    y       -0.044790
    z        0.168149        Norm / debye:          0.442298


 Electric transition dipole moment (length rep.):

    x        0.000011        Norm:                  0.089458
    y        0.023025
    z       -0.086444        Norm / debye:          0.227381


 Magnetic transition dipole moment / i:

    x        0.003024        Norm:                  0.003111
    y       -0.000707
    z       -0.000188        Norm / Bohr mag.:      0.852774


 Electric quadrupole transition moment:

   xx       -0.000188
   yy        0.047683        1/3*trace:             0.095559
   zz        0.239183
   xy       -0.353061
   xz        1.325742        Anisotropy:            2.395638
   yz       -0.121407




                             2 a excitation


 Total energy:                           -114.9520846243128    

 Excitation energy:                      0.1561905438871480    

 Excitation energy / eV:                  4.250162767720955    

 Excitation energy / nm:                  291.7164607155783    

 Excitation energy / cm^(-1):             34279.86193846394    


 Oscillator strength:

    velocity representation:             0.1605913929204289E-03

    length representation:               0.5370039807318063E-03

    mixed representation:                0.2936634314491839E-03


 Rotatory strength:

    velocity representation:            -0.6138009347572900E-08

    velocity rep. / 10^(-40)erg*cm^3:   -0.3965449669997936E-03

    length representation:              -0.7276210512286844E-08

    length rep. / 10^(-40)erg*cm^3:     -0.4700782442795179E-03


 Dominant contributions:

      occ. orbital   energy / eV   virt. orbital     energy / eV   |coeff.|^2*100
        6 a   beta           -21.09      9 a   beta           -13.61       94.4
 

 Change of electron number:

             0.000000


 Electric transition dipole moment (velocity rep.):

    x       -0.000004        Norm:                  0.039272
    y        0.010106
    z       -0.037949        Norm / debye:          0.099819


 Electric transition dipole moment (length rep.):

    x        0.000012        Norm:                  0.071814
    y        0.018483
    z       -0.069394        Norm / debye:          0.182533


 Magnetic transition dipole moment / i:

    x       -0.000156        Norm:                  0.002676
    y        0.002581
    z        0.000688        Norm / Bohr mag.:      0.733417


 Electric quadrupole transition moment:

   xx       -0.000192
   yy        0.212327        1/3*trace:             0.076696
   zz        0.017953
   xy       -0.027777
   xz        0.104604        Anisotropy:            0.747765
   yz       -0.400988




                             3 a excitation


 Total energy:                           -114.9114651362019    

 Excitation energy:                      0.1968100319980710    

 Excitation energy / eV:                  5.355475750929887    

 Excitation energy / nm:                  231.5092995891926    

 Excitation energy / cm^(-1):             43194.80909083183    


 Oscillator strength:

    velocity representation:             0.3191902950380745E-02

    length representation:               0.1257607746503648    

    mixed representation:                0.5445643192806815E-02


 Rotatory strength:

    velocity representation:             0.2158911589685932E-08

    velocity rep. / 10^(-40)erg*cm^3:    0.1394760868889849E-03

    length representation:              -0.1692443719934490E-03

    length rep. / 10^(-40)erg*cm^3:      -10.93400158042785    


 Dominant contributions:

      occ. orbital   energy / eV   virt. orbital     energy / eV   |coeff.|^2*100
        7 a   beta           -20.28      9 a   beta           -13.61       95.4
 

 Change of electron number:

            -0.000000


 Electric transition dipole moment (velocity rep.):

    x        0.029494        Norm:                  0.155972
    y        0.147998
    z        0.039421        Norm / debye:          0.396444


 Electric transition dipole moment (length rep.):

    x       -0.975491        Norm:                  0.979027
    y       -0.080336
    z       -0.021392        Norm / debye:          2.488457


 Magnetic transition dipole moment / i:

    x        0.000176        Norm:                  0.000975
    y        0.000214
    z       -0.000935        Norm / Bohr mag.:      0.267334


 Electric quadrupole transition moment:

   xx       15.907091
   yy       -0.832616        1/3*trace:             5.212294
   zz        0.562407
   xy       -5.019024
   xz        0.281743        Anisotropy:           18.297636
   yz       -0.246262




                             4 a excitation


 Total energy:                           -114.8617893037301    

 Excitation energy:                      0.2464858644698958    

 Excitation energy / eV:                  6.707224508395261    

 Excitation energy / nm:                  184.8517875781263    

 Excitation energy / cm^(-1):             54097.39407730063    


 Oscillator strength:

    velocity representation:             0.3783083123629943E-04

    length representation:               0.1074537566959695E-01

    mixed representation:                0.6375786172594951E-03


 Rotatory strength:

    velocity representation:             0.4323409751651487E-09

    velocity rep. / 10^(-40)erg*cm^3:    0.2793130932544352E-04

    length representation:               0.2119283752732442E-08

    length rep. / 10^(-40)erg*cm^3:      0.1369159377580280E-03


 Dominant contributions:

      occ. orbital   energy / eV   virt. orbital     energy / eV   |coeff.|^2*100
        5 a   beta           -23.41      9 a   beta           -13.61       94.7
 

 Change of electron number:

             0.000000


 Electric transition dipole moment (velocity rep.):

    x       -0.000000        Norm:                  0.015173
    y       -0.003906
    z        0.014662        Norm / debye:          0.038566


 Electric transition dipole moment (length rep.):

    x        0.000002        Norm:                  0.255717
    y        0.065820
    z       -0.247101        Norm / debye:          0.649974


 Magnetic transition dipole moment / i:

    x       -0.001499        Norm:                  0.002137
    y       -0.001471
    z       -0.000392        Norm / Bohr mag.:      0.585557


 Electric quadrupole transition moment:

   xx       -0.000028
   yy        0.811564        1/3*trace:             0.273351
   zz        0.008516
   xy       -0.661430
   xz        2.483157        Anisotropy:            5.237837
   yz       -1.524515




                             5 a excitation


 Total energy:                           -114.7366457510880    

 Excitation energy:                      0.3716294171119663    

 Excitation energy / eV:                  10.11255529745989    

 Excitation energy / nm:                  122.6042680207753    

 Excitation energy / cm^(-1):             81563.22907790508    


 Oscillator strength:

    velocity representation:             0.1246961826443909E-03

    length representation:               0.8591276524803566E-04

    mixed representation:                0.9830941370959278E-04


 Rotatory strength:

    velocity representation:            -0.1249337513502972E-09

    velocity rep. / 10^(-40)erg*cm^3:   -0.8071322068930041E-05

    length representation:               0.2841296559004596E-06

    length rep. / 10^(-40)erg*cm^3:      0.1835614425502018E-01


 Dominant contributions:

      occ. orbital   energy / eV   virt. orbital     energy / eV   |coeff.|^2*100
        8 a   beta           -18.02     10 a   beta            -5.60       54.5
        9 a   alpha          -18.31     10 a   alpha           -5.81       40.4
 

 Change of electron number:

            -0.000000


 Electric transition dipole moment (velocity rep.):

    x       -0.009111        Norm:                  0.022435
    y       -0.019810
    z       -0.005279        Norm / debye:          0.057023


 Electric transition dipole moment (length rep.):

    x       -0.012506        Norm:                  0.018622
    y       -0.013332
    z       -0.003552        Norm / debye:          0.047332


 Magnetic transition dipole moment / i:

    x       -0.000045        Norm:                  0.000058
    y        0.000011
    z        0.000035        Norm / Bohr mag.:      0.015780


 Electric quadrupole transition moment:

   xx        0.231745
   yy       -0.118610        1/3*trace:             0.034933
   zz       -0.008336
   xy       -0.046700
   xz        0.008310        Anisotropy:            0.321148
   yz       -0.006117




                             6 a excitation


 Total energy:                           -114.7166975141723    

 Excitation energy:                      0.3915776540276938    

 Excitation energy / eV:                  10.65537467506677    

 Excitation energy / nm:                  116.3584085847187    

 Excitation energy / cm^(-1):             85941.36100810046    


 Oscillator strength:

    velocity representation:             0.9979092017209051E-03

    length representation:               0.6677339617415249E-04

    mixed representation:                0.2581351559488836E-03


 Rotatory strength:

    velocity representation:            -0.2937028862227966E-07

    velocity rep. / 10^(-40)erg*cm^3:   -0.1897462104240951E-02

    length representation:              -0.1768761171282693E-07

    length rep. / 10^(-40)erg*cm^3:     -0.1142704907372221E-02


 Dominant contributions:

      occ. orbital   energy / eV   virt. orbital     energy / eV   |coeff.|^2*100
        8 a   alpha          -18.66     10 a   alpha           -5.81       84.6
        4 a   beta           -27.37      9 a   beta           -13.61       11.9
 

 Change of electron number:

            -0.000000


 Electric transition dipole moment (velocity rep.):

    x       -0.000009        Norm:                  0.061828
    y        0.015914
    z       -0.059744        Norm / debye:          0.157151


 Electric transition dipole moment (length rep.):

    x       -0.000012        Norm:                  0.015993
    y        0.004113
    z       -0.015455        Norm / debye:          0.040651


 Magnetic transition dipole moment / i:

    x        0.000192        Norm:                  0.002051
    y        0.001973
    z        0.000526        Norm / Bohr mag.:      0.562184


 Electric quadrupole transition moment:

   xx        0.000185
   yy        0.102735        1/3*trace:             0.017143
   zz       -0.051493
   xy        0.008652
   xz       -0.032358        Anisotropy:            0.354705
   yz       -0.186157




                             7 a excitation


 Total energy:                           -114.7128542750206    

 Excitation energy:                      0.3954208931793961    

 Excitation energy / eV:                  10.75995457819980    

 Excitation energy / nm:                  115.2274789873803    

 Excitation energy / cm^(-1):             86784.85450161211    


 Oscillator strength:

    velocity representation:             0.2504536817643111E-02

    length representation:               0.3383283695435628E-02

    mixed representation:                0.2613223081575924E-02


 Rotatory strength:

    velocity representation:             0.4971952570116554E-07

    velocity rep. / 10^(-40)erg*cm^3:    0.3212120829729628E-02

    length representation:              -0.1121995115941342E-04

    length rep. / 10^(-40)erg*cm^3:     -0.7248628847409957    


 Dominant contributions:

      occ. orbital   energy / eV   virt. orbital     energy / eV   |coeff.|^2*100
        9 a   alpha          -18.31     10 a   alpha           -5.81       56.0
        8 a   beta           -18.02     10 a   beta            -5.60       42.3
 

 Change of electron number:

            -0.000000


 Electric transition dipole moment (velocity rep.):

    x        0.094246        Norm:                  0.097472
    y       -0.024028
    z       -0.006412        Norm / debye:          0.247751


 Electric transition dipole moment (length rep.):

    x        0.111070        Norm:                  0.113288
    y        0.021560
    z        0.005735        Norm / debye:          0.287952


 Magnetic transition dipole moment / i:

    x       -0.000058        Norm:                  0.004824
    y        0.001030
    z       -0.004712        Norm / Bohr mag.:      1.322129


 Electric quadrupole transition moment:

   xx       -1.689400
   yy        0.696463        1/3*trace:            -0.425200
   zz       -0.282661
   xy       -0.243814
   xz       -0.249198        Anisotropy:            2.202631
   yz        0.239429




                             8 a excitation


 Total energy:                           -114.6964058935497    

 Excitation energy:                      0.4118692746503442    

 Excitation energy / eV:                  11.20753800276105    

 Excitation energy / nm:                  110.6257627463980    

 Excitation energy / cm^(-1):             90394.85695056117    


 Oscillator strength:

    velocity representation:             0.3894144047075871E-02

    length representation:               0.3677094156214854E-01

    mixed representation:                0.1196625852916980E-01


 Rotatory strength:

    velocity representation:            -0.7039712816461979E-10

    velocity rep. / 10^(-40)erg*cm^3:   -0.4547993540602513E-05

    length representation:              -0.1476784359934542E-08

    length rep. / 10^(-40)erg*cm^3:     -0.9540738244519250E-04


 Dominant contributions:

      occ. orbital   energy / eV   virt. orbital     energy / eV   |coeff.|^2*100
        4 a   beta           -27.37      9 a   beta           -13.61       81.3
        8 a   alpha          -18.66     10 a   alpha           -5.81       12.6
 

 Change of electron number:

            -0.000000


 Electric transition dipole moment (velocity rep.):

    x       -0.000000        Norm:                  0.119089
    y        0.030654
    z       -0.115076        Norm / debye:          0.302697


 Electric transition dipole moment (length rep.):

    x        0.000001        Norm:                  0.365947
    y        0.094196
    z       -0.353616        Norm / debye:          0.930152


 Magnetic transition dipole moment / i:

    x       -0.000519        Norm:                  0.000873
    y       -0.000678
    z       -0.000181        Norm / Bohr mag.:      0.239254


 Electric quadrupole transition moment:

   xx       -0.000005
   yy        1.042082        1/3*trace:             0.391205
   zz        0.131538
   xy       -0.832263
   xz        3.124379        Anisotropy:            6.634293
   yz       -1.973530




                             9 a excitation


 Total energy:                           -114.6601977476936    

 Excitation energy:                      0.4480774205064125    

 Excitation energy / eV:                  12.19281220423167    

 Excitation energy / nm:                  101.6863394020274    

 Excitation energy / cm^(-1):             98341.62639065350    


 Oscillator strength:

    velocity representation:             0.4993980731697622E-03

    length representation:               0.8145613124437408E-03

    mixed representation:                0.6267557677524781E-03


 Rotatory strength:

    velocity representation:             0.5294281285956608E-08

    velocity rep. / 10^(-40)erg*cm^3:    0.3420360704822718E-03

    length representation:              -0.1034485043047000E-05

    length rep. / 10^(-40)erg*cm^3:     -0.6683271628106309E-01


 Dominant contributions:

      occ. orbital   energy / eV   virt. orbital     energy / eV   |coeff.|^2*100
        9 a   alpha          -18.31     11 a   alpha           -3.48       28.7
        8 a   beta           -18.02     11 a   beta            -3.23       25.1
        8 a   beta           -18.02     12 a   beta            -2.67       22.0
        9 a   alpha          -18.31     12 a   alpha           -2.83       15.3
 

 Change of electron number:

             0.000000


 Electric transition dipole moment (velocity rep.):

    x        0.027066        Norm:                  0.040888
    y        0.029618
    z        0.007873        Norm / debye:          0.103927


 Electric transition dipole moment (length rep.):

    x        0.026716        Norm:                  0.052219
    y        0.043360
    z        0.011533        Norm / debye:          0.132729


 Magnetic transition dipole moment / i:

    x        0.000080        Norm:                  0.000968
    y        0.000179
    z       -0.000948        Norm / Bohr mag.:      0.265370


 Electric quadrupole transition moment:

   xx       -0.457141
   yy        0.547200        1/3*trace:            -0.009698
   zz       -0.119152
   xy       -0.306306
   xz       -0.125735        Anisotropy:            1.071162
   yz        0.108025




                            10 a excitation


 Total energy:                           -114.6561662566424    

 Excitation energy:                      0.4521089115576383    

 Excitation energy / eV:                  12.30251470438239    

 Excitation energy / nm:                  100.7795942420640    

 Excitation energy / cm^(-1):             99226.43640029163    


 Oscillator strength:

    velocity representation:             0.8216542361841039E-03

    length representation:               0.1130935428713206E-02

    mixed representation:                0.9261494137870818E-03


 Rotatory strength:

    velocity representation:            -0.1212541595590648E-08

    velocity rep. / 10^(-40)erg*cm^3:   -0.7833602716807523E-04

    length representation:              -0.2347508876662030E-05

    length rep. / 10^(-40)erg*cm^3:     -0.1516603799887926    


 Dominant contributions:

      occ. orbital   energy / eV   virt. orbital     energy / eV   |coeff.|^2*100
        8 a   beta           -18.02     12 a   beta            -2.67       23.5
        8 a   beta           -18.02     11 a   beta            -3.23       20.1
        9 a   alpha          -18.31     12 a   alpha           -2.83       18.2
        9 a   alpha          -18.31     11 a   alpha           -3.48       11.1
        9 a   alpha          -18.31     14 a   alpha           -2.27        8.9
        8 a   beta           -18.02     14 a   beta            -2.15        4.9
        6 a   beta           -21.09     10 a   beta            -5.60        4.8
 

 Change of electron number:

            -0.000000


 Electric transition dipole moment (velocity rep.):

    x        0.009465        Norm:                  0.052212
    y       -0.049616
    z       -0.013220        Norm / debye:          0.132710


 Electric transition dipole moment (length rep.):

    x        0.027377        Norm:                  0.061255
    y       -0.052950
    z       -0.014107        Norm / debye:          0.155696


 Magnetic transition dipole moment / i:

    x       -0.000136        Norm:                  0.000811
    y       -0.000230
    z        0.000765        Norm / Bohr mag.:      0.222173


 Electric quadrupole transition moment:

   xx       -0.458375
   yy       -0.715748        1/3*trace:            -0.393207
   zz       -0.005497
   xy        0.642835
   xz        0.125851        Anisotropy:            1.306355
   yz       -0.102368

 SUMMARY OF EXCITATION ENERGIES AND DIPOLE OSCILLATOR STRENGTHS (velocity/length):

 -----------------------------------------------------------------------------------------------
 |    Exc.   | energy (Eh) | energy (eV) | energy (cm-1) | energy (nm) | Osc.(vel) | Osc.(len) |
 -----------------------------------------------------------------------------------------------
 |     1 a   |    0.063436 |     1.72618 |     13922.590 |     718.257 |   0.00128 |   0.00034 |
 |     2 a   |    0.156191 |     4.25016 |     34279.862 |     291.716 |   0.00016 |   0.00054 |
 |     3 a   |    0.196810 |     5.35547 |     43194.809 |     231.509 |   0.00319 |   0.12576 |
 |     4 a   |    0.246486 |     6.70722 |     54097.394 |     184.852 |   0.00004 |   0.01075 |
 |     5 a   |    0.371629 |    10.11255 |     81563.229 |     122.604 |   0.00012 |   0.00009 |
 |     6 a   |    0.391578 |    10.65537 |     85941.361 |     116.358 |   0.00100 |   0.00007 |
 |     7 a   |    0.395421 |    10.75995 |     86784.854 |     115.227 |   0.00250 |   0.00338 |
 |     8 a   |    0.411869 |    11.20753 |     90394.857 |     110.626 |   0.00389 |   0.03677 |
 |     9 a   |    0.448077 |    12.19281 |     98341.626 |     101.686 |   0.00050 |   0.00081 |
 |    10 a   |    0.452109 |    12.30251 |     99226.436 |     100.780 |   0.00082 |   0.00113 |
 -----------------------------------------------------------------------------------------------




    ------------------------------------------------------------------------
         total  cpu-time :   4.86 seconds
         total wall-time :   5.35 seconds
    ------------------------------------------------------------------------

   ****  escf : all done  ****


    2023-07-09 02:21:58.990 

