
 escf (compt307) : TURBOMOLE rev. V7-6-2381-g96b3af1 compiled 16 Jan 2023 at 13:48:01
 Copyright (C) 2023 TURBOMOLE GmbH, Karlsruhe


    2023-07-09 02:22:00.032 


 escf run will be profiled !




                                e s c f

                             TURBOMOLE GmbH

          integral direct evaluation of 

                    * excitation energies and transition moments 
                    * polarizabilities
                    * dynamic response properties 
                    * stabilities
                    * quasiparticle states with GW
                    * NMR coupling-constants



          references (see also programs dscf and ridft) 
          implementation and benchmarks (review) 
          F. Furche and D. Rappoport,  
          "Density functional methods for excited states: 
          equilibrium structure and electronic spectra",
          ch. III of "Computational Photochemistry", ed. by 
          M. Olivucci, vol. 16 of "Theoretical and Computational 
          Chemistry", Elsevier, Amsterdam, 2005.



              +--------------------------------------------------+
              | Atomic coordinate, charge and isotop information |
              +--------------------------------------------------+

                    atomic coordinates            atom    charge  isotop
         -9.24314180    6.23174984    0.00054802    c      6.000     0
         -9.98177905    5.77299993   -1.91166584    h      1.000     0
         -6.60094563    6.20640861   -0.00619830    o      8.000     0
         -9.98177905    4.88256098    1.43120298    h      1.000     0
         -9.90212710    8.15492412    0.51283388    h      1.000     0
         -6.10304059    4.45939461   -0.47154336    h      1.000     0
 
       center of nuclear mass  :   -7.89226438    6.16696788   -0.01670470
       center of nuclear charge:   -8.01306343    6.12842487   -0.02697059

              +--------------------------------------------------+
              |               basis set information              |
              +--------------------------------------------------+

              we will work with the 1s 3p 5d 7f 9g ... basis set
              ...i.e. with spherical basis functions...

   type   atoms  prim   cont   basis
   ---------------------------------------------------------------------------
    c        1     24     14   def2-SVP   [3s2p1d|7s4p1d]
    h        4      7      5   def2-SVP   [2s1p|4s1p]
    o        1     24     14   def2-SVP   [3s2p1d|7s4p1d]
   ---------------------------------------------------------------------------
   total:    6     76     48
   ---------------------------------------------------------------------------

   total number of primitive shells          :   29
   total number of contracted shells         :   24
   total number of cartesian basis functions :   50
   total number of SCF-basis functions       :   48


 residuum convergence criterium   :  0.10E-04


 integral neglect threshold       :  0.33E-10
 integral storage threshold THIZE :  0.10E-04
 integral storage threshold THIME :         5

 
             FOUND RI-J FLAG !
 
  
 AUXILIARY BASIS SET information:

              assign orbital basis set names as defaults
              read basis sets from /home/smp201/dev/turbomole/cbasen/

              we will work with the 1s 3p 5d 7f 9g ... basis set
              ...i.e. with spherical basis functions...

   type   atoms  prim   cont   basis
   ---------------------------------------------------------------------------
    c        1      1      1   def2-SVP   [1s|1s]
    h        4      1      1   def2-SVP   [1s|1s]
    o        1      1      1   def2-SVP   [1s|1s]
   ---------------------------------------------------------------------------
   total:    6      6      6
   ---------------------------------------------------------------------------

   total number of primitive shells          :    3
   total number of contracted shells         :    6
   total number of cartesian basis functions :    6
   total number of SCF-basis functions       :    6

 
             FOUND RI-K FLAG !
 
  
 AUXILIARY BASIS SET information:

              we will work with the 1s 3p 5d 7f 9g ... basis set
              ...i.e. with spherical basis functions...

   type   atoms  prim   cont   basis
   ---------------------------------------------------------------------------
    c        1      1      1   def2-SVP   [1s|1s]
    h        4      1      1   def2-SVP   [1s|1s]
    o        1      1      1   def2-SVP   [1s|1s]
   ---------------------------------------------------------------------------
   total:    6      6      6
   ---------------------------------------------------------------------------

   total number of primitive shells          :    3
   total number of contracted shells         :    6
   total number of cartesian basis functions :    6
   total number of SCF-basis functions       :    6

 RPA UHF-EXCITATION-CALCULATION (spin-conserved)
 
             FOUND DFT-FLAG !
 

 maximum number of Davidson iterations set to   35


 symmetry group of the molecule :   c1 

 the group has the following generators :
   c1(z)

    1 symmetry operations found

 there are 1 real representations :   a   

 maximum number of shells which are related by symmetry :  1

 IRREPs of excited states :   a   
  
           ------------------
           density functional
           ------------------
 PBE0 hybrid functional
 exchange:    3/4 (LDA+PBE) + 1/4 HF
 correlation: LDA (PW) + PBE
 spherical integration : Lebedev's spherical grid
 spherical gridsize    :                     1
    i.e. gridpoints    :                   110
  maximum batchsize    :                   100
 value for diffuse not defined
 radial integration    : Chebyshev 2nd kind (scaling 0)
 radial gridsize       :                     1
 integration cells     :                     6
 partition function    : becke
 partition sharpness   :                     3
  

 ----------------------------------------------------------------------
          some useful papers before it begins
 ----------------------------------------------------------------------

     nonorthonormal Krylov space methods 
     F. Furche, B. T. Krull, B. D. Nguyen, and J. Kwon, 
     J. Chem. Phys. 144, 174105 (2016).

     RI-J method 
     R. Bauernschmitt, M. Haeser, O. Treutler, and R. Ahlrichs,
     Chem. Phys. Lett. 264, 573 (1997).

     density functional implementation               
     R. Bauernschmitt and R. Ahlrichs,
     Chem. Phys. Lett. 256, 454 (1996).
     R. Bauernschmitt and R. Ahlrichs,
     J. Chem. Phys. 104, 9047 (1996).

     UHF extension (RPA and CIS)
     C. Ochsenfeld, J. Gauss, and R. Ahlrichs, 
     J. Chem. Phys. 103, 7401 (1995).

     integral direct algorithm                 
     H. Weiss, R. Ahlrichs, and M. Haeser, 
     J. Chem. Phys. 99, 1262 (1993).

 ----------------------------------------------------------------------

  MOs are in ASCII format !


    mo occupation :
   irrep   mo's   occupied
    a       48        9
 
 number of basis functions   :    48
 number of occupied orbitals :     9
 
 ALPHA-Occupation:9
 BETA-Occupation :8

 reading orbital data $uhfmo_alpha  from file alpha
 orbital characterization : scfconv=7

 reading orbital data $uhfmo_beta  from file beta
 orbital characterization : scfconv=7
  
           ----------------------
               RI - INFORMATION
           ----------------------

 biggest AO integral is expected to be     4.776656448

 Threshold for integral neglect (rithr2):   0.33E-10
 Threshold for integral neglect (rithr1):   0.33E-10

 Contributions to RI integral batches: 
  neglected integral batches:                     0
  direct contribution:                            0
  memory contribution:                   300
 Core memory available (ricore)            500 MiB
 Core memory needed for (P|Q) and Cholesky 1 MiB
 Core memory used for integrals            1 MiB
  
 ****************************************
 Memory allocated for RIDFT 1 MiB
 ****************************************
                                            

 MAXIMUM CORE MEMORY WHICH CAN BE ALLOCATED DYNAMICALLY in escf_cc_setup= 500 MiB
              ( or 65536000 double words )

 Summary of integral storage options:
 B_ji^Q integral storage mode: on-disk   
 B_ai^Q integral storage mode: on-disk   
 B_ba^Q integral storage mode: on-disk   

   *-----------------------------------------------------------------------*
   |                     program will use  1 thread(s)                     |
   *-----------------------------------------------------------------------*
 +===============================================+
 |   spin-orbital based open-shell calculation   |
 |   using a UHF reference wave function         |
 +===============================================+
 spin orbital occupation:
  alpha :                     9
  beta  :                     8
  MOs are in ASCII format !


 reading orbital data $uhfmo_alpha  from file alpha
 orbital characterization : scfconv=7

 reading orbital data $uhfmo_beta  from file beta
 orbital characterization : scfconv=7
 time elapsed for calculating density matrices :   0.001 sec
 all orbitals will be active in the correlation treatment


   Molecular Orbital Statistic:
   ============================

   ------------------------------------------
   orbitals in total:  alpha spin   beta spin
   ------------------------------------------
    frozen occupied :      0           0
    active occupied :      9           8
    active virtual  :     39          40
    frozen virtual  :      0           0
    all together    :     48          48
   ----------------------------------------


     time in riccmos       cpu:  0.01 sec    wall:  0.06 sec    ratio:  0.2

     total memory allocated for calculation of (Q|P)**(-1/2) : 1 MiB


     calculation of (P|Q) ...
     time in lp2sym        cpu:  0.00 sec    wall:  0.00 sec    ratio:  1.0


     calculation of the Cholesky decomposition of (P|Q)**(-1) ...
     time in invmetri      cpu:  0.00 sec    wall:  0.02 sec    ratio:  0.1
 preparing DFT   numerical integration ....
          Overall gridpoints after grid construction =          7004

 Calculating ground state density on molecular grid

 Integral of ground state total density: Na =   17.00001911376543    

 Integral of ground state spin density:  Nb =   1.000000372201821    


 all orbitals will be included in the transformation

 number of non-frozen orbitals          :    48
 number of non-frozen occupied orbitals :     9
 all orbitals will be included in the transformation

 number of non-frozen orbitals          :    48
 number of non-frozen occupied orbitals :     8

 dimension of super-tensorspace: 2

          IRREP   tensor space dimension   number of roots

           a                 671                     10
                    10
 Switching off XC: hybrid=  0.250000000000000     

 machine precision: 2.22D-16


 logfile unrs_a    exists already

 found     10 converged vectors on unrs_a   
 read      10 vectors from logfile unrs_a   



                       Nonorthonormal Krylov Space Iteration


 total number of roots to be determined: 10


 maximum core memory set to          500 MB,
 corresponding to     6421 vectors in CAO basis


 maximum number of simultaneously treated vectors (including degeneracy):       10


 Iteration IRREP Converged      Max. Euclidean
                 roots          residual norm

    1       a        0        8.917715342362094D-02
 
    2       a        0        2.573819551380204D-02
 
    3       a        0        1.830453382001578D-02
 
    4       a        1        8.334137354930974D-03
 
    5       a        3        3.834727955051792D-02
 
    6       a        6        1.139189620775839D-02
 
    7       a        8        3.913669024930528D-02
 
    8       a        9        9.809932685602714D-03
 
    9       a        9        2.215437103100329D-03
 
   10       a        9        5.038968575327850D-04
 
   11       a        9        1.128218368152228D-04
 
   12       a        9        1.723657066648025D-05
 
   13       a       10        8.776930572381043D-06
 

 converged!

 Eigenpairs written on logfile unrs_a   



 IRREP   Vector     Eigenvalue           Euclidean residual norm

  a         1    6.596278492588831D-02    8.776930572381043D-06
            2    1.616274605061736D-01    6.216708066773098D-06
            3    1.984497754029786D-01    2.034060842433416D-06
            4    2.534746564982892D-01    6.625132511895839D-06
            5    3.851154421823398D-01    3.095493359377043D-06
            6    3.903671837282629D-01    1.393629453464907D-06
            7    3.962354079813514D-01    6.704141022370561D-06
            8    4.118892793200628D-01    1.662781199936822D-06
            9    4.653476821468642D-01    2.797919734425004D-06
           10    4.660146341783682D-01    7.144930115154452D-06






                    Selection rules for point group c1  


 Subduction with respect to c1  :

    Polar vector representation: a                           

    Axial vector representation: a                           

    Symmetric second rank tensor representation: a                           




                            Ground state


 Total energy:                           -115.1082751682000    

 Charge:

               elec          nuc         total

           -17.000000    18.000000     1.000000


 Electric dipole moment:

               elec          nuc         total   

    x      135.920723  -144.235142    -8.314419    Norm:              9.909667
    y     -104.924479   110.311648     5.387169
    z        0.261060    -0.485471    -0.224410    Norm / debye:     25.188052


 Electric quadrupole moment:

               elec          nuc         total   

   xx    -1131.901782  1195.764940    63.863158
   yy     -662.633094   684.720217    22.087123    1/3*trace:        26.298332
   zz      -13.243754     6.188469    -7.055285
   xy      841.016592  -887.679428   -46.662836
   xz       -1.525228     2.892501     1.367273    Anisotropy:      101.753998
   yz        1.096191    -2.256050    -1.159859



 ==============================================================================

                              I R R E P   a   

 ==============================================================================


 Excitation is electric dipole allowed

 Excitation is magnetic dipole allowed

 Excitation is electric quadrupole allowed




                             1 a excitation


 Total energy:                           -115.0423123832741    

 Excitation energy:                      0.6596278492588831E-01

 Excitation energy / eV:                  1.794939473094851    

 Excitation energy / nm:                  690.7433139942796    

 Excitation energy / cm^(-1):             14477.15786155286    


 Oscillator strength:

    velocity representation:             0.1177723648140859E-02

    length representation:               0.3350242474466781E-04

    mixed representation:                0.1986368391773512E-03


 Rotatory strength:

    velocity representation:             0.1577079139584127E-07

    velocity rep. / 10^(-40)erg*cm^3:    0.1018869082709592E-02

    length representation:               0.2466661377514498E-07

    length rep. / 10^(-40)erg*cm^3:      0.1593582054307119E-02


 Dominant contributions:

      occ. orbital   energy / eV   virt. orbital     energy / eV   |coeff.|^2*100
        8 a   beta           -18.02      9 a   beta           -13.61       94.9
 

 Change of electron number:

             0.000000


 Electric transition dipole moment (velocity rep.):

    x        0.000005        Norm:                  0.163651
    y       -0.042123
    z        0.158137        Norm / debye:          0.415962


 Electric transition dipole moment (length rep.):

    x        0.000008        Norm:                  0.027602
    y        0.007103
    z       -0.026672        Norm / debye:          0.070157


 Magnetic transition dipole moment / i:

    x        0.003000        Norm:                  0.003165
    y       -0.000975
    z       -0.000260        Norm / Bohr mag.:      0.867424


 Electric quadrupole transition moment:

   xx       -0.000131
   yy       -0.148029        1/3*trace:             0.029455
   zz        0.236524
   xy       -0.219709
   xz        0.825036        Anisotropy:            1.575361
   yz        0.246314




                             2 a excitation


 Total energy:                           -114.9466477076938    

 Excitation energy:                      0.1616274605061736    

 Excitation energy / eV:                  4.398108859784519    

 Excitation energy / nm:                  281.9035361770077    

 Excitation energy / cm^(-1):             35473.12720557129    


 Oscillator strength:

    velocity representation:             0.4082783490200425E-02

    length representation:               0.1088215430744571E-02

    mixed representation:                0.2107830159178292E-02


 Rotatory strength:

    velocity representation:            -0.6363040248519259E-08

    velocity rep. / 10^(-40)erg*cm^3:   -0.4110830470411661E-03

    length representation:              -0.8649949505079855E-08

    length rep. / 10^(-40)erg*cm^3:     -0.5588283996990171E-03


 Dominant contributions:

      occ. orbital   energy / eV   virt. orbital     energy / eV   |coeff.|^2*100
        6 a   beta           -21.09      9 a   beta           -13.61       94.7
 

 Change of electron number:

            -0.000000


 Electric transition dipole moment (velocity rep.):

    x       -0.000009        Norm:                  0.194655
    y       -0.050103
    z        0.188097        Norm / debye:          0.494768


 Electric transition dipole moment (length rep.):

    x       -0.000010        Norm:                  0.100495
    y       -0.025866
    z        0.097109        Norm / debye:          0.255435


 Magnetic transition dipole moment / i:

    x        0.000778        Norm:                  0.002220
    y       -0.002009
    z       -0.000535        Norm / Bohr mag.:      0.608325


 Electric quadrupole transition moment:

   xx        0.000156
   yy       -0.295788        1/3*trace:            -0.107369
   zz       -0.026476
   xy        0.079572
   xz       -0.298994        Anisotropy:            1.142061
   yz        0.558780




                             3 a excitation


 Total energy:                           -114.9098253927970    

 Excitation energy:                      0.1984497754029786    

 Excitation energy / eV:                  5.400095458337972    

 Excitation energy / nm:                  229.5963931804789    

 Excitation energy / cm^(-1):             43554.69116906667    


 Oscillator strength:

    velocity representation:             0.6034014880529578E-01

    length representation:               0.7710581334678381E-01

    mixed representation:                0.6820307917551141E-01


 Rotatory strength:

    velocity representation:            -0.2166000718238852E-07

    velocity rep. / 10^(-40)erg*cm^3:   -0.1399340787376266E-02

    length representation:               0.8376605867592299E-05

    length rep. / 10^(-40)erg*cm^3:      0.5411690841833170    


 Dominant contributions:

      occ. orbital   energy / eV   virt. orbital     energy / eV   |coeff.|^2*100
        7 a   beta           -20.28      9 a   beta           -13.61       98.1
 

 Change of electron number:

            -0.000000


 Electric transition dipole moment (velocity rep.):

    x       -0.672798        Norm:                  0.675342
    y       -0.056588
    z       -0.015069        Norm / debye:          1.716560


 Electric transition dipole moment (length rep.):

    x       -0.761399        Norm:                  0.763421
    y       -0.053649
    z       -0.014286        Norm / debye:          1.940436


 Magnetic transition dipole moment / i:

    x       -0.000068        Norm:                  0.003373
    y       -0.000089
    z        0.003371        Norm / Bohr mag.:      0.924369


 Electric quadrupole transition moment:

   xx       12.304427
   yy       -0.605075        1/3*trace:             4.050296
   zz        0.451537
   xy       -3.956605
   xz        0.209496        Anisotropy:           14.189697
   yz       -0.200294




                             4 a excitation


 Total energy:                           -114.8548005117017    

 Excitation energy:                      0.2534746564982892    

 Excitation energy / eV:                  6.897399297029613    

 Excitation energy / nm:                  179.7550622592816    

 Excitation energy / cm^(-1):             55631.25662677138    


 Oscillator strength:

    velocity representation:             0.9954331616445636E-02

    length representation:               0.7898504306944729E-02

    mixed representation:                0.8867036209753706E-02


 Rotatory strength:

    velocity representation:             0.2890816733566654E-08

    velocity rep. / 10^(-40)erg*cm^3:    0.1867606843361890E-03

    length representation:               0.1099384583389728E-08

    length rep. / 10^(-40)erg*cm^3:      0.7102553916975502E-04


 Dominant contributions:

      occ. orbital   energy / eV   virt. orbital     energy / eV   |coeff.|^2*100
        5 a   beta           -23.41      9 a   beta           -13.61       96.0
 

 Change of electron number:

             0.000000


 Electric transition dipole moment (velocity rep.):

    x        0.000002        Norm:                  0.242708
    y        0.062472
    z       -0.234530        Norm / debye:          0.616907


 Electric transition dipole moment (length rep.):

    x        0.000002        Norm:                  0.216198
    y        0.055648
    z       -0.208913        Norm / debye:          0.549524


 Magnetic transition dipole moment / i:

    x       -0.002899        Norm:                  0.004667
    y       -0.003535
    z       -0.000942        Norm / Bohr mag.:      1.279211


 Electric quadrupole transition moment:

   xx       -0.000026
   yy        0.707083        1/3*trace:             0.231106
   zz       -0.013738
   xy       -0.562297
   xz        2.110982        Anisotropy:            4.483013
   yz       -1.325425




                             5 a excitation


 Total energy:                           -114.7231597260177    

 Excitation energy:                      0.3851154421823398    

 Excitation energy / eV:                  10.47952886840838    

 Excitation energy / nm:                  118.3108950443675    

 Excitation energy / cm^(-1):             84523.06944983624    


 Oscillator strength:

    velocity representation:             0.2193222505133073E-03

    length representation:               0.1508115100104673E-03

    mixed representation:                0.1158588468697623E-03


 Rotatory strength:

    velocity representation:             0.2275121200490976E-08

    velocity rep. / 10^(-40)erg*cm^3:    0.1469837874596866E-03

    length representation:              -0.1229753830445559E-05

    length rep. / 10^(-40)erg*cm^3:     -0.7944802044081802E-01


 Dominant contributions:

      occ. orbital   energy / eV   virt. orbital     energy / eV   |coeff.|^2*100
        8 a   beta           -18.02     10 a   beta            -5.60       76.5
        9 a   alpha          -18.31     10 a   alpha           -5.81       21.1
 

 Change of electron number:

             0.000000


 Electric transition dipole moment (velocity rep.):

    x       -0.008548        Norm:                  0.029227
    y        0.027007
    z        0.007197        Norm / debye:          0.074289


 Electric transition dipole moment (length rep.):

    x       -0.022381        Norm:                  0.024236
    y        0.008987
    z        0.002395        Norm / debye:          0.061603


 Magnetic transition dipole moment / i:

    x        0.000063        Norm:                  0.001017
    y       -0.000243
    z        0.000986        Norm / Bohr mag.:      0.278803


 Electric quadrupole transition moment:

   xx        0.309966
   yy        0.007409        1/3*trace:             0.136553
   zz        0.092283
   xy       -0.001480
   xz        0.036742        Anisotropy:            0.286867
   yz       -0.041518




                             6 a excitation


 Total energy:                           -114.7179079844717    

 Excitation energy:                      0.3903671837282629    

 Excitation energy / eV:                  10.62243608819694    

 Excitation energy / nm:                  116.7192186208894    

 Excitation energy / cm^(-1):             85675.69348615955    


 Oscillator strength:

    velocity representation:             0.2058508128447095E-02

    length representation:               0.3294067905307980E-02

    mixed representation:                0.2362435310647082E-02


 Rotatory strength:

    velocity representation:             0.3114807288031093E-07

    velocity rep. / 10^(-40)erg*cm^3:    0.2012315529840982E-02

    length representation:              -0.9588742789243469E-05

    length rep. / 10^(-40)erg*cm^3:     -0.6194789674658279    


 Dominant contributions:

      occ. orbital   energy / eV   virt. orbital     energy / eV   |coeff.|^2*100
        9 a   alpha          -18.31     10 a   alpha           -5.81       76.0
        8 a   beta           -18.02     10 a   beta            -5.60       21.0
 

 Change of electron number:

            -0.000000


 Electric transition dipole moment (velocity rep.):

    x        0.083398        Norm:                  0.088938
    y       -0.029855
    z       -0.007960        Norm / debye:          0.226058


 Electric transition dipole moment (length rep.):

    x        0.112152        Norm:                  0.112506
    y        0.008619
    z        0.002287        Norm / debye:          0.285964


 Magnetic transition dipole moment / i:

    x       -0.000071        Norm:                  0.004554
    y        0.000987
    z       -0.004446        Norm / Bohr mag.:      1.248194


 Electric quadrupole transition moment:

   xx       -1.713672
   yy        0.436457        1/3*trace:            -0.512516
   zz       -0.260334
   xy        0.070116
   xz       -0.167348        Anisotropy:            1.951894
   yz        0.183252




                             7 a excitation


 Total energy:                           -114.7120397602186    

 Excitation energy:                      0.3962354079813514    

 Excitation energy / eV:                  10.78211866316213    

 Excitation energy / nm:                  114.9906135146418    

 Excitation energy / cm^(-1):             86963.61983697093    


 Oscillator strength:

    velocity representation:             0.3636305106010398E-03

    length representation:               0.1424886436289154E-02

    mixed representation:                0.7198139891190846E-03


 Rotatory strength:

    velocity representation:            -0.1545753504162714E-07

    velocity rep. / 10^(-40)erg*cm^3:   -0.9986312134574974E-03

    length representation:              -0.1462335280052846E-07

    length rep. / 10^(-40)erg*cm^3:     -0.9447390229219632E-03


 Dominant contributions:

      occ. orbital   energy / eV   virt. orbital     energy / eV   |coeff.|^2*100
        8 a   alpha          -18.66     10 a   alpha           -5.81       95.4
 

 Change of electron number:

             0.000000


 Electric transition dipole moment (velocity rep.):

    x       -0.000002        Norm:                  0.037102
    y        0.009554
    z       -0.035851        Norm / debye:          0.094305


 Electric transition dipole moment (length rep.):

    x       -0.000004        Norm:                  0.073444
    y        0.018906
    z       -0.070969        Norm / debye:          0.186679


 Magnetic transition dipole moment / i:

    x       -0.000900        Norm:                  0.003067
    y       -0.002833
    z       -0.000754        Norm / Bohr mag.:      0.840510


 Electric quadrupole transition moment:

   xx        0.000055
   yy        0.153407        1/3*trace:             0.078533
   zz        0.082135
   xy       -0.188222
   xz        0.706564        Anisotropy:            1.374650
   yz       -0.298895




                             8 a excitation


 Total energy:                           -114.6963858888799    

 Excitation energy:                      0.4118892793200628    

 Excitation energy / eV:                  11.20808235775402    

 Excitation energy / nm:                  110.6203898659730    

 Excitation energy / cm^(-1):             90399.24746805993    


 Oscillator strength:

    velocity representation:             0.2538559168512377E-01

    length representation:               0.2254209613459230E-01

    mixed representation:                0.2392163138665328E-01


 Rotatory strength:

    velocity representation:             0.4331155959161404E-08

    velocity rep. / 10^(-40)erg*cm^3:    0.2798135355684581E-03

    length representation:               0.3178799528125848E-08

    length rep. / 10^(-40)erg*cm^3:      0.2053657599068445E-03


 Dominant contributions:

      occ. orbital   energy / eV   virt. orbital     energy / eV   |coeff.|^2*100
        4 a   beta           -27.37      9 a   beta           -13.61       92.0
 

 Change of electron number:

            -0.000000


 Electric transition dipole moment (velocity rep.):

    x        0.000001        Norm:                  0.304053
    y        0.078262
    z       -0.293808        Norm / debye:          0.772831


 Electric transition dipole moment (length rep.):

    x        0.000001        Norm:                  0.286518
    y        0.073749
    z       -0.276864        Norm / debye:          0.728263


 Magnetic transition dipole moment / i:

    x       -0.001998        Norm:                  0.002987
    y       -0.002146
    z       -0.000572        Norm / Bohr mag.:      0.818630


 Electric quadrupole transition moment:

   xx       -0.000008
   yy        0.848556        1/3*trace:             0.306290
   zz        0.070321
   xy       -0.602448
   xz        2.261683        Anisotropy:            4.980011
   yz       -1.602156




                             9 a excitation


 Total energy:                           -114.6429274860531    

 Excitation energy:                      0.4653476821468642    

 Excitation energy / eV:                  12.66276013568956    

 Excitation energy / nm:                  97.91249512578460    

 Excitation energy / cm^(-1):             102132.0106862840    


 Oscillator strength:

    velocity representation:             0.1296530419824912E-01

    length representation:               0.9221031805507299E-02

    mixed representation:                0.1093405150732008E-01


 Rotatory strength:

    velocity representation:            -0.1046716830078336E-08

    velocity rep. / 10^(-40)erg*cm^3:   -0.6762294863654289E-04

    length representation:               0.5524471406788862E-08

    length rep. / 10^(-40)erg*cm^3:      0.3569074609771721E-03


 Dominant contributions:

      occ. orbital   energy / eV   virt. orbital     energy / eV   |coeff.|^2*100
        7 a   beta           -20.28     10 a   beta            -5.60       94.0
 

 Change of electron number:

             0.000000


 Electric transition dipole moment (velocity rep.):

    x       -0.000009        Norm:                  0.204432
    y        0.052611
    z       -0.197546        Norm / debye:          0.519617


 Electric transition dipole moment (length rep.):

    x       -0.000009        Norm:                  0.172404
    y        0.044368
    z       -0.166597        Norm / debye:          0.438210


 Magnetic transition dipole moment / i:

    x       -0.001976        Norm:                  0.004531
    y       -0.003941
    z       -0.001049        Norm / Bohr mag.:      1.241901


 Electric quadrupole transition moment:

   xx        0.000163
   yy        0.488201        1/3*trace:             0.184337
   zz        0.064648
   xy       -0.249955
   xz        0.938651        Anisotropy:            2.368451
   yz       -0.925214




                            10 a excitation


 Total energy:                           -114.6422605340216    

 Excitation energy:                      0.4660146341783682    

 Excitation energy / eV:                  12.68090883164520    

 Excitation energy / nm:                  97.77236446733670    

 Excitation energy / cm^(-1):             102278.3897370930    


 Oscillator strength:

    velocity representation:             0.1435016483179437E-04

    length representation:               0.8808699767108868E-05

    mixed representation:                0.9081472703878964E-05


 Rotatory strength:

    velocity representation:             0.7081108678133654E-08

    velocity rep. / 10^(-40)erg*cm^3:    0.4574737261035283E-03

    length representation:              -0.5717679541539069E-07

    length rep. / 10^(-40)erg*cm^3:     -0.3693896370509032E-02


 Dominant contributions:

      occ. orbital   energy / eV   virt. orbital     energy / eV   |coeff.|^2*100
        8 a   beta           -18.02     11 a   beta            -3.23       44.4
        9 a   alpha          -18.31     11 a   alpha           -3.48       40.9
        8 a   beta           -18.02     12 a   beta            -2.67        6.3
 

 Change of electron number:

             0.000000


 Electric transition dipole moment (velocity rep.):

    x        0.002513        Norm:                  0.006796
    y       -0.006083
    z       -0.001695        Norm / debye:          0.017275


 Electric transition dipole moment (length rep.):

    x        0.004507        Norm:                  0.005325
    y       -0.002723
    z       -0.000790        Norm / debye:          0.013534


 Magnetic transition dipole moment / i:

    x       -0.000018        Norm:                  0.000021
    y       -0.000006
    z       -0.000008        Norm / Bohr mag.:      0.005624


 Electric quadrupole transition moment:

   xx       -0.078588
   yy       -0.061122        1/3*trace:            -0.064707
   zz       -0.054411
   xy        0.031355
   xz        0.001339        Anisotropy:            0.058722
   yz        0.002950

 SUMMARY OF EXCITATION ENERGIES AND DIPOLE OSCILLATOR STRENGTHS (velocity/length):

 -----------------------------------------------------------------------------------------------
 |    Exc.   | energy (Eh) | energy (eV) | energy (cm-1) | energy (nm) | Osc.(vel) | Osc.(len) |
 -----------------------------------------------------------------------------------------------
 |     1 a   |    0.065963 |     1.79494 |     14477.158 |     690.743 |   0.00118 |   0.00003 |
 |     2 a   |    0.161627 |     4.39811 |     35473.127 |     281.904 |   0.00408 |   0.00109 |
 |     3 a   |    0.198450 |     5.40009 |     43554.691 |     229.596 |   0.06034 |   0.07711 |
 |     4 a   |    0.253475 |     6.89740 |     55631.257 |     179.755 |   0.00995 |   0.00790 |
 |     5 a   |    0.385115 |    10.47952 |     84523.069 |     118.311 |   0.00022 |   0.00015 |
 |     6 a   |    0.390367 |    10.62243 |     85675.693 |     116.719 |   0.00206 |   0.00329 |
 |     7 a   |    0.396235 |    10.78211 |     86963.620 |     114.991 |   0.00036 |   0.00142 |
 |     8 a   |    0.411889 |    11.20808 |     90399.247 |     110.620 |   0.02539 |   0.02254 |
 |     9 a   |    0.465348 |    12.66276 |    102132.011 |      97.912 |   0.01297 |   0.00922 |
 |    10 a   |    0.466015 |    12.68090 |    102278.390 |      97.772 |   0.00001 |   0.00001 |
 -----------------------------------------------------------------------------------------------



    escf profiling
  --------------------------------------------------------------------
             module   cpu total (s)       %  wall total (s)       %

         input total             0.0    2.32             0.1    2.31
       init symmetry             0.0    0.26             0.0    0.21
               moinp             0.0    0.35             0.0    0.15
            RI total             0.0    0.29             0.0    0.12
          RI prelims             0.0    0.05             0.0    0.02
       escf_cc_setup             0.1    4.09             0.2    6.92
           grid init             0.0    0.96             0.0    0.40
            becke...             0.0    0.50             0.0    0.21
         dft prelims             0.0    1.08             0.0    0.45
           dft total             0.0    1.08             0.0    0.45
             funct_2             0.0    0.48             0.0    0.20
              onde_2             0.0    0.36             0.0    0.15
                 gga             0.0    0.19             0.0    0.08
              tracao             0.0    0.04             0.0    0.13
           diag_prep             0.0    0.00             0.0    0.00
              respon             1.1   84.76             2.4   82.26
            startvec             0.0    0.02             0.0    0.01
           mvproduct             0.1    5.22             0.3    9.59
            tramocao             0.0    0.18             0.0    0.08
     tramocao_mvprod             0.0    0.15             0.0    0.06
              colrsp             0.0    0.24             0.0    0.10
              gammaP             0.0    0.12             0.0    0.05
              cotlet             0.0    0.01             0.0    0.00
              gammaQ             0.0    0.06             0.0    0.03
            tracaomo             0.0    0.25             0.0    0.83
              mv_rik             0.1    4.52             0.3    8.57
                ritz             0.0    3.11             0.0    1.30
            expandl3             0.0    0.21             0.0    0.76
           startover             0.0    0.44             0.0    0.18
                rest             0.0    0.17             0.0    1.46
             writeep             0.0    1.65             0.0    1.36
              proper             0.0    0.45             0.0    0.45
 


    ------------------------------------------------------------------------
         total  cpu-time :   1.26 seconds
         total wall-time :   3.03 seconds
    ------------------------------------------------------------------------

   ****  escf : all done  ****


    2023-07-09 02:22:03.045 

