
 escf (compt309) : TURBOMOLE rev. V7-6-2381-g96b3af1 compiled 16 Jan 2023 at 13:48:01
 Copyright (C) 2023 TURBOMOLE GmbH, Karlsruhe


    2023-07-09 02:21:55.424 




                                e s c f

                             TURBOMOLE GmbH

          integral direct evaluation of 

                    * excitation energies and transition moments 
                    * polarizabilities
                    * dynamic response properties 
                    * stabilities
                    * quasiparticle states with GW
                    * NMR coupling-constants



          references (see also programs dscf and ridft) 
          implementation and benchmarks (review) 
          F. Furche and D. Rappoport,  
          "Density functional methods for excited states: 
          equilibrium structure and electronic spectra",
          ch. III of "Computational Photochemistry", ed. by 
          M. Olivucci, vol. 16 of "Theoretical and Computational 
          Chemistry", Elsevier, Amsterdam, 2005.



              +--------------------------------------------------+
              | Atomic coordinate, charge and isotop information |
              +--------------------------------------------------+

                    atomic coordinates            atom    charge  isotop
         -9.24314180    6.23174984    0.00054802    c      6.000     0
         -9.98177905    5.77299993   -1.91166584    h      1.000     0
         -6.60094563    6.20640861   -0.00619830    o      8.000     0
         -9.98177905    4.88256098    1.43120298    h      1.000     0
         -9.90212710    8.15492412    0.51283388    h      1.000     0
         -6.10304059    4.45939461   -0.47154336    h      1.000     0
 
       center of nuclear mass  :   -7.89226438    6.16696788   -0.01670470
       center of nuclear charge:   -8.01306343    6.12842487   -0.02697059

              +--------------------------------------------------+
              |               basis set information              |
              +--------------------------------------------------+

              we will work with the 1s 3p 5d 7f 9g ... basis set
              ...i.e. with spherical basis functions...

   type   atoms  prim   cont   basis
   ---------------------------------------------------------------------------
    c        1     24     14   def2-SVP   [3s2p1d|7s4p1d]
    h        4      7      5   def2-SVP   [2s1p|4s1p]
    o        1     24     14   def2-SVP   [3s2p1d|7s4p1d]
   ---------------------------------------------------------------------------
   total:    6     76     48
   ---------------------------------------------------------------------------

   total number of primitive shells          :   29
   total number of contracted shells         :   24
   total number of cartesian basis functions :   50
   total number of SCF-basis functions       :   48


 residuum convergence criterium   :  0.10E-04


 integral neglect threshold       :  0.33E-10
 integral storage threshold THIZE :  0.10E-04
 integral storage threshold THIME :         5

 
             FOUND RI-J FLAG !
 
  
 AUXILIARY BASIS SET information:

              we will work with the 1s 3p 5d 7f 9g ... basis set
              ...i.e. with spherical basis functions...

   type   atoms  prim   cont   basis
   ---------------------------------------------------------------------------
    c        1     70     49   def2-SVP   [6s4p3d1f1g|12s5p4d2f1g]
    h        4     16     11   def2-SVP   [3s1p1d|5s2p1d]
    o        1     70     49   def2-SVP   [6s4p3d1f1g|12s5p4d2f1g]
   ---------------------------------------------------------------------------
   total:    6    204    142
   ---------------------------------------------------------------------------

   total number of primitive shells          :   56
   total number of contracted shells         :   50
   total number of cartesian basis functions :  170
   total number of SCF-basis functions       :  142

 CI SINGLES UHF-CALCULATION (spin-conserved)
 (TAMM-DANCOFF-APPROXIMATION)
 
             FOUND DFT-FLAG !
 

 maximum number of Davidson iterations set to   35


 symmetry group of the molecule :   c1 

 the group has the following generators :
   c1(z)

    1 symmetry operations found

 there are 1 real representations :   a   

 maximum number of shells which are related by symmetry :  1

 IRREPs of excited states :   a   
  
           ------------------
           density functional
           ------------------
 PBE functional
 exchange:    LDA + PBE
 correlation: LDA (PW) + PBE
 spherical integration : Lebedev's spherical grid
 spherical gridsize    :                     4
    i.e. gridpoints    :                   434
  maximum batchsize    :                   100
 value for diffuse not defined
 radial integration    : Chebyshev 2nd kind (scaling 3)
 radial gridsize       :                     6
 integration cells     :                     6
 partition function    : becke
 partition sharpness   :                     3
  

 ----------------------------------------------------------------------
          some useful papers before it begins
 ----------------------------------------------------------------------

     nonorthonormal Krylov space methods 
     F. Furche, B. T. Krull, B. D. Nguyen, and J. Kwon, 
     J. Chem. Phys. 144, 174105 (2016).

     RI-J method 
     R. Bauernschmitt, M. Haeser, O. Treutler, and R. Ahlrichs,
     Chem. Phys. Lett. 264, 573 (1997).

     density functional implementation               
     R. Bauernschmitt and R. Ahlrichs,
     Chem. Phys. Lett. 256, 454 (1996).
     R. Bauernschmitt and R. Ahlrichs,
     J. Chem. Phys. 104, 9047 (1996).

     UHF extension (RPA and CIS)
     C. Ochsenfeld, J. Gauss, and R. Ahlrichs, 
     J. Chem. Phys. 103, 7401 (1995).

     integral direct algorithm                 
     H. Weiss, R. Ahlrichs, and M. Haeser, 
     J. Chem. Phys. 99, 1262 (1993).

 ----------------------------------------------------------------------

  MOs are in ASCII format !


    mo occupation :
   irrep   mo's   occupied
    a       48        9
 
 number of basis functions   :    48
 number of occupied orbitals :     9
 
 ALPHA-Occupation:9
 BETA-Occupation :8

 reading orbital data $uhfmo_alpha  from file alpha
 orbital characterization : scfconv=7

 reading orbital data $uhfmo_beta  from file beta
 orbital characterization : scfconv=7
  
           ----------------------
               RI - INFORMATION
           ----------------------

 biggest AO integral is expected to be     4.776656448

 Threshold for integral neglect (rithr2):   0.33E-10
 Threshold for integral neglect (rithr1):   0.33E-10

 Contributions to RI integral batches: 
  neglected integral batches:                     0
  direct contribution:                            0
  memory contribution:                   300
 Core memory available (ricore)            500 MiB
 Core memory needed for (P|Q) and Cholesky 1 MiB
 Core memory used for integrals            2 MiB
  
 ****************************************
 Memory allocated for RIDFT 2 MiB
 ****************************************
                                            
 preparing DFT   numerical integration ....
          Overall gridpoints after grid construction =         55768

 Calculating ground state density on molecular grid

 Integral of ground state total density: Na =   17.00000094477502    

 Integral of ground state spin density:  Nb =  0.9999999458404014    


 all orbitals will be included in the transformation

 number of non-frozen orbitals          :    48
 number of non-frozen occupied orbitals :     9
 all orbitals will be included in the transformation

 number of non-frozen orbitals          :    48
 number of non-frozen occupied orbitals :     8

 dimension of super-tensorspace: 1

          IRREP   tensor space dimension   number of roots

           a                 671                     10

 machine precision: 2.22D-16


 logfile ucis_a    will be constructed




                       Nonorthonormal Krylov Space Iteration


 total number of roots to be determined: 10


 maximum core memory set to          500 MB,
 corresponding to    12435 vectors in CAO basis


 maximum number of simultaneously treated vectors (including degeneracy):       18


 Iteration IRREP Converged      Max. Euclidean
                 roots          residual norm

    1       a        0        2.298784120442425D-01
 
    2       a        0        2.907109767107697D-02
 
    3       a        0        8.691969769219418D-03
 
    4       a        1        7.102655388362389D-03
 
    5       a        6        1.181742276927325D-03
 
    6       a        9        9.359039817875221D-05
 
    7       a       10        9.286114399957813D-06
 

 converged!

 Eigenpairs written on logfile ucis_a   



 IRREP   Vector     Eigenvalue           Euclidean residual norm

  a         1    5.338645117275305D-02    9.246055346668759D-06
            2    1.476261217726614D-01    2.320519129467447D-07
            3    2.055880808339125D-01    2.139333473556747D-06
            4    2.407068833221735D-01    4.420052697967620D-07
            5    3.473358194431574D-01    8.545700422186585D-06
            6    3.632699503854540D-01    1.884304145359191D-06
            7    3.682579221209679D-01    8.010518585494384D-07
            8    3.808002435025150D-01    1.690507510883866D-06
            9    4.280020510957852D-01    9.286114399957813D-06
           10    4.366292849190359D-01    7.577739059498690D-06






                    Selection rules for point group c1  


 Subduction with respect to c1  :

    Polar vector representation: a                           

    Axial vector representation: a                           

    Symmetric second rank tensor representation: a                           




                            Ground state


 Total energy:                           -115.1048937605000    

 Charge:

               elec          nuc         total

           -17.000000    18.000000     1.000000


 Electric dipole moment:

               elec          nuc         total   

    x      135.832471  -144.235142    -8.402671    Norm:              9.990484
    y     -104.912018   110.311648     5.399630
    z        0.264380    -0.485471    -0.221090    Norm / debye:     25.393468


 Electric quadrupole moment:

               elec          nuc         total   

   xx    -1130.486983  1195.764940    65.277957
   yy     -662.506437   684.720217    22.213780    1/3*trace:        26.829632
   zz      -13.191310     6.188469    -7.002841
   xy      840.452038  -887.679428   -47.227389
   xz       -1.529166     2.892501     1.363335    Anisotropy:      103.282296
   yz        1.093637    -2.256050    -1.162414



 ==============================================================================

                              I R R E P   a   

 ==============================================================================


 Excitation is electric dipole allowed

 Excitation is magnetic dipole allowed

 Excitation is electric quadrupole allowed




                             1 a excitation


 Total energy:                           -115.0515073093272    

 Excitation energy:                      0.5338645117275305E-01

 Excitation energy / eV:                  1.452719872972144    

 Excitation energy / nm:                  853.4628479529702    

 Excitation energy / cm^(-1):             11716.97165552356    


 Oscillator strength:

    velocity representation:             0.4168531561389872E-02

    length representation:               0.4850009376662742E-03

    mixed representation:                0.1421879641563156E-02


 Rotatory strength:

    velocity representation:            -0.9459261616586006E-07

    velocity rep. / 10^(-40)erg*cm^3:   -0.6111138600782265E-02

    length representation:               0.2629606356012102E-07

    length rep. / 10^(-40)erg*cm^3:      0.1698852358508699E-02


 Dominant contributions:

      occ. orbital   energy / eV   virt. orbital     energy / eV   |coeff.|^2*100
        8 a   beta           -16.38      9 a   beta           -14.98       99.7
 

 Change of electron number:

            -0.000000


 Electric transition dipole moment (velocity rep.):

    x       -0.000035        Norm:                  0.342233
    y       -0.088088
    z        0.330702        Norm / debye:          0.869876


 Electric transition dipole moment (length rep.):

    x        0.000010        Norm:                  0.116735
    y        0.030045
    z       -0.112802        Norm / debye:          0.296713


 Magnetic transition dipole moment / i:

    x        0.003139        Norm:                  0.003142
    y       -0.000135
    z       -0.000036        Norm / Bohr mag.:      0.861225


 Electric quadrupole transition moment:

   xx       -0.000165
   yy        0.124096        1/3*trace:             0.124723
   zz        0.250238
   xy       -0.399054
   xz        1.498411        Anisotropy:            2.733727
   yz       -0.266333




                             2 a excitation


 Total energy:                           -114.9572676387273    

 Excitation energy:                      0.1476261217726614    

 Excitation energy / eV:                  4.017112884596553    

 Excitation energy / nm:                  308.6401790745801    

 Excitation energy / cm^(-1):             32400.18855772810    


 Oscillator strength:

    velocity representation:             0.1039909826309948E-03

    length representation:               0.1910189382108747E-03

    mixed representation:                0.1409405770581352E-03


 Rotatory strength:

    velocity representation:            -0.2043135756525777E-08

    velocity rep. / 10^(-40)erg*cm^3:   -0.1319964104433925E-03

    length representation:              -0.8829070312841946E-08

    length rep. / 10^(-40)erg*cm^3:     -0.5704004665990262E-03


 Dominant contributions:

      occ. orbital   energy / eV   virt. orbital     energy / eV   |coeff.|^2*100
        7 a   beta           -19.08      9 a   beta           -14.98       99.8
 

 Change of electron number:

             0.000000


 Electric transition dipole moment (velocity rep.):

    x       -0.000003        Norm:                  0.032506
    y        0.008366
    z       -0.031411        Norm / debye:          0.082622


 Electric transition dipole moment (length rep.):

    x        0.000005        Norm:                  0.044056
    y        0.011338
    z       -0.042572        Norm / debye:          0.111979


 Magnetic transition dipole moment / i:

    x       -0.000502        Norm:                  0.002712
    y        0.002575
    z        0.000686        Norm / Bohr mag.:      0.743176


 Electric quadrupole transition moment:

   xx       -0.000073
   yy        0.157105        1/3*trace:             0.047061
   zz       -0.015850
   xy        0.055248
   xz       -0.207214        Anisotropy:            0.650143
   yz       -0.292850




                             3 a excitation


 Total energy:                           -114.8993056796661    

 Excitation energy:                      0.2055880808339125    

 Excitation energy / eV:                  5.594338715401577    

 Excitation energy / nm:                  221.6244855985064    

 Excitation energy / cm^(-1):             45121.36811734469    


 Oscillator strength:

    velocity representation:             0.8208410552622739E-02

    length representation:               0.1357354979930851    

    mixed representation:                0.2511648780685554E-01


 Rotatory strength:

    velocity representation:             0.1230256982845102E-08

    velocity rep. / 10^(-40)erg*cm^3:    0.7948052650921485E-04

    length representation:              -0.1929581490346295E-03

    length rep. / 10^(-40)erg*cm^3:      -12.46602579247206    


 Dominant contributions:

      occ. orbital   energy / eV   virt. orbital     energy / eV   |coeff.|^2*100
        6 a   beta           -19.11      9 a   beta           -14.98       94.1
 

 Change of electron number:

             0.000000


 Electric transition dipole moment (velocity rep.):

    x       -0.171395        Norm:                  0.244724
    y       -0.168796
    z       -0.044960        Norm / debye:          0.622031


 Electric transition dipole moment (length rep.):

    x        0.992297        Norm:                  0.995161
    y        0.072906
    z        0.019414        Norm / debye:          2.529466


 Magnetic transition dipole moment / i:

    x       -0.000210        Norm:                  0.001770
    y       -0.000250
    z        0.001740        Norm / Bohr mag.:      0.485219


 Electric quadrupole transition moment:

   xx      -16.141997
   yy        0.744361        1/3*trace:            -5.328282
   zz       -0.587210
   xy        5.166419
   xz       -0.270386        Anisotropy:           18.571695
   yz        0.242292




                             4 a excitation


 Total energy:                           -114.8641868771778    

 Excitation energy:                      0.2407068833221735    

 Excitation energy / eV:                  6.549970362925630    

 Excitation energy / nm:                  189.2897786351038    

 Excitation energy / cm^(-1):             52829.05432408203    


 Oscillator strength:

    velocity representation:             0.4815262975161191E-04

    length representation:               0.1335122647175089E-01

    mixed representation:                0.8018083707160122E-03


 Rotatory strength:

    velocity representation:             0.1367651308574796E-08

    velocity rep. / 10^(-40)erg*cm^3:    0.8835686169824224E-04

    length representation:              -0.4240043701317265E-08

    length rep. / 10^(-40)erg*cm^3:     -0.2739272448780786E-03


 Dominant contributions:

      occ. orbital   energy / eV   virt. orbital     energy / eV   |coeff.|^2*100
        5 a   beta           -21.43      9 a   beta           -14.98       98.1
 

 Change of electron number:

             0.000000


 Electric transition dipole moment (velocity rep.):

    x       -0.000000        Norm:                  0.017323
    y       -0.004460
    z        0.016739        Norm / debye:          0.044030


 Electric transition dipole moment (length rep.):

    x        0.000006        Norm:                  0.288444
    y        0.074245
    z       -0.278725        Norm / debye:          0.733158


 Magnetic transition dipole moment / i:

    x       -0.001318        Norm:                  0.002038
    y       -0.001502
    z       -0.000400        Norm / Bohr mag.:      0.558639


 Electric quadrupole transition moment:

   xx       -0.000088
   yy        0.899723        1/3*trace:             0.308317
   zz        0.025317
   xy       -0.745142
   xz        2.797482        Anisotropy:            5.875517
   yz       -1.692219




                             5 a excitation


 Total energy:                           -114.7575579410568    

 Excitation energy:                      0.3473358194431574    

 Excitation energy / eV:                  9.451492586899347    

 Excitation energy / nm:                  131.1795389633190    

 Excitation energy / cm^(-1):             76231.40070116887    


 Oscillator strength:

    velocity representation:             0.8333102832870474E-04

    length representation:               0.7234641007925650E-04

    mixed representation:                0.7430618169724776E-04


 Rotatory strength:

    velocity representation:            -0.8636704982356493E-10

    velocity rep. / 10^(-40)erg*cm^3:   -0.5579727397400859E-05

    length representation:               0.1975833865546615E-06

    length rep. / 10^(-40)erg*cm^3:      0.1276483841328903E-01


 Dominant contributions:

      occ. orbital   energy / eV   virt. orbital     energy / eV   |coeff.|^2*100
        8 a   beta           -16.38     10 a   beta            -6.61       56.3
        9 a   alpha          -16.65     10 a   alpha           -6.81       43.0
 

 Change of electron number:

            -0.000000


 Electric transition dipole moment (velocity rep.):

    x       -0.003532        Norm:                  0.018970
    y       -0.018010
    z       -0.004799        Norm / debye:          0.048218


 Electric transition dipole moment (length rep.):

    x       -0.008187        Norm:                  0.017676
    y       -0.015138
    z       -0.004032        Norm / debye:          0.044928


 Magnetic transition dipole moment / i:

    x       -0.000038        Norm:                  0.000043
    y        0.000012
    z       -0.000016        Norm / Bohr mag.:      0.011724


 Electric quadrupole transition moment:

   xx        0.154105
   yy       -0.144979        1/3*trace:             0.000730
   zz       -0.006936
   xy        0.004935
   xz        0.014895        Anisotropy:            0.261339
   yz       -0.010624




                             6 a excitation


 Total energy:                           -114.7416238101145    

 Excitation energy:                      0.3632699503854540    

 Excitation energy / eV:                  9.885082536594831    

 Excitation energy / nm:                  125.4256032233170    

 Excitation energy / cm^(-1):             79728.53820525484    


 Oscillator strength:

    velocity representation:             0.1935776243325550E-02

    length representation:               0.7081207784527431E-03

    mixed representation:                0.1170796040905112E-02


 Rotatory strength:

    velocity representation:            -0.2181155306496222E-07

    velocity rep. / 10^(-40)erg*cm^3:   -0.1409131381297064E-02

    length representation:              -0.1487992628600092E-07

    length rep. / 10^(-40)erg*cm^3:     -0.9613149058456231E-03


 Dominant contributions:

      occ. orbital   energy / eV   virt. orbital     energy / eV   |coeff.|^2*100
        8 a   alpha          -16.79     10 a   alpha           -6.81       84.2
        4 a   beta           -25.07      9 a   beta           -14.98       15.1
 

 Change of electron number:

             0.000000


 Electric transition dipole moment (velocity rep.):

    x        0.000007        Norm:                  0.089404
    y       -0.023013
    z        0.086392        Norm / debye:          0.227245


 Electric transition dipole moment (length rep.):

    x        0.000009        Norm:                  0.054074
    y       -0.013918
    z        0.052252        Norm / debye:          0.137442


 Magnetic transition dipole moment / i:

    x       -0.000091        Norm:                  0.001664
    y       -0.001605
    z       -0.000428        Norm / Bohr mag.:      0.456019


 Electric quadrupole transition moment:

   xx       -0.000143
   yy       -0.213560        1/3*trace:            -0.057853
   zz        0.040144
   xy        0.068694
   xz       -0.257856        Anisotropy:            0.859544
   yz        0.395568




                             7 a excitation


 Total energy:                           -114.7366358383790    

 Excitation energy:                      0.3682579221209679    

 Excitation energy / eV:                  10.02081221157466    

 Excitation energy / nm:                  123.7267412947414    

 Excitation energy / cm^(-1):             80823.27145984878    


 Oscillator strength:

    velocity representation:             0.3641704622393081E-02

    length representation:               0.3656438719368850E-02

    mixed representation:                0.3574048365247781E-02


 Rotatory strength:

    velocity representation:             0.3578541487218759E-07

    velocity rep. / 10^(-40)erg*cm^3:    0.2311910157839168E-02

    length representation:              -0.6431826721917412E-05

    length rep. / 10^(-40)erg*cm^3:     -0.4155269845262872    


 Dominant contributions:

      occ. orbital   energy / eV   virt. orbital     energy / eV   |coeff.|^2*100
        9 a   alpha          -16.65     10 a   alpha           -6.81       56.2
        8 a   beta           -16.38     10 a   beta            -6.61       42.8
 

 Change of electron number:

             0.000000


 Electric transition dipole moment (velocity rep.):

    x       -0.109911        Norm:                  0.121793
    y        0.050700
    z        0.013515        Norm / debye:          0.309569


 Electric transition dipole moment (length rep.):

    x       -0.118475        Norm:                  0.122039
    y        0.028290
    z        0.007544        Norm / debye:          0.310195


 Magnetic transition dipole moment / i:

    x        0.000113        Norm:                  0.004224
    y       -0.000856
    z        0.004134        Norm / Bohr mag.:      1.157561


 Electric quadrupole transition moment:

   xx        1.805120
   yy       -0.071045        1/3*trace:             0.665366
   zz        0.262024
   xy       -0.194765
   xz        0.144654        Anisotropy:            1.802696
   yz       -0.149557




                             8 a excitation


 Total energy:                           -114.7240935169975    

 Excitation energy:                      0.3808002435025150    

 Excitation energy / eV:                  10.36210628757940    

 Excitation energy / nm:                  119.6515848858670    

 Excitation energy / cm^(-1):             83575.99281318457    


 Oscillator strength:

    velocity representation:             0.2325372740074073E-02

    length representation:               0.3380869899320059E-01

    mixed representation:                0.8866669442982459E-02


 Rotatory strength:

    velocity representation:            -0.1825048564203963E-09

    velocity rep. / 10^(-40)erg*cm^3:   -0.1179069274228872E-04

    length representation:              -0.1158339129031488E-08

    length rep. / 10^(-40)erg*cm^3:     -0.7483428676725479E-04


 Dominant contributions:

      occ. orbital   energy / eV   virt. orbital     energy / eV   |coeff.|^2*100
        4 a   beta           -25.07      9 a   beta           -14.98       81.4
        8 a   alpha          -16.79     10 a   alpha           -6.81       15.3
 

 Change of electron number:

             0.000000


 Electric transition dipole moment (velocity rep.):

    x        0.000001        Norm:                  0.095707
    y       -0.024635
    z        0.092482        Norm / debye:          0.243265


 Electric transition dipole moment (length rep.):

    x       -0.000001        Norm:                  0.364931
    y       -0.093934
    z        0.352635        Norm / debye:          0.927570


 Magnetic transition dipole moment / i:

    x        0.000171        Norm:                  0.000350
    y        0.000295
    z        0.000079        Norm / Bohr mag.:      0.095832


 Electric quadrupole transition moment:

   xx        0.000009
   yy       -1.033482        1/3*trace:            -0.390118
   zz       -0.136880
   xy        0.839152
   xz       -3.150242        Anisotropy:            6.658258
   yz        1.958097




                             9 a excitation


 Total energy:                           -114.6768917094042    

 Excitation energy:                      0.4280020510957852    

 Excitation energy / eV:                  11.64653337393999    

 Excitation energy / nm:                  106.4559212820293    

 Excitation energy / cm^(-1):             93935.59210308998    


 Oscillator strength:

    velocity representation:             0.1379575022255200E-03

    length representation:               0.3513800776296249E-03

    mixed representation:                0.2171346965744603E-03


 Rotatory strength:

    velocity representation:             0.2224162039878999E-08

    velocity rep. / 10^(-40)erg*cm^3:    0.1436915802441332E-03

    length representation:              -0.3209607509219440E-06

    length rep. / 10^(-40)erg*cm^3:     -0.2073561038692432E-01


 Dominant contributions:

      occ. orbital   energy / eV   virt. orbital     energy / eV   |coeff.|^2*100
        8 a   beta           -16.38     11 a   beta            -4.28       49.9
        9 a   alpha          -16.65     11 a   alpha           -4.58       46.9
 

 Change of electron number:

             0.000000


 Electric transition dipole moment (velocity rep.):

    x        0.021295        Norm:                  0.021988
    y        0.005298
    z        0.001394        Norm / debye:          0.055890


 Electric transition dipole moment (length rep.):

    x        0.032070        Norm:                  0.035092
    y        0.013771
    z        0.003651        Norm / debye:          0.089196


 Magnetic transition dipole moment / i:

    x        0.000014        Norm:                  0.000382
    y        0.000045
    z       -0.000379        Norm / Bohr mag.:      0.104601


 Electric quadrupole transition moment:

   xx       -0.542174
   yy        0.153511        1/3*trace:            -0.159774
   zz       -0.090658
   xy        0.012392
   xz       -0.049722        Anisotropy:            0.622338
   yz        0.043573




                            10 a excitation


 Total energy:                           -114.6682644755810    

 Excitation energy:                      0.4366292849190359    

 Excitation energy / eV:                  11.88129245135569    

 Excitation energy / nm:                  104.3524890192576    

 Excitation energy / cm^(-1):             95829.05106041049    


 Oscillator strength:

    velocity representation:             0.9850423625647202E-03

    length representation:               0.1331419799383754E-02

    mixed representation:                0.1094585040998204E-02


 Rotatory strength:

    velocity representation:            -0.2586738070104432E-09

    velocity rep. / 10^(-40)erg*cm^3:   -0.1671157381101543E-04

    length representation:              -0.2955604074509365E-05

    length rep. / 10^(-40)erg*cm^3:     -0.1909462586032420    


 Dominant contributions:

      occ. orbital   energy / eV   virt. orbital     energy / eV   |coeff.|^2*100
        8 a   beta           -16.38     12 a   beta            -3.93       46.4
        9 a   alpha          -16.65     12 a   alpha           -4.09       34.2
        9 a   alpha          -16.65     14 a   alpha           -3.40        5.0
        7 a   beta           -19.08     10 a   beta            -6.61        4.8
 

 Change of electron number:

             0.000000


 Electric transition dipole moment (velocity rep.):

    x       -0.005025        Norm:                  0.058172
    y        0.056001
    z        0.014922        Norm / debye:          0.147860


 Electric transition dipole moment (length rep.):

    x       -0.025395        Norm:                  0.067631
    y        0.060569
    z        0.016138        Norm / debye:          0.171903


 Magnetic transition dipole moment / i:

    x        0.000148        Norm:                  0.000914
    y        0.000245
    z       -0.000868        Norm / Bohr mag.:      0.250534


 Electric quadrupole transition moment:

   xx        0.417801
   yy        0.809588        1/3*trace:             0.400048
   zz       -0.027245
   xy       -0.729036
   xz       -0.152105        Anisotropy:            1.495330
   yz        0.124093

 SUMMARY OF EXCITATION ENERGIES AND DIPOLE OSCILLATOR STRENGTHS (velocity/length):

 -----------------------------------------------------------------------------------------------
 |    Exc.   | energy (Eh) | energy (eV) | energy (cm-1) | energy (nm) | Osc.(vel) | Osc.(len) |
 -----------------------------------------------------------------------------------------------
 |     1 a   |    0.053386 |     1.45272 |     11716.972 |     853.463 |   0.00417 |   0.00049 |
 |     2 a   |    0.147626 |     4.01711 |     32400.189 |     308.640 |   0.00010 |   0.00019 |
 |     3 a   |    0.205588 |     5.59434 |     45121.368 |     221.624 |   0.00821 |   0.13574 |
 |     4 a   |    0.240707 |     6.54997 |     52829.054 |     189.290 |   0.00005 |   0.01335 |
 |     5 a   |    0.347336 |     9.45149 |     76231.401 |     131.180 |   0.00008 |   0.00007 |
 |     6 a   |    0.363270 |     9.88508 |     79728.538 |     125.426 |   0.00194 |   0.00071 |
 |     7 a   |    0.368258 |    10.02081 |     80823.271 |     123.727 |   0.00364 |   0.00366 |
 |     8 a   |    0.380800 |    10.36210 |     83575.993 |     119.652 |   0.00233 |   0.03381 |
 |     9 a   |    0.428002 |    11.64653 |     93935.592 |     106.456 |   0.00014 |   0.00035 |
 |    10 a   |    0.436629 |    11.88129 |     95829.051 |     104.352 |   0.00099 |   0.00133 |
 -----------------------------------------------------------------------------------------------




    ------------------------------------------------------------------------
         total  cpu-time :   4.86 seconds
         total wall-time :   5.28 seconds
    ------------------------------------------------------------------------

   ****  escf : all done  ****


    2023-07-09 02:22:00.676 

