
 ridft (compt309) : TURBOMOLE rev. V7-6-2381-g96b3af1 compiled 16 Jan 2023 at 13:48:01
 Copyright (C) 2023 TURBOMOLE GmbH, Karlsruhe


    2023-07-09 02:21:52.050 



                                  r i d f t

                        DFT program with RI approximation 
                                for coulomb part 




                                                 
                                 References:     
                                                 
          TURBOMOLE:                             
              R. Ahlrichs, M. Baer, M. Haeser, H. Horn, and
              C. Koelmel
              Electronic structure calculations on workstation
              computers: the program system TURBOMOLE
              Chem. Phys. Lett. 162: 165 (1989)
          Density Functional:                              
              O. Treutler and R. Ahlrichs                      
              Efficient Molecular Numerical Integration Schemes
              J. Chem. Phys. 102: 346 (1995)                   
          Parallel Version:                                
              Performance of parallel TURBOMOLE for Density    
              Functional Calculations                          
              M. v. Arnim and R. Ahlrichs                      
              J. Comp. Chem. 19: 1746 (1998)                   
          RI-J Method:                                     
              Auxiliary Basis Sets to approximate Coulomb      
              Potentials                                       
              Chem. Phys. Lett. 240: 283 (1995)                
              K. Eichkorn, O. Treutler, H. Oehm, M. Haeser     
              and R. Ahlrichs                                  
              Chem. Phys. Lett. 242: 652 (1995)                
                                                           
              Auxiliary Basis Sets for Main Row Atoms and their
              Use to approximate Coulomb Potentials            
              K. Eichkorn, F. Weigend, O. Treutler and         
              R. Ahlrichs                                      
              Theo. Chem. Acc. 97: 119 (1997)                   
                                                           
              Accurate Coulomb-fitting basis sets for H to Rn 
              F. Weigend                                        
              Phys. Chem. Chem. Phys. 8: 1057 (2006)            
                                                           
          Multipole accelerated RI-J (MARI-J):             
              Fast evaluation of the Coulomb potential for     
              electron densities using multipole accelerated   
              resolution of identity approximation             
              M. Sierka, A. Hogekamp and R. Ahlrichs           
              J. Chem. Phys. 118: 9136 (2003)                  
          RI-JK Method:                                     
              A fully direct RI-HF algorithm: Implementation,
              optimised auxiliary basis sets, demonstration of
              accuracy and efficiency                         
              F. Weigend                                      
              Phys. Chem. Chem. Phys. 4: 4285 (2002)           
          Two-component HF and DFT with spin-orbit coupling:  
              Self-consistent treatment of spin-orbit         
              interactions with efficient Hartree-Fock and    
              density functional methods                      
              M. K. Armbruster, F. Weigend, C. van WÃ¼llen and 
              W. Klopper                                      
              Phys. Chem. Chem. Phys. 10: 1748 (2008)         
          Two-component difference density and DIIS algorithm 
              Efficient two-component self-consistent field   
              procedures and gradients: implementation in     
              TURBOMOLE and application to Au20-              
              A. Baldes, F. Weigend                           
              Mol. Phys. 111: 2617 (2013)                     
          Relativistic current density functional theory      
              Current density functional framework for        
              spin-orbit coupling                             
              C. Holzer, Y. J. Franzke, A. Pausch             
              J. Chem. Phys. 157: 204102 (2022)               
          Relativistic all-electron 2c calculations           
              An efficient implementation of two-component    
              relativistic exact-decoupling methods for large 
              molecules                                       
              D. Peng, N. Middendorf, F. Weigend, M. Reiher   
              J. Chem. Phys. 138: 184105 (2013)               
          Finite nucleus model and SNSO approximation         
              Efficient implementation of one- and two-       
              component analytical energy gradients in exact  
              two-component theory                            
              Y. J. Franzke, N. Middendorf, F. Weigend        
              J. Chem. Phys. 148: 104110 (2018)               
          Grids for all-electron relativistic methods         
              Error-consistent segmented contracted all-      
              electron relativistic basis sets of double-     
              and triple-zeta quality for NMR shielding       
              constants                                       
              Y. J. Franzke, R. Tress, T. M. Pazdera,         
              F. Weigend                                      
              Phys. Chem. Chem. Phys. 21: 166658 (2019)       
          Seminumerical exchange algorithms                   
              Seminumerical calculation of the Hartree-Fock   
              exchange matirx: Application to two-component   
              procedures and efficient evaluation of local    
              hybrid functionsl                               
              P. Plessow, F. Weigend,                         
              J. Comput. Chem. 33: 810 (2012)                 
          Improved seminumerical algorithms                   
              C. Holzer,                                      
              J. Chem. Phys. 153 (2020), 184115               
                                         




              +--------------------------------------------------+
              |      general information about current run       |
              +--------------------------------------------------+

 

 DENSITY CONVERGENCE CHECK SWITCHED ON !
 SCF CONVERGENCE IF RMS(delta[D]) <     0.1000000000E-06

 PBE functional
 exchange:    LDA + PBE
 correlation: LDA (PW) + PBE
 A DFT calculation using the RI-J approximation will be carried out.
 Allocatable memory for RI due to $ricore (MB):                   500


              +--------------------------------------------------+
              | Atomic coordinate, charge and isotop information |
              +--------------------------------------------------+

                    atomic coordinates            atom    charge  isotop
         -9.24314180    6.23174984    0.00054802    c      6.000     0
         -9.98177905    5.77299993   -1.91166584    h      1.000     0
         -6.60094563    6.20640861   -0.00619830    o      8.000     0
         -9.98177905    4.88256098    1.43120298    h      1.000     0
         -9.90212710    8.15492412    0.51283388    h      1.000     0
         -6.10304059    4.45939461   -0.47154336    h      1.000     0
 
       center of nuclear mass  :   -7.89226438    6.16696788   -0.01670470
       center of nuclear charge:   -8.01306343    6.12842487   -0.02697059

              +--------------------------------------------------+
              |               basis set information              |
              +--------------------------------------------------+

              we will work with the 1s 3p 5d 7f 9g ... basis set
              ...i.e. with spherical basis functions...

   type   atoms  prim   cont   basis
   ---------------------------------------------------------------------------
    c        1     24     14   def2-SVP   [3s2p1d|7s4p1d]
    h        4      7      5   def2-SVP   [2s1p|4s1p]
    o        1     24     14   def2-SVP   [3s2p1d|7s4p1d]
   ---------------------------------------------------------------------------
   total:    6     76     48
   ---------------------------------------------------------------------------

   total number of primitive shells          :   29
   total number of contracted shells         :   24
   total number of cartesian basis functions :   50
   total number of SCF-basis functions       :   48


 integral neglect threshold       :  0.67E-10
 integral storage threshold THIZE :  0.10E-04
 integral storage threshold THIME :         5

 RI-J AUXILIARY BASIS SET information:

              we will work with the 1s 3p 5d 7f 9g ... basis set
              ...i.e. with spherical basis functions...

   type   atoms  prim   cont   basis
   ---------------------------------------------------------------------------
    c        1     70     49   def2-SVP   [6s4p3d1f1g|12s5p4d2f1g]
    h        4     16     11   def2-SVP   [3s1p1d|5s2p1d]
    o        1     70     49   def2-SVP   [6s4p3d1f1g|12s5p4d2f1g]
   ---------------------------------------------------------------------------
   total:    6    204    142
   ---------------------------------------------------------------------------

   total number of primitive shells          :   56
   total number of contracted shells         :   50
   total number of cartesian basis functions :  170
   total number of SCF-basis functions       :  142


 symmetry group of the molecule :   c1 

 the group has the following generators :
   c1(z)

    1 symmetry operations found

 there are 1 real representations :   a   

 maximum number of shells which are related by symmetry :  1

  
           ------------------
           density functional
           ------------------
 PBE functional
 exchange:    LDA + PBE
 correlation: LDA (PW) + PBE
 spherical integration : Lebedev's spherical grid
 spherical gridsize    :                     4
    i.e. gridpoints    :                   434
  maximum batchsize    :                   100
 value for diffuse not defined
 radial integration    : Chebyshev 2nd kind (scaling 3)
 radial gridsize       :                     6
 integration cells     :                     6
 partition function    : becke
 partition sharpness   :                     3
  

 biggest AO integral is expected to be     4.776656448

          ------------------------
          nuclear repulsion energy  :   40.3453758809    
          ------------------------


         -----------------
         -S,T+V- integrals
         -----------------

 1e-integrals will be neglected if expon. factor < 0.668392E-11
 
 Difference densities algorithm switched on.
 The maximal number of linear combinations of
 difference densities is  20.

 DIIS switched on: error vector is FDS-SDF
 Max. Iterations for DIIS is     :   4
 DIIS matrix (see manual) 
    Scaling factor of diagonals  :  1.200
    threshold for scaling factor :  0.000

 scf convergence criterion : increment of total energy < .1000000D-06
                  and increment of one-electron energy < .1000000D-03

 MOs are in ASCII format !


    mo occupation :
   irrep   mo's   occupied
    a       48        9
 
 number of basis functions   :    48
 number of occupied orbitals :     9
 

 reading orbital data $uhfmo_alpha  from file alpha
 orbital characterization : expanded

 reading orbital data $uhfmo_beta  from file beta
 orbital characterization : expanded
 virtual MOs provided and orthogonalized by Cholesky decomposition
 virtual MOs provided and orthogonalized by Cholesky decomposition

 UHF mode switched on !

 closed shell shift switched on 
 all occupied orbitals are shifted by    0.05000

  
           ------------------------
               RI-J - INFORMATION
           ------------------------
 Contributions to RI integral batches: 
  neglected integral batches:                     0
  direct contribution:                            0
  memory contribution:                   300
 Memory core needed for (P|Q) and Cholesky      1 MByte
 Memory core minimum needed except of (P|Q)     1 MByte
 Total minimum memory core needed (sum)         1 MByte
  
 ****************************************
 Memory allocated for RI-J     2 MByte
 ****************************************
                                            

 DSCF restart information will be dumped onto file alpha


 Starting SCF iterations

          Overall gridpoints after grid construction =         55768

 ITERATION  ENERGY          1e-ENERGY        2e-ENERGY     RMS[dD(SAO)]   TOL
   1  -114.56180644875    -228.62148863     73.714306295    0.000D+00 0.667D-10
                            Exc = -14.6782920946     Coul =  88.3925983900    
                         Ntotal = 17.000001963      Nspin = 1.0000002366    
                             Na = 9.0000010997         Nb = 8.0000008631    
                            current damping = 1.000
 
          max. resid. norm for Fia-block=  3.065D-01 for orbital      7a    alpha
          max. resid. fock norm         =  1.257D+00 for orbital     25a    alpha

 ITERATION  ENERGY          1e-ENERGY        2e-ENERGY     RMS[dD(SAO)]   TOL
   2  -114.95865157073    -228.08572574     72.781698287    0.157D-01 0.433D-10
                            Exc = -14.6236228830     Coul =  87.4053211703    
                         Ntotal = 17.000001528      Nspin =0.99999997796    
                             Na = 9.0000007530         Nb = 8.0000007750    
                            current damping = 0.950
 
          Norm of current diis error: 0.67602    
          max. resid. norm for Fia-block=  1.456D-01 for orbital      4a    alpha
          max. resid. fock norm         =  2.323D-01 for orbital     26a    alpha

 ITERATION  ENERGY          1e-ENERGY        2e-ENERGY     RMS[dD(SAO)]   TOL
   3  -115.05705943555    -230.20103424     74.798598919    0.858D-02 0.364D-10
                            Exc = -14.8717327411     Coul =  89.6703316597    
                         Ntotal = 17.000001262      Nspin = 1.0000000000    
                             Na = 9.0000006311         Nb = 8.0000006310    
                            current damping = 0.900
 
          Norm of current diis error: 0.36052    
          max. resid. norm for Fia-block=  7.025D-02 for orbital      4a    alpha
          max. resid. fock norm         =  1.057D-01 for orbital     10a    beta 

 ITERATION  ENERGY          1e-ENERGY        2e-ENERGY     RMS[dD(SAO)]   TOL
   4  -115.09069335817    -230.18103886     74.744969619    0.504D-02 0.314D-10
                            Exc = -14.8893191762     Coul =  89.6342887955    
                         Ntotal = 17.000001104      Nspin =0.99999997469    
                             Na = 9.0000005395         Nb = 8.0000005648    
                            current damping = 0.950
 
          Norm of current diis error: 0.18237    
          max. resid. norm for Fia-block=  3.815D-02 for orbital      4a    alpha
          max. resid. fock norm         =  4.405D-02 for orbital     10a    alpha

 ITERATION  ENERGY          1e-ENERGY        2e-ENERGY     RMS[dD(SAO)]   TOL
   5  -115.10048450744    -230.37214089     74.926280505    0.312D-02 0.276D-10
                            Exc = -14.9217250992     Coul =  89.8480056038    
                         Ntotal = 17.000001027      Nspin =0.99999996389    
                             Na = 9.0000004954         Nb = 8.0000005315    
                            current damping = 1.000
 
          Norm of current diis error: 0.98429E-01
          max. resid. norm for Fia-block=  2.047D-02 for orbital      4a    alpha
          max. resid. fock norm         =  2.187D-02 for orbital     10a    alpha
          mo-orthogonalization: Cholesky decomposition

 ITERATION  ENERGY          1e-ENERGY        2e-ENERGY     RMS[dD(SAO)]   TOL
   6  -115.10360953882    -230.47166075     75.022675327    0.192D-02 0.247D-10
                            Exc = -14.9388569501     Coul =  89.9615322768    
                         Ntotal = 17.000000987      Nspin =0.99999995633    
                             Na = 9.0000004719         Nb = 8.0000005156    
                            current damping = 0.850
 
          Norm of current diis error: 0.50231E-01
          max. resid. norm for Fia-block=  1.149D-02 for orbital      4a    alpha
          max. resid. fock norm         =  1.299D-02 for orbital      4a    alpha

 ITERATION  ENERGY          1e-ENERGY        2e-ENERGY     RMS[dD(SAO)]   TOL
   7  -115.10451626580    -230.57561221     75.125720059    0.124D-02 0.229D-10
                            Exc = -14.9538778898     Coul =  90.0795979489    
                         Ntotal = 17.000000967      Nspin =0.99999995305    
                             Na = 9.0000004600         Nb = 8.0000005070    
                            current damping = 0.700
 
          Norm of current diis error: 0.29200E-01
          max. resid. norm for Fia-block=  6.361D-03 for orbital      8a    beta 
          max. resid. fock norm         =  6.659D-03 for orbital      8a    alpha

 ITERATION  ENERGY          1e-ENERGY        2e-ENERGY     RMS[dD(SAO)]   TOL
   8  -115.10480893114    -230.54785996     75.097675144    0.769D-03 0.214D-10
                            Exc = -14.9529851994     Coul =  90.0506603433    
                         Ntotal = 17.000000954      Nspin =0.99999994842    
                             Na = 9.0000004511         Nb = 8.0000005026    
                            current damping = 0.750
 
          Norm of current diis error: 0.14057E-01
          max. resid. norm for Fia-block=  2.836D-03 for orbital      4a    alpha
          max. resid. fock norm         =  3.492D-03 for orbital      4a    alpha

 ITERATION  ENERGY          1e-ENERGY        2e-ENERGY     RMS[dD(SAO)]   TOL
   9  -115.10487880966    -230.58882836     75.138573668    0.338D-03 0.209D-10
                            Exc = -14.9582809426     Coul =  90.0968546107    
                         Ntotal = 17.000000949      Nspin =0.99999994776    
                             Na = 9.0000004486         Nb = 8.0000005008    
                            current damping = 0.800
 
          Norm of current diis error: 0.50221E-02
          max. resid. norm for Fia-block=  1.153D-03 for orbital      8a    beta 
          max. resid. fock norm         =  1.198D-03 for orbital     10a    beta 

 ITERATION  ENERGY          1e-ENERGY        2e-ENERGY     RMS[dD(SAO)]   TOL
  10  -115.10489015809    -230.59339553     75.143129488    0.148D-03 0.204D-10
                            Exc = -14.9590960795     Coul =  90.1022255678    
                         Ntotal = 17.000000947      Nspin =0.99999994691    
                             Na = 9.0000004470         Nb = 8.0000005001    
                            current damping = 0.650
 
          Norm of current diis error: 0.23864E-02
          max. resid. norm for Fia-block=  5.673D-04 for orbital      8a    beta 
          max. resid. fock norm         =  5.757D-04 for orbital     10a    beta 
          mo-orthogonalization: Cholesky decomposition

 ITERATION  ENERGY          1e-ENERGY        2e-ENERGY     RMS[dD(SAO)]   TOL
  11  -115.10489303317    -230.59615015     75.145881233    0.793D-04 0.200D-10
                            Exc = -14.9595585381     Coul =  90.1054397713    
                         Ntotal = 17.000000946      Nspin =0.99999994639    
                             Na = 9.0000004461         Nb = 8.0000004997    
                            current damping = 0.500
 
          Norm of current diis error: 0.10348E-02
          max. resid. norm for Fia-block=  2.606D-04 for orbital      8a    beta 
          max. resid. fock norm         =  2.626D-04 for orbital      8a    alpha

 ITERATION  ENERGY          1e-ENERGY        2e-ENERGY     RMS[dD(SAO)]   TOL
  12  -115.10489364130    -230.59717738     75.146907859    0.387D-04 0.195D-10
                            Exc = -14.9597423380     Coul =  90.1066501972    
                         Ntotal = 17.000000945      Nspin =0.99999994609    
                             Na = 9.0000004457         Nb = 8.0000004996    
                            current damping = 0.350
 
          Norm of current diis error: 0.40034E-03
          max. resid. norm for Fia-block=  9.848D-05 for orbital      4a    alpha
          max. resid. fock norm         =  1.010D-04 for orbital      8a    beta 

 ITERATION  ENERGY          1e-ENERGY        2e-ENERGY     RMS[dD(SAO)]   TOL
  13  -115.10489373285    -230.59853357     75.148263956    0.168D-04 0.190D-10
                            Exc = -14.9599117894     Coul =  90.1081757456    
                         Ntotal = 17.000000945      Nspin =0.99999994596    
                             Na = 9.0000004455         Nb = 8.0000004995    
                            current damping = 0.200
 
          Norm of current diis error: 0.28945E-03
          max. resid. norm for Fia-block=  5.425D-05 for orbital      8a    alpha
          max. resid. fock norm         =  8.241D-05 for orbital      8a    alpha

 ITERATION  ENERGY          1e-ENERGY        2e-ENERGY     RMS[dD(SAO)]   TOL
  14  -115.10489375723    -230.59797014     75.147700503    0.749D-05 0.186D-10
                            Exc = -14.9598559595     Coul =  90.1075564622    
                         Ntotal = 17.000000945      Nspin =0.99999994587    
                             Na = 9.0000004454         Nb = 8.0000004995    
                            current damping = 0.250
 
          Norm of current diis error: 0.97630E-04
          max. resid. norm for Fia-block=  1.540D-05 for orbital      6a    beta 
          max. resid. fock norm         =  1.750D-05 for orbital      9a    beta 

 ITERATION  ENERGY          1e-ENERGY        2e-ENERGY     RMS[dD(SAO)]   TOL
  15  -115.10489376028    -230.59822730     75.147957654    0.173D-05 0.185D-10
                            Exc = -14.9598862221     Coul =  90.1078438760    
                         Ntotal = 17.000000945      Nspin =0.99999994585    
                             Na = 9.0000004453         Nb = 8.0000004995    
                            current damping = 0.300
 
          Norm of current diis error: 0.19286E-04
          max. resid. norm for Fia-block=  4.854D-06 for orbital      8a    alpha
          max. resid. fock norm         =  7.163D-06 for orbital      8a    alpha
          mo-orthogonalization: Cholesky decomposition

 ENERGY & DENSITY CONVERGED !


 ITERATION  ENERGY          1e-ENERGY        2e-ENERGY     RMS[dD(SAO)]   TOL
  16  -115.10489376048    -230.59824308     75.147973438    0.471D-06 0.190D-10
                            Exc = -14.9598870736     Coul =  90.1078605120    
                         Ntotal = 17.000000945      Nspin =0.99999994584    
                             Na = 9.0000004453         Nb = 8.0000004995    
                            current damping = 0.150
 
          Norm of current diis error: 0.71696E-05
          max. resid. norm for Fia-block=  2.439D-06 for orbital      8a    alpha
          max. resid. fock norm         =  3.358D-06 for orbital      8a    alpha

 End of SCF iterations

   convergence criteria satisfied after    16 iterations


                  ------------------------------------------ 
                 |  total energy      =   -115.10489376048  |
                  ------------------------------------------ 
                 :  kinetic energy    =    114.19548618318  :
                 :  potential energy  =   -229.30037994366  :
                 :  virial theorem    =      1.99209931439  :
                 :  wavefunction norm =      1.00000000000  :
                  .......................................... 


 <geterg> : there is no data group $energy 


 <skperg> : $end is missing 


 orbitals $uhfmo_beta  will be written to file beta

 orbitals $uhfmo_alpha  will be written to file alpha
 
 alpha: 

    irrep                  5a          6a          7a          8a          9a   
 eigenvalues H         -0.80307    -0.74877    -0.71308    -0.61719    -0.61190
            eV         -21.8529    -20.3753    -19.4041    -16.7948    -16.6508
 occupation              1.0000      1.0000      1.0000      1.0000      1.0000

    irrep                 10a         11a         12a         13a         14a   
 eigenvalues H         -0.25011    -0.16836    -0.15040    -0.14103    -0.12501
            eV          -6.8059     -4.5813     -4.0926     -3.8378     -3.4017
 
 beta:  

    irrep                  4a          5a          6a          7a          8a   
 eigenvalues H         -0.92114    -0.78772    -0.70230    -0.70106    -0.60202
            eV         -25.0658    -21.4350    -19.1107    -19.0769    -16.3819
 occupation              1.0000      1.0000      1.0000      1.0000      1.0000

    irrep                  9a         10a         11a         12a         13a   
 eigenvalues H         -0.55053    -0.24285    -0.15732    -0.14447    -0.12661
            eV         -14.9808     -6.6083     -4.2809     -3.9312     -3.4452
 

                                             _ _ _ 
  IRREP     alpha occ.     beta occ.      tr(D*D-D)


 a          9.00000000     8.00000000    -0.25107122

   -------------------------------------------------

   sum      9.00000000     8.00000000    -0.25107122

 <S*S>     0.75214244

 
 
 
 ==============================================================================
                           electrostatic moments
 ==============================================================================

 reference point for electrostatic moments:    0.00000   0.00000   0.00000

 
              nuc           elec       ->  total
 ------------------------------------------------------------------------------
                          charge      
 ------------------------------------------------------------------------------
          18.000000     -17.000000       1.000000
 a-b                                     1.000000
 
 ------------------------------------------------------------------------------
                       dipole moment  
 ------------------------------------------------------------------------------
   x    -144.235142     135.832471      -8.402671
   y     110.311648    -104.912018       5.399630
   z      -0.485471       0.264380      -0.221090
 
   | dipole moment | =     9.9905 a.u. =    25.3933 debye 
 
 ------------------------------------------------------------------------------
                     quadrupole moment
 ------------------------------------------------------------------------------
  xx    1195.764940   -1130.486983      65.277957
  yy     684.720217    -662.506437      22.213780
  zz       6.188469     -13.191310      -7.002841
  xy    -887.679428     840.452038     -47.227389
  xz       2.892501      -1.529166       1.363335
  yz      -2.256050       1.093637      -1.162414
 
     1/3  trace=      26.829632
     anisotropy=     103.282296
 
 ==============================================================================
 
HOMO-LUMO Separation
 HOMO         :   -0.60201807 H =    -16.38175 eV
 LUMO         :   -0.55052971 H =    -14.98068 eV
 HOMO-LUMO gap:    0.05148835 H =     +1.40107 eV
 
 ==============================================================================


    ------------------------------------------------------------------------
         total  cpu-time :   2.57 seconds
         total wall-time :   3.35 seconds
    ------------------------------------------------------------------------

   ****  ridft : all done  ****


    2023-07-09 02:21:55.379 

