
 escf (compt194) : TURBOMOLE rev. V7-6-2381-g96b3af1 compiled 16 Jan 2023 at 13:48:01
 Copyright (C) 2023 TURBOMOLE GmbH, Karlsruhe


    2023-07-09 02:21:56.144 


 escf run will be profiled !




                                e s c f

                             TURBOMOLE GmbH

          integral direct evaluation of 

                    * excitation energies and transition moments 
                    * polarizabilities
                    * dynamic response properties 
                    * stabilities
                    * quasiparticle states with GW
                    * NMR coupling-constants



          references (see also programs dscf and ridft) 
          implementation and benchmarks (review) 
          F. Furche and D. Rappoport,  
          "Density functional methods for excited states: 
          equilibrium structure and electronic spectra",
          ch. III of "Computational Photochemistry", ed. by 
          M. Olivucci, vol. 16 of "Theoretical and Computational 
          Chemistry", Elsevier, Amsterdam, 2005.



              +--------------------------------------------------+
              | Atomic coordinate, charge and isotop information |
              +--------------------------------------------------+

                    atomic coordinates            atom    charge  isotop
         -9.24314180    6.23174984    0.00054802    c      6.000     0
         -9.98177905    5.77299993   -1.91166584    h      1.000     0
         -6.60094563    6.20640861   -0.00619830    o      8.000     0
         -9.98177905    4.88256098    1.43120298    h      1.000     0
         -9.90212710    8.15492412    0.51283388    h      1.000     0
         -6.10304059    4.45939461   -0.47154336    h      1.000     0
 
       center of nuclear mass  :   -7.89226438    6.16696788   -0.01670470
       center of nuclear charge:   -8.01306343    6.12842487   -0.02697059

              +--------------------------------------------------+
              |               basis set information              |
              +--------------------------------------------------+

              we will work with the 1s 3p 5d 7f 9g ... basis set
              ...i.e. with spherical basis functions...

   type   atoms  prim   cont   basis
   ---------------------------------------------------------------------------
    c        1     24     14   def2-SVP   [3s2p1d|7s4p1d]
    h        4      7      5   def2-SVP   [2s1p|4s1p]
    o        1     24     14   def2-SVP   [3s2p1d|7s4p1d]
   ---------------------------------------------------------------------------
   total:    6     76     48
   ---------------------------------------------------------------------------

   total number of primitive shells          :   29
   total number of contracted shells         :   24
   total number of cartesian basis functions :   50
   total number of SCF-basis functions       :   48


 residuum convergence criterium   :  0.10E-04


 integral neglect threshold       :  0.33E-10
 integral storage threshold THIZE :  0.10E-04
 integral storage threshold THIME :         5

 
             FOUND RI-J FLAG !
 
  
 AUXILIARY BASIS SET information:

              we will work with the 1s 3p 5d 7f 9g ... basis set
              ...i.e. with spherical basis functions...

   type   atoms  prim   cont   basis
   ---------------------------------------------------------------------------
    c        1      1      1   def2-SVP   [1s|1s]
    h        4      1      1   def2-SVP   [1s|1s]
    o        1      1      1   def2-SVP   [1s|1s]
   ---------------------------------------------------------------------------
   total:    6      6      6
   ---------------------------------------------------------------------------

   total number of primitive shells          :    3
   total number of contracted shells         :    6
   total number of cartesian basis functions :    6
   total number of SCF-basis functions       :    6

 CI SINGLES SINGLET-CALCULATION (TAMM-DANCOFF-APPROXIMATION)
 
             FOUND DFT-FLAG !
 

 maximum number of Davidson iterations set to   35


 symmetry group of the molecule :   c1 

 the group has the following generators :
   c1(z)

    1 symmetry operations found

 there are 1 real representations :   a   

 maximum number of shells which are related by symmetry :  1

 IRREPs of excited states :   a   
  
           ------------------
           density functional
           ------------------
 PBE functional
 exchange:    LDA + PBE
 correlation: LDA (PW) + PBE
 spherical integration : Lebedev's spherical grid
 spherical gridsize    :                     1
    i.e. gridpoints    :                   110
  maximum batchsize    :                   100
 value for diffuse not defined
 radial integration    : Chebyshev 2nd kind (scaling 0)
 radial gridsize       :                     1
 integration cells     :                     6
 partition function    : becke
 partition sharpness   :                     3
  

 ----------------------------------------------------------------------
          some useful papers before it begins
 ----------------------------------------------------------------------

     nonorthonormal Krylov space methods 
     F. Furche, B. T. Krull, B. D. Nguyen, and J. Kwon, 
     J. Chem. Phys. 144, 174105 (2016).

     RI-J method 
     R. Bauernschmitt, M. Haeser, O. Treutler, and R. Ahlrichs,
     Chem. Phys. Lett. 264, 573 (1997).

     density functional implementation               
     R. Bauernschmitt and R. Ahlrichs,
     Chem. Phys. Lett. 256, 454 (1996).
     R. Bauernschmitt and R. Ahlrichs,
     J. Chem. Phys. 104, 9047 (1996).

     UHF extension (RPA and CIS)
     C. Ochsenfeld, J. Gauss, and R. Ahlrichs, 
     J. Chem. Phys. 103, 7401 (1995).

     integral direct algorithm                 
     H. Weiss, R. Ahlrichs, and M. Haeser, 
     J. Chem. Phys. 99, 1262 (1993).

 ----------------------------------------------------------------------

  MOs are in ASCII format !


    mo occupation :
   irrep   mo's   occupied
    a       48        9
 
 number of basis functions   :    48
 number of occupied orbitals :     9
 

 reading orbital data $scfmo  from file mos
 orbital characterization : scfconv=8
  
           ----------------------
               RI - INFORMATION
           ----------------------

 biggest AO integral is expected to be     4.776656448

 Threshold for integral neglect (rithr2):   0.33E-10
 Threshold for integral neglect (rithr1):   0.33E-10

 Contributions to RI integral batches: 
  neglected integral batches:                     0
  direct contribution:                            0
  memory contribution:                   300
 Core memory available (ricore)            500 MiB
 Core memory needed for (P|Q) and Cholesky 1 MiB
 Core memory used for integrals            1 MiB
  
 ****************************************
 Memory allocated for RIDFT 1 MiB
 ****************************************
                                            
 preparing DFT   numerical integration ....
          Overall gridpoints after grid construction =          7004

 Calculating ground state density on molecular grid

 Integral of ground state density: N =   18.00018166602659    


 all orbitals will be included in the transformation

 number of non-frozen orbitals          :    48
 number of non-frozen occupied orbitals :     9



 dimension of super-tensorspace: 1

          IRREP   tensor space dimension   number of roots

           a                 351                     10
                     6
 Switching off XC: hybrid=  0.000000000000000E+000

 machine precision: 2.22D-16


 logfile ciss_a    exists already

 found     10 converged vectors on ciss_a   
 read      10 vectors from logfile ciss_a   



                       Nonorthonormal Krylov Space Iteration


 total number of roots to be determined: 10


 maximum core memory set to          500 MB,
 corresponding to    25640 vectors in CAO basis


 maximum number of simultaneously treated vectors (including degeneracy):       10


 Iteration IRREP Converged      Max. Euclidean
                 roots          residual norm

    1       a        0        4.018207965535300D-02
 
    2       a        0        1.181155538016515D-02
 
    3       a        5        1.126603035625659D-03
 
    4       a       10        1.651927672112882D-06
 

 converged!

 Eigenpairs written on logfile ciss_a   



 IRREP   Vector     Eigenvalue           Euclidean residual norm

  a         1    2.348721775301533D-01    2.344911622163613D-08
            2    2.839787881896212D-01    2.066346309021742D-08
            3    3.064884475454910D-01    7.582754416555980D-07
            4    3.235856435795811D-01    1.020625831440512D-07
            5    3.317217594413690D-01    1.004141989644014D-07
            6    3.546071086776436D-01    1.059251161080924D-07
            7    3.716379318581782D-01    1.678086498435634D-07
            8    3.918361531053431D-01    1.462420912321791D-07
            9    3.978169137400613D-01    1.651927672112882D-06
           10    4.019625064504571D-01    3.166085024726571D-07






                    Selection rules for point group c1  


 Subduction with respect to c1  :

    Polar vector representation: a                           

    Axial vector representation: a                           

    Symmetric second rank tensor representation: a                           




                            Ground state


 Total energy:                           -115.4865170747000    

 Charge:

               elec          nuc         total

           -18.000000    18.000000    -0.000000


 Electric dipole moment:

               elec          nuc         total   

    x      143.936558  -144.235142    -0.298584    Norm:              0.618584
    y     -110.835144   110.311648    -0.523497
    z        0.346026    -0.485471    -0.139445    Norm / debye:      1.572295


 Electric quadrupole moment:

               elec          nuc         total   

   xx    -1200.940763  1195.764940    -5.175822
   yy     -699.847505   684.720217   -15.127288    1/3*trace:       -10.085843
   zz      -16.142889     6.188469    -9.954420
   xy      888.572369  -887.679428     0.892941
   xz       -2.159155     2.892501     0.733345    Anisotropy:        8.888998
   yz        1.774297    -2.256050    -0.481754



 ==============================================================================

                              I R R E P   a   

 ==============================================================================


 Excitation is electric dipole allowed

 Excitation is magnetic dipole allowed

 Excitation is electric quadrupole allowed




                         1 singlet a excitation


 Total energy:                           -115.2516448971699    

 Excitation energy:                      0.2348721775301533    

 Excitation energy / eV:                  6.391199872083573    

 Excitation energy / nm:                  193.9921243083400    

 Excitation energy / cm^(-1):             51548.48442513523    


 Oscillator strength:

    velocity representation:             0.1029468367166408E-01

    length representation:               0.2262962245305946E-02

    mixed representation:                0.4826642769244619E-02


 Rotatory strength:

    velocity representation:            -0.7919498717199783E-08

    velocity rep. / 10^(-40)erg*cm^3:   -0.5116377606542244E-03

    length representation:               0.4184712519157588E-08

    length rep. / 10^(-40)erg*cm^3:      0.2703525840131119E-03


 Dominant contributions:

      occ. orbital   energy / eV   virt. orbital     energy / eV   |coeff.|^2*100
        9 a              -5.66          10 a               0.70       99.8
 

 Change of electron number:

             0.000000


 Electric transition dipole moment (velocity rep.):

    x       -0.000001        Norm:                  0.256411
    y        0.065998
    z       -0.247772        Norm / debye:          0.651736


 Electric transition dipole moment (length rep.):

    x       -0.000004        Norm:                  0.120218
    y       -0.030946
    z        0.116166        Norm / debye:          0.305565


 Magnetic transition dipole moment / i:

    x       -0.000489        Norm:                  0.000782
    y        0.000589
    z        0.000157        Norm / Bohr mag.:      0.214222


 Electric quadrupole transition moment:

   xx        0.000073
   yy       -0.201393        1/3*trace:            -0.128490
   zz       -0.184151
   xy        0.456193
   xz       -1.712617        Anisotropy:            3.153880
   yz        0.402508




                         2 singlet a excitation


 Total energy:                           -115.2025382865104    

 Excitation energy:                      0.2839787881896212    

 Excitation energy / eV:                  7.727459309304301    

 Excitation energy / nm:                  160.4463240035237    

 Excitation energy / cm^(-1):             62326.13966455065    


 Oscillator strength:

    velocity representation:             0.3324559107708926E-01

    length representation:               0.2489239166239951E-01

    mixed representation:                0.2876738212118883E-01


 Rotatory strength:

    velocity representation:            -0.1714026083502907E-08

    velocity rep. / 10^(-40)erg*cm^3:   -0.1107343404402291E-03

    length representation:              -0.1044841193843088E-07

    length rep. / 10^(-40)erg*cm^3:     -0.6750177350191980E-03


 Dominant contributions:

      occ. orbital   energy / eV   virt. orbital     energy / eV   |coeff.|^2*100
        9 a              -5.66          11 a               2.01       99.3
 

 Change of electron number:

             0.000000


 Electric transition dipole moment (velocity rep.):

    x       -0.000005        Norm:                  0.419054
    y       -0.107864
    z        0.404934        Norm / debye:          1.065136


 Electric transition dipole moment (length rep.):

    x       -0.000006        Norm:                  0.362607
    y       -0.093335
    z        0.350389        Norm / debye:          0.921662


 Magnetic transition dipole moment / i:

    x        0.002267        Norm:                  0.004570
    y        0.003834
    z        0.001021        Norm / Bohr mag.:      1.252443


 Electric quadrupole transition moment:

   xx        0.000108
   yy       -0.918549        1/3*trace:            -0.387590
   zz       -0.244327
   xy        0.990429
   xz       -3.718297        Anisotropy:            7.372726
   yz        1.756692




                         3 singlet a excitation


 Total energy:                           -115.1800286271545    

 Excitation energy:                      0.3064884475454910    

 Excitation energy / eV:                  8.339978567688620    

 Excitation energy / nm:                  148.6625451135061    

 Excitation energy / cm^(-1):             67266.43883886297    


 Oscillator strength:

    velocity representation:             0.4562091777468981E-02

    length representation:               0.5497597982912282E-02

    mixed representation:                0.4722660452278353E-02


 Rotatory strength:

    velocity representation:             0.1640636958922133E-07

    velocity rep. / 10^(-40)erg*cm^3:    0.1059930495204727E-02

    length representation:              -0.1461104850817498E-04

    length rep. / 10^(-40)erg*cm^3:     -0.9439441063734575    


 Dominant contributions:

      occ. orbital   energy / eV   virt. orbital     energy / eV   |coeff.|^2*100
        8 a              -7.45          10 a               0.70       98.7
 

 Change of electron number:

            -0.000000


 Electric transition dipole moment (velocity rep.):

    x        0.105107        Norm:                  0.149424
    y       -0.102627
    z       -0.027343        Norm / debye:          0.379801


 Electric transition dipole moment (length rep.):

    x        0.147602        Norm:                  0.164031
    y       -0.069139
    z       -0.018423        Norm / debye:          0.416928


 Magnetic transition dipole moment / i:

    x       -0.000191        Norm:                  0.003017
    y        0.000591
    z       -0.002952        Norm / Bohr mag.:      0.826905


 Electric quadrupole transition moment:

   xx       -2.359994
   yy       -0.358097        1/3*trace:            -1.110901
   zz       -0.614612
   xy        0.336145
   xz       -0.155335        Anisotropy:            2.024416
   yz        0.205767




                         4 singlet a excitation


 Total energy:                           -115.1629314311204    

 Excitation energy:                      0.3235856435795811    

 Excitation energy / eV:                  8.805217142368399    

 Excitation energy / nm:                  140.8077075236323    

 Excitation energy / cm^(-1):             71018.83962445040    


 Oscillator strength:

    velocity representation:             0.1190025716715853E-01

    length representation:               0.2168200376321459E-01

    mixed representation:                0.1606304517882630E-01


 Rotatory strength:

    velocity representation:             0.7118345141961077E-07

    velocity rep. / 10^(-40)erg*cm^3:    0.4598793810127170E-02

    length representation:               0.7071781190202049E-07

    length rep. / 10^(-40)erg*cm^3:      0.4568711254581755E-02


 Dominant contributions:

      occ. orbital   energy / eV   virt. orbital     energy / eV   |coeff.|^2*100
        9 a              -5.66          13 a               3.06       98.7
 

 Change of electron number:

             0.000000


 Electric transition dipole moment (velocity rep.):

    x       -0.000032        Norm:                  0.234871
    y       -0.060456
    z        0.226957        Norm / debye:          0.596987


 Electric transition dipole moment (length rep.):

    x       -0.000039        Norm:                  0.317030
    y       -0.081612
    z        0.306346        Norm / debye:          0.805817


 Magnetic transition dipole moment / i:

    x        0.000328        Norm:                  0.002872
    y        0.002757
    z        0.000735        Norm / Bohr mag.:      0.787256


 Electric quadrupole transition moment:

   xx        0.000667
   yy       -0.828297        1/3*trace:            -0.338678
   zz       -0.188403
   xy        0.895197
   xz       -3.360988        Anisotropy:            6.659218
   yz        1.579676




                         5 singlet a excitation


 Total energy:                           -115.1547953152586    

 Excitation energy:                      0.3317217594413690    

 Excitation energy / eV:                  9.026612214368530    

 Excitation energy / nm:                  137.3541269548620    

 Excitation energy / cm^(-1):             72804.51064854870    


 Oscillator strength:

    velocity representation:             0.3426815799072808E-01

    length representation:               0.5017507715959727E-01

    mixed representation:                0.4029928824349709E-01


 Rotatory strength:

    velocity representation:            -0.5485414160122718E-07

    velocity rep. / 10^(-40)erg*cm^3:   -0.3543841747269722E-02

    length representation:              -0.8574231583057973E-04

    length rep. / 10^(-40)erg*cm^3:      -5.539366572481306    


 Dominant contributions:

      occ. orbital   energy / eV   virt. orbital     energy / eV   |coeff.|^2*100
        9 a              -5.66          12 a               3.06       91.5
 

 Change of electron number:

             0.000000


 Electric transition dipole moment (velocity rep.):

    x        0.393635        Norm:                  0.393644
    y        0.002579
    z        0.000706        Norm / debye:          1.000552


 Electric transition dipole moment (length rep.):

    x        0.462152        Norm:                  0.476324
    y        0.111434
    z        0.029704        Norm / debye:          1.210705


 Magnetic transition dipole moment / i:

    x        0.000005        Norm:                  0.004327
    y        0.000358
    z       -0.004312        Norm / Bohr mag.:      1.186005


 Electric quadrupole transition moment:

   xx       -7.887684
   yy        0.919326        1/3*trace:            -2.717703
   zz       -1.184750
   xy        1.140483
   xz       -0.463347        Anisotropy:            8.274232
   yz        0.390214




                         6 singlet a excitation


 Total energy:                           -115.1319099660224    

 Excitation energy:                      0.3546071086776436    

 Excitation energy / eV:                  9.649354518925605    

 Excitation energy / nm:                  128.4896764475736    

 Excitation energy / cm^(-1):             77827.26422062061    


 Oscillator strength:

    velocity representation:             0.6595225692002539E-01

    length representation:               0.9096733098767183E-01

    mixed representation:                0.7742919891624471E-01


 Rotatory strength:

    velocity representation:             0.2828312819685799E-08

    velocity rep. / 10^(-40)erg*cm^3:    0.1827226304552443E-03

    length representation:              -0.1801278307763643E-04

    length rep. / 10^(-40)erg*cm^3:      -1.163712543696308    


 Dominant contributions:

      occ. orbital   energy / eV   virt. orbital     energy / eV   |coeff.|^2*100
        8 a              -7.45          11 a               2.01       92.4
 

 Change of electron number:

            -0.000000


 Electric transition dipole moment (velocity rep.):

    x        0.145782        Norm:                  0.528186
    y        0.490565
    z        0.130669        Norm / debye:          1.342525


 Electric transition dipole moment (length rep.):

    x        0.155338        Norm:                  0.620318
    y        0.580320
    z        0.154575        Norm / debye:          1.576704


 Magnetic transition dipole moment / i:

    x        0.001053        Norm:                  0.006748
    y        0.001421
    z       -0.006512        Norm / Bohr mag.:      1.849356


 Electric quadrupole transition moment:

   xx       -2.866255
   yy        7.346101        1/3*trace:             1.183856
   zz       -0.928278
   xy       -4.625636
   xz       -1.489843        Anisotropy:           12.801762
   yz        1.262276




                         7 singlet a excitation


 Total energy:                           -115.1148791428418    

 Excitation energy:                      0.3716379318581782    

 Excitation energy / eV:                  10.11278699559235    

 Excitation energy / nm:                  122.6014589850520    

 Excitation energy / cm^(-1):             81565.09784868543    


 Oscillator strength:

    velocity representation:             0.9342615447759400E-03

    length representation:               0.4447240274167814E-03

    mixed representation:                0.6445839829600521E-03


 Rotatory strength:

    velocity representation:            -0.1268355911224121E-08

    velocity rep. / 10^(-40)erg*cm^3:   -0.8194190078241625E-04

    length representation:              -0.1150962044613098E-07

    length rep. / 10^(-40)erg*cm^3:     -0.7435769158279134E-03


 Dominant contributions:

      occ. orbital   energy / eV   virt. orbital     energy / eV   |coeff.|^2*100
        9 a              -5.66          14 a               4.43       98.4
 

 Change of electron number:

            -0.000000


 Electric transition dipole moment (velocity rep.):

    x        0.000008        Norm:                  0.061407
    y        0.015809
    z       -0.059338        Norm / debye:          0.156083


 Electric transition dipole moment (length rep.):

    x        0.000008        Norm:                  0.042367
    y       -0.010902
    z        0.040941        Norm / debye:          0.107688


 Magnetic transition dipole moment / i:

    x       -0.001371        Norm:                  0.001772
    y        0.001084
    z        0.000289        Norm / Bohr mag.:      0.485570


 Electric quadrupole transition moment:

   xx       -0.000139
   yy       -0.051271        1/3*trace:            -0.045332
   zz       -0.084587
   xy        0.053471
   xz       -0.200707        Anisotropy:            0.411786
   yz        0.107567




                         8 singlet a excitation


 Total energy:                           -115.0946809215947    

 Excitation energy:                      0.3918361531053431    

 Excitation energy / eV:                  10.66240879587827    

 Excitation energy / nm:                  116.2816455268499    

 Excitation energy / cm^(-1):             85998.09499770385    


 Oscillator strength:

    velocity representation:             0.1534334457898637E-01

    length representation:               0.3501758005795904E-01

    mixed representation:                0.2317944772882154E-01


 Rotatory strength:

    velocity representation:            -0.8971838805591487E-07

    velocity rep. / 10^(-40)erg*cm^3:   -0.5796239988617073E-02

    length representation:              -0.1248997203599276E-06

    length rep. / 10^(-40)erg*cm^3:     -0.8069123503045086E-02


 Dominant contributions:

      occ. orbital   energy / eV   virt. orbital     energy / eV   |coeff.|^2*100
        8 a              -7.45          12 a               3.06       92.3
 

 Change of electron number:

            -0.000000


 Electric transition dipole moment (velocity rep.):

    x       -0.000023        Norm:                  0.242356
    y       -0.062367
    z        0.234194        Norm / debye:          0.616012


 Electric transition dipole moment (length rep.):

    x       -0.000029        Norm:                  0.366131
    y       -0.094221
    z        0.353800        Norm / debye:          0.930619


 Magnetic transition dipole moment / i:

    x        0.003598        Norm:                  0.004714
    y        0.002944
    z        0.000784        Norm / Bohr mag.:      1.292109


 Electric quadrupole transition moment:

   xx        0.000511
   yy       -0.956879        1/3*trace:            -0.391085
   zz       -0.216886
   xy        1.015475
   xz       -3.813819        Anisotropy:            7.581861
   yz        1.825713




                         9 singlet a excitation


 Total energy:                           -115.0887001609599    

 Excitation energy:                      0.3978169137400613    

 Excitation energy / eV:                  10.82515364290753    

 Excitation energy / nm:                  114.5334727768053    

 Excitation energy / cm^(-1):             87310.72022931372    


 Oscillator strength:

    velocity representation:             0.1527205289777967E-01

    length representation:               0.1812459922667204E-01

    mixed representation:                0.1662923302845687E-01


 Rotatory strength:

    velocity representation:             0.5485840001036597E-07

    velocity rep. / 10^(-40)erg*cm^3:    0.3544116861010316E-02

    length representation:              -0.4451346649882670E-05

    length rep. / 10^(-40)erg*cm^3:     -0.2875784330762459    


 Dominant contributions:

      occ. orbital   energy / eV   virt. orbital     energy / eV   |coeff.|^2*100
        7 a             -10.08          10 a               0.70       78.9
        8 a              -7.45          13 a               3.06       19.4
 

 Change of electron number:

            -0.000000


 Electric transition dipole moment (velocity rep.):

    x        0.023897        Norm:                  0.239968
    y        0.230738
    z        0.061429        Norm / debye:          0.609942


 Electric transition dipole moment (length rep.):

    x        0.017920        Norm:                  0.261420
    y        0.252028
    z        0.067091        Norm / debye:          0.664467


 Magnetic transition dipole moment / i:

    x        0.000555        Norm:                  0.005507
    y        0.001356
    z       -0.005308        Norm / Bohr mag.:      1.509240


 Electric quadrupole transition moment:

   xx        0.124251
   yy        3.978036        1/3*trace:             1.473662
   zz        0.318699
   xy       -2.492910
   xz       -0.693350        Anisotropy:            5.932131
   yz        0.566882




                        10 singlet a excitation


 Total energy:                           -115.0845545682495    

 Excitation energy:                      0.4019625064504571    

 Excitation energy / eV:                  10.93796100850957    

 Excitation energy / nm:                  113.3522453682276    

 Excitation energy / cm^(-1):             88220.57265846044    


 Oscillator strength:

    velocity representation:             0.8087655838368940E-01

    length representation:               0.1118295244019093    

    mixed representation:                0.9401874666316939E-01


 Rotatory strength:

    velocity representation:             0.3043612430597708E-07

    velocity rep. / 10^(-40)erg*cm^3:    0.1966320222905452E-02

    length representation:               0.1256373627684529E-03

    length rep. / 10^(-40)erg*cm^3:       8.116778755421329    


 Dominant contributions:

      occ. orbital   energy / eV   virt. orbital     energy / eV   |coeff.|^2*100
        8 a              -7.45          13 a               3.06       72.0
        7 a             -10.08          10 a               0.70       19.8
 

 Change of electron number:

            -0.000000


 Electric transition dipole moment (velocity rep.):

    x        0.542340        Norm:                  0.549369
    y        0.084646
    z        0.022548        Norm / debye:          1.396367


 Electric transition dipole moment (length rep.):

    x        0.645971        Norm:                  0.645998
    y        0.005654
    z        0.001509        Norm / debye:          1.641975


 Magnetic transition dipole moment / i:

    x        0.000206        Norm:                  0.004680
    y       -0.000075
    z       -0.004675        Norm / Bohr mag.:      1.282568


 Electric quadrupole transition moment:

   xx      -10.658222
   yy       -0.727373        1/3*trace:            -4.086280
   zz       -0.873246
   xy        4.041629
   xz        0.004591        Anisotropy:           12.091388
   yz        0.031020

 SUMMARY OF EXCITATION ENERGIES AND DIPOLE OSCILLATOR STRENGTHS (velocity/length):

 -----------------------------------------------------------------------------------------------
 |    Exc.   | energy (Eh) | energy (eV) | energy (cm-1) | energy (nm) | Osc.(vel) | Osc.(len) |
 -----------------------------------------------------------------------------------------------
 |     1 a   |    0.234872 |     6.39120 |     51548.484 |     193.992 |   0.01029 |   0.00226 |
 |     2 a   |    0.283979 |     7.72746 |     62326.140 |     160.446 |   0.03325 |   0.02489 |
 |     3 a   |    0.306488 |     8.33998 |     67266.439 |     148.663 |   0.00456 |   0.00550 |
 |     4 a   |    0.323586 |     8.80521 |     71018.840 |     140.808 |   0.01190 |   0.02168 |
 |     5 a   |    0.331722 |     9.02661 |     72804.511 |     137.354 |   0.03427 |   0.05018 |
 |     6 a   |    0.354607 |     9.64935 |     77827.264 |     128.490 |   0.06595 |   0.09097 |
 |     7 a   |    0.371638 |    10.11278 |     81565.098 |     122.601 |   0.00093 |   0.00044 |
 |     8 a   |    0.391836 |    10.66240 |     85998.095 |     116.282 |   0.01534 |   0.03502 |
 |     9 a   |    0.397817 |    10.82515 |     87310.720 |     114.533 |   0.01527 |   0.01812 |
 |    10 a   |    0.401963 |    10.93796 |     88220.573 |     113.352 |   0.08088 |   0.11183 |
 -----------------------------------------------------------------------------------------------



    escf profiling
  --------------------------------------------------------------------
             module   cpu total (s)       %  wall total (s)       %

         input total             0.0    7.44             0.0    6.16
       init symmetry             0.0    0.96             0.0    0.75
               moinp             0.0    1.17             0.0    0.42
            RI total             0.0    1.19             0.0    0.43
          RI prelims             0.0    0.54             0.0    0.19
           grid init             0.0    2.16             0.0    0.77
            becke...             0.0    1.18             0.0    0.42
         dft prelims             0.0    6.77             0.0    2.42
           dft total             0.0    6.77             0.0    2.42
             funct_2             0.0    3.78             0.0    1.36
              onde_2             0.0    1.68             0.0    0.61
                 gga             0.0    0.84             0.0    0.30
              tracao             0.0    0.20             0.0    0.21
           diag_prep             0.0    0.02             0.0    0.01
              respon             0.1   65.91             0.4   72.92
            startvec             0.0    0.09             0.0    0.03
           mvproduct             0.0    1.96             0.0    1.48
            tramocao             0.0    0.69             0.0    0.25
     tramocao_mvprod             0.0    0.47             0.0    0.17
              colrsp             0.0    0.63             0.0    0.23
              gammaP             0.0    0.26             0.0    0.10
              cotlet             0.0    0.04             0.0    0.02
              gammaQ             0.0    0.21             0.0    0.08
            tracaomo             0.0    0.66             0.0    1.01
                ritz             0.0    1.35             0.0    0.48
            expandl3             0.0    0.33             0.0    0.62
           startover             0.0    0.41             0.0    0.15
                rest             0.0    0.64             0.0    3.15
             writeep             0.0    3.46             0.0    4.29
              proper             0.0    3.87             0.0    2.62
 


    ------------------------------------------------------------------------
         total  cpu-time :   0.20 seconds
         total wall-time :   0.58 seconds
    ------------------------------------------------------------------------

   ****  escf : all done  ****


    2023-07-09 02:21:56.701 

