
 escf (compt309) : TURBOMOLE rev. V7-6-2381-g96b3af1 compiled 16 Jan 2023 at 13:48:01
 Copyright (C) 2023 TURBOMOLE GmbH, Karlsruhe


    2023-07-09 02:21:55.236 




                                e s c f

                             TURBOMOLE GmbH

          integral direct evaluation of 

                    * excitation energies and transition moments 
                    * polarizabilities
                    * dynamic response properties 
                    * stabilities
                    * quasiparticle states with GW
                    * NMR coupling-constants



          references (see also programs dscf and ridft) 
          implementation and benchmarks (review) 
          F. Furche and D. Rappoport,  
          "Density functional methods for excited states: 
          equilibrium structure and electronic spectra",
          ch. III of "Computational Photochemistry", ed. by 
          M. Olivucci, vol. 16 of "Theoretical and Computational 
          Chemistry", Elsevier, Amsterdam, 2005.



              +--------------------------------------------------+
              | Atomic coordinate, charge and isotop information |
              +--------------------------------------------------+

                    atomic coordinates            atom    charge  isotop
         -9.24314180    6.23174984    0.00054802    c      6.000     0
         -9.98177905    5.77299993   -1.91166584    h      1.000     0
         -6.60094563    6.20640861   -0.00619830    o      8.000     0
         -9.98177905    4.88256098    1.43120298    h      1.000     0
         -9.90212710    8.15492412    0.51283388    h      1.000     0
         -6.10304059    4.45939461   -0.47154336    h      1.000     0
 
       center of nuclear mass  :   -7.89226438    6.16696788   -0.01670470
       center of nuclear charge:   -8.01306343    6.12842487   -0.02697059

              +--------------------------------------------------+
              |               basis set information              |
              +--------------------------------------------------+

              we will work with the 1s 3p 5d 7f 9g ... basis set
              ...i.e. with spherical basis functions...

   type   atoms  prim   cont   basis
   ---------------------------------------------------------------------------
    c        1     24     14   def2-SVP   [3s2p1d|7s4p1d]
    h        4      7      5   def2-SVP   [2s1p|4s1p]
    o        1     24     14   def2-SVP   [3s2p1d|7s4p1d]
   ---------------------------------------------------------------------------
   total:    6     76     48
   ---------------------------------------------------------------------------

   total number of primitive shells          :   29
   total number of contracted shells         :   24
   total number of cartesian basis functions :   50
   total number of SCF-basis functions       :   48


 residuum convergence criterium   :  0.10E-04


 integral neglect threshold       :  0.33E-10
 integral storage threshold THIZE :  0.10E-04
 integral storage threshold THIME :         5

 
             FOUND RI-J FLAG !
 
  
 AUXILIARY BASIS SET information:

              we will work with the 1s 3p 5d 7f 9g ... basis set
              ...i.e. with spherical basis functions...

   type   atoms  prim   cont   basis
   ---------------------------------------------------------------------------
    c        1     70     49   def2-SVP   [6s4p3d1f1g|12s5p4d2f1g]
    h        4     16     11   def2-SVP   [3s1p1d|5s2p1d]
    o        1     70     49   def2-SVP   [6s4p3d1f1g|12s5p4d2f1g]
   ---------------------------------------------------------------------------
   total:    6    204    142
   ---------------------------------------------------------------------------

   total number of primitive shells          :   56
   total number of contracted shells         :   50
   total number of cartesian basis functions :  170
   total number of SCF-basis functions       :  142

 RPA UHF-EXCITATION-CALCULATION (spin-conserved)
 
             FOUND DFT-FLAG !
 

 maximum number of Davidson iterations set to   35


 symmetry group of the molecule :   c1 

 the group has the following generators :
   c1(z)

    1 symmetry operations found

 there are 1 real representations :   a   

 maximum number of shells which are related by symmetry :  1

 IRREPs of excited states :   a   
  
           ------------------
           density functional
           ------------------
 PBE functional
 exchange:    LDA + PBE
 correlation: LDA (PW) + PBE
 spherical integration : Lebedev's spherical grid
 spherical gridsize    :                     4
    i.e. gridpoints    :                   434
  maximum batchsize    :                   100
 value for diffuse not defined
 radial integration    : Chebyshev 2nd kind (scaling 3)
 radial gridsize       :                     6
 integration cells     :                     6
 partition function    : becke
 partition sharpness   :                     3
  

 ----------------------------------------------------------------------
          some useful papers before it begins
 ----------------------------------------------------------------------

     nonorthonormal Krylov space methods 
     F. Furche, B. T. Krull, B. D. Nguyen, and J. Kwon, 
     J. Chem. Phys. 144, 174105 (2016).

     RI-J method 
     R. Bauernschmitt, M. Haeser, O. Treutler, and R. Ahlrichs,
     Chem. Phys. Lett. 264, 573 (1997).

     density functional implementation               
     R. Bauernschmitt and R. Ahlrichs,
     Chem. Phys. Lett. 256, 454 (1996).
     R. Bauernschmitt and R. Ahlrichs,
     J. Chem. Phys. 104, 9047 (1996).

     UHF extension (RPA and CIS)
     C. Ochsenfeld, J. Gauss, and R. Ahlrichs, 
     J. Chem. Phys. 103, 7401 (1995).

     integral direct algorithm                 
     H. Weiss, R. Ahlrichs, and M. Haeser, 
     J. Chem. Phys. 99, 1262 (1993).

 ----------------------------------------------------------------------

  MOs are in ASCII format !


    mo occupation :
   irrep   mo's   occupied
    a       48        9
 
 number of basis functions   :    48
 number of occupied orbitals :     9
 
 ALPHA-Occupation:9
 BETA-Occupation :8

 reading orbital data $uhfmo_alpha  from file alpha
 orbital characterization : scfconv=7

 reading orbital data $uhfmo_beta  from file beta
 orbital characterization : scfconv=7
  
           ----------------------
               RI - INFORMATION
           ----------------------

 biggest AO integral is expected to be     4.776656448

 Threshold for integral neglect (rithr2):   0.33E-10
 Threshold for integral neglect (rithr1):   0.33E-10

 Contributions to RI integral batches: 
  neglected integral batches:                     0
  direct contribution:                            0
  memory contribution:                   300
 Core memory available (ricore)            500 MiB
 Core memory needed for (P|Q) and Cholesky 1 MiB
 Core memory used for integrals            2 MiB
  
 ****************************************
 Memory allocated for RIDFT 2 MiB
 ****************************************
                                            
 preparing DFT   numerical integration ....
          Overall gridpoints after grid construction =         55768

 Calculating ground state density on molecular grid

 Integral of ground state total density: Na =   17.00000094477502    

 Integral of ground state spin density:  Nb =  0.9999999458404014    


 all orbitals will be included in the transformation

 number of non-frozen orbitals          :    48
 number of non-frozen occupied orbitals :     9
 all orbitals will be included in the transformation

 number of non-frozen orbitals          :    48
 number of non-frozen occupied orbitals :     8

 dimension of super-tensorspace: 1

          IRREP   tensor space dimension   number of roots

           a                 671                     10

 machine precision: 2.22D-16


 logfile unrs_a    will be constructed




                       Nonorthonormal Krylov Space Iteration


 total number of roots to be determined: 10


 maximum core memory set to          500 MB,
 corresponding to    12435 vectors in CAO basis


 maximum number of simultaneously treated vectors (including degeneracy):       18


 Iteration IRREP Converged      Max. Euclidean
                 roots          residual norm

    1       a        0        2.008533198065315D-01
 
    2       a        0        4.764610806747878D-02
 
    3       a        0        1.861336037932886D-02
 
    4       a        0        2.051969630626132D-02
 
    5       a        4        5.203756639075725D-03
 
    6       a        7        6.960001944293933D-04
 
    7       a        9        5.555834015868346D-05
 
    8       a       10        9.316918315633610D-06
 

 converged!

 Eigenpairs written on logfile unrs_a   



 IRREP   Vector     Eigenvalue           Euclidean residual norm

  a         1    2.671199643577371D-03    1.446358103411937D-06
            2    2.140491735515083D-02    2.244187729145748D-06
            3    3.535768169998247D-02    1.422021280889255D-06
            4    5.668575294350714D-02    4.016028636096377D-06
            5    1.196864041191752D-01    9.316918315633610D-06
            6    1.314042490656152D-01    1.016361529255906D-06
            7    1.348390964959099D-01    3.452828395526328D-06
            8    1.429328774490599D-01    7.075316404789443D-06
            9    1.819053485616167D-01    6.218273606251158D-06
           10    1.884439370796273D-01    5.297213427555763D-06






                    Selection rules for point group c1  


 Subduction with respect to c1  :

    Polar vector representation: a                           

    Axial vector representation: a                           

    Symmetric second rank tensor representation: a                           




                            Ground state


 Total energy:                           -115.1048937605000    

 Charge:

               elec          nuc         total

           -17.000000    18.000000     1.000000


 Electric dipole moment:

               elec          nuc         total   

    x      135.832471  -144.235142    -8.402671    Norm:              9.990484
    y     -104.912018   110.311648     5.399630
    z        0.264380    -0.485471    -0.221090    Norm / debye:     25.393468


 Electric quadrupole moment:

               elec          nuc         total   

   xx    -1130.486983  1195.764940    65.277957
   yy     -662.506437   684.720217    22.213780    1/3*trace:        26.829632
   zz      -13.191310     6.188469    -7.002841
   xy      840.452038  -887.679428   -47.227389
   xz       -1.529166     2.892501     1.363335    Anisotropy:      103.282296
   yz        1.093637    -2.256050    -1.162414



 ==============================================================================

                              I R R E P   a   

 ==============================================================================


 Excitation is electric dipole allowed

 Excitation is magnetic dipole allowed

 Excitation is electric quadrupole allowed




                             1 a excitation


 Total energy:                           -115.0532101108265    

 Excitation energy:                      0.5168364967354154E-01

 Excitation energy / eV:                  1.406384266778230    

 Excitation energy / nm:                  881.5815629855817    

 Excitation energy / cm^(-1):             11343.24992532871    


 Oscillator strength:

    velocity representation:             0.2137951367208014E-03

    length representation:               0.2943203739231013E-03

    mixed representation:                0.2508470897373298E-03


 Rotatory strength:

    velocity representation:             0.2053273560187955E-07

    velocity rep. / 10^(-40)erg*cm^3:    0.1326513613877501E-02

    length representation:               0.2519947897934512E-07

    length rep. / 10^(-40)erg*cm^3:      0.1628007712993747E-02


 Dominant contributions:

      occ. orbital   energy / eV   virt. orbital     energy / eV   |coeff.|^2*100
        8 a   beta           -16.38      9 a   beta           -14.98       99.9
 
                   <Za|Za> =    0.0002568852
                   <Zb|Zb> =    0.9997431148
                   <Za|Zb> =    0.0001499805

         1/2 <Za+Zb|Za+Zb> =    0.5001499805
         1/2 <Za-Zb|Za-Zb> =    0.4998500195

                     <Z|Z> =    1.0000000000


 Change of electron number:

            -0.000000


 Electric transition dipole moment (velocity rep.):

    x        0.000007        Norm:                  0.078771
    y       -0.020276
    z        0.076117        Norm / debye:          0.200218


 Electric transition dipole moment (length rep.):

    x        0.000009        Norm:                  0.092423
    y        0.023788
    z       -0.089309        Norm / debye:          0.234917


 Magnetic transition dipole moment / i:

    x        0.002797        Norm:                  0.002914
    y       -0.000790
    z       -0.000211        Norm / Bohr mag.:      0.798645


 Electric quadrupole transition moment:

   xx       -0.000141
   yy        0.061312        1/3*trace:             0.098742
   zz        0.235056
   xy       -0.333338
   xz        1.251661        Anisotropy:            2.267663
   yz       -0.146454




                             2 a excitation


 Total energy:                           -114.9585895659082    

 Excitation energy:                      0.1463041945917848    

 Excitation energy / eV:                  3.981141400369827    

 Excitation energy / nm:                  311.4288881951061    

 Excitation energy / cm^(-1):             32110.05907789290    


 Oscillator strength:

    velocity representation:             0.1682899774170739E-02

    length representation:               0.1863739480334930E-03

    mixed representation:                0.5600434557445082E-03


 Rotatory strength:

    velocity representation:            -0.9556445861962288E-08

    velocity rep. / 10^(-40)erg*cm^3:   -0.6173924304083412E-03

    length representation:              -0.8611903209197792E-08

    length rep. / 10^(-40)erg*cm^3:     -0.5563704257386186E-03


 Dominant contributions:

      occ. orbital   energy / eV   virt. orbital     energy / eV   |coeff.|^2*100
        7 a   beta           -19.08      9 a   beta           -14.98       99.9
 
                   <Za|Za> =    0.0004992042
                   <Zb|Zb> =    0.9995007958
                   <Za|Zb> =    0.0001885061

         1/2 <Za+Zb|Za+Zb> =    0.5001885061
         1/2 <Za-Zb|Za-Zb> =    0.4998114939

                     <Z|Z> =    1.0000000000


 Change of electron number:

            -0.000000


 Electric transition dipole moment (velocity rep.):

    x       -0.000005        Norm:                  0.131355
    y       -0.033808
    z        0.126930        Norm / debye:          0.333873


 Electric transition dipole moment (length rep.):

    x       -0.000006        Norm:                  0.043713
    y       -0.011250
    z        0.042241        Norm / debye:          0.111108


 Magnetic transition dipole moment / i:

    x        0.000770        Norm:                  0.002480
    y       -0.002278
    z       -0.000607        Norm / Bohr mag.:      0.679566


 Electric quadrupole transition moment:

   xx        0.000086
   yy       -0.158318        1/3*trace:            -0.046691
   zz        0.018159
   xy       -0.049054
   xz        0.183956        Anisotropy:            0.630682
   yz        0.294811




                             3 a excitation


 Total energy:                           -114.9168573765208    

 Excitation energy:                      0.1880363839792248    

 Excitation energy / eV:                  5.116732538832927    

 Excitation energy / nm:                  242.3113638743131    

 Excitation energy / cm^(-1):             41269.21593200376    


 Oscillator strength:

    velocity representation:             0.6947198778056597E-01

    length representation:               0.8684527554576903E-01

    mixed representation:                0.7767096733057616E-01


 Rotatory strength:

    velocity representation:            -0.1965405259443731E-07

    velocity rep. / 10^(-40)erg*cm^3:   -0.1269746459502404E-02

    length representation:               0.6394669929786914E-05

    length rep. / 10^(-40)erg*cm^3:      0.4131264767924511    


 Dominant contributions:

      occ. orbital   energy / eV   virt. orbital     energy / eV   |coeff.|^2*100
        6 a   beta           -19.11      9 a   beta           -14.98       97.9
 
                   <Za|Za> =    0.0140863582
                   <Zb|Zb> =    0.9859136418
                   <Za|Zb> =    0.0099534656

         1/2 <Za+Zb|Za+Zb> =    0.5099534656
         1/2 <Za-Zb|Za-Zb> =    0.4900465344

                     <Z|Z> =    1.0000000000


 Change of electron number:

            -0.000000


 Electric transition dipole moment (velocity rep.):

    x        0.742108        Norm:                  0.744440
    y        0.056897
    z        0.015151        Norm / debye:          1.892191


 Electric transition dipole moment (length rep.):

    x        0.830310        Norm:                  0.832334
    y        0.056064
    z        0.014929        Norm / debye:          2.115599


 Magnetic transition dipole moment / i:

    x        0.000065        Norm:                  0.003507
    y        0.000089
    z       -0.003505        Norm / Bohr mag.:      0.961040


 Electric quadrupole transition moment:

   xx      -13.478706
   yy        0.544002        1/3*trace:            -4.483438
   zz       -0.515610
   xy        4.358539
   xz       -0.216787        Anisotropy:           15.496707
   yz        0.196537




                             4 a excitation


 Total energy:                           -114.8668060603903    

 Excitation energy:                      0.2380877001096595    

 Excitation energy / eV:                  6.478698730888096    

 Excitation energy / nm:                  191.3721399258098    

 Excitation energy / cm^(-1):             52254.21005577986    


 Oscillator strength:

    velocity representation:             0.1319915718701156E-01

    length representation:               0.9807285827771043E-02

    mixed representation:                0.1137751762110473E-01


 Rotatory strength:

    velocity representation:             0.1861561158482592E-08

    velocity rep. / 10^(-40)erg*cm^3:    0.1202658168727739E-03

    length representation:               0.3302522347716386E-09

    length rep. / 10^(-40)erg*cm^3:      0.2133588499517549E-04


 Dominant contributions:

      occ. orbital   energy / eV   virt. orbital     energy / eV   |coeff.|^2*100
        5 a   beta           -21.43      9 a   beta           -14.98       98.7
 
                   <Za|Za> =    0.0053025782
                   <Zb|Zb> =    0.9946974218
                   <Za|Zb> =    0.0017651390

         1/2 <Za+Zb|Za+Zb> =    0.5017651390
         1/2 <Za-Zb|Za-Zb> =    0.4982348610

                     <Z|Z> =    1.0000000000


 Change of electron number:

             0.000000


 Electric transition dipole moment (velocity rep.):

    x       -0.000003        Norm:                  0.288370
    y       -0.074225
    z        0.278654        Norm / debye:          0.732969


 Electric transition dipole moment (length rep.):

    x       -0.000003        Norm:                  0.248572
    y       -0.063981
    z        0.240196        Norm / debye:          0.631811


 Magnetic transition dipole moment / i:

    x        0.002872        Norm:                  0.004767
    y        0.003676
    z        0.000979        Norm / Bohr mag.:      1.306466


 Electric quadrupole transition moment:

   xx        0.000040
   yy       -0.779407        1/3*trace:            -0.265709
   zz       -0.017761
   xy        0.648666
   xz       -2.435241        Anisotropy:            5.107782
   yz        1.465374




                             5 a excitation


 Total energy:                           -114.7589365317575    

 Excitation energy:                      0.3459572287424780    

 Excitation energy / eV:                  9.413979209186879    

 Excitation energy / nm:                  131.7022709009970    

 Excitation energy / cm^(-1):             75928.83501625078    


 Oscillator strength:

    velocity representation:             0.1662692188326594E-03

    length representation:               0.6217719564961807E-04

    mixed representation:                0.1011260562479324E-03


 Rotatory strength:

    velocity representation:            -0.3920117342517002E-09

    velocity rep. / 10^(-40)erg*cm^3:   -0.2532584612042676E-04

    length representation:              -0.9293608854510363E-07

    length rep. / 10^(-40)erg*cm^3:     -0.6004118937971413E-02


 Dominant contributions:

      occ. orbital   energy / eV   virt. orbital     energy / eV   |coeff.|^2*100
        8 a   beta           -16.38     10 a   beta            -6.61       56.5
        9 a   alpha          -16.65     10 a   alpha           -6.81       42.7
 
                   <Za|Za> =    0.4316376361
                   <Zb|Zb> =    0.5683623639
                   <Za|Zb> =   -0.4941012251

         1/2 <Za+Zb|Za+Zb> =    0.0058987749
         1/2 <Za-Zb|Za-Zb> =    0.9941012251

                     <Z|Z> =    1.0000000000


 Change of electron number:

             0.000000


 Electric transition dipole moment (velocity rep.):

    x        0.010267        Norm:                  0.026850
    y        0.023973
    z        0.006387        Norm / debye:          0.068246


 Electric transition dipole moment (length rep.):

    x        0.004668        Norm:                  0.016419
    y        0.015211
    z        0.004052        Norm / debye:          0.041734


 Magnetic transition dipole moment / i:

    x        0.000050        Norm:                  0.000098
    y        0.000001
    z       -0.000084        Norm / Bohr mag.:      0.026788


 Electric quadrupole transition moment:

   xx       -0.093679
   yy        0.145980        1/3*trace:             0.020110
   zz        0.008030
   xy       -0.026060
   xz       -0.014682        Anisotropy:            0.215448
   yz        0.010456




                             6 a excitation


 Total energy:                           -114.7423965204200    

 Excitation energy:                      0.3624972400799972    

 Excitation energy / eV:                  9.864056010348408    

 Excitation energy / nm:                  125.6929643104177    

 Excitation energy / cm^(-1):             79558.94789632663    


 Oscillator strength:

    velocity representation:             0.3556397853431140E-02

    length representation:               0.9082906847561215E-03

    mixed representation:                0.1797287682467338E-02


 Rotatory strength:

    velocity representation:            -0.2626100010253429E-07

    velocity rep. / 10^(-40)erg*cm^3:   -0.1696587090268740E-02

    length representation:              -0.1389571350539212E-07

    length rep. / 10^(-40)erg*cm^3:     -0.8977300198497063E-03


 Dominant contributions:

      occ. orbital   energy / eV   virt. orbital     energy / eV   |coeff.|^2*100
        8 a   alpha          -16.79     10 a   alpha           -6.81       82.1
        4 a   beta           -25.07      9 a   beta           -14.98       17.2
 
                   <Za|Za> =    0.8246922052
                   <Zb|Zb> =    0.1753077948
                   <Za|Zb> =    0.0066327396

         1/2 <Za+Zb|Za+Zb> =    0.5066327396
         1/2 <Za-Zb|Za-Zb> =    0.4933672604

                     <Z|Z> =    1.0000000000


 Change of electron number:

            -0.000000


 Electric transition dipole moment (velocity rep.):

    x       -0.000007        Norm:                  0.121311
    y        0.031227
    z       -0.117222        Norm / debye:          0.308343


 Electric transition dipole moment (length rep.):

    x       -0.000009        Norm:                  0.061306
    y        0.015780
    z       -0.059241        Norm / debye:          0.155826


 Magnetic transition dipole moment / i:

    x       -0.000176        Norm:                  0.001236
    y        0.001182
    z        0.000315        Norm / Bohr mag.:      0.338794


 Electric quadrupole transition moment:

   xx        0.000146
   yy        0.230614        1/3*trace:             0.065587
   zz       -0.034000
   xy       -0.079925
   xz        0.300011        Anisotropy:            0.949683
   yz       -0.428394




                             7 a excitation


 Total energy:                           -114.7376893263003    

 Excitation energy:                      0.3672044341996838    

 Excitation energy / eV:                  9.992145334388294    

 Excitation energy / nm:                  124.0817060374137    

 Excitation energy / cm^(-1):             80592.05758737806    


 Oscillator strength:

    velocity representation:             0.3850404384981455E-02

    length representation:               0.3888029166662707E-02

    mixed representation:                0.3426318171038855E-02


 Rotatory strength:

    velocity representation:             0.4531354398337420E-07

    velocity rep. / 10^(-40)erg*cm^3:    0.2927473189762424E-02

    length representation:              -0.1574842648050682E-04

    length rep. / 10^(-40)erg*cm^3:      -1.017424201460469    


 Dominant contributions:

      occ. orbital   energy / eV   virt. orbital     energy / eV   |coeff.|^2*100
        9 a   alpha          -16.65     10 a   alpha           -6.81       56.7
        8 a   beta           -16.38     10 a   beta            -6.61       42.7
 
                   <Za|Za> =    0.5693265859
                   <Zb|Zb> =    0.4306734141
                   <Za|Zb> =    0.4922790584

         1/2 <Za+Zb|Za+Zb> =    0.9922790584
         1/2 <Za-Zb|Za-Zb> =    0.0077209416

                     <Z|Z> =    1.0000000000


 Change of electron number:

             0.000000


 Electric transition dipole moment (velocity rep.):

    x       -0.094244        Norm:                  0.125414
    y        0.079953
    z        0.021311        Norm / debye:          0.318772


 Electric transition dipole moment (length rep.):

    x       -0.122491        Norm:                  0.126025
    y        0.028634
    z        0.007636        Norm / debye:          0.320326


 Magnetic transition dipole moment / i:

    x        0.000178        Norm:                  0.003901
    y       -0.000806
    z        0.003813        Norm / Bohr mag.:      1.069134


 Electric quadrupole transition moment:

   xx        1.883161
   yy       -0.042816        1/3*trace:             0.701508
   zz        0.264179
   xy       -0.239600
   xz        0.139372        Anisotropy:            1.871893
   yz       -0.142736




                             8 a excitation


 Total energy:                           -114.7268291133177    

 Excitation energy:                      0.3780646471822773    

 Excitation energy / eV:                  10.28766689234822    

 Excitation energy / nm:                  120.5173586041025    

 Excitation energy / cm^(-1):             82975.59882105612    


 Oscillator strength:

    velocity representation:             0.2969650745978919E-01

    length representation:               0.2640895109005305E-01

    mixed representation:                0.2800452843827493E-01


 Rotatory strength:

    velocity representation:            -0.1939576382255233E-10

    velocity rep. / 10^(-40)erg*cm^3:   -0.1253059760814979E-05

    length representation:               0.1205390208299188E-08

    length rep. / 10^(-40)erg*cm^3:      0.7787401310506046E-04


 Dominant contributions:

      occ. orbital   energy / eV   virt. orbital     energy / eV   |coeff.|^2*100
        4 a   beta           -25.07      9 a   beta           -14.98       80.2
        8 a   alpha          -16.79     10 a   alpha           -6.81       17.5
 
                   <Za|Za> =    0.1912175511
                   <Zb|Zb> =    0.8087824489
                   <Za|Zb> =    0.0012610124

         1/2 <Za+Zb|Za+Zb> =    0.5012610124
         1/2 <Za-Zb|Za-Zb> =    0.4987389876

                     <Z|Z> =    1.0000000000


 Change of electron number:

            -0.000000


 Electric transition dipole moment (velocity rep.):

    x        0.000000        Norm:                  0.343254
    y        0.088355
    z       -0.331687        Norm / debye:          0.872471


 Electric transition dipole moment (length rep.):

    x        0.000000        Norm:                  0.323697
    y        0.083321
    z       -0.312789        Norm / debye:          0.822761


 Magnetic transition dipole moment / i:

    x       -0.002222        Norm:                  0.003906
    y       -0.003104
    z       -0.000827        Norm / Bohr mag.:      1.070583


 Electric quadrupole transition moment:

   xx       -0.000003
   yy        0.904943        1/3*trace:             0.346040
   zz        0.133178
   xy       -0.750313
   xz        2.816719        Anisotropy:            5.919807
   yz       -1.716328




                             9 a excitation


 Total energy:                           -114.6783901279696    

 Excitation energy:                      0.4265036325303886    

 Excitation energy / eV:                  11.60575931272850    

 Excitation energy / nm:                  106.8299287152111    

 Excitation energy / cm^(-1):             93606.72724181555    


 Oscillator strength:

    velocity representation:             0.4073607818559483E-03

    length representation:               0.4317236112370497E-03

    mixed representation:                0.4193236082765721E-03


 Rotatory strength:

    velocity representation:             0.3224727694544520E-08

    velocity rep. / 10^(-40)erg*cm^3:    0.2083329406661985E-03

    length representation:              -0.5029936835873890E-07

    length rep. / 10^(-40)erg*cm^3:     -0.3249581458166667E-02


 Dominant contributions:

      occ. orbital   energy / eV   virt. orbital     energy / eV   |coeff.|^2*100
        8 a   beta           -16.38     11 a   beta            -4.28       49.8
        9 a   alpha          -16.65     11 a   alpha           -4.58       46.5
 
                   <Za|Za> =    0.4888285582
                   <Zb|Zb> =    0.5111714418
                   <Za|Zb> =   -0.4899211425

         1/2 <Za+Zb|Za+Zb> =    0.0100788575
         1/2 <Za-Zb|Za-Zb> =    0.9899211425

                     <Z|Z> =    1.0000000000


 Change of electron number:

            -0.000000


 Electric transition dipole moment (velocity rep.):

    x       -0.034483        Norm:                  0.037851
    y       -0.015086
    z       -0.003998        Norm / debye:          0.096208


 Electric transition dipole moment (length rep.):

    x       -0.035269        Norm:                  0.038966
    y       -0.016013
    z       -0.004246        Norm / debye:          0.099043


 Magnetic transition dipole moment / i:

    x       -0.000039        Norm:                  0.000662
    y       -0.000085
    z        0.000655        Norm / Bohr mag.:      0.181326


 Electric quadrupole transition moment:

   xx        0.596131
   yy       -0.181320        1/3*trace:             0.171838
   zz        0.100703
   xy       -0.005132
   xz        0.056951        Anisotropy:            0.694304
   yz       -0.050133




                            10 a excitation


 Total energy:                           -114.6707924623222    

 Excitation energy:                      0.4341012981777724    

 Excitation energy / eV:                  11.81250240262666    

 Excitation energy / nm:                  104.9601852177391    

 Excitation energy / cm^(-1):             95274.22210395719    


 Oscillator strength:

    velocity representation:             0.1316780080563548E-02

    length representation:               0.1139659847016788E-02

    mixed representation:                0.1224656604476682E-02


 Rotatory strength:

    velocity representation:             0.2201390848019331E-09

    velocity rep. / 10^(-40)erg*cm^3:    0.1422204515746879E-04

    length representation:              -0.2627542590795863E-06

    length rep. / 10^(-40)erg*cm^3:     -0.1697519066779692E-01


 Dominant contributions:

      occ. orbital   energy / eV   virt. orbital     energy / eV   |coeff.|^2*100
        8 a   beta           -16.38     12 a   beta            -3.93       44.1
        9 a   alpha          -16.65     12 a   alpha           -4.09       31.8
        9 a   alpha          -16.65     14 a   alpha           -3.40        7.5
        8 a   beta           -16.38     14 a   beta            -3.30        5.1
        7 a   beta           -19.08     10 a   beta            -6.61        4.4
 
                   <Za|Za> =    0.4388078728
                   <Zb|Zb> =    0.5611921272
                   <Za|Zb> =   -0.4932434367

         1/2 <Za+Zb|Za+Zb> =    0.0067565633
         1/2 <Za-Zb|Za-Zb> =    0.9932434367

                     <Z|Z> =    1.0000000000


 Change of electron number:

            -0.000000


 Electric transition dipole moment (velocity rep.):

    x        0.017276        Norm:                  0.067454
    y       -0.063007
    z       -0.016783        Norm / debye:          0.171452


 Electric transition dipole moment (length rep.):

    x        0.017550        Norm:                  0.062753
    y       -0.058219
    z       -0.015508        Norm / debye:          0.159505


 Magnetic transition dipole moment / i:

    x       -0.000166        Norm:                  0.000919
    y       -0.000275
    z        0.000861        Norm / Bohr mag.:      0.251775


 Electric quadrupole transition moment:

   xx       -0.286749
   yy       -0.778455        1/3*trace:            -0.343230
   zz        0.035513
   xy        0.668219
   xz        0.148872        Anisotropy:            1.398136
   yz       -0.122009

 SUMMARY OF EXCITATION ENERGIES AND DIPOLE OSCILLATOR STRENGTHS (velocity/length):

 -----------------------------------------------------------------------------------------------
 |    Exc.   | energy (Eh) | energy (eV) | energy (cm-1) | energy (nm) | Osc.(vel) | Osc.(len) |
 -----------------------------------------------------------------------------------------------
 |     1 a   |    0.051684 |     1.40638 |     11343.250 |     881.582 |   0.00021 |   0.00029 |
 |     2 a   |    0.146304 |     3.98114 |     32110.059 |     311.429 |   0.00168 |   0.00019 |
 |     3 a   |    0.188036 |     5.11673 |     41269.216 |     242.311 |   0.06947 |   0.08685 |
 |     4 a   |    0.238088 |     6.47870 |     52254.210 |     191.372 |   0.01320 |   0.00981 |
 |     5 a   |    0.345957 |     9.41398 |     75928.835 |     131.702 |   0.00017 |   0.00006 |
 |     6 a   |    0.362497 |     9.86405 |     79558.948 |     125.693 |   0.00356 |   0.00091 |
 |     7 a   |    0.367204 |     9.99214 |     80592.058 |     124.082 |   0.00385 |   0.00389 |
 |     8 a   |    0.378065 |    10.28766 |     82975.599 |     120.517 |   0.02970 |   0.02641 |
 |     9 a   |    0.426504 |    11.60575 |     93606.727 |     106.830 |   0.00041 |   0.00043 |
 |    10 a   |    0.434101 |    11.81250 |     95274.222 |     104.960 |   0.00132 |   0.00114 |
 -----------------------------------------------------------------------------------------------




    ------------------------------------------------------------------------
         total  cpu-time :   5.31 seconds
         total wall-time :   5.76 seconds
    ------------------------------------------------------------------------

   ****  escf : all done  ****


    2023-07-09 02:22:00.971 

