This job can use: 8CPUs
converged SCF energy = -114.283776041434
n_occ = 8
n_vir = 30
asigning auxiliary basis set, add p function = False
U = 0.2
asigning auxiliary basis set, add p function = False
U = 0.2
2c2e and 3c2e for (ia|jb)
eri2c_cl.shape (4, 4)
eri3c_cl.shape (38, 38, 4)
step  1 max_norm = 0.19189737842722424
step  2 max_norm = 0.006747503144944444
step  3 max_norm = 0.0008507430371836815
step  4 max_norm = 6.11378312642584e-05
step  5 max_norm = 4.259123071985376e-06
step  6 max_norm = 1.325941356190859e-07
step  7 max_norm = 4.272860055424579e-09
step  8 max_norm = 1.2260015133189845e-10
step  9 max_norm = 4.059650853707374e-11
TDDFT eigen solver Guess Done
Finished in 9 steps, 0.12 seconds
final subspace 149
max_norm = 4.06e-11
MVcost     0.0194s 15.74%
GScost     0.0365s 29.54%
subgencost 0.0124s 10.06%
subcost    0.0370s 29.96%
full_cost  0.0057s 4.59%
spectra written to ***REMOVED*** 

[ 3.82830377  8.45004826  8.7483101   9.43236068 10.04881749 11.03618182
 11.11825733 11.83038896 13.32050668 13.48012317 13.82619431 14.24302986
 14.59352031 14.90991819 16.19884469 16.43967788 17.22090509 17.96167157
 18.35158112 18.54198394]
==================
n_occ = 8
n_vir = 30
asigning auxiliary basis set, add p function = False
U = 0.2
asigning auxiliary basis set, add p function = False
U = 0.2
2c2e and 3c2e for (ia|jb)
eri2c_cl.shape (4, 4)
eri3c_cl.shape (38, 38, 4)
step  1 max_norm = 0.2891157940336989
step  2 max_norm = 0.030127235308202226
step  3 max_norm = 0.004581532117651838
step  4 max_norm = 0.0004284584372311571
step  5 max_norm = 7.210151977624313e-05
step  6 max_norm = 2.7654861435029803e-06
step  7 max_norm = 5.623808325148691e-08
step  8 max_norm = 1.3062836566160274e-09
step  9 max_norm = 5.000381517141588e-11
TDDFT eigen solver Guess Done
Finished in 9 steps, 12.22 seconds
final subspace 156
max_norm = 5.00e-11
MVcost     12.0989s 99.04%
GScost     0.0325s 0.27%
subgencost 0.0227s 0.19%
subcost    0.0424s 0.35%
full_cost  0.0063s 0.05%
spectra written to TDDFT-abinitio_UV_spectra.txt 

[ 4.02201852  8.47259058  9.19685489  9.68880836 10.26842207 11.16723882
 11.23655156 11.9400954  13.52538676 13.53495054 14.42283844 14.78185573
 15.05723447 15.63410156 16.42347194 16.70636113 17.61015659 18.32463158
 18.65912522 18.70155506]
==================
